[Elysia/DEBUG] Yoi-lang descriptor: yoi-lang-darwin-arm64, build_type: 1. Runtime linked, invoking yoimiya_entry()...
[Elysia/DEBUG] Entering function yoimiya_entry
[Elysia/DEBUG] Performing: invoke index(3782547968) index(0) index(0) 
[Elysia/DEBUG] Entering function 0_yoimiya_glob_initializer
[Elysia/DEBUG] Performing: ret_none 
[Elysia/DEBUG] Performing: invoke index(3782547968) index(2) index(0) 
[Elysia/DEBUG] Entering function 1_yoimiya_glob_initializer
[Elysia/DEBUG] Performing: ret_none 
[Elysia/DEBUG] Performing: invoke index(3782547968) index(41) index(0) 
[Elysia/DEBUG] Entering function 2_yoimiya_glob_initializer
[Elysia/DEBUG] Performing: ret_none 
[Elysia/DEBUG] Performing: invoke index(3782547968) index(44) index(0) 
[Elysia/DEBUG] Entering function e1751aff_yoimiya_glob_initializer
[Elysia/DEBUG] Performing: ret_none 
[Elysia/DEBUG] Performing: invoke index(3782547968) index(1) index(0) 
[Elysia/DEBUG] Entering function yoi_main
[Elysia/DEBUG] Performing: push_string index(0) string_const#0 
[Elysia/DEBUG] Performing: new_interface index(3782547968) index(1) 
[Elysia/DEBUG] Performing: construct_interface_impl index(3782547968) index(7) 
[Elysia/DEBUG] Performing: push_string index(1) string_const#1 
[Elysia/DEBUG] Performing: new_interface index(3782547968) index(1) 
[Elysia/DEBUG] Performing: construct_interface_impl index(3782547968) index(7) 
[Elysia/DEBUG] Performing: new_array_interface index(3782547968) index(1) index(2) 
[Elysia/DEBUG] Performing: invoke index(3782547968) index(23) index(1) 
[Elysia/DEBUG] Entering function 1_Str::join#interfaceObject#3782548223#0[]
[Elysia/DEBUG] Performing: load_local localVar#0 
[Elysia/DEBUG] Entering function array_interface#3782547968#1[]_gc_refcount_increase
[Elysia/DEBUG] Performing: array_length 
[Elysia/DEBUG] Entering function array_interface#3782547968#1[]_gc_refcount_decrease
[Elysia/DEBUG] Performing: new_dynamic_array_struct index(3782547968) index(0) index(0) 
[Elysia/DEBUG] Performing: store_local localVar#1 
[Elysia/DEBUG] Entering function array_struct#3782547968#0[]_gc_refcount_decrease
[Elysia/DEBUG] Performing: jump codeBlock#1 
[Elysia/DEBUG] Performing: push_integer int(0) 
[Elysia/DEBUG] Performing: store_local localVar#2 
[Elysia/DEBUG] Performing: jump codeBlock#2 
[Elysia/DEBUG] Performing: load_local localVar#2 
[Elysia/DEBUG] Performing: load_local localVar#0 
[Elysia/DEBUG] Entering function array_interface#3782547968#1[]_gc_refcount_increase
[Elysia/DEBUG] Performing: array_length 
[Elysia/DEBUG] Entering function array_interface#3782547968#1[]_gc_refcount_decrease
[Elysia/DEBUG] Performing: less_than 
[Elysia/DEBUG] Performing: jump_if_true codeBlock#3 
[Elysia/DEBUG] Performing: load_local localVar#0 
[Elysia/DEBUG] Entering function array_interface#3782547968#1[]_gc_refcount_increase
[Elysia/DEBUG] Performing: push_unsigned unsigned(0) 
[Elysia/DEBUG] Performing: load_local localVar#2 
[Elysia/DEBUG] Performing: basic_cast_unsigned 
[Elysia/DEBUG] Performing: push_unsigned unsigned(1) 
[Elysia/DEBUG] Performing: mul 
[Elysia/DEBUG] Performing: add 
[Elysia/DEBUG] Performing: load_element 
[Elysia/DEBUG] Entering function array_interface#3782547968#1[]_gc_refcount_decrease
[Elysia/DEBUG] Performing: typeid_object_non_stack index(7) index(3782547968) index(0) index(0) 
[Elysia/DEBUG] Performing: interfaceof 
[Elysia/DEBUG] Performing: jump_if_true codeBlock#6 
[Elysia/DEBUG] Decreasing refcount of bool object
[Elysia/DEBUG] Address: 0x158704180
[Elysia/DEBUG] Performing: load_local localVar#0 
[Elysia/DEBUG] Entering function array_interface#3782547968#1[]_gc_refcount_increase
[Elysia/DEBUG] Performing: push_unsigned unsigned(0) 
[Elysia/DEBUG] Performing: load_local localVar#2 
[Elysia/DEBUG] Performing: basic_cast_unsigned 
[Elysia/DEBUG] Performing: push_unsigned unsigned(1) 
[Elysia/DEBUG] Performing: mul 
[Elysia/DEBUG] Performing: add 
[Elysia/DEBUG] Performing: load_element 
[Elysia/DEBUG] Entering function array_interface#3782547968#1[]_gc_refcount_decrease
[Elysia/DEBUG] Performing: push_integer index(4) 
[Elysia/DEBUG] Performing: interfaceof 
[Elysia/DEBUG] Performing: jump_if_true codeBlock#8 
[Elysia/DEBUG] Decreasing refcount of bool object
[Elysia/DEBUG] Address: 0x158704180
[Elysia/DEBUG] Performing: new_struct index(3782547968) index(0) 
[Elysia/DEBUG] Performing: load_local localVar#0 
[Elysia/DEBUG] Entering function array_interface#3782547968#1[]_gc_refcount_increase
[Elysia/DEBUG] Performing: push_unsigned unsigned(0) 
[Elysia/DEBUG] Performing: load_local localVar#2 
[Elysia/DEBUG] Performing: basic_cast_unsigned 
[Elysia/DEBUG] Performing: push_unsigned unsigned(1) 
[Elysia/DEBUG] Performing: mul 
[Elysia/DEBUG] Performing: add 
[Elysia/DEBUG] Performing: load_element 
[Elysia/DEBUG] Entering function array_interface#3782547968#1[]_gc_refcount_decrease
[Elysia/DEBUG] Performing: dyn_cast_str index(3782548223) index(0) 
[Elysia/DEBUG] Increasing refcount of string object
[Elysia/DEBUG] Address: 0x158704080
[Elysia/DEBUG] Performing: invoke index(3782547968) index(24) index(2) 
[Elysia/DEBUG] Entering function 1_Str::constructor#str
[Elysia/DEBUG] Performing: load_local localVar#1 
[Elysia/DEBUG] Increasing refcount of string object
[Elysia/DEBUG] Address: 0x158704080
[Elysia/DEBUG] Performing: invoke_imported index(0) index(3) index(1) 
[Elysia/DEBUG] Entering function strlen
[Elysia/DEBUG] Decreasing refcount of string object
[Elysia/DEBUG] Address: 0x158704080
[Elysia/DEBUG] Performing: load_local localVar#0 
[Elysia/DEBUG] Performing: store_member index(1) 
[Elysia/DEBUG] Performing: load_local localVar#0 
[Elysia/DEBUG] Performing: load_member index(1) 
[Elysia/DEBUG] Increasing refcount of unsigned object
[Elysia/DEBUG] Address: 0x158704180
[Elysia/DEBUG] Performing: basic_cast_int 
[Elysia/DEBUG] Decreasing refcount of unsigned object
[Elysia/DEBUG] Address: 0x158704180
[Elysia/DEBUG] Performing: push_integer int(1) 
[Elysia/DEBUG] Performing: add 
[Elysia/DEBUG] Performing: basic_cast_unsigned 
[Elysia/DEBUG] Performing: load_local localVar#0 
[Elysia/DEBUG] Performing: store_member index(2) 
[Elysia/DEBUG] Performing: load_local localVar#0 
[Elysia/DEBUG] Performing: load_member index(2) 
[Elysia/DEBUG] Increasing refcount of unsigned object
[Elysia/DEBUG] Address: 0x1587041d0
[Elysia/DEBUG] Performing: new_dynamic_array_char index(0) 
[Elysia/DEBUG] Decreasing refcount of unsigned object
[Elysia/DEBUG] Address: 0x1587041d0
[Elysia/DEBUG] Performing: load_local localVar#0 
[Elysia/DEBUG] Performing: store_member index(0) 
[Elysia/DEBUG] Entering function array_char[]_gc_refcount_decrease
[Elysia/DEBUG] Performing: load_local localVar#0 
[Elysia/DEBUG] Performing: load_member index(0) 
[Elysia/DEBUG] Entering function array_char[]_gc_refcount_increase
[Elysia/DEBUG] Performing: invoke_imported index(0) index(2) index(1) 
[Elysia/DEBUG] Performing: load_local localVar#1 
[Elysia/DEBUG] Increasing refcount of string object
[Elysia/DEBUG] Address: 0x158704080
[Elysia/DEBUG] Performing: load_local localVar#0 
[Elysia/DEBUG] Performing: load_member index(1) 
[Elysia/DEBUG] Increasing refcount of unsigned object
[Elysia/DEBUG] Address: 0x158704180
[Elysia/DEBUG] Performing: invoke_imported index(0) index(5) index(3) 
[Elysia/DEBUG] Entering function memcpy
[Elysia/DEBUG] Decreasing refcount of unsigned object
[Elysia/DEBUG] Address: 0x158704180
[Elysia/DEBUG] Decreasing refcount of string object
[Elysia/DEBUG] Address: 0x158704080
[Elysia/DEBUG] Decreasing refcount of int object
[Elysia/DEBUG] Address: 0x158704220
[Elysia/DEBUG] Performing: pop 
[Elysia/DEBUG] Popped value: calltmp60
[Elysia/DEBUG] Decreasing refcount of unsigned object
[Elysia/DEBUG] Address: 0x158704240
[Elysia/DEBUG] Performing: push_character char(
[Elysia/DEBUG] Performing: load_local localVar#0 
[Elysia/DEBUG] Performing: load_member index(0) 
[Elysia/DEBUG] Entering function array_char[]_gc_refcount_increase
[Elysia/DEBUG] Performing: load_local localVar#0 
[Elysia/DEBUG] Performing: load_member index(1) 
[Elysia/DEBUG] Increasing refcount of unsigned object
[Elysia/DEBUG] Address: 0x158704180
[Elysia/DEBUG] Performing: store_element unknown 
[Elysia/DEBUG] Decreasing refcount of unsigned object
[Elysia/DEBUG] Address: 0x158704180
[Elysia/DEBUG] Entering function array_char[]_gc_refcount_decrease
[Elysia/DEBUG] Performing: load_local localVar#0 
[Elysia/DEBUG] Performing: load_member index(0) 
[Elysia/DEBUG] Entering function array_char[]_gc_refcount_increase
[Elysia/DEBUG] Performing: load_local localVar#0 
[Elysia/DEBUG] Performing: load_member index(1) 
[Elysia/DEBUG] Increasing refcount of unsigned object
[Elysia/DEBUG] Address: 0x158704180
[Elysia/DEBUG] Performing: load_element 
[Elysia/DEBUG] Decreasing refcount of unsigned object
[Elysia/DEBUG] Address: 0x158704180
[Elysia/DEBUG] Entering function array_char[]_gc_refcount_decrease
[Elysia/DEBUG] Performing: pop 
[Elysia/DEBUG] Popped value: loaded_val
[Elysia/DEBUG] Performing: load_local localVar#0 
[Elysia/DEBUG] Performing: ret 
[Elysia/DEBUG] Decreasing refcount of string object
[Elysia/DEBUG] Address: 0x158704080
[Elysia/DEBUG] Performing: load_local localVar#1 
[Elysia/DEBUG] Entering function array_struct#3782547968#0[]_gc_refcount_increase
[Elysia/DEBUG] Performing: push_unsigned unsigned(0) 
[Elysia/DEBUG] Performing: load_local localVar#2 
[Elysia/DEBUG] Performing: basic_cast_unsigned 
[Elysia/DEBUG] Performing: push_unsigned unsigned(1) 
[Elysia/DEBUG] Performing: mul 
[Elysia/DEBUG] Performing: add 
[Elysia/DEBUG] Performing: store_element unknown 
[Elysia/DEBUG] Entering function array_struct#3782547968#0[]_gc_refcount_decrease
[Elysia/DEBUG] Performing: load_local localVar#1 
[Elysia/DEBUG] Entering function array_struct#3782547968#0[]_gc_refcount_increase
[Elysia/DEBUG] Performing: push_unsigned unsigned(0) 
[Elysia/DEBUG] Performing: load_local localVar#2 
[Elysia/DEBUG] Performing: basic_cast_unsigned 
[Elysia/DEBUG] Performing: push_unsigned unsigned(1) 
[Elysia/DEBUG] Performing: mul 
[Elysia/DEBUG] Performing: add 
[Elysia/DEBUG] Performing: load_element 
[Elysia/DEBUG] Entering function array_struct#3782547968#0[]_gc_refcount_decrease
[Elysia/DEBUG] Performing: pop 
[Elysia/DEBUG] Popped value: loaded_val126
[Elysia/DEBUG] Performing: jump codeBlock#7 
[Elysia/DEBUG] Performing: jump codeBlock#4 
[Elysia/DEBUG] Performing: load_local localVar#2 
[Elysia/DEBUG] Performing: push_integer int(1) 
[Elysia/DEBUG] Performing: add 
[Elysia/DEBUG] Performing: store_local localVar#2 
[Elysia/DEBUG] Performing: jump codeBlock#2 
[Elysia/DEBUG] Performing: load_local localVar#2 
[Elysia/DEBUG] Performing: load_local localVar#0 
[Elysia/DEBUG] Entering function array_interface#3782547968#1[]_gc_refcount_increase
[Elysia/DEBUG] Performing: array_length 
[Elysia/DEBUG] Entering function array_interface#3782547968#1[]_gc_refcount_decrease
[Elysia/DEBUG] Performing: less_than 
[Elysia/DEBUG] Performing: jump_if_true codeBlock#3 
[Elysia/DEBUG] Performing: load_local localVar#0 
[Elysia/DEBUG] Entering function array_interface#3782547968#1[]_gc_refcount_increase
[Elysia/DEBUG] Performing: push_unsigned unsigned(0) 
[Elysia/DEBUG] Performing: load_local localVar#2 
[Elysia/DEBUG] Performing: basic_cast_unsigned 
[Elysia/DEBUG] Performing: push_unsigned unsigned(1) 
[Elysia/DEBUG] Performing: mul 
[Elysia/DEBUG] Performing: add 
[Elysia/DEBUG] Performing: load_element 
[Elysia/DEBUG] Entering function array_interface#3782547968#1[]_gc_refcount_decrease
[Elysia/DEBUG] Performing: typeid_object_non_stack index(7) index(3782547968) index(0) index(0) 
[Elysia/DEBUG] Performing: interfaceof 
[Elysia/DEBUG] Performing: jump_if_true codeBlock#6 
[Elysia/DEBUG] Decreasing refcount of bool object
[Elysia/DEBUG] Address: 0x158704240
[Elysia/DEBUG] Performing: load_local localVar#0 
[Elysia/DEBUG] Entering function array_interface#3782547968#1[]_gc_refcount_increase
[Elysia/DEBUG] Performing: push_unsigned unsigned(0) 
[Elysia/DEBUG] Performing: load_local localVar#2 
[Elysia/DEBUG] Performing: basic_cast_unsigned 
[Elysia/DEBUG] Performing: push_unsigned unsigned(1) 
[Elysia/DEBUG] Performing: mul 
[Elysia/DEBUG] Performing: add 
[Elysia/DEBUG] Performing: load_element 
[Elysia/DEBUG] Entering function array_interface#3782547968#1[]_gc_refcount_decrease
[Elysia/DEBUG] Performing: push_integer index(4) 
[Elysia/DEBUG] Performing: interfaceof 
[Elysia/DEBUG] Performing: jump_if_true codeBlock#8 
[Elysia/DEBUG] Decreasing refcount of bool object
[Elysia/DEBUG] Address: 0x158704240
[Elysia/DEBUG] Performing: new_struct index(3782547968) index(0) 
[Elysia/DEBUG] Performing: load_local localVar#0 
[Elysia/DEBUG] Entering function array_interface#3782547968#1[]_gc_refcount_increase
[Elysia/DEBUG] Performing: push_unsigned unsigned(0) 
[Elysia/DEBUG] Performing: load_local localVar#2 
[Elysia/DEBUG] Performing: basic_cast_unsigned 
[Elysia/DEBUG] Performing: push_unsigned unsigned(1) 
[Elysia/DEBUG] Performing: mul 
[Elysia/DEBUG] Performing: add 
[Elysia/DEBUG] Performing: load_element 
[Elysia/DEBUG] Entering function array_interface#3782547968#1[]_gc_refcount_decrease
[Elysia/DEBUG] Performing: dyn_cast_str index(3782548223) index(0) 
[Elysia/DEBUG] Increasing refcount of string object
[Elysia/DEBUG] Address: 0x1587040d0
[Elysia/DEBUG] Performing: invoke index(3782547968) index(24) index(2) 
[Elysia/DEBUG] Entering function 1_Str::constructor#str
[Elysia/DEBUG] Performing: load_local localVar#1 
[Elysia/DEBUG] Increasing refcount of string object
[Elysia/DEBUG] Address: 0x1587040d0
[Elysia/DEBUG] Performing: invoke_imported index(0) index(3) index(1) 
[Elysia/DEBUG] Entering function strlen
[Elysia/DEBUG] Decreasing refcount of string object
[Elysia/DEBUG] Address: 0x1587040d0
[Elysia/DEBUG] Performing: load_local localVar#0 
[Elysia/DEBUG] Performing: store_member index(1) 
[Elysia/DEBUG] Performing: load_local localVar#0 
[Elysia/DEBUG] Performing: load_member index(1) 
[Elysia/DEBUG] Increasing refcount of unsigned object
[Elysia/DEBUG] Address: 0x158704240
[Elysia/DEBUG] Performing: basic_cast_int 
[Elysia/DEBUG] Decreasing refcount of unsigned object
[Elysia/DEBUG] Address: 0x158704240
[Elysia/DEBUG] Performing: push_integer int(1) 
[Elysia/DEBUG] Performing: add 
[Elysia/DEBUG] Performing: basic_cast_unsigned 
[Elysia/DEBUG] Performing: load_local localVar#0 
[Elysia/DEBUG] Performing: store_member index(2) 
[Elysia/DEBUG] Performing: load_local localVar#0 
[Elysia/DEBUG] Performing: load_member index(2) 
[Elysia/DEBUG] Increasing refcount of unsigned object
[Elysia/DEBUG] Address: 0x158704220
[Elysia/DEBUG] Performing: new_dynamic_array_char index(0) 
[Elysia/DEBUG] Decreasing refcount of unsigned object
[Elysia/DEBUG] Address: 0x158704220
[Elysia/DEBUG] Performing: load_local localVar#0 
[Elysia/DEBUG] Performing: store_member index(0) 
[Elysia/DEBUG] Entering function array_char[]_gc_refcount_decrease
[Elysia/DEBUG] Performing: load_local localVar#0 
[Elysia/DEBUG] Performing: load_member index(0) 
[Elysia/DEBUG] Entering function array_char[]_gc_refcount_increase
[Elysia/DEBUG] Performing: invoke_imported index(0) index(2) index(1) 
[Elysia/DEBUG] Performing: load_local localVar#1 
[Elysia/DEBUG] Increasing refcount of string object
[Elysia/DEBUG] Address: 0x1587040d0
[Elysia/DEBUG] Performing: load_local localVar#0 
[Elysia/DEBUG] Performing: load_member index(1) 
[Elysia/DEBUG] Increasing refcount of unsigned object
[Elysia/DEBUG] Address: 0x158704240
[Elysia/DEBUG] Performing: invoke_imported index(0) index(5) index(3) 
[Elysia/DEBUG] Entering function memcpy
[Elysia/DEBUG] Decreasing refcount of unsigned object
[Elysia/DEBUG] Address: 0x158704240
[Elysia/DEBUG] Decreasing refcount of string object
[Elysia/DEBUG] Address: 0x1587040d0
[Elysia/DEBUG] Decreasing refcount of int object
[Elysia/DEBUG] Address: 0x1587042c0
[Elysia/DEBUG] Performing: pop 
[Elysia/DEBUG] Popped value: calltmp60
[Elysia/DEBUG] Decreasing refcount of unsigned object
[Elysia/DEBUG] Address: 0x1587042e0
[Elysia/DEBUG] Performing: push_character char(
[Elysia/DEBUG] Performing: load_local localVar#0 
[Elysia/DEBUG] Performing: load_member index(0) 
[Elysia/DEBUG] Entering function array_char[]_gc_refcount_increase
[Elysia/DEBUG] Performing: load_local localVar#0 
[Elysia/DEBUG] Performing: load_member index(1) 
[Elysia/DEBUG] Increasing refcount of unsigned object
[Elysia/DEBUG] Address: 0x158704240
[Elysia/DEBUG] Performing: store_element unknown 
[Elysia/DEBUG] Decreasing refcount of unsigned object
[Elysia/DEBUG] Address: 0x158704240
[Elysia/DEBUG] Entering function array_char[]_gc_refcount_decrease
[Elysia/DEBUG] Performing: load_local localVar#0 
[Elysia/DEBUG] Performing: load_member index(0) 
[Elysia/DEBUG] Entering function array_char[]_gc_refcount_increase
[Elysia/DEBUG] Performing: load_local localVar#0 
[Elysia/DEBUG] Performing: load_member index(1) 
[Elysia/DEBUG] Increasing refcount of unsigned object
[Elysia/DEBUG] Address: 0x158704240
[Elysia/DEBUG] Performing: load_element 
[Elysia/DEBUG] Decreasing refcount of unsigned object
[Elysia/DEBUG] Address: 0x158704240
[Elysia/DEBUG] Entering function array_char[]_gc_refcount_decrease
[Elysia/DEBUG] Performing: pop 
[Elysia/DEBUG] Popped value: loaded_val
[Elysia/DEBUG] Performing: load_local localVar#0 
[Elysia/DEBUG] Performing: ret 
[Elysia/DEBUG] Decreasing refcount of string object
[Elysia/DEBUG] Address: 0x1587040d0
[Elysia/DEBUG] Performing: load_local localVar#1 
[Elysia/DEBUG] Entering function array_struct#3782547968#0[]_gc_refcount_increase
[Elysia/DEBUG] Performing: push_unsigned unsigned(0) 
[Elysia/DEBUG] Performing: load_local localVar#2 
[Elysia/DEBUG] Performing: basic_cast_unsigned 
[Elysia/DEBUG] Performing: push_unsigned unsigned(1) 
[Elysia/DEBUG] Performing: mul 
[Elysia/DEBUG] Performing: add 
[Elysia/DEBUG] Performing: store_element unknown 
[Elysia/DEBUG] Entering function array_struct#3782547968#0[]_gc_refcount_decrease
[Elysia/DEBUG] Performing: load_local localVar#1 
[Elysia/DEBUG] Entering function array_struct#3782547968#0[]_gc_refcount_increase
[Elysia/DEBUG] Performing: push_unsigned unsigned(0) 
[Elysia/DEBUG] Performing: load_local localVar#2 
[Elysia/DEBUG] Performing: basic_cast_unsigned 
[Elysia/DEBUG] Performing: push_unsigned unsigned(1) 
[Elysia/DEBUG] Performing: mul 
[Elysia/DEBUG] Performing: add 
[Elysia/DEBUG] Performing: load_element 
[Elysia/DEBUG] Entering function array_struct#3782547968#0[]_gc_refcount_decrease
[Elysia/DEBUG] Performing: pop 
[Elysia/DEBUG] Popped value: loaded_val126
[Elysia/DEBUG] Performing: jump codeBlock#7 
[Elysia/DEBUG] Performing: jump codeBlock#4 
[Elysia/DEBUG] Performing: load_local localVar#2 
[Elysia/DEBUG] Performing: push_integer int(1) 
[Elysia/DEBUG] Performing: add 
[Elysia/DEBUG] Performing: store_local localVar#2 
[Elysia/DEBUG] Performing: jump codeBlock#2 
[Elysia/DEBUG] Performing: load_local localVar#2 
[Elysia/DEBUG] Performing: load_local localVar#0 
[Elysia/DEBUG] Entering function array_interface#3782547968#1[]_gc_refcount_increase
[Elysia/DEBUG] Performing: array_length 
[Elysia/DEBUG] Entering function array_interface#3782547968#1[]_gc_refcount_decrease
[Elysia/DEBUG] Performing: less_than 
[Elysia/DEBUG] Performing: jump_if_true codeBlock#3 
[Elysia/DEBUG] Performing: jump codeBlock#5 
[Elysia/DEBUG] Performing: load_local localVar#1 
[Elysia/DEBUG] Entering function array_struct#3782547968#0[]_gc_refcount_increase
[Elysia/DEBUG] Performing: invoke index(3782547968) index(22) index(1) 
[Elysia/DEBUG] Entering function 1_Str::join#struct#1#0[]
[Elysia/DEBUG] Performing: push_unsigned unsigned(0) 
[Elysia/DEBUG] Performing: store_local localVar#1 
[Elysia/DEBUG] Performing: jump codeBlock#1 
[Elysia/DEBUG] Performing: push_integer int(0) 
[Elysia/DEBUG] Performing: store_local localVar#2 
[Elysia/DEBUG] Performing: jump codeBlock#2 
[Elysia/DEBUG] Performing: load_local localVar#2 
[Elysia/DEBUG] Performing: load_local localVar#0 
[Elysia/DEBUG] Entering function array_struct#3782547968#0[]_gc_refcount_increase
[Elysia/DEBUG] Performing: array_length 
[Elysia/DEBUG] Entering function array_struct#3782547968#0[]_gc_refcount_decrease
[Elysia/DEBUG] Performing: less_than 
[Elysia/DEBUG] Performing: jump_if_true codeBlock#3 
[Elysia/DEBUG] Performing: load_local localVar#1 
[Elysia/DEBUG] Performing: load_local localVar#0 
[Elysia/DEBUG] Entering function array_struct#3782547968#0[]_gc_refcount_increase
[Elysia/DEBUG] Performing: push_unsigned unsigned(0) 
[Elysia/DEBUG] Performing: load_local localVar#2 
[Elysia/DEBUG] Performing: basic_cast_unsigned 
[Elysia/DEBUG] Performing: push_unsigned unsigned(1) 
[Elysia/DEBUG] Performing: mul 
[Elysia/DEBUG] Performing: add 
[Elysia/DEBUG] Performing: load_element 
[Elysia/DEBUG] Entering function array_struct#3782547968#0[]_gc_refcount_decrease
[Elysia/DEBUG] Performing: load_member index(1) 
[Elysia/DEBUG] Increasing refcount of unsigned object
[Elysia/DEBUG] Address: 0x158704180
[Elysia/DEBUG] Performing: add 
[Elysia/DEBUG] Decreasing refcount of unsigned object
[Elysia/DEBUG] Address: 0x158704180
[Elysia/DEBUG] Performing: store_local localVar#1 
[Elysia/DEBUG] Performing: jump codeBlock#4 
[Elysia/DEBUG] Performing: load_local localVar#2 
[Elysia/DEBUG] Performing: push_integer int(1) 
[Elysia/DEBUG] Performing: add 
[Elysia/DEBUG] Performing: store_local localVar#2 
[Elysia/DEBUG] Performing: jump codeBlock#2 
[Elysia/DEBUG] Performing: load_local localVar#2 
[Elysia/DEBUG] Performing: load_local localVar#0 
[Elysia/DEBUG] Entering function array_struct#3782547968#0[]_gc_refcount_increase
[Elysia/DEBUG] Performing: array_length 
[Elysia/DEBUG] Entering function array_struct#3782547968#0[]_gc_refcount_decrease
[Elysia/DEBUG] Performing: less_than 
[Elysia/DEBUG] Performing: jump_if_true codeBlock#3 
[Elysia/DEBUG] Performing: load_local localVar#1 
[Elysia/DEBUG] Performing: load_local localVar#0 
[Elysia/DEBUG] Entering function array_struct#3782547968#0[]_gc_refcount_increase
[Elysia/DEBUG] Performing: push_unsigned unsigned(0) 
[Elysia/DEBUG] Performing: load_local localVar#2 
[Elysia/DEBUG] Performing: basic_cast_unsigned 
[Elysia/DEBUG] Performing: push_unsigned unsigned(1) 
[Elysia/DEBUG] Performing: mul 
[Elysia/DEBUG] Performing: add 
[Elysia/DEBUG] Performing: load_element 
[Elysia/DEBUG] Entering function array_struct#3782547968#0[]_gc_refcount_decrease
[Elysia/DEBUG] Performing: load_member index(1) 
[Elysia/DEBUG] Increasing refcount of unsigned object
[Elysia/DEBUG] Address: 0x158704240
[Elysia/DEBUG] Performing: add 
[Elysia/DEBUG] Decreasing refcount of unsigned object
[Elysia/DEBUG] Address: 0x158704240
[Elysia/DEBUG] Performing: store_local localVar#1 
[Elysia/DEBUG] Performing: jump codeBlock#4 
[Elysia/DEBUG] Performing: load_local localVar#2 
[Elysia/DEBUG] Performing: push_integer int(1) 
[Elysia/DEBUG] Performing: add 
[Elysia/DEBUG] Performing: store_local localVar#2 
[Elysia/DEBUG] Performing: jump codeBlock#2 
[Elysia/DEBUG] Performing: load_local localVar#2 
[Elysia/DEBUG] Performing: load_local localVar#0 
[Elysia/DEBUG] Entering function array_struct#3782547968#0[]_gc_refcount_increase
[Elysia/DEBUG] Performing: array_length 
[Elysia/DEBUG] Entering function array_struct#3782547968#0[]_gc_refcount_decrease
[Elysia/DEBUG] Performing: less_than 
[Elysia/DEBUG] Performing: jump_if_true codeBlock#3 
[Elysia/DEBUG] Performing: jump codeBlock#5 
[Elysia/DEBUG] Performing: new_struct index(3782547968) index(0) 
[Elysia/DEBUG] Performing: load_local localVar#1 
[Elysia/DEBUG] Performing: invoke index(3782547968) index(26) index(2) 
[Elysia/DEBUG] Entering function 1_Str::constructor#unsigned
[Elysia/DEBUG] Performing: load_local localVar#1 
[Elysia/DEBUG] Increasing refcount of unsigned object
[Elysia/DEBUG] Address: 0x1587042e0
[Elysia/DEBUG] Performing: push_unsigned unsigned(1) 
[Elysia/DEBUG] Performing: less_than 
[Elysia/DEBUG] Decreasing refcount of unsigned object
[Elysia/DEBUG] Address: 0x1587042e0
[Elysia/DEBUG] Performing: jump_if_true codeBlock#1 
[Elysia/DEBUG] Performing: jump codeBlock#2 
[Elysia/DEBUG] Performing: push_unsigned unsigned(0) 
[Elysia/DEBUG] Performing: load_local localVar#0 
[Elysia/DEBUG] Performing: store_member index(1) 
[Elysia/DEBUG] Performing: load_local localVar#1 
[Elysia/DEBUG] Increasing refcount of unsigned object
[Elysia/DEBUG] Address: 0x1587042e0
[Elysia/DEBUG] Performing: load_local localVar#0 
[Elysia/DEBUG] Performing: store_member index(2) 
[Elysia/DEBUG] Performing: load_local localVar#1 
[Elysia/DEBUG] Increasing refcount of unsigned object
[Elysia/DEBUG] Address: 0x1587042e0
[Elysia/DEBUG] Performing: new_dynamic_array_char index(0) 
[Elysia/DEBUG] Decreasing refcount of unsigned object
[Elysia/DEBUG] Address: 0x1587042e0
[Elysia/DEBUG] Performing: load_local localVar#0 
[Elysia/DEBUG] Performing: store_member index(0) 
[Elysia/DEBUG] Entering function array_char[]_gc_refcount_decrease
[Elysia/DEBUG] Performing: push_character char(
[Elysia/DEBUG] Performing: load_local localVar#0 
[Elysia/DEBUG] Performing: load_member index(0) 
[Elysia/DEBUG] Entering function array_char[]_gc_refcount_increase
[Elysia/DEBUG] Performing: push_unsigned unsigned(0) 
[Elysia/DEBUG] Performing: store_element unknown 
[Elysia/DEBUG] Entering function array_char[]_gc_refcount_decrease
[Elysia/DEBUG] Performing: load_local localVar#0 
[Elysia/DEBUG] Performing: load_member index(0) 
[Elysia/DEBUG] Entering function array_char[]_gc_refcount_increase
[Elysia/DEBUG] Performing: push_unsigned unsigned(0) 
[Elysia/DEBUG] Performing: load_element 
[Elysia/DEBUG] Entering function array_char[]_gc_refcount_decrease
[Elysia/DEBUG] Performing: pop 
[Elysia/DEBUG] Popped value: loaded_val116
[Elysia/DEBUG] Performing: load_local localVar#0 
[Elysia/DEBUG] Performing: ret 
[Elysia/DEBUG] Decreasing refcount of unsigned object
[Elysia/DEBUG] Address: 0x1587042e0
[Elysia/DEBUG] Performing: store_local localVar#3 
[Elysia/DEBUG] Performing: push_integer int(0) 
[Elysia/DEBUG] Performing: store_local localVar#4 
[Elysia/DEBUG] Performing: jump codeBlock#6 
[Elysia/DEBUG] Performing: push_integer int(0) 
[Elysia/DEBUG] Performing: store_local localVar#5 
[Elysia/DEBUG] Performing: jump codeBlock#7 
[Elysia/DEBUG] Performing: load_local localVar#5 
[Elysia/DEBUG] Performing: load_local localVar#0 
[Elysia/DEBUG] Entering function array_struct#3782547968#0[]_gc_refcount_increase
[Elysia/DEBUG] Performing: array_length 
[Elysia/DEBUG] Entering function array_struct#3782547968#0[]_gc_refcount_decrease
[Elysia/DEBUG] Performing: less_than 
[Elysia/DEBUG] Performing: jump_if_true codeBlock#8 
[Elysia/DEBUG] Performing: load_local localVar#3 
[Elysia/DEBUG] Performing: load_member index(0) 
[Elysia/DEBUG] Entering function array_char[]_gc_refcount_increase
[Elysia/DEBUG] Performing: invoke_imported index(0) index(2) index(1) 
[Elysia/DEBUG] Performing: load_local localVar#4 
[Elysia/DEBUG] Performing: add 
[Elysia/DEBUG] Decreasing refcount of int object
[Elysia/DEBUG] Address: 0x158704360
[Elysia/DEBUG] Performing: load_local localVar#0 
[Elysia/DEBUG] Entering function array_struct#3782547968#0[]_gc_refcount_increase
[Elysia/DEBUG] Performing: push_unsigned unsigned(0) 
[Elysia/DEBUG] Performing: load_local localVar#5 
[Elysia/DEBUG] Performing: basic_cast_unsigned 
[Elysia/DEBUG] Performing: push_unsigned unsigned(1) 
[Elysia/DEBUG] Performing: mul 
[Elysia/DEBUG] Performing: add 
[Elysia/DEBUG] Performing: load_element 
[Elysia/DEBUG] Entering function array_struct#3782547968#0[]_gc_refcount_decrease
[Elysia/DEBUG] Performing: load_member index(0) 
[Elysia/DEBUG] Entering function array_char[]_gc_refcount_increase
[Elysia/DEBUG] Performing: invoke_imported index(0) index(2) index(1) 
[Elysia/DEBUG] Performing: load_local localVar#0 
[Elysia/DEBUG] Entering function array_struct#3782547968#0[]_gc_refcount_increase
[Elysia/DEBUG] Performing: push_unsigned unsigned(0) 
[Elysia/DEBUG] Performing: load_local localVar#5 
[Elysia/DEBUG] Performing: basic_cast_unsigned 
[Elysia/DEBUG] Performing: push_unsigned unsigned(1) 
[Elysia/DEBUG] Performing: mul 
[Elysia/DEBUG] Performing: add 
[Elysia/DEBUG] Performing: load_element 
[Elysia/DEBUG] Entering function array_struct#3782547968#0[]_gc_refcount_decrease
[Elysia/DEBUG] Performing: load_member index(1) 
[Elysia/DEBUG] Increasing refcount of unsigned object
[Elysia/DEBUG] Address: 0x158704180
[Elysia/DEBUG] Performing: invoke_imported index(0) index(5) index(3) 
[Elysia/DEBUG] Entering function memcpy
[Elysia/DEBUG] Decreasing refcount of unsigned object
[Elysia/DEBUG] Address: 0x158704180
[Elysia/DEBUG] Decreasing refcount of int object
[Elysia/DEBUG] Address: 0x158704360
[Elysia/DEBUG] Decreasing refcount of int object
[Elysia/DEBUG] Address: 0x158704380
[Elysia/DEBUG] Performing: pop 
[Elysia/DEBUG] Popped value: calltmp101
[Elysia/DEBUG] Decreasing refcount of unsigned object
[Elysia/DEBUG] Address: 0x1587043a0
[Elysia/DEBUG] Performing: load_local localVar#4 
[Elysia/DEBUG] Performing: load_local localVar#0 
[Elysia/DEBUG] Entering function array_struct#3782547968#0[]_gc_refcount_increase
[Elysia/DEBUG] Performing: push_unsigned unsigned(0) 
[Elysia/DEBUG] Performing: load_local localVar#5 
[Elysia/DEBUG] Performing: basic_cast_unsigned 
[Elysia/DEBUG] Performing: push_unsigned unsigned(1) 
[Elysia/DEBUG] Performing: mul 
[Elysia/DEBUG] Performing: add 
[Elysia/DEBUG] Performing: load_element 
[Elysia/DEBUG] Entering function array_struct#3782547968#0[]_gc_refcount_decrease
[Elysia/DEBUG] Performing: load_member index(1) 
[Elysia/DEBUG] Increasing refcount of unsigned object
[Elysia/DEBUG] Address: 0x158704180
[Elysia/DEBUG] Performing: basic_cast_int 
[Elysia/DEBUG] Decreasing refcount of unsigned object
[Elysia/DEBUG] Address: 0x158704180
[Elysia/DEBUG] Performing: add 
[Elysia/DEBUG] Performing: store_local localVar#4 
[Elysia/DEBUG] Performing: jump codeBlock#9 
[Elysia/DEBUG] Performing: load_local localVar#5 
[Elysia/DEBUG] Performing: push_integer int(1) 
[Elysia/DEBUG] Performing: add 
[Elysia/DEBUG] Performing: store_local localVar#5 
[Elysia/DEBUG] Performing: jump codeBlock#7 
[Elysia/DEBUG] Performing: load_local localVar#5 
[Elysia/DEBUG] Performing: load_local localVar#0 
[Elysia/DEBUG] Entering function array_struct#3782547968#0[]_gc_refcount_increase
[Elysia/DEBUG] Performing: array_length 
[Elysia/DEBUG] Entering function array_struct#3782547968#0[]_gc_refcount_decrease
[Elysia/DEBUG] Performing: less_than 
[Elysia/DEBUG] Performing: jump_if_true codeBlock#8 
[Elysia/DEBUG] Performing: load_local localVar#3 
[Elysia/DEBUG] Performing: load_member index(0) 
[Elysia/DEBUG] Entering function array_char[]_gc_refcount_increase
[Elysia/DEBUG] Performing: invoke_imported index(0) index(2) index(1) 
[Elysia/DEBUG] Performing: load_local localVar#4 
[Elysia/DEBUG] Performing: add 
[Elysia/DEBUG] Decreasing refcount of int object
[Elysia/DEBUG] Address: 0x1587043a0
[Elysia/DEBUG] Performing: load_local localVar#0 
[Elysia/DEBUG] Entering function array_struct#3782547968#0[]_gc_refcount_increase
[Elysia/DEBUG] Performing: push_unsigned unsigned(0) 
[Elysia/DEBUG] Performing: load_local localVar#5 
[Elysia/DEBUG] Performing: basic_cast_unsigned 
[Elysia/DEBUG] Performing: push_unsigned unsigned(1) 
[Elysia/DEBUG] Performing: mul 
[Elysia/DEBUG] Performing: add 
[Elysia/DEBUG] Performing: load_element 
[Elysia/DEBUG] Entering function array_struct#3782547968#0[]_gc_refcount_decrease
[Elysia/DEBUG] Performing: load_member index(0) 
[Elysia/DEBUG] Entering function array_char[]_gc_refcount_increase
[Elysia/DEBUG] Performing: invoke_imported index(0) index(2) index(1) 
[Elysia/DEBUG] Performing: load_local localVar#0 
[Elysia/DEBUG] Entering function array_struct#3782547968#0[]_gc_refcount_increase
[Elysia/DEBUG] Performing: push_unsigned unsigned(0) 
[Elysia/DEBUG] Performing: load_local localVar#5 
[Elysia/DEBUG] Performing: basic_cast_unsigned 
[Elysia/DEBUG] Performing: push_unsigned unsigned(1) 
[Elysia/DEBUG] Performing: mul 
[Elysia/DEBUG] Performing: add 
[Elysia/DEBUG] Performing: load_element 
[Elysia/DEBUG] Entering function array_struct#3782547968#0[]_gc_refcount_decrease
[Elysia/DEBUG] Performing: load_member index(1) 
[Elysia/DEBUG] Increasing refcount of unsigned object
[Elysia/DEBUG] Address: 0x158704240
[Elysia/DEBUG] Performing: invoke_imported index(0) index(5) index(3) 
[Elysia/DEBUG] Entering function memcpy
[Elysia/DEBUG] Decreasing refcount of unsigned object
[Elysia/DEBUG] Address: 0x158704240
[Elysia/DEBUG] Decreasing refcount of int object
[Elysia/DEBUG] Address: 0x1587043a0
[Elysia/DEBUG] Decreasing refcount of int object
[Elysia/DEBUG] Address: 0x158704360
[Elysia/DEBUG] Performing: pop 
[Elysia/DEBUG] Popped value: calltmp101
[Elysia/DEBUG] Decreasing refcount of unsigned object
[Elysia/DEBUG] Address: 0x158704380
[Elysia/DEBUG] Performing: load_local localVar#4 
[Elysia/DEBUG] Performing: load_local localVar#0 
[Elysia/DEBUG] Entering function array_struct#3782547968#0[]_gc_refcount_increase
[Elysia/DEBUG] Performing: push_unsigned unsigned(0) 
[Elysia/DEBUG] Performing: load_local localVar#5 
[Elysia/DEBUG] Performing: basic_cast_unsigned 
[Elysia/DEBUG] Performing: push_unsigned unsigned(1) 
[Elysia/DEBUG] Performing: mul 
[Elysia/DEBUG] Performing: add 
[Elysia/DEBUG] Performing: load_element 
[Elysia/DEBUG] Entering function array_struct#3782547968#0[]_gc_refcount_decrease
[Elysia/DEBUG] Performing: load_member index(1) 
[Elysia/DEBUG] Increasing refcount of unsigned object
[Elysia/DEBUG] Address: 0x158704240
[Elysia/DEBUG] Performing: basic_cast_int 
[Elysia/DEBUG] Decreasing refcount of unsigned object
[Elysia/DEBUG] Address: 0x158704240
[Elysia/DEBUG] Performing: add 
[Elysia/DEBUG] Performing: store_local localVar#4 
[Elysia/DEBUG] Performing: jump codeBlock#9 
[Elysia/DEBUG] Performing: load_local localVar#5 
[Elysia/DEBUG] Performing: push_integer int(1) 
[Elysia/DEBUG] Performing: add 
[Elysia/DEBUG] Performing: store_local localVar#5 
[Elysia/DEBUG] Performing: jump codeBlock#7 
[Elysia/DEBUG] Performing: load_local localVar#5 
[Elysia/DEBUG] Performing: load_local localVar#0 
[Elysia/DEBUG] Entering function array_struct#3782547968#0[]_gc_refcount_increase
[Elysia/DEBUG] Performing: array_length 
[Elysia/DEBUG] Entering function array_struct#3782547968#0[]_gc_refcount_decrease
[Elysia/DEBUG] Performing: less_than 
[Elysia/DEBUG] Performing: jump_if_true codeBlock#8 
[Elysia/DEBUG] Performing: jump codeBlock#10 
[Elysia/DEBUG] Performing: push_character char(
[Elysia/DEBUG] Performing: load_local localVar#3 
[Elysia/DEBUG] Performing: load_member index(0) 
[Elysia/DEBUG] Entering function array_char[]_gc_refcount_increase
[Elysia/DEBUG] Performing: load_local localVar#1 
[Elysia/DEBUG] Performing: store_element unknown 
[Elysia/DEBUG] Entering function array_char[]_gc_refcount_decrease
[Elysia/DEBUG] Performing: load_local localVar#3 
[Elysia/DEBUG] Performing: load_member index(0) 
[Elysia/DEBUG] Entering function array_char[]_gc_refcount_increase
[Elysia/DEBUG] Performing: load_local localVar#1 
[Elysia/DEBUG] Performing: load_element 
[Elysia/DEBUG] Entering function array_char[]_gc_refcount_decrease
[Elysia/DEBUG] Performing: pop 
[Elysia/DEBUG] Popped value: loaded_val166
[Elysia/DEBUG] Performing: load_local localVar#1 
[Elysia/DEBUG] Performing: load_local localVar#3 
[Elysia/DEBUG] Performing: store_member index(1) 
[Elysia/DEBUG] Decreasing refcount of unsigned object
[Elysia/DEBUG] Address: 0x1587042c0
[Elysia/DEBUG] Performing: load_local localVar#3 
[Elysia/DEBUG] Performing: ret 
[Elysia/DEBUG] Entering function array_struct#3782547968#0[]_gc_refcount_decrease
[Elysia/DEBUG] Performing: ret 
[Elysia/DEBUG] Entering function array_interface#3782547968#1[]_gc_refcount_decrease
[Elysia/DEBUG] Decreasing refcount of string object
[Elysia/DEBUG] Address: 0x158704080
[Elysia/DEBUG] Decreasing refcount of string object
[Elysia/DEBUG] Address: 0x1587040d0
[Elysia/DEBUG] Entering function array_struct#3782547968#0[]_gc_refcount_decrease
[Elysia/DEBUG] Entering function array_char[]_gc_refcount_decrease
[Elysia/DEBUG] Decreasing refcount of unsigned object
[Elysia/DEBUG] Address: 0x158704180
[Elysia/DEBUG] Decreasing refcount of unsigned object
[Elysia/DEBUG] Address: 0x1587041d0
[Elysia/DEBUG] Entering function array_char[]_gc_refcount_decrease
[Elysia/DEBUG] Decreasing refcount of unsigned object
[Elysia/DEBUG] Address: 0x158704240
[Elysia/DEBUG] Decreasing refcount of unsigned object
[Elysia/DEBUG] Address: 0x158704220
[Elysia/DEBUG] Performing: store_local localVar#0 
[Elysia/DEBUG] Performing: push_string index(2) string_const#2 
[Elysia/DEBUG] Performing: invoke_imported index(0) index(6) index(1) 
[Elysia/DEBUG] Entering function puts
string validation passed: operator+
[Elysia/DEBUG] Decreasing refcount of string object
[Elysia/DEBUG] Address: 0x158704360
[Elysia/DEBUG] Performing: pop 
[Elysia/DEBUG] Popped value: calltmp18
[Elysia/DEBUG] Decreasing refcount of int object
[Elysia/DEBUG] Address: 0x158704380
[Elysia/DEBUG] Performing: load_local localVar#0 
[Elysia/DEBUG] Performing: new_struct index(3782547968) index(0) 
[Elysia/DEBUG] Performing: push_string index(3) string_const#3 
[Elysia/DEBUG] Performing: invoke index(3782547968) index(24) index(2) 
[Elysia/DEBUG] Entering function 1_Str::constructor#str
[Elysia/DEBUG] Performing: load_local localVar#1 
[Elysia/DEBUG] Increasing refcount of string object
[Elysia/DEBUG] Address: 0x158704380
[Elysia/DEBUG] Performing: invoke_imported index(0) index(3) index(1) 
[Elysia/DEBUG] Entering function strlen
[Elysia/DEBUG] Decreasing refcount of string object
[Elysia/DEBUG] Address: 0x158704380
[Elysia/DEBUG] Performing: load_local localVar#0 
[Elysia/DEBUG] Performing: store_member index(1) 
[Elysia/DEBUG] Performing: load_local localVar#0 
[Elysia/DEBUG] Performing: load_member index(1) 
[Elysia/DEBUG] Increasing refcount of unsigned object
[Elysia/DEBUG] Address: 0x158704360
[Elysia/DEBUG] Performing: basic_cast_int 
[Elysia/DEBUG] Decreasing refcount of unsigned object
[Elysia/DEBUG] Address: 0x158704360
[Elysia/DEBUG] Performing: push_integer int(1) 
[Elysia/DEBUG] Performing: add 
[Elysia/DEBUG] Performing: basic_cast_unsigned 
[Elysia/DEBUG] Performing: load_local localVar#0 
[Elysia/DEBUG] Performing: store_member index(2) 
[Elysia/DEBUG] Performing: load_local localVar#0 
[Elysia/DEBUG] Performing: load_member index(2) 
[Elysia/DEBUG] Increasing refcount of unsigned object
[Elysia/DEBUG] Address: 0x1587043a0
[Elysia/DEBUG] Performing: new_dynamic_array_char index(0) 
[Elysia/DEBUG] Decreasing refcount of unsigned object
[Elysia/DEBUG] Address: 0x1587043a0
[Elysia/DEBUG] Performing: load_local localVar#0 
[Elysia/DEBUG] Performing: store_member index(0) 
[Elysia/DEBUG] Entering function array_char[]_gc_refcount_decrease
[Elysia/DEBUG] Performing: load_local localVar#0 
[Elysia/DEBUG] Performing: load_member index(0) 
[Elysia/DEBUG] Entering function array_char[]_gc_refcount_increase
[Elysia/DEBUG] Performing: invoke_imported index(0) index(2) index(1) 
[Elysia/DEBUG] Performing: load_local localVar#1 
[Elysia/DEBUG] Increasing refcount of string object
[Elysia/DEBUG] Address: 0x158704380
[Elysia/DEBUG] Performing: load_local localVar#0 
[Elysia/DEBUG] Performing: load_member index(1) 
[Elysia/DEBUG] Increasing refcount of unsigned object
[Elysia/DEBUG] Address: 0x158704360
[Elysia/DEBUG] Performing: invoke_imported index(0) index(5) index(3) 
[Elysia/DEBUG] Entering function memcpy
[Elysia/DEBUG] Decreasing refcount of unsigned object
[Elysia/DEBUG] Address: 0x158704360
[Elysia/DEBUG] Decreasing refcount of string object
[Elysia/DEBUG] Address: 0x158704380
[Elysia/DEBUG] Decreasing refcount of int object
[Elysia/DEBUG] Address: 0x1587040e0
[Elysia/DEBUG] Performing: pop 
[Elysia/DEBUG] Popped value: calltmp60
[Elysia/DEBUG] Decreasing refcount of unsigned object
[Elysia/DEBUG] Address: 0x158704100
[Elysia/DEBUG] Performing: push_character char(
[Elysia/DEBUG] Performing: load_local localVar#0 
[Elysia/DEBUG] Performing: load_member index(0) 
[Elysia/DEBUG] Entering function array_char[]_gc_refcount_increase
[Elysia/DEBUG] Performing: load_local localVar#0 
[Elysia/DEBUG] Performing: load_member index(1) 
[Elysia/DEBUG] Increasing refcount of unsigned object
[Elysia/DEBUG] Address: 0x158704360
[Elysia/DEBUG] Performing: store_element unknown 
[Elysia/DEBUG] Decreasing refcount of unsigned object
[Elysia/DEBUG] Address: 0x158704360
[Elysia/DEBUG] Entering function array_char[]_gc_refcount_decrease
[Elysia/DEBUG] Performing: load_local localVar#0 
[Elysia/DEBUG] Performing: load_member index(0) 
[Elysia/DEBUG] Entering function array_char[]_gc_refcount_increase
[Elysia/DEBUG] Performing: load_local localVar#0 
[Elysia/DEBUG] Performing: load_member index(1) 
[Elysia/DEBUG] Increasing refcount of unsigned object
[Elysia/DEBUG] Address: 0x158704360
[Elysia/DEBUG] Performing: load_element 
[Elysia/DEBUG] Decreasing refcount of unsigned object
[Elysia/DEBUG] Address: 0x158704360
[Elysia/DEBUG] Entering function array_char[]_gc_refcount_decrease
[Elysia/DEBUG] Performing: pop 
[Elysia/DEBUG] Popped value: loaded_val
[Elysia/DEBUG] Performing: load_local localVar#0 
[Elysia/DEBUG] Performing: ret 
[Elysia/DEBUG] Decreasing refcount of string object
[Elysia/DEBUG] Address: 0x158704380
[Elysia/DEBUG] Performing: invoke index(3782547968) index(9) index(2) 
[Elysia/DEBUG] Entering function 1_Str::startswith#struct#1#0
[Elysia/DEBUG] Performing: load_local localVar#1 
[Elysia/DEBUG] Performing: load_member index(1) 
[Elysia/DEBUG] Increasing refcount of unsigned object
[Elysia/DEBUG] Address: 0x158704360
[Elysia/DEBUG] Performing: load_local localVar#0 
[Elysia/DEBUG] Performing: load_member index(1) 
[Elysia/DEBUG] Increasing refcount of unsigned object
[Elysia/DEBUG] Address: 0x1587042c0
[Elysia/DEBUG] Performing: greater_than 
[Elysia/DEBUG] Decreasing refcount of unsigned object
[Elysia/DEBUG] Address: 0x158704360
[Elysia/DEBUG] Decreasing refcount of unsigned object
[Elysia/DEBUG] Address: 0x1587042c0
[Elysia/DEBUG] Performing: jump_if_true codeBlock#1 
[Elysia/DEBUG] Performing: jump codeBlock#2 
[Elysia/DEBUG] Performing: load_local localVar#0 
[Elysia/DEBUG] Performing: load_member index(0) 
[Elysia/DEBUG] Entering function array_char[]_gc_refcount_increase
[Elysia/DEBUG] Performing: invoke_imported index(0) index(2) index(1) 
[Elysia/DEBUG] Performing: load_local localVar#1 
[Elysia/DEBUG] Performing: load_member index(0) 
[Elysia/DEBUG] Entering function array_char[]_gc_refcount_increase
[Elysia/DEBUG] Performing: invoke_imported index(0) index(2) index(1) 
[Elysia/DEBUG] Performing: load_local localVar#1 
[Elysia/DEBUG] Performing: load_member index(1) 
[Elysia/DEBUG] Increasing refcount of unsigned object
[Elysia/DEBUG] Address: 0x158704360
[Elysia/DEBUG] Performing: invoke_imported index(0) index(4) index(3) 
[Elysia/DEBUG] Entering function memcmp
[Elysia/DEBUG] Decreasing refcount of unsigned object
[Elysia/DEBUG] Address: 0x158704360
[Elysia/DEBUG] Decreasing refcount of int object
[Elysia/DEBUG] Address: 0x1587040e0
[Elysia/DEBUG] Decreasing refcount of int object
[Elysia/DEBUG] Address: 0x158704380
[Elysia/DEBUG] Performing: push_integer int(0) 
[Elysia/DEBUG] Performing: equal 
[Elysia/DEBUG] Decreasing refcount of int object
[Elysia/DEBUG] Address: 0x158704100
[Elysia/DEBUG] Performing: ret 
[Elysia/DEBUG] Entering function array_char[]_gc_refcount_decrease
[Elysia/DEBUG] Decreasing refcount of unsigned object
[Elysia/DEBUG] Address: 0x158704360
[Elysia/DEBUG] Decreasing refcount of unsigned object
[Elysia/DEBUG] Address: 0x1587043a0
[Elysia/DEBUG] Performing: push_boolean bool(false) 
[Elysia/DEBUG] Performing: equal 
[Elysia/DEBUG] Decreasing refcount of bool object
[Elysia/DEBUG] Address: 0x158704360
[Elysia/DEBUG] Performing: jump_if_true codeBlock#1 
[Elysia/DEBUG] Performing: jump codeBlock#2 
[Elysia/DEBUG] Performing: push_string index(5) string_const#5 
[Elysia/DEBUG] Performing: invoke_imported index(0) index(6) index(1) 
[Elysia/DEBUG] Entering function puts
string valiation passed: startswith 'Hello'
[Elysia/DEBUG] Decreasing refcount of string object
[Elysia/DEBUG] Address: 0x158704360
[Elysia/DEBUG] Performing: pop 
[Elysia/DEBUG] Popped value: calltmp45
[Elysia/DEBUG] Decreasing refcount of int object
[Elysia/DEBUG] Address: 0x158704380
[Elysia/DEBUG] Performing: load_local localVar#0 
[Elysia/DEBUG] Performing: new_struct index(3782547968) index(0) 
[Elysia/DEBUG] Performing: push_string index(6) string_const#6 
[Elysia/DEBUG] Performing: invoke index(3782547968) index(24) index(2) 
[Elysia/DEBUG] Entering function 1_Str::constructor#str
[Elysia/DEBUG] Performing: load_local localVar#1 
[Elysia/DEBUG] Increasing refcount of string object
[Elysia/DEBUG] Address: 0x158704380
[Elysia/DEBUG] Performing: invoke_imported index(0) index(3) index(1) 
[Elysia/DEBUG] Entering function strlen
[Elysia/DEBUG] Decreasing refcount of string object
[Elysia/DEBUG] Address: 0x158704380
[Elysia/DEBUG] Performing: load_local localVar#0 
[Elysia/DEBUG] Performing: store_member index(1) 
[Elysia/DEBUG] Performing: load_local localVar#0 
[Elysia/DEBUG] Performing: load_member index(1) 
[Elysia/DEBUG] Increasing refcount of unsigned object
[Elysia/DEBUG] Address: 0x158704360
[Elysia/DEBUG] Performing: basic_cast_int 
[Elysia/DEBUG] Decreasing refcount of unsigned object
[Elysia/DEBUG] Address: 0x158704360
[Elysia/DEBUG] Performing: push_integer int(1) 
[Elysia/DEBUG] Performing: add 
[Elysia/DEBUG] Performing: basic_cast_unsigned 
[Elysia/DEBUG] Performing: load_local localVar#0 
[Elysia/DEBUG] Performing: store_member index(2) 
[Elysia/DEBUG] Performing: load_local localVar#0 
[Elysia/DEBUG] Performing: load_member index(2) 
[Elysia/DEBUG] Increasing refcount of unsigned object
[Elysia/DEBUG] Address: 0x1587043a0
[Elysia/DEBUG] Performing: new_dynamic_array_char index(0) 
[Elysia/DEBUG] Decreasing refcount of unsigned object
[Elysia/DEBUG] Address: 0x1587043a0
[Elysia/DEBUG] Performing: load_local localVar#0 
[Elysia/DEBUG] Performing: store_member index(0) 
[Elysia/DEBUG] Entering function array_char[]_gc_refcount_decrease
[Elysia/DEBUG] Performing: load_local localVar#0 
[Elysia/DEBUG] Performing: load_member index(0) 
[Elysia/DEBUG] Entering function array_char[]_gc_refcount_increase
[Elysia/DEBUG] Performing: invoke_imported index(0) index(2) index(1) 
[Elysia/DEBUG] Performing: load_local localVar#1 
[Elysia/DEBUG] Increasing refcount of string object
[Elysia/DEBUG] Address: 0x158704380
[Elysia/DEBUG] Performing: load_local localVar#0 
[Elysia/DEBUG] Performing: load_member index(1) 
[Elysia/DEBUG] Increasing refcount of unsigned object
[Elysia/DEBUG] Address: 0x158704360
[Elysia/DEBUG] Performing: invoke_imported index(0) index(5) index(3) 
[Elysia/DEBUG] Entering function memcpy
[Elysia/DEBUG] Decreasing refcount of unsigned object
[Elysia/DEBUG] Address: 0x158704360
[Elysia/DEBUG] Decreasing refcount of string object
[Elysia/DEBUG] Address: 0x158704380
[Elysia/DEBUG] Decreasing refcount of int object
[Elysia/DEBUG] Address: 0x1587040d0
[Elysia/DEBUG] Performing: pop 
[Elysia/DEBUG] Popped value: calltmp60
[Elysia/DEBUG] Decreasing refcount of unsigned object
[Elysia/DEBUG] Address: 0x1587040f0
[Elysia/DEBUG] Performing: push_character char(
[Elysia/DEBUG] Performing: load_local localVar#0 
[Elysia/DEBUG] Performing: load_member index(0) 
[Elysia/DEBUG] Entering function array_char[]_gc_refcount_increase
[Elysia/DEBUG] Performing: load_local localVar#0 
[Elysia/DEBUG] Performing: load_member index(1) 
[Elysia/DEBUG] Increasing refcount of unsigned object
[Elysia/DEBUG] Address: 0x158704360
[Elysia/DEBUG] Performing: store_element unknown 
[Elysia/DEBUG] Decreasing refcount of unsigned object
[Elysia/DEBUG] Address: 0x158704360
[Elysia/DEBUG] Entering function array_char[]_gc_refcount_decrease
[Elysia/DEBUG] Performing: load_local localVar#0 
[Elysia/DEBUG] Performing: load_member index(0) 
[Elysia/DEBUG] Entering function array_char[]_gc_refcount_increase
[Elysia/DEBUG] Performing: load_local localVar#0 
[Elysia/DEBUG] Performing: load_member index(1) 
[Elysia/DEBUG] Increasing refcount of unsigned object
[Elysia/DEBUG] Address: 0x158704360
[Elysia/DEBUG] Performing: load_element 
[Elysia/DEBUG] Decreasing refcount of unsigned object
[Elysia/DEBUG] Address: 0x158704360
[Elysia/DEBUG] Entering function array_char[]_gc_refcount_decrease
[Elysia/DEBUG] Performing: pop 
[Elysia/DEBUG] Popped value: loaded_val
[Elysia/DEBUG] Performing: load_local localVar#0 
[Elysia/DEBUG] Performing: ret 
[Elysia/DEBUG] Decreasing refcount of string object
[Elysia/DEBUG] Address: 0x158704380
[Elysia/DEBUG] Performing: invoke index(3782547968) index(10) index(2) 
[Elysia/DEBUG] Entering function 1_Str::endswith#struct#1#0
[Elysia/DEBUG] Performing: load_local localVar#1 
[Elysia/DEBUG] Performing: load_member index(1) 
[Elysia/DEBUG] Increasing refcount of unsigned object
[Elysia/DEBUG] Address: 0x158704360
[Elysia/DEBUG] Performing: load_local localVar#0 
[Elysia/DEBUG] Performing: load_member index(1) 
[Elysia/DEBUG] Increasing refcount of unsigned object
[Elysia/DEBUG] Address: 0x1587042c0
[Elysia/DEBUG] Performing: greater_than 
[Elysia/DEBUG] Decreasing refcount of unsigned object
[Elysia/DEBUG] Address: 0x158704360
[Elysia/DEBUG] Decreasing refcount of unsigned object
[Elysia/DEBUG] Address: 0x1587042c0
[Elysia/DEBUG] Performing: jump_if_true codeBlock#1 
[Elysia/DEBUG] Performing: jump codeBlock#2 
[Elysia/DEBUG] Performing: load_local localVar#0 
[Elysia/DEBUG] Performing: load_member index(0) 
[Elysia/DEBUG] Entering function array_char[]_gc_refcount_increase
[Elysia/DEBUG] Performing: invoke_imported index(0) index(2) index(1) 
[Elysia/DEBUG] Performing: load_local localVar#0 
[Elysia/DEBUG] Performing: load_member index(1) 
[Elysia/DEBUG] Increasing refcount of unsigned object
[Elysia/DEBUG] Address: 0x1587042c0
[Elysia/DEBUG] Performing: basic_cast_int 
[Elysia/DEBUG] Decreasing refcount of unsigned object
[Elysia/DEBUG] Address: 0x1587042c0
[Elysia/DEBUG] Performing: add 
[Elysia/DEBUG] Decreasing refcount of int object
[Elysia/DEBUG] Address: 0x158704380
[Elysia/DEBUG] Performing: load_local localVar#1 
[Elysia/DEBUG] Performing: load_member index(1) 
[Elysia/DEBUG] Increasing refcount of unsigned object
[Elysia/DEBUG] Address: 0x158704360
[Elysia/DEBUG] Performing: basic_cast_int 
[Elysia/DEBUG] Decreasing refcount of unsigned object
[Elysia/DEBUG] Address: 0x158704360
[Elysia/DEBUG] Performing: sub 
[Elysia/DEBUG] Performing: load_local localVar#1 
[Elysia/DEBUG] Performing: load_member index(0) 
[Elysia/DEBUG] Entering function array_char[]_gc_refcount_increase
[Elysia/DEBUG] Performing: invoke_imported index(0) index(2) index(1) 
[Elysia/DEBUG] Performing: load_local localVar#1 
[Elysia/DEBUG] Performing: load_member index(1) 
[Elysia/DEBUG] Increasing refcount of unsigned object
[Elysia/DEBUG] Address: 0x158704360
[Elysia/DEBUG] Performing: invoke_imported index(0) index(4) index(3) 
[Elysia/DEBUG] Entering function memcmp
[Elysia/DEBUG] Decreasing refcount of unsigned object
[Elysia/DEBUG] Address: 0x158704360
[Elysia/DEBUG] Decreasing refcount of int object
[Elysia/DEBUG] Address: 0x158704380
[Elysia/DEBUG] Decreasing refcount of int object
[Elysia/DEBUG] Address: 0x1587040d0
[Elysia/DEBUG] Performing: push_integer int(0) 
[Elysia/DEBUG] Performing: equal 
[Elysia/DEBUG] Decreasing refcount of int object
[Elysia/DEBUG] Address: 0x1587040f0
[Elysia/DEBUG] Performing: ret 
[Elysia/DEBUG] Entering function array_char[]_gc_refcount_decrease
[Elysia/DEBUG] Decreasing refcount of unsigned object
[Elysia/DEBUG] Address: 0x158704360
[Elysia/DEBUG] Decreasing refcount of unsigned object
[Elysia/DEBUG] Address: 0x1587043a0
[Elysia/DEBUG] Performing: push_boolean bool(false) 
[Elysia/DEBUG] Performing: equal 
[Elysia/DEBUG] Decreasing refcount of bool object
[Elysia/DEBUG] Address: 0x158704360
[Elysia/DEBUG] Performing: jump_if_true codeBlock#3 
[Elysia/DEBUG] Performing: jump codeBlock#4 
[Elysia/DEBUG] Performing: push_string index(8) string_const#8 
[Elysia/DEBUG] Performing: invoke_imported index(0) index(6) index(1) 
[Elysia/DEBUG] Entering function puts
string valiation passed: endswith '!'
[Elysia/DEBUG] Decreasing refcount of string object
[Elysia/DEBUG] Address: 0x158704360
[Elysia/DEBUG] Performing: pop 
[Elysia/DEBUG] Popped value: calltmp81
[Elysia/DEBUG] Decreasing refcount of int object
[Elysia/DEBUG] Address: 0x158704380
[Elysia/DEBUG] Performing: load_local localVar#0 
[Elysia/DEBUG] Performing: push_integer int(0) 
[Elysia/DEBUG] Performing: push_integer int(5) 
[Elysia/DEBUG] Performing: invoke index(3782547968) index(21) index(3) 
[Elysia/DEBUG] Entering function 1_Str::substring#int#int
[Elysia/DEBUG] Performing: load_local localVar#0 
[Elysia/DEBUG] Performing: load_local localVar#1 
[Elysia/DEBUG] Increasing refcount of int object
[Elysia/DEBUG] Address: 0x158704360
[Elysia/DEBUG] Performing: basic_cast_unsigned 
[Elysia/DEBUG] Decreasing refcount of int object
[Elysia/DEBUG] Address: 0x158704360
[Elysia/DEBUG] Performing: load_local localVar#2 
[Elysia/DEBUG] Increasing refcount of int object
[Elysia/DEBUG] Address: 0x158704380
[Elysia/DEBUG] Performing: basic_cast_unsigned 
[Elysia/DEBUG] Decreasing refcount of int object
[Elysia/DEBUG] Address: 0x158704380
[Elysia/DEBUG] Performing: invoke index(3782547968) index(14) index(3) 
[Elysia/DEBUG] Entering function 1_Str::substring#unsigned#unsigned
[Elysia/DEBUG] Performing: new_struct index(3782547968) index(0) 
[Elysia/DEBUG] Performing: load_local localVar#2 
[Elysia/DEBUG] Increasing refcount of unsigned object
[Elysia/DEBUG] Address: 0x1587043a0
[Elysia/DEBUG] Performing: load_local localVar#1 
[Elysia/DEBUG] Increasing refcount of unsigned object
[Elysia/DEBUG] Address: 0x158704080
[Elysia/DEBUG] Performing: sub 
[Elysia/DEBUG] Decreasing refcount of unsigned object
[Elysia/DEBUG] Address: 0x1587043a0
[Elysia/DEBUG] Decreasing refcount of unsigned object
[Elysia/DEBUG] Address: 0x158704080
[Elysia/DEBUG] Performing: invoke index(3782547968) index(26) index(2) 
[Elysia/DEBUG] Entering function 1_Str::constructor#unsigned
[Elysia/DEBUG] Performing: load_local localVar#1 
[Elysia/DEBUG] Increasing refcount of unsigned object
[Elysia/DEBUG] Address: 0x1587040d0
[Elysia/DEBUG] Performing: push_unsigned unsigned(1) 
[Elysia/DEBUG] Performing: less_than 
[Elysia/DEBUG] Decreasing refcount of unsigned object
[Elysia/DEBUG] Address: 0x1587040d0
[Elysia/DEBUG] Performing: jump_if_true codeBlock#1 
[Elysia/DEBUG] Performing: jump codeBlock#2 
[Elysia/DEBUG] Performing: push_unsigned unsigned(0) 
[Elysia/DEBUG] Performing: load_local localVar#0 
[Elysia/DEBUG] Performing: store_member index(1) 
[Elysia/DEBUG] Performing: load_local localVar#1 
[Elysia/DEBUG] Increasing refcount of unsigned object
[Elysia/DEBUG] Address: 0x1587040d0
[Elysia/DEBUG] Performing: load_local localVar#0 
[Elysia/DEBUG] Performing: store_member index(2) 
[Elysia/DEBUG] Performing: load_local localVar#1 
[Elysia/DEBUG] Increasing refcount of unsigned object
[Elysia/DEBUG] Address: 0x1587040d0
[Elysia/DEBUG] Performing: new_dynamic_array_char index(0) 
[Elysia/DEBUG] Decreasing refcount of unsigned object
[Elysia/DEBUG] Address: 0x1587040d0
[Elysia/DEBUG] Performing: load_local localVar#0 
[Elysia/DEBUG] Performing: store_member index(0) 
[Elysia/DEBUG] Entering function array_char[]_gc_refcount_decrease
[Elysia/DEBUG] Performing: push_character char(
[Elysia/DEBUG] Performing: load_local localVar#0 
[Elysia/DEBUG] Performing: load_member index(0) 
[Elysia/DEBUG] Entering function array_char[]_gc_refcount_increase
[Elysia/DEBUG] Performing: push_unsigned unsigned(0) 
[Elysia/DEBUG] Performing: store_element unknown 
[Elysia/DEBUG] Entering function array_char[]_gc_refcount_decrease
[Elysia/DEBUG] Performing: load_local localVar#0 
[Elysia/DEBUG] Performing: load_member index(0) 
[Elysia/DEBUG] Entering function array_char[]_gc_refcount_increase
[Elysia/DEBUG] Performing: push_unsigned unsigned(0) 
[Elysia/DEBUG] Performing: load_element 
[Elysia/DEBUG] Entering function array_char[]_gc_refcount_decrease
[Elysia/DEBUG] Performing: pop 
[Elysia/DEBUG] Popped value: loaded_val116
[Elysia/DEBUG] Performing: load_local localVar#0 
[Elysia/DEBUG] Performing: ret 
[Elysia/DEBUG] Decreasing refcount of unsigned object
[Elysia/DEBUG] Address: 0x1587040d0
[Elysia/DEBUG] Performing: store_local localVar#3 
[Elysia/DEBUG] Performing: load_local localVar#3 
[Elysia/DEBUG] Performing: load_member index(0) 
[Elysia/DEBUG] Entering function array_char[]_gc_refcount_increase
[Elysia/DEBUG] Performing: invoke_imported index(0) index(2) index(1) 
[Elysia/DEBUG] Performing: load_local localVar#0 
[Elysia/DEBUG] Performing: load_member index(0) 
[Elysia/DEBUG] Entering function array_char[]_gc_refcount_increase
[Elysia/DEBUG] Performing: invoke_imported index(0) index(2) index(1) 
[Elysia/DEBUG] Performing: load_local localVar#1 
[Elysia/DEBUG] Increasing refcount of unsigned object
[Elysia/DEBUG] Address: 0x158704080
[Elysia/DEBUG] Performing: basic_cast_int 
[Elysia/DEBUG] Decreasing refcount of unsigned object
[Elysia/DEBUG] Address: 0x158704080
[Elysia/DEBUG] Performing: add 
[Elysia/DEBUG] Decreasing refcount of int object
[Elysia/DEBUG] Address: 0x158704150
[Elysia/DEBUG] Performing: load_local localVar#2 
[Elysia/DEBUG] Increasing refcount of unsigned object
[Elysia/DEBUG] Address: 0x1587043a0
[Elysia/DEBUG] Performing: load_local localVar#1 
[Elysia/DEBUG] Increasing refcount of unsigned object
[Elysia/DEBUG] Address: 0x158704080
[Elysia/DEBUG] Performing: sub 
[Elysia/DEBUG] Decreasing refcount of unsigned object
[Elysia/DEBUG] Address: 0x1587043a0
[Elysia/DEBUG] Decreasing refcount of unsigned object
[Elysia/DEBUG] Address: 0x158704080
[Elysia/DEBUG] Performing: invoke_imported index(0) index(5) index(3) 
[Elysia/DEBUG] Entering function memcpy
[Elysia/DEBUG] Decreasing refcount of unsigned object
[Elysia/DEBUG] Address: 0x158704150
[Elysia/DEBUG] Decreasing refcount of int object
[Elysia/DEBUG] Address: 0x158704170
[Elysia/DEBUG] Decreasing refcount of int object
[Elysia/DEBUG] Address: 0x158704130
[Elysia/DEBUG] Performing: pop 
[Elysia/DEBUG] Popped value: calltmp57
[Elysia/DEBUG] Decreasing refcount of unsigned object
[Elysia/DEBUG] Address: 0x158704190
[Elysia/DEBUG] Performing: push_character char(
[Elysia/DEBUG] Performing: load_local localVar#3 
[Elysia/DEBUG] Performing: load_member index(0) 
[Elysia/DEBUG] Entering function array_char[]_gc_refcount_increase
[Elysia/DEBUG] Performing: load_local localVar#2 
[Elysia/DEBUG] Increasing refcount of unsigned object
[Elysia/DEBUG] Address: 0x1587043a0
[Elysia/DEBUG] Performing: load_local localVar#1 
[Elysia/DEBUG] Increasing refcount of unsigned object
[Elysia/DEBUG] Address: 0x158704080
[Elysia/DEBUG] Performing: sub 
[Elysia/DEBUG] Decreasing refcount of unsigned object
[Elysia/DEBUG] Address: 0x1587043a0
[Elysia/DEBUG] Decreasing refcount of unsigned object
[Elysia/DEBUG] Address: 0x158704080
[Elysia/DEBUG] Performing: store_element unknown 
[Elysia/DEBUG] Entering function array_char[]_gc_refcount_decrease
[Elysia/DEBUG] Performing: load_local localVar#3 
[Elysia/DEBUG] Performing: load_member index(0) 
[Elysia/DEBUG] Entering function array_char[]_gc_refcount_increase
[Elysia/DEBUG] Performing: load_local localVar#2 
[Elysia/DEBUG] Increasing refcount of unsigned object
[Elysia/DEBUG] Address: 0x1587043a0
[Elysia/DEBUG] Performing: load_local localVar#1 
[Elysia/DEBUG] Increasing refcount of unsigned object
[Elysia/DEBUG] Address: 0x158704080
[Elysia/DEBUG] Performing: sub 
[Elysia/DEBUG] Decreasing refcount of unsigned object
[Elysia/DEBUG] Address: 0x1587043a0
[Elysia/DEBUG] Decreasing refcount of unsigned object
[Elysia/DEBUG] Address: 0x158704080
[Elysia/DEBUG] Performing: load_element 
[Elysia/DEBUG] Entering function array_char[]_gc_refcount_decrease
[Elysia/DEBUG] Performing: pop 
[Elysia/DEBUG] Popped value: loaded_val
[Elysia/DEBUG] Performing: load_local localVar#2 
[Elysia/DEBUG] Increasing refcount of unsigned object
[Elysia/DEBUG] Address: 0x1587043a0
[Elysia/DEBUG] Performing: load_local localVar#1 
[Elysia/DEBUG] Increasing refcount of unsigned object
[Elysia/DEBUG] Address: 0x158704080
[Elysia/DEBUG] Performing: sub 
[Elysia/DEBUG] Decreasing refcount of unsigned object
[Elysia/DEBUG] Address: 0x1587043a0
[Elysia/DEBUG] Decreasing refcount of unsigned object
[Elysia/DEBUG] Address: 0x158704080
[Elysia/DEBUG] Performing: load_local localVar#3 
[Elysia/DEBUG] Performing: store_member index(1) 
[Elysia/DEBUG] Decreasing refcount of unsigned object
[Elysia/DEBUG] Address: 0x1587040f0
[Elysia/DEBUG] Performing: load_local localVar#3 
[Elysia/DEBUG] Performing: ret 
[Elysia/DEBUG] Decreasing refcount of unsigned object
[Elysia/DEBUG] Address: 0x158704080
[Elysia/DEBUG] Decreasing refcount of unsigned object
[Elysia/DEBUG] Address: 0x1587043a0
[Elysia/DEBUG] Performing: ret 
[Elysia/DEBUG] Decreasing refcount of int object
[Elysia/DEBUG] Address: 0x158704360
[Elysia/DEBUG] Decreasing refcount of int object
[Elysia/DEBUG] Address: 0x158704380
[Elysia/DEBUG] Performing: new_struct index(3782547968) index(0) 
[Elysia/DEBUG] Performing: push_string index(3) string_const#3 
[Elysia/DEBUG] Performing: invoke index(3782547968) index(24) index(2) 
[Elysia/DEBUG] Entering function 1_Str::constructor#str
[Elysia/DEBUG] Performing: load_local localVar#1 
[Elysia/DEBUG] Increasing refcount of string object
[Elysia/DEBUG] Address: 0x1598040d0
[Elysia/DEBUG] Performing: invoke_imported index(0) index(3) index(1) 
[Elysia/DEBUG] Entering function strlen
[Elysia/DEBUG] Decreasing refcount of string object
[Elysia/DEBUG] Address: 0x1598040d0
[Elysia/DEBUG] Performing: load_local localVar#0 
[Elysia/DEBUG] Performing: store_member index(1) 
[Elysia/DEBUG] Performing: load_local localVar#0 
[Elysia/DEBUG] Performing: load_member index(1) 
[Elysia/DEBUG] Increasing refcount of unsigned object
[Elysia/DEBUG] Address: 0x1598040f0
[Elysia/DEBUG] Performing: basic_cast_int 
[Elysia/DEBUG] Decreasing refcount of unsigned object
[Elysia/DEBUG] Address: 0x1598040f0
[Elysia/DEBUG] Performing: push_integer int(1) 
[Elysia/DEBUG] Performing: add 
[Elysia/DEBUG] Performing: basic_cast_unsigned 
[Elysia/DEBUG] Performing: load_local localVar#0 
[Elysia/DEBUG] Performing: store_member index(2) 
[Elysia/DEBUG] Performing: load_local localVar#0 
[Elysia/DEBUG] Performing: load_member index(2) 
[Elysia/DEBUG] Increasing refcount of unsigned object
[Elysia/DEBUG] Address: 0x159804110
[Elysia/DEBUG] Performing: new_dynamic_array_char index(0) 
[Elysia/DEBUG] Decreasing refcount of unsigned object
[Elysia/DEBUG] Address: 0x159804110
[Elysia/DEBUG] Performing: load_local localVar#0 
[Elysia/DEBUG] Performing: store_member index(0) 
[Elysia/DEBUG] Entering function array_char[]_gc_refcount_decrease
[Elysia/DEBUG] Performing: load_local localVar#0 
[Elysia/DEBUG] Performing: load_member index(0) 
[Elysia/DEBUG] Entering function array_char[]_gc_refcount_increase
[Elysia/DEBUG] Performing: invoke_imported index(0) index(2) index(1) 
[Elysia/DEBUG] Performing: load_local localVar#1 
[Elysia/DEBUG] Increasing refcount of string object
[Elysia/DEBUG] Address: 0x1598040d0
[Elysia/DEBUG] Performing: load_local localVar#0 
[Elysia/DEBUG] Performing: load_member index(1) 
[Elysia/DEBUG] Increasing refcount of unsigned object
[Elysia/DEBUG] Address: 0x1598040f0
[Elysia/DEBUG] Performing: invoke_imported index(0) index(5) index(3) 
[Elysia/DEBUG] Entering function memcpy
[Elysia/DEBUG] Decreasing refcount of unsigned object
[Elysia/DEBUG] Address: 0x1598040f0
[Elysia/DEBUG] Decreasing refcount of string object
[Elysia/DEBUG] Address: 0x1598040d0
[Elysia/DEBUG] Decreasing refcount of int object
[Elysia/DEBUG] Address: 0x159804160
[Elysia/DEBUG] Performing: pop 
[Elysia/DEBUG] Popped value: calltmp60
[Elysia/DEBUG] Decreasing refcount of unsigned object
[Elysia/DEBUG] Address: 0x159804180
[Elysia/DEBUG] Performing: push_character char(
[Elysia/DEBUG] Performing: load_local localVar#0 
[Elysia/DEBUG] Performing: load_member index(0) 
[Elysia/DEBUG] Entering function array_char[]_gc_refcount_increase
[Elysia/DEBUG] Performing: load_local localVar#0 
[Elysia/DEBUG] Performing: load_member index(1) 
[Elysia/DEBUG] Increasing refcount of unsigned object
[Elysia/DEBUG] Address: 0x1598040f0
[Elysia/DEBUG] Performing: store_element unknown 
[Elysia/DEBUG] Decreasing refcount of unsigned object
[Elysia/DEBUG] Address: 0x1598040f0
[Elysia/DEBUG] Entering function array_char[]_gc_refcount_decrease
[Elysia/DEBUG] Performing: load_local localVar#0 
[Elysia/DEBUG] Performing: load_member index(0) 
[Elysia/DEBUG] Entering function array_char[]_gc_refcount_increase
[Elysia/DEBUG] Performing: load_local localVar#0 
[Elysia/DEBUG] Performing: load_member index(1) 
[Elysia/DEBUG] Increasing refcount of unsigned object
[Elysia/DEBUG] Address: 0x1598040f0
[Elysia/DEBUG] Performing: load_element 
[Elysia/DEBUG] Decreasing refcount of unsigned object
[Elysia/DEBUG] Address: 0x1598040f0
[Elysia/DEBUG] Entering function array_char[]_gc_refcount_decrease
[Elysia/DEBUG] Performing: pop 
[Elysia/DEBUG] Popped value: loaded_val
[Elysia/DEBUG] Performing: load_local localVar#0 
[Elysia/DEBUG] Performing: ret 
[Elysia/DEBUG] Decreasing refcount of string object
[Elysia/DEBUG] Address: 0x1598040d0
[Elysia/DEBUG] Performing: invoke index(3782547968) index(34) index(2) 
[Elysia/DEBUG] Entering function 1_Str::operator!=#struct#1#0#struct#1#0
[Elysia/DEBUG] Performing: load_local localVar#0 
[Elysia/DEBUG] Performing: load_member index(1) 
[Elysia/DEBUG] Increasing refcount of unsigned object
[Elysia/DEBUG] Address: 0x159804080
[Elysia/DEBUG] Performing: load_local localVar#1 
[Elysia/DEBUG] Performing: load_member index(1) 
[Elysia/DEBUG] Increasing refcount of unsigned object
[Elysia/DEBUG] Address: 0x1598040f0
[Elysia/DEBUG] Performing: not_equal 
[Elysia/DEBUG] Decreasing refcount of unsigned object
[Elysia/DEBUG] Address: 0x159804080
[Elysia/DEBUG] Decreasing refcount of unsigned object
[Elysia/DEBUG] Address: 0x1598040f0
[Elysia/DEBUG] Performing: jump_if_true codeBlock#1 
[Elysia/DEBUG] Performing: jump codeBlock#2 
[Elysia/DEBUG] Performing: load_local localVar#0 
[Elysia/DEBUG] Performing: load_member index(0) 
[Elysia/DEBUG] Entering function array_char[]_gc_refcount_increase
[Elysia/DEBUG] Performing: invoke_imported index(0) index(2) index(1) 
[Elysia/DEBUG] Performing: load_local localVar#1 
[Elysia/DEBUG] Performing: load_member index(0) 
[Elysia/DEBUG] Entering function array_char[]_gc_refcount_increase
[Elysia/DEBUG] Performing: invoke_imported index(0) index(2) index(1) 
[Elysia/DEBUG] Performing: load_local localVar#0 
[Elysia/DEBUG] Performing: load_member index(1) 
[Elysia/DEBUG] Increasing refcount of unsigned object
[Elysia/DEBUG] Address: 0x159804080
[Elysia/DEBUG] Performing: invoke_imported index(0) index(4) index(3) 
[Elysia/DEBUG] Entering function memcmp
[Elysia/DEBUG] Decreasing refcount of unsigned object
[Elysia/DEBUG] Address: 0x159804080
[Elysia/DEBUG] Decreasing refcount of int object
[Elysia/DEBUG] Address: 0x159804160
[Elysia/DEBUG] Decreasing refcount of int object
[Elysia/DEBUG] Address: 0x1598040d0
[Elysia/DEBUG] Performing: push_integer int(0) 
[Elysia/DEBUG] Performing: not_equal 
[Elysia/DEBUG] Decreasing refcount of int object
[Elysia/DEBUG] Address: 0x159804180
[Elysia/DEBUG] Performing: ret 
[Elysia/DEBUG] Entering function array_char[]_gc_refcount_decrease
[Elysia/DEBUG] Decreasing refcount of unsigned object
[Elysia/DEBUG] Address: 0x159804080
[Elysia/DEBUG] Decreasing refcount of unsigned object
[Elysia/DEBUG] Address: 0x1587040d0
[Elysia/DEBUG] Entering function array_char[]_gc_refcount_decrease
[Elysia/DEBUG] Decreasing refcount of unsigned object
[Elysia/DEBUG] Address: 0x1598040f0
[Elysia/DEBUG] Decreasing refcount of unsigned object
[Elysia/DEBUG] Address: 0x159804110
[Elysia/DEBUG] Performing: jump_if_true codeBlock#5 
[Elysia/DEBUG] Decreasing refcount of bool object
[Elysia/DEBUG] Address: 0x159804080
[Elysia/DEBUG] Performing: jump codeBlock#6 
[Elysia/DEBUG] Performing: push_string index(10) string_const#10 
[Elysia/DEBUG] Performing: invoke_imported index(0) index(6) index(1) 
[Elysia/DEBUG] Entering function puts
string valiation passed: substring(0, 5) == 'Hello'
[Elysia/DEBUG] Decreasing refcount of string object
[Elysia/DEBUG] Address: 0x159804080
[Elysia/DEBUG] Performing: pop 
[Elysia/DEBUG] Popped value: calltmp125
[Elysia/DEBUG] Decreasing refcount of int object
[Elysia/DEBUG] Address: 0x1598040a0
[Elysia/DEBUG] Performing: load_local localVar#0 
[Elysia/DEBUG] Performing: new_struct index(3782547968) index(0) 
[Elysia/DEBUG] Performing: push_string index(11) string_const#11 
[Elysia/DEBUG] Performing: invoke index(3782547968) index(24) index(2) 
[Elysia/DEBUG] Entering function 1_Str::constructor#str
[Elysia/DEBUG] Performing: load_local localVar#1 
[Elysia/DEBUG] Increasing refcount of string object
[Elysia/DEBUG] Address: 0x1598040a0
[Elysia/DEBUG] Performing: invoke_imported index(0) index(3) index(1) 
[Elysia/DEBUG] Entering function strlen
[Elysia/DEBUG] Decreasing refcount of string object
[Elysia/DEBUG] Address: 0x1598040a0
[Elysia/DEBUG] Performing: load_local localVar#0 
[Elysia/DEBUG] Performing: store_member index(1) 
[Elysia/DEBUG] Performing: load_local localVar#0 
[Elysia/DEBUG] Performing: load_member index(1) 
[Elysia/DEBUG] Increasing refcount of unsigned object
[Elysia/DEBUG] Address: 0x159804080
[Elysia/DEBUG] Performing: basic_cast_int 
[Elysia/DEBUG] Decreasing refcount of unsigned object
[Elysia/DEBUG] Address: 0x159804080
[Elysia/DEBUG] Performing: push_integer int(1) 
[Elysia/DEBUG] Performing: add 
[Elysia/DEBUG] Performing: basic_cast_unsigned 
[Elysia/DEBUG] Performing: load_local localVar#0 
[Elysia/DEBUG] Performing: store_member index(2) 
[Elysia/DEBUG] Performing: load_local localVar#0 
[Elysia/DEBUG] Performing: load_member index(2) 
[Elysia/DEBUG] Increasing refcount of unsigned object
[Elysia/DEBUG] Address: 0x1598040f0
[Elysia/DEBUG] Performing: new_dynamic_array_char index(0) 
[Elysia/DEBUG] Decreasing refcount of unsigned object
[Elysia/DEBUG] Address: 0x1598040f0
[Elysia/DEBUG] Performing: load_local localVar#0 
[Elysia/DEBUG] Performing: store_member index(0) 
[Elysia/DEBUG] Entering function array_char[]_gc_refcount_decrease
[Elysia/DEBUG] Performing: load_local localVar#0 
[Elysia/DEBUG] Performing: load_member index(0) 
[Elysia/DEBUG] Entering function array_char[]_gc_refcount_increase
[Elysia/DEBUG] Performing: invoke_imported index(0) index(2) index(1) 
[Elysia/DEBUG] Performing: load_local localVar#1 
[Elysia/DEBUG] Increasing refcount of string object
[Elysia/DEBUG] Address: 0x1598040a0
[Elysia/DEBUG] Performing: load_local localVar#0 
[Elysia/DEBUG] Performing: load_member index(1) 
[Elysia/DEBUG] Increasing refcount of unsigned object
[Elysia/DEBUG] Address: 0x159804080
[Elysia/DEBUG] Performing: invoke_imported index(0) index(5) index(3) 
[Elysia/DEBUG] Entering function memcpy
[Elysia/DEBUG] Decreasing refcount of unsigned object
[Elysia/DEBUG] Address: 0x159804080
[Elysia/DEBUG] Decreasing refcount of string object
[Elysia/DEBUG] Address: 0x1598040a0
[Elysia/DEBUG] Decreasing refcount of int object
[Elysia/DEBUG] Address: 0x159804130
[Elysia/DEBUG] Performing: pop 
[Elysia/DEBUG] Popped value: calltmp60
[Elysia/DEBUG] Decreasing refcount of unsigned object
[Elysia/DEBUG] Address: 0x159804150
[Elysia/DEBUG] Performing: push_character char(
[Elysia/DEBUG] Performing: load_local localVar#0 
[Elysia/DEBUG] Performing: load_member index(0) 
[Elysia/DEBUG] Entering function array_char[]_gc_refcount_increase
[Elysia/DEBUG] Performing: load_local localVar#0 
[Elysia/DEBUG] Performing: load_member index(1) 
[Elysia/DEBUG] Increasing refcount of unsigned object
[Elysia/DEBUG] Address: 0x159804080
[Elysia/DEBUG] Performing: store_element unknown 
[Elysia/DEBUG] Decreasing refcount of unsigned object
[Elysia/DEBUG] Address: 0x159804080
[Elysia/DEBUG] Entering function array_char[]_gc_refcount_decrease
[Elysia/DEBUG] Performing: load_local localVar#0 
[Elysia/DEBUG] Performing: load_member index(0) 
[Elysia/DEBUG] Entering function array_char[]_gc_refcount_increase
[Elysia/DEBUG] Performing: load_local localVar#0 
[Elysia/DEBUG] Performing: load_member index(1) 
[Elysia/DEBUG] Increasing refcount of unsigned object
[Elysia/DEBUG] Address: 0x159804080
[Elysia/DEBUG] Performing: load_element 
[Elysia/DEBUG] Decreasing refcount of unsigned object
[Elysia/DEBUG] Address: 0x159804080
[Elysia/DEBUG] Entering function array_char[]_gc_refcount_decrease
[Elysia/DEBUG] Performing: pop 
[Elysia/DEBUG] Popped value: loaded_val
[Elysia/DEBUG] Performing: load_local localVar#0 
[Elysia/DEBUG] Performing: ret 
[Elysia/DEBUG] Decreasing refcount of string object
[Elysia/DEBUG] Address: 0x1598040a0
[Elysia/DEBUG] Performing: invoke index(3782547968) index(13) index(2) 
[Elysia/DEBUG] Entering function 1_Str::find#struct#1#0
[Elysia/DEBUG] Performing: load_local localVar#0 
[Elysia/DEBUG] Performing: load_local localVar#1 
[Elysia/DEBUG] Performing: push_integer int(0) 
[Elysia/DEBUG] Performing: invoke index(3782547968) index(12) index(3) 
[Elysia/DEBUG] Entering function 1_Str::find#struct#1#0#int
[Elysia/DEBUG] Performing: load_local localVar#1 
[Elysia/DEBUG] Performing: load_member index(1) 
[Elysia/DEBUG] Increasing refcount of unsigned object
[Elysia/DEBUG] Address: 0x159804080
[Elysia/DEBUG] Performing: load_local localVar#0 
[Elysia/DEBUG] Performing: load_member index(1) 
[Elysia/DEBUG] Increasing refcount of unsigned object
[Elysia/DEBUG] Address: 0x1587042c0
[Elysia/DEBUG] Performing: greater_than 
[Elysia/DEBUG] Decreasing refcount of unsigned object
[Elysia/DEBUG] Address: 0x159804080
[Elysia/DEBUG] Decreasing refcount of unsigned object
[Elysia/DEBUG] Address: 0x1587042c0
[Elysia/DEBUG] Performing: jump_if_true codeBlock#1 
[Elysia/DEBUG] Performing: jump codeBlock#2 
[Elysia/DEBUG] Performing: push_integer int(0) 
[Elysia/DEBUG] Performing: load_local localVar#1 
[Elysia/DEBUG] Performing: load_member index(1) 
[Elysia/DEBUG] Increasing refcount of unsigned object
[Elysia/DEBUG] Address: 0x159804080
[Elysia/DEBUG] Performing: new_dynamic_array_int index(1) 
[Elysia/DEBUG] Decreasing refcount of unsigned object
[Elysia/DEBUG] Address: 0x159804080
[Elysia/DEBUG] Performing: store_local localVar#3 
[Elysia/DEBUG] Entering function array_int[]_gc_refcount_decrease
[Elysia/DEBUG] Performing: push_integer int(0) 
[Elysia/DEBUG] Performing: store_local localVar#4 
[Elysia/DEBUG] Performing: push_integer int(1) 
[Elysia/DEBUG] Performing: store_local localVar#5 
[Elysia/DEBUG] Performing: jump codeBlock#3 
[Elysia/DEBUG] Performing: load_local localVar#5 
[Elysia/DEBUG] Increasing refcount of int object
[Elysia/DEBUG] Address: 0x159804160
[Elysia/DEBUG] Performing: load_local localVar#1 
[Elysia/DEBUG] Performing: load_member index(1) 
[Elysia/DEBUG] Increasing refcount of unsigned object
[Elysia/DEBUG] Address: 0x159804080
[Elysia/DEBUG] Performing: basic_cast_int 
[Elysia/DEBUG] Decreasing refcount of unsigned object
[Elysia/DEBUG] Address: 0x159804080
[Elysia/DEBUG] Performing: less_than 
[Elysia/DEBUG] Decreasing refcount of int object
[Elysia/DEBUG] Address: 0x159804160
[Elysia/DEBUG] Performing: jump_if_true codeBlock#4 
[Elysia/DEBUG] Performing: load_local localVar#1 
[Elysia/DEBUG] Performing: load_local localVar#5 
[Elysia/DEBUG] Increasing refcount of int object
[Elysia/DEBUG] Address: 0x159804160
[Elysia/DEBUG] Performing: invoke index(3782547968) index(37) index(2) 
[Elysia/DEBUG] Entering function 1_Str::operator[]#struct#1#0#int
[Elysia/DEBUG] Performing: load_local localVar#1 
[Elysia/DEBUG] Increasing refcount of int object
[Elysia/DEBUG] Address: 0x159804160
[Elysia/DEBUG] Performing: push_integer int(0) 
[Elysia/DEBUG] Performing: less_than 
[Elysia/DEBUG] Decreasing refcount of int object
[Elysia/DEBUG] Address: 0x159804160
[Elysia/DEBUG] Performing: jump_if_true codeBlock#1 
[Elysia/DEBUG] Performing: load_local localVar#1 
[Elysia/DEBUG] Increasing refcount of int object
[Elysia/DEBUG] Address: 0x159804160
[Elysia/DEBUG] Performing: load_local localVar#0 
[Elysia/DEBUG] Performing: load_member index(1) 
[Elysia/DEBUG] Increasing refcount of unsigned object
[Elysia/DEBUG] Address: 0x159804080
[Elysia/DEBUG] Performing: basic_cast_int 
[Elysia/DEBUG] Decreasing refcount of unsigned object
[Elysia/DEBUG] Address: 0x159804080
[Elysia/DEBUG] Performing: greater_equal 
[Elysia/DEBUG] Decreasing refcount of int object
[Elysia/DEBUG] Address: 0x159804160
[Elysia/DEBUG] Performing: jump_if_true codeBlock#1 
[Elysia/DEBUG] Performing: jump codeBlock#2 
[Elysia/DEBUG] Performing: push_boolean bool(false) 
[Elysia/DEBUG] Performing: jump codeBlock#3 
[Elysia/DEBUG] Performing: jump_if_true codeBlock#4 
[Elysia/DEBUG] Performing: jump codeBlock#5 
[Elysia/DEBUG] Performing: load_local localVar#0 
[Elysia/DEBUG] Performing: load_member index(0) 
[Elysia/DEBUG] Entering function array_char[]_gc_refcount_increase
[Elysia/DEBUG] Performing: load_local localVar#1 
[Elysia/DEBUG] Increasing refcount of int object
[Elysia/DEBUG] Address: 0x159804160
[Elysia/DEBUG] Performing: basic_cast_unsigned 
[Elysia/DEBUG] Decreasing refcount of int object
[Elysia/DEBUG] Address: 0x159804160
[Elysia/DEBUG] Performing: load_element 
[Elysia/DEBUG] Entering function array_char[]_gc_refcount_decrease
[Elysia/DEBUG] Performing: ret 
[Elysia/DEBUG] Decreasing refcount of int object
[Elysia/DEBUG] Address: 0x159804160
[Elysia/DEBUG] Performing: load_local localVar#1 
[Elysia/DEBUG] Performing: load_local localVar#4 
[Elysia/DEBUG] Performing: invoke index(3782547968) index(37) index(2) 
[Elysia/DEBUG] Entering function 1_Str::operator[]#struct#1#0#int
[Elysia/DEBUG] Performing: load_local localVar#1 
[Elysia/DEBUG] Increasing refcount of int object
[Elysia/DEBUG] Address: 0x1599040a0
[Elysia/DEBUG] Performing: push_integer int(0) 
[Elysia/DEBUG] Performing: less_than 
[Elysia/DEBUG] Decreasing refcount of int object
[Elysia/DEBUG] Address: 0x1599040a0
[Elysia/DEBUG] Performing: jump_if_true codeBlock#1 
[Elysia/DEBUG] Performing: load_local localVar#1 
[Elysia/DEBUG] Increasing refcount of int object
[Elysia/DEBUG] Address: 0x1599040a0
[Elysia/DEBUG] Performing: load_local localVar#0 
[Elysia/DEBUG] Performing: load_member index(1) 
[Elysia/DEBUG] Increasing refcount of unsigned object
[Elysia/DEBUG] Address: 0x159804080
[Elysia/DEBUG] Performing: basic_cast_int 
[Elysia/DEBUG] Decreasing refcount of unsigned object
[Elysia/DEBUG] Address: 0x159804080
[Elysia/DEBUG] Performing: greater_equal 
[Elysia/DEBUG] Decreasing refcount of int object
[Elysia/DEBUG] Address: 0x1599040a0
[Elysia/DEBUG] Performing: jump_if_true codeBlock#1 
[Elysia/DEBUG] Performing: jump codeBlock#2 
[Elysia/DEBUG] Performing: push_boolean bool(false) 
[Elysia/DEBUG] Performing: jump codeBlock#3 
[Elysia/DEBUG] Performing: jump_if_true codeBlock#4 
[Elysia/DEBUG] Performing: jump codeBlock#5 
[Elysia/DEBUG] Performing: load_local localVar#0 
[Elysia/DEBUG] Performing: load_member index(0) 
[Elysia/DEBUG] Entering function array_char[]_gc_refcount_increase
[Elysia/DEBUG] Performing: load_local localVar#1 
[Elysia/DEBUG] Increasing refcount of int object
[Elysia/DEBUG] Address: 0x1599040a0
[Elysia/DEBUG] Performing: basic_cast_unsigned 
[Elysia/DEBUG] Decreasing refcount of int object
[Elysia/DEBUG] Address: 0x1599040a0
[Elysia/DEBUG] Performing: load_element 
[Elysia/DEBUG] Entering function array_char[]_gc_refcount_decrease
[Elysia/DEBUG] Performing: ret 
[Elysia/DEBUG] Decreasing refcount of int object
[Elysia/DEBUG] Address: 0x1599040a0
[Elysia/DEBUG] Performing: equal 
[Elysia/DEBUG] Decreasing refcount of char object
[Elysia/DEBUG] Address: 0x159904080
[Elysia/DEBUG] Decreasing refcount of char object
[Elysia/DEBUG] Address: 0x1599040a0
[Elysia/DEBUG] Performing: jump_if_true codeBlock#6 
[Elysia/DEBUG] Performing: load_local localVar#4 
[Elysia/DEBUG] Performing: push_integer int(1) 
[Elysia/DEBUG] Performing: add 
[Elysia/DEBUG] Performing: store_local localVar#4 
[Elysia/DEBUG] Performing: load_local localVar#4 
[Elysia/DEBUG] Performing: load_local localVar#3 
[Elysia/DEBUG] Entering function array_int[]_gc_refcount_increase
[Elysia/DEBUG] Performing: push_unsigned unsigned(0) 
[Elysia/DEBUG] Performing: load_local localVar#5 
[Elysia/DEBUG] Increasing refcount of int object
[Elysia/DEBUG] Address: 0x159804160
[Elysia/DEBUG] Performing: basic_cast_unsigned 
[Elysia/DEBUG] Decreasing refcount of int object
[Elysia/DEBUG] Address: 0x159804160
[Elysia/DEBUG] Performing: push_unsigned unsigned(1) 
[Elysia/DEBUG] Performing: mul 
[Elysia/DEBUG] Performing: add 
[Elysia/DEBUG] Performing: store_element unknown 
[Elysia/DEBUG] Entering function array_int[]_gc_refcount_decrease
[Elysia/DEBUG] Performing: load_local localVar#3 
[Elysia/DEBUG] Entering function array_int[]_gc_refcount_increase
[Elysia/DEBUG] Performing: push_unsigned unsigned(0) 
[Elysia/DEBUG] Performing: load_local localVar#5 
[Elysia/DEBUG] Increasing refcount of int object
[Elysia/DEBUG] Address: 0x159804160
[Elysia/DEBUG] Performing: basic_cast_unsigned 
[Elysia/DEBUG] Decreasing refcount of int object
[Elysia/DEBUG] Address: 0x159804160
[Elysia/DEBUG] Performing: push_unsigned unsigned(1) 
[Elysia/DEBUG] Performing: mul 
[Elysia/DEBUG] Performing: add 
[Elysia/DEBUG] Performing: load_element 
[Elysia/DEBUG] Entering function array_int[]_gc_refcount_decrease
[Elysia/DEBUG] Performing: pop 
[Elysia/DEBUG] Popped value: loaded_val
[Elysia/DEBUG] Performing: load_local localVar#5 
[Elysia/DEBUG] Increasing refcount of int object
[Elysia/DEBUG] Address: 0x159804160
[Elysia/DEBUG] Performing: push_integer int(1) 
[Elysia/DEBUG] Performing: add 
[Elysia/DEBUG] Decreasing refcount of int object
[Elysia/DEBUG] Address: 0x159804160
[Elysia/DEBUG] Performing: store_local localVar#5 
[Elysia/DEBUG] Decreasing refcount of int object
[Elysia/DEBUG] Address: 0x159804160
[Elysia/DEBUG] Performing: jump codeBlock#7 
[Elysia/DEBUG] Performing: jump codeBlock#3 
[Elysia/DEBUG] Performing: load_local localVar#5 
[Elysia/DEBUG] Increasing refcount of int object
[Elysia/DEBUG] Address: 0x1599040a0
[Elysia/DEBUG] Performing: load_local localVar#1 
[Elysia/DEBUG] Performing: load_member index(1) 
[Elysia/DEBUG] Increasing refcount of unsigned object
[Elysia/DEBUG] Address: 0x159804080
[Elysia/DEBUG] Performing: basic_cast_int 
[Elysia/DEBUG] Decreasing refcount of unsigned object
[Elysia/DEBUG] Address: 0x159804080
[Elysia/DEBUG] Performing: less_than 
[Elysia/DEBUG] Decreasing refcount of int object
[Elysia/DEBUG] Address: 0x1599040a0
[Elysia/DEBUG] Performing: jump_if_true codeBlock#4 
[Elysia/DEBUG] Performing: load_local localVar#1 
[Elysia/DEBUG] Performing: load_local localVar#5 
[Elysia/DEBUG] Increasing refcount of int object
[Elysia/DEBUG] Address: 0x1599040a0
[Elysia/DEBUG] Performing: invoke index(3782547968) index(37) index(2) 
[Elysia/DEBUG] Entering function 1_Str::operator[]#struct#1#0#int
[Elysia/DEBUG] Performing: load_local localVar#1 
[Elysia/DEBUG] Increasing refcount of int object
[Elysia/DEBUG] Address: 0x1599040a0
[Elysia/DEBUG] Performing: push_integer int(0) 
[Elysia/DEBUG] Performing: less_than 
[Elysia/DEBUG] Decreasing refcount of int object
[Elysia/DEBUG] Address: 0x1599040a0
[Elysia/DEBUG] Performing: jump_if_true codeBlock#1 
[Elysia/DEBUG] Performing: load_local localVar#1 
[Elysia/DEBUG] Increasing refcount of int object
[Elysia/DEBUG] Address: 0x1599040a0
[Elysia/DEBUG] Performing: load_local localVar#0 
[Elysia/DEBUG] Performing: load_member index(1) 
[Elysia/DEBUG] Increasing refcount of unsigned object
[Elysia/DEBUG] Address: 0x159804080
[Elysia/DEBUG] Performing: basic_cast_int 
[Elysia/DEBUG] Decreasing refcount of unsigned object
[Elysia/DEBUG] Address: 0x159804080
[Elysia/DEBUG] Performing: greater_equal 
[Elysia/DEBUG] Decreasing refcount of int object
[Elysia/DEBUG] Address: 0x1599040a0
[Elysia/DEBUG] Performing: jump_if_true codeBlock#1 
[Elysia/DEBUG] Performing: jump codeBlock#2 
[Elysia/DEBUG] Performing: push_boolean bool(false) 
[Elysia/DEBUG] Performing: jump codeBlock#3 
[Elysia/DEBUG] Performing: jump_if_true codeBlock#4 
[Elysia/DEBUG] Performing: jump codeBlock#5 
[Elysia/DEBUG] Performing: load_local localVar#0 
[Elysia/DEBUG] Performing: load_member index(0) 
[Elysia/DEBUG] Entering function array_char[]_gc_refcount_increase
[Elysia/DEBUG] Performing: load_local localVar#1 
[Elysia/DEBUG] Increasing refcount of int object
[Elysia/DEBUG] Address: 0x1599040a0
[Elysia/DEBUG] Performing: basic_cast_unsigned 
[Elysia/DEBUG] Decreasing refcount of int object
[Elysia/DEBUG] Address: 0x1599040a0
[Elysia/DEBUG] Performing: load_element 
[Elysia/DEBUG] Entering function array_char[]_gc_refcount_decrease
[Elysia/DEBUG] Performing: ret 
[Elysia/DEBUG] Decreasing refcount of int object
[Elysia/DEBUG] Address: 0x1599040a0
[Elysia/DEBUG] Performing: load_local localVar#1 
[Elysia/DEBUG] Performing: load_local localVar#4 
[Elysia/DEBUG] Performing: invoke index(3782547968) index(37) index(2) 
[Elysia/DEBUG] Entering function 1_Str::operator[]#struct#1#0#int
[Elysia/DEBUG] Performing: load_local localVar#1 
[Elysia/DEBUG] Increasing refcount of int object
[Elysia/DEBUG] Address: 0x1599040c0
[Elysia/DEBUG] Performing: push_integer int(0) 
[Elysia/DEBUG] Performing: less_than 
[Elysia/DEBUG] Decreasing refcount of int object
[Elysia/DEBUG] Address: 0x1599040c0
[Elysia/DEBUG] Performing: jump_if_true codeBlock#1 
[Elysia/DEBUG] Performing: load_local localVar#1 
[Elysia/DEBUG] Increasing refcount of int object
[Elysia/DEBUG] Address: 0x1599040c0
[Elysia/DEBUG] Performing: load_local localVar#0 
[Elysia/DEBUG] Performing: load_member index(1) 
[Elysia/DEBUG] Increasing refcount of unsigned object
[Elysia/DEBUG] Address: 0x159804080
[Elysia/DEBUG] Performing: basic_cast_int 
[Elysia/DEBUG] Decreasing refcount of unsigned object
[Elysia/DEBUG] Address: 0x159804080
[Elysia/DEBUG] Performing: greater_equal 
[Elysia/DEBUG] Decreasing refcount of int object
[Elysia/DEBUG] Address: 0x1599040c0
[Elysia/DEBUG] Performing: jump_if_true codeBlock#1 
[Elysia/DEBUG] Performing: jump codeBlock#2 
[Elysia/DEBUG] Performing: push_boolean bool(false) 
[Elysia/DEBUG] Performing: jump codeBlock#3 
[Elysia/DEBUG] Performing: jump_if_true codeBlock#4 
[Elysia/DEBUG] Performing: jump codeBlock#5 
[Elysia/DEBUG] Performing: load_local localVar#0 
[Elysia/DEBUG] Performing: load_member index(0) 
[Elysia/DEBUG] Entering function array_char[]_gc_refcount_increase
[Elysia/DEBUG] Performing: load_local localVar#1 
[Elysia/DEBUG] Increasing refcount of int object
[Elysia/DEBUG] Address: 0x1599040c0
[Elysia/DEBUG] Performing: basic_cast_unsigned 
[Elysia/DEBUG] Decreasing refcount of int object
[Elysia/DEBUG] Address: 0x1599040c0
[Elysia/DEBUG] Performing: load_element 
[Elysia/DEBUG] Entering function array_char[]_gc_refcount_decrease
[Elysia/DEBUG] Performing: ret 
[Elysia/DEBUG] Decreasing refcount of int object
[Elysia/DEBUG] Address: 0x1599040c0
[Elysia/DEBUG] Performing: equal 
[Elysia/DEBUG] Decreasing refcount of char object
[Elysia/DEBUG] Address: 0x159904080
[Elysia/DEBUG] Decreasing refcount of char object
[Elysia/DEBUG] Address: 0x1599040c0
[Elysia/DEBUG] Performing: jump_if_true codeBlock#6 
[Elysia/DEBUG] Performing: jump codeBlock#8 
[Elysia/DEBUG] Performing: load_local localVar#4 
[Elysia/DEBUG] Performing: push_integer int(0) 
[Elysia/DEBUG] Performing: equal 
[Elysia/DEBUG] Performing: jump_if_true codeBlock#9 
[Elysia/DEBUG] Performing: jump codeBlock#11 
[Elysia/DEBUG] Performing: load_local localVar#3 
[Elysia/DEBUG] Entering function array_int[]_gc_refcount_increase
[Elysia/DEBUG] Performing: push_unsigned unsigned(0) 
[Elysia/DEBUG] Performing: load_local localVar#4 
[Elysia/DEBUG] Performing: push_integer int(1) 
[Elysia/DEBUG] Performing: sub 
[Elysia/DEBUG] Performing: basic_cast_unsigned 
[Elysia/DEBUG] Performing: push_unsigned unsigned(1) 
[Elysia/DEBUG] Performing: mul 
[Elysia/DEBUG] Performing: add 
[Elysia/DEBUG] Performing: load_element 
[Elysia/DEBUG] Entering function array_int[]_gc_refcount_decrease
[Elysia/DEBUG] Performing: store_local localVar#4 
[Elysia/DEBUG] Performing: jump codeBlock#10 
[Elysia/DEBUG] Performing: jump codeBlock#7 
[Elysia/DEBUG] Performing: jump codeBlock#3 
[Elysia/DEBUG] Performing: load_local localVar#5 
[Elysia/DEBUG] Increasing refcount of int object
[Elysia/DEBUG] Address: 0x1599040a0
[Elysia/DEBUG] Performing: load_local localVar#1 
[Elysia/DEBUG] Performing: load_member index(1) 
[Elysia/DEBUG] Increasing refcount of unsigned object
[Elysia/DEBUG] Address: 0x159804080
[Elysia/DEBUG] Performing: basic_cast_int 
[Elysia/DEBUG] Decreasing refcount of unsigned object
[Elysia/DEBUG] Address: 0x159804080
[Elysia/DEBUG] Performing: less_than 
[Elysia/DEBUG] Decreasing refcount of int object
[Elysia/DEBUG] Address: 0x1599040a0
[Elysia/DEBUG] Performing: jump_if_true codeBlock#4 
[Elysia/DEBUG] Performing: load_local localVar#1 
[Elysia/DEBUG] Performing: load_local localVar#5 
[Elysia/DEBUG] Increasing refcount of int object
[Elysia/DEBUG] Address: 0x1599040a0
[Elysia/DEBUG] Performing: invoke index(3782547968) index(37) index(2) 
[Elysia/DEBUG] Entering function 1_Str::operator[]#struct#1#0#int
[Elysia/DEBUG] Performing: load_local localVar#1 
[Elysia/DEBUG] Increasing refcount of int object
[Elysia/DEBUG] Address: 0x1599040a0
[Elysia/DEBUG] Performing: push_integer int(0) 
[Elysia/DEBUG] Performing: less_than 
[Elysia/DEBUG] Decreasing refcount of int object
[Elysia/DEBUG] Address: 0x1599040a0
[Elysia/DEBUG] Performing: jump_if_true codeBlock#1 
[Elysia/DEBUG] Performing: load_local localVar#1 
[Elysia/DEBUG] Increasing refcount of int object
[Elysia/DEBUG] Address: 0x1599040a0
[Elysia/DEBUG] Performing: load_local localVar#0 
[Elysia/DEBUG] Performing: load_member index(1) 
[Elysia/DEBUG] Increasing refcount of unsigned object
[Elysia/DEBUG] Address: 0x159804080
[Elysia/DEBUG] Performing: basic_cast_int 
[Elysia/DEBUG] Decreasing refcount of unsigned object
[Elysia/DEBUG] Address: 0x159804080
[Elysia/DEBUG] Performing: greater_equal 
[Elysia/DEBUG] Decreasing refcount of int object
[Elysia/DEBUG] Address: 0x1599040a0
[Elysia/DEBUG] Performing: jump_if_true codeBlock#1 
[Elysia/DEBUG] Performing: jump codeBlock#2 
[Elysia/DEBUG] Performing: push_boolean bool(false) 
[Elysia/DEBUG] Performing: jump codeBlock#3 
[Elysia/DEBUG] Performing: jump_if_true codeBlock#4 
[Elysia/DEBUG] Performing: jump codeBlock#5 
[Elysia/DEBUG] Performing: load_local localVar#0 
[Elysia/DEBUG] Performing: load_member index(0) 
[Elysia/DEBUG] Entering function array_char[]_gc_refcount_increase
[Elysia/DEBUG] Performing: load_local localVar#1 
[Elysia/DEBUG] Increasing refcount of int object
[Elysia/DEBUG] Address: 0x1599040a0
[Elysia/DEBUG] Performing: basic_cast_unsigned 
[Elysia/DEBUG] Decreasing refcount of int object
[Elysia/DEBUG] Address: 0x1599040a0
[Elysia/DEBUG] Performing: load_element 
[Elysia/DEBUG] Entering function array_char[]_gc_refcount_decrease
[Elysia/DEBUG] Performing: ret 
[Elysia/DEBUG] Decreasing refcount of int object
[Elysia/DEBUG] Address: 0x1599040a0
[Elysia/DEBUG] Performing: load_local localVar#1 
[Elysia/DEBUG] Performing: load_local localVar#4 
[Elysia/DEBUG] Performing: invoke index(3782547968) index(37) index(2) 
[Elysia/DEBUG] Entering function 1_Str::operator[]#struct#1#0#int
[Elysia/DEBUG] Performing: load_local localVar#1 
[Elysia/DEBUG] Increasing refcount of int object
[Elysia/DEBUG] Address: 0x159904080
[Elysia/DEBUG] Performing: push_integer int(0) 
[Elysia/DEBUG] Performing: less_than 
[Elysia/DEBUG] Decreasing refcount of int object
[Elysia/DEBUG] Address: 0x159904080
[Elysia/DEBUG] Performing: jump_if_true codeBlock#1 
[Elysia/DEBUG] Performing: load_local localVar#1 
[Elysia/DEBUG] Increasing refcount of int object
[Elysia/DEBUG] Address: 0x159904080
[Elysia/DEBUG] Performing: load_local localVar#0 
[Elysia/DEBUG] Performing: load_member index(1) 
[Elysia/DEBUG] Increasing refcount of unsigned object
[Elysia/DEBUG] Address: 0x159804080
[Elysia/DEBUG] Performing: basic_cast_int 
[Elysia/DEBUG] Decreasing refcount of unsigned object
[Elysia/DEBUG] Address: 0x159804080
[Elysia/DEBUG] Performing: greater_equal 
[Elysia/DEBUG] Decreasing refcount of int object
[Elysia/DEBUG] Address: 0x159904080
[Elysia/DEBUG] Performing: jump_if_true codeBlock#1 
[Elysia/DEBUG] Performing: jump codeBlock#2 
[Elysia/DEBUG] Performing: push_boolean bool(false) 
[Elysia/DEBUG] Performing: jump codeBlock#3 
[Elysia/DEBUG] Performing: jump_if_true codeBlock#4 
[Elysia/DEBUG] Performing: jump codeBlock#5 
[Elysia/DEBUG] Performing: load_local localVar#0 
[Elysia/DEBUG] Performing: load_member index(0) 
[Elysia/DEBUG] Entering function array_char[]_gc_refcount_increase
[Elysia/DEBUG] Performing: load_local localVar#1 
[Elysia/DEBUG] Increasing refcount of int object
[Elysia/DEBUG] Address: 0x159904080
[Elysia/DEBUG] Performing: basic_cast_unsigned 
[Elysia/DEBUG] Decreasing refcount of int object
[Elysia/DEBUG] Address: 0x159904080
[Elysia/DEBUG] Performing: load_element 
[Elysia/DEBUG] Entering function array_char[]_gc_refcount_decrease
[Elysia/DEBUG] Performing: ret 
[Elysia/DEBUG] Decreasing refcount of int object
[Elysia/DEBUG] Address: 0x159904080
[Elysia/DEBUG] Performing: equal 
[Elysia/DEBUG] Decreasing refcount of char object
[Elysia/DEBUG] Address: 0x1599040c0
[Elysia/DEBUG] Decreasing refcount of char object
[Elysia/DEBUG] Address: 0x159904080
[Elysia/DEBUG] Performing: jump_if_true codeBlock#6 
[Elysia/DEBUG] Performing: jump codeBlock#8 
[Elysia/DEBUG] Performing: load_local localVar#4 
[Elysia/DEBUG] Performing: push_integer int(0) 
[Elysia/DEBUG] Performing: equal 
[Elysia/DEBUG] Performing: jump_if_true codeBlock#9 
[Elysia/DEBUG] Performing: push_integer int(0) 
[Elysia/DEBUG] Performing: load_local localVar#3 
[Elysia/DEBUG] Entering function array_int[]_gc_refcount_increase
[Elysia/DEBUG] Performing: push_unsigned unsigned(0) 
[Elysia/DEBUG] Performing: load_local localVar#5 
[Elysia/DEBUG] Increasing refcount of int object
[Elysia/DEBUG] Address: 0x1599040a0
[Elysia/DEBUG] Performing: basic_cast_unsigned 
[Elysia/DEBUG] Decreasing refcount of int object
[Elysia/DEBUG] Address: 0x1599040a0
[Elysia/DEBUG] Performing: push_unsigned unsigned(1) 
[Elysia/DEBUG] Performing: mul 
[Elysia/DEBUG] Performing: add 
[Elysia/DEBUG] Performing: store_element unknown 
[Elysia/DEBUG] Entering function array_int[]_gc_refcount_decrease
[Elysia/DEBUG] Performing: load_local localVar#3 
[Elysia/DEBUG] Entering function array_int[]_gc_refcount_increase
[Elysia/DEBUG] Performing: push_unsigned unsigned(0) 
[Elysia/DEBUG] Performing: load_local localVar#5 
[Elysia/DEBUG] Increasing refcount of int object
[Elysia/DEBUG] Address: 0x1599040a0
[Elysia/DEBUG] Performing: basic_cast_unsigned 
[Elysia/DEBUG] Decreasing refcount of int object
[Elysia/DEBUG] Address: 0x1599040a0
[Elysia/DEBUG] Performing: push_unsigned unsigned(1) 
[Elysia/DEBUG] Performing: mul 
[Elysia/DEBUG] Performing: add 
[Elysia/DEBUG] Performing: load_element 
[Elysia/DEBUG] Entering function array_int[]_gc_refcount_decrease
[Elysia/DEBUG] Performing: pop 
[Elysia/DEBUG] Popped value: loaded_val340
[Elysia/DEBUG] Performing: load_local localVar#5 
[Elysia/DEBUG] Increasing refcount of int object
[Elysia/DEBUG] Address: 0x1599040a0
[Elysia/DEBUG] Performing: push_integer int(1) 
[Elysia/DEBUG] Performing: add 
[Elysia/DEBUG] Decreasing refcount of int object
[Elysia/DEBUG] Address: 0x1599040a0
[Elysia/DEBUG] Performing: store_local localVar#5 
[Elysia/DEBUG] Decreasing refcount of int object
[Elysia/DEBUG] Address: 0x1599040a0
[Elysia/DEBUG] Performing: jump codeBlock#10 
[Elysia/DEBUG] Performing: jump codeBlock#7 
[Elysia/DEBUG] Performing: jump codeBlock#3 
[Elysia/DEBUG] Performing: load_local localVar#5 
[Elysia/DEBUG] Increasing refcount of int object
[Elysia/DEBUG] Address: 0x1599040a0
[Elysia/DEBUG] Performing: load_local localVar#1 
[Elysia/DEBUG] Performing: load_member index(1) 
[Elysia/DEBUG] Increasing refcount of unsigned object
[Elysia/DEBUG] Address: 0x159804080
[Elysia/DEBUG] Performing: basic_cast_int 
[Elysia/DEBUG] Decreasing refcount of unsigned object
[Elysia/DEBUG] Address: 0x159804080
[Elysia/DEBUG] Performing: less_than 
[Elysia/DEBUG] Decreasing refcount of int object
[Elysia/DEBUG] Address: 0x1599040a0
[Elysia/DEBUG] Performing: jump_if_true codeBlock#4 
[Elysia/DEBUG] Performing: jump codeBlock#5 
[Elysia/DEBUG] Performing: load_local localVar#2 
[Elysia/DEBUG] Increasing refcount of int object
[Elysia/DEBUG] Address: 0x1598040a0
[Elysia/DEBUG] Performing: store_local localVar#5 
[Elysia/DEBUG] Decreasing refcount of int object
[Elysia/DEBUG] Address: 0x1599040a0
[Elysia/DEBUG] Performing: push_integer int(0) 
[Elysia/DEBUG] Performing: store_local localVar#6 
[Elysia/DEBUG] Performing: jump codeBlock#12 
[Elysia/DEBUG] Performing: load_local localVar#5 
[Elysia/DEBUG] Increasing refcount of int object
[Elysia/DEBUG] Address: 0x1598040a0
[Elysia/DEBUG] Performing: load_local localVar#0 
[Elysia/DEBUG] Performing: load_member index(1) 
[Elysia/DEBUG] Increasing refcount of unsigned object
[Elysia/DEBUG] Address: 0x1587042c0
[Elysia/DEBUG] Performing: basic_cast_int 
[Elysia/DEBUG] Decreasing refcount of unsigned object
[Elysia/DEBUG] Address: 0x1587042c0
[Elysia/DEBUG] Performing: less_than 
[Elysia/DEBUG] Decreasing refcount of int object
[Elysia/DEBUG] Address: 0x1598040a0
[Elysia/DEBUG] Performing: jump_if_true codeBlock#13 
[Elysia/DEBUG] Performing: load_local localVar#0 
[Elysia/DEBUG] Performing: load_local localVar#5 
[Elysia/DEBUG] Increasing refcount of int object
[Elysia/DEBUG] Address: 0x1598040a0
[Elysia/DEBUG] Performing: invoke index(3782547968) index(37) index(2) 
[Elysia/DEBUG] Entering function 1_Str::operator[]#struct#1#0#int
[Elysia/DEBUG] Performing: load_local localVar#1 
[Elysia/DEBUG] Increasing refcount of int object
[Elysia/DEBUG] Address: 0x1598040a0
[Elysia/DEBUG] Performing: push_integer int(0) 
[Elysia/DEBUG] Performing: less_than 
[Elysia/DEBUG] Decreasing refcount of int object
[Elysia/DEBUG] Address: 0x1598040a0
[Elysia/DEBUG] Performing: jump_if_true codeBlock#1 
[Elysia/DEBUG] Performing: load_local localVar#1 
[Elysia/DEBUG] Increasing refcount of int object
[Elysia/DEBUG] Address: 0x1598040a0
[Elysia/DEBUG] Performing: load_local localVar#0 
[Elysia/DEBUG] Performing: load_member index(1) 
[Elysia/DEBUG] Increasing refcount of unsigned object
[Elysia/DEBUG] Address: 0x1587042c0
[Elysia/DEBUG] Performing: basic_cast_int 
[Elysia/DEBUG] Decreasing refcount of unsigned object
[Elysia/DEBUG] Address: 0x1587042c0
[Elysia/DEBUG] Performing: greater_equal 
[Elysia/DEBUG] Decreasing refcount of int object
[Elysia/DEBUG] Address: 0x1598040a0
[Elysia/DEBUG] Performing: jump_if_true codeBlock#1 
[Elysia/DEBUG] Performing: jump codeBlock#2 
[Elysia/DEBUG] Performing: push_boolean bool(false) 
[Elysia/DEBUG] Performing: jump codeBlock#3 
[Elysia/DEBUG] Performing: jump_if_true codeBlock#4 
[Elysia/DEBUG] Performing: jump codeBlock#5 
[Elysia/DEBUG] Performing: load_local localVar#0 
[Elysia/DEBUG] Performing: load_member index(0) 
[Elysia/DEBUG] Entering function array_char[]_gc_refcount_increase
[Elysia/DEBUG] Performing: load_local localVar#1 
[Elysia/DEBUG] Increasing refcount of int object
[Elysia/DEBUG] Address: 0x1598040a0
[Elysia/DEBUG] Performing: basic_cast_unsigned 
[Elysia/DEBUG] Decreasing refcount of int object
[Elysia/DEBUG] Address: 0x1598040a0
[Elysia/DEBUG] Performing: load_element 
[Elysia/DEBUG] Entering function array_char[]_gc_refcount_decrease
[Elysia/DEBUG] Performing: ret 
[Elysia/DEBUG] Decreasing refcount of int object
[Elysia/DEBUG] Address: 0x1598040a0
[Elysia/DEBUG] Performing: load_local localVar#1 
[Elysia/DEBUG] Performing: load_local localVar#6 
[Elysia/DEBUG] Performing: invoke index(3782547968) index(37) index(2) 
[Elysia/DEBUG] Entering function 1_Str::operator[]#struct#1#0#int
[Elysia/DEBUG] Performing: load_local localVar#1 
[Elysia/DEBUG] Increasing refcount of int object
[Elysia/DEBUG] Address: 0x159904080
[Elysia/DEBUG] Performing: push_integer int(0) 
[Elysia/DEBUG] Performing: less_than 
[Elysia/DEBUG] Decreasing refcount of int object
[Elysia/DEBUG] Address: 0x159904080
[Elysia/DEBUG] Performing: jump_if_true codeBlock#1 
[Elysia/DEBUG] Performing: load_local localVar#1 
[Elysia/DEBUG] Increasing refcount of int object
[Elysia/DEBUG] Address: 0x159904080
[Elysia/DEBUG] Performing: load_local localVar#0 
[Elysia/DEBUG] Performing: load_member index(1) 
[Elysia/DEBUG] Increasing refcount of unsigned object
[Elysia/DEBUG] Address: 0x159804080
[Elysia/DEBUG] Performing: basic_cast_int 
[Elysia/DEBUG] Decreasing refcount of unsigned object
[Elysia/DEBUG] Address: 0x159804080
[Elysia/DEBUG] Performing: greater_equal 
[Elysia/DEBUG] Decreasing refcount of int object
[Elysia/DEBUG] Address: 0x159904080
[Elysia/DEBUG] Performing: jump_if_true codeBlock#1 
[Elysia/DEBUG] Performing: jump codeBlock#2 
[Elysia/DEBUG] Performing: push_boolean bool(false) 
[Elysia/DEBUG] Performing: jump codeBlock#3 
[Elysia/DEBUG] Performing: jump_if_true codeBlock#4 
[Elysia/DEBUG] Performing: jump codeBlock#5 
[Elysia/DEBUG] Performing: load_local localVar#0 
[Elysia/DEBUG] Performing: load_member index(0) 
[Elysia/DEBUG] Entering function array_char[]_gc_refcount_increase
[Elysia/DEBUG] Performing: load_local localVar#1 
[Elysia/DEBUG] Increasing refcount of int object
[Elysia/DEBUG] Address: 0x159904080
[Elysia/DEBUG] Performing: basic_cast_unsigned 
[Elysia/DEBUG] Decreasing refcount of int object
[Elysia/DEBUG] Address: 0x159904080
[Elysia/DEBUG] Performing: load_element 
[Elysia/DEBUG] Entering function array_char[]_gc_refcount_decrease
[Elysia/DEBUG] Performing: ret 
[Elysia/DEBUG] Decreasing refcount of int object
[Elysia/DEBUG] Address: 0x159904080
[Elysia/DEBUG] Performing: equal 
[Elysia/DEBUG] Decreasing refcount of char object
[Elysia/DEBUG] Address: 0x1599040a0
[Elysia/DEBUG] Decreasing refcount of char object
[Elysia/DEBUG] Address: 0x159904080
[Elysia/DEBUG] Performing: jump_if_true codeBlock#15 
[Elysia/DEBUG] Performing: load_local localVar#6 
[Elysia/DEBUG] Performing: push_integer int(0) 
[Elysia/DEBUG] Performing: greater_than 
[Elysia/DEBUG] Performing: jump_if_true codeBlock#17 
[Elysia/DEBUG] Performing: jump codeBlock#18 
[Elysia/DEBUG] Performing: load_local localVar#5 
[Elysia/DEBUG] Increasing refcount of int object
[Elysia/DEBUG] Address: 0x1598040a0
[Elysia/DEBUG] Performing: push_integer int(1) 
[Elysia/DEBUG] Performing: add 
[Elysia/DEBUG] Decreasing refcount of int object
[Elysia/DEBUG] Address: 0x1598040a0
[Elysia/DEBUG] Performing: store_local localVar#5 
[Elysia/DEBUG] Decreasing refcount of int object
[Elysia/DEBUG] Address: 0x1598040a0
[Elysia/DEBUG] Performing: jump codeBlock#16 
[Elysia/DEBUG] Performing: load_local localVar#6 
[Elysia/DEBUG] Performing: load_local localVar#1 
[Elysia/DEBUG] Performing: load_member index(1) 
[Elysia/DEBUG] Increasing refcount of unsigned object
[Elysia/DEBUG] Address: 0x159804080
[Elysia/DEBUG] Performing: basic_cast_int 
[Elysia/DEBUG] Decreasing refcount of unsigned object
[Elysia/DEBUG] Address: 0x159804080
[Elysia/DEBUG] Performing: equal 
[Elysia/DEBUG] Performing: jump_if_true codeBlock#19 
[Elysia/DEBUG] Performing: jump codeBlock#20 
[Elysia/DEBUG] Performing: jump codeBlock#12 
[Elysia/DEBUG] Performing: load_local localVar#5 
[Elysia/DEBUG] Increasing refcount of int object
[Elysia/DEBUG] Address: 0x159904080
[Elysia/DEBUG] Performing: load_local localVar#0 
[Elysia/DEBUG] Performing: load_member index(1) 
[Elysia/DEBUG] Increasing refcount of unsigned object
[Elysia/DEBUG] Address: 0x1587042c0
[Elysia/DEBUG] Performing: basic_cast_int 
[Elysia/DEBUG] Decreasing refcount of unsigned object
[Elysia/DEBUG] Address: 0x1587042c0
[Elysia/DEBUG] Performing: less_than 
[Elysia/DEBUG] Decreasing refcount of int object
[Elysia/DEBUG] Address: 0x159904080
[Elysia/DEBUG] Performing: jump_if_true codeBlock#13 
[Elysia/DEBUG] Performing: load_local localVar#0 
[Elysia/DEBUG] Performing: load_local localVar#5 
[Elysia/DEBUG] Increasing refcount of int object
[Elysia/DEBUG] Address: 0x159904080
[Elysia/DEBUG] Performing: invoke index(3782547968) index(37) index(2) 
[Elysia/DEBUG] Entering function 1_Str::operator[]#struct#1#0#int
[Elysia/DEBUG] Performing: load_local localVar#1 
[Elysia/DEBUG] Increasing refcount of int object
[Elysia/DEBUG] Address: 0x159904080
[Elysia/DEBUG] Performing: push_integer int(0) 
[Elysia/DEBUG] Performing: less_than 
[Elysia/DEBUG] Decreasing refcount of int object
[Elysia/DEBUG] Address: 0x159904080
[Elysia/DEBUG] Performing: jump_if_true codeBlock#1 
[Elysia/DEBUG] Performing: load_local localVar#1 
[Elysia/DEBUG] Increasing refcount of int object
[Elysia/DEBUG] Address: 0x159904080
[Elysia/DEBUG] Performing: load_local localVar#0 
[Elysia/DEBUG] Performing: load_member index(1) 
[Elysia/DEBUG] Increasing refcount of unsigned object
[Elysia/DEBUG] Address: 0x1587042c0
[Elysia/DEBUG] Performing: basic_cast_int 
[Elysia/DEBUG] Decreasing refcount of unsigned object
[Elysia/DEBUG] Address: 0x1587042c0
[Elysia/DEBUG] Performing: greater_equal 
[Elysia/DEBUG] Decreasing refcount of int object
[Elysia/DEBUG] Address: 0x159904080
[Elysia/DEBUG] Performing: jump_if_true codeBlock#1 
[Elysia/DEBUG] Performing: jump codeBlock#2 
[Elysia/DEBUG] Performing: push_boolean bool(false) 
[Elysia/DEBUG] Performing: jump codeBlock#3 
[Elysia/DEBUG] Performing: jump_if_true codeBlock#4 
[Elysia/DEBUG] Performing: jump codeBlock#5 
[Elysia/DEBUG] Performing: load_local localVar#0 
[Elysia/DEBUG] Performing: load_member index(0) 
[Elysia/DEBUG] Entering function array_char[]_gc_refcount_increase
[Elysia/DEBUG] Performing: load_local localVar#1 
[Elysia/DEBUG] Increasing refcount of int object
[Elysia/DEBUG] Address: 0x159904080
[Elysia/DEBUG] Performing: basic_cast_unsigned 
[Elysia/DEBUG] Decreasing refcount of int object
[Elysia/DEBUG] Address: 0x159904080
[Elysia/DEBUG] Performing: load_element 
[Elysia/DEBUG] Entering function array_char[]_gc_refcount_decrease
[Elysia/DEBUG] Performing: ret 
[Elysia/DEBUG] Decreasing refcount of int object
[Elysia/DEBUG] Address: 0x159904080
[Elysia/DEBUG] Performing: load_local localVar#1 
[Elysia/DEBUG] Performing: load_local localVar#6 
[Elysia/DEBUG] Performing: invoke index(3782547968) index(37) index(2) 
[Elysia/DEBUG] Entering function 1_Str::operator[]#struct#1#0#int
[Elysia/DEBUG] Performing: load_local localVar#1 
[Elysia/DEBUG] Increasing refcount of int object
[Elysia/DEBUG] Address: 0x1599040c0
[Elysia/DEBUG] Performing: push_integer int(0) 
[Elysia/DEBUG] Performing: less_than 
[Elysia/DEBUG] Decreasing refcount of int object
[Elysia/DEBUG] Address: 0x1599040c0
[Elysia/DEBUG] Performing: jump_if_true codeBlock#1 
[Elysia/DEBUG] Performing: load_local localVar#1 
[Elysia/DEBUG] Increasing refcount of int object
[Elysia/DEBUG] Address: 0x1599040c0
[Elysia/DEBUG] Performing: load_local localVar#0 
[Elysia/DEBUG] Performing: load_member index(1) 
[Elysia/DEBUG] Increasing refcount of unsigned object
[Elysia/DEBUG] Address: 0x159804080
[Elysia/DEBUG] Performing: basic_cast_int 
[Elysia/DEBUG] Decreasing refcount of unsigned object
[Elysia/DEBUG] Address: 0x159804080
[Elysia/DEBUG] Performing: greater_equal 
[Elysia/DEBUG] Decreasing refcount of int object
[Elysia/DEBUG] Address: 0x1599040c0
[Elysia/DEBUG] Performing: jump_if_true codeBlock#1 
[Elysia/DEBUG] Performing: jump codeBlock#2 
[Elysia/DEBUG] Performing: push_boolean bool(false) 
[Elysia/DEBUG] Performing: jump codeBlock#3 
[Elysia/DEBUG] Performing: jump_if_true codeBlock#4 
[Elysia/DEBUG] Performing: jump codeBlock#5 
[Elysia/DEBUG] Performing: load_local localVar#0 
[Elysia/DEBUG] Performing: load_member index(0) 
[Elysia/DEBUG] Entering function array_char[]_gc_refcount_increase
[Elysia/DEBUG] Performing: load_local localVar#1 
[Elysia/DEBUG] Increasing refcount of int object
[Elysia/DEBUG] Address: 0x1599040c0
[Elysia/DEBUG] Performing: basic_cast_unsigned 
[Elysia/DEBUG] Decreasing refcount of int object
[Elysia/DEBUG] Address: 0x1599040c0
[Elysia/DEBUG] Performing: load_element 
[Elysia/DEBUG] Entering function array_char[]_gc_refcount_decrease
[Elysia/DEBUG] Performing: ret 
[Elysia/DEBUG] Decreasing refcount of int object
[Elysia/DEBUG] Address: 0x1599040c0
[Elysia/DEBUG] Performing: equal 
[Elysia/DEBUG] Decreasing refcount of char object
[Elysia/DEBUG] Address: 0x1599040a0
[Elysia/DEBUG] Decreasing refcount of char object
[Elysia/DEBUG] Address: 0x1599040c0
[Elysia/DEBUG] Performing: jump_if_true codeBlock#15 
[Elysia/DEBUG] Performing: load_local localVar#6 
[Elysia/DEBUG] Performing: push_integer int(0) 
[Elysia/DEBUG] Performing: greater_than 
[Elysia/DEBUG] Performing: jump_if_true codeBlock#17 
[Elysia/DEBUG] Performing: jump codeBlock#18 
[Elysia/DEBUG] Performing: load_local localVar#5 
[Elysia/DEBUG] Increasing refcount of int object
[Elysia/DEBUG] Address: 0x159904080
[Elysia/DEBUG] Performing: push_integer int(1) 
[Elysia/DEBUG] Performing: add 
[Elysia/DEBUG] Decreasing refcount of int object
[Elysia/DEBUG] Address: 0x159904080
[Elysia/DEBUG] Performing: store_local localVar#5 
[Elysia/DEBUG] Decreasing refcount of int object
[Elysia/DEBUG] Address: 0x159904080
[Elysia/DEBUG] Performing: jump codeBlock#16 
[Elysia/DEBUG] Performing: load_local localVar#6 
[Elysia/DEBUG] Performing: load_local localVar#1 
[Elysia/DEBUG] Performing: load_member index(1) 
[Elysia/DEBUG] Increasing refcount of unsigned object
[Elysia/DEBUG] Address: 0x159804080
[Elysia/DEBUG] Performing: basic_cast_int 
[Elysia/DEBUG] Decreasing refcount of unsigned object
[Elysia/DEBUG] Address: 0x159804080
[Elysia/DEBUG] Performing: equal 
[Elysia/DEBUG] Performing: jump_if_true codeBlock#19 
[Elysia/DEBUG] Performing: jump codeBlock#20 
[Elysia/DEBUG] Performing: jump codeBlock#12 
[Elysia/DEBUG] Performing: load_local localVar#5 
[Elysia/DEBUG] Increasing refcount of int object
[Elysia/DEBUG] Address: 0x159904080
[Elysia/DEBUG] Performing: load_local localVar#0 
[Elysia/DEBUG] Performing: load_member index(1) 
[Elysia/DEBUG] Increasing refcount of unsigned object
[Elysia/DEBUG] Address: 0x1587042c0
[Elysia/DEBUG] Performing: basic_cast_int 
[Elysia/DEBUG] Decreasing refcount of unsigned object
[Elysia/DEBUG] Address: 0x1587042c0
[Elysia/DEBUG] Performing: less_than 
[Elysia/DEBUG] Decreasing refcount of int object
[Elysia/DEBUG] Address: 0x159904080
[Elysia/DEBUG] Performing: jump_if_true codeBlock#13 
[Elysia/DEBUG] Performing: load_local localVar#0 
[Elysia/DEBUG] Performing: load_local localVar#5 
[Elysia/DEBUG] Increasing refcount of int object
[Elysia/DEBUG] Address: 0x159904080
[Elysia/DEBUG] Performing: invoke index(3782547968) index(37) index(2) 
[Elysia/DEBUG] Entering function 1_Str::operator[]#struct#1#0#int
[Elysia/DEBUG] Performing: load_local localVar#1 
[Elysia/DEBUG] Increasing refcount of int object
[Elysia/DEBUG] Address: 0x159904080
[Elysia/DEBUG] Performing: push_integer int(0) 
[Elysia/DEBUG] Performing: less_than 
[Elysia/DEBUG] Decreasing refcount of int object
[Elysia/DEBUG] Address: 0x159904080
[Elysia/DEBUG] Performing: jump_if_true codeBlock#1 
[Elysia/DEBUG] Performing: load_local localVar#1 
[Elysia/DEBUG] Increasing refcount of int object
[Elysia/DEBUG] Address: 0x159904080
[Elysia/DEBUG] Performing: load_local localVar#0 
[Elysia/DEBUG] Performing: load_member index(1) 
[Elysia/DEBUG] Increasing refcount of unsigned object
[Elysia/DEBUG] Address: 0x1587042c0
[Elysia/DEBUG] Performing: basic_cast_int 
[Elysia/DEBUG] Decreasing refcount of unsigned object
[Elysia/DEBUG] Address: 0x1587042c0
[Elysia/DEBUG] Performing: greater_equal 
[Elysia/DEBUG] Decreasing refcount of int object
[Elysia/DEBUG] Address: 0x159904080
[Elysia/DEBUG] Performing: jump_if_true codeBlock#1 
[Elysia/DEBUG] Performing: jump codeBlock#2 
[Elysia/DEBUG] Performing: push_boolean bool(false) 
[Elysia/DEBUG] Performing: jump codeBlock#3 
[Elysia/DEBUG] Performing: jump_if_true codeBlock#4 
[Elysia/DEBUG] Performing: jump codeBlock#5 
[Elysia/DEBUG] Performing: load_local localVar#0 
[Elysia/DEBUG] Performing: load_member index(0) 
[Elysia/DEBUG] Entering function array_char[]_gc_refcount_increase
[Elysia/DEBUG] Performing: load_local localVar#1 
[Elysia/DEBUG] Increasing refcount of int object
[Elysia/DEBUG] Address: 0x159904080
[Elysia/DEBUG] Performing: basic_cast_unsigned 
[Elysia/DEBUG] Decreasing refcount of int object
[Elysia/DEBUG] Address: 0x159904080
[Elysia/DEBUG] Performing: load_element 
[Elysia/DEBUG] Entering function array_char[]_gc_refcount_decrease
[Elysia/DEBUG] Performing: ret 
[Elysia/DEBUG] Decreasing refcount of int object
[Elysia/DEBUG] Address: 0x159904080
[Elysia/DEBUG] Performing: load_local localVar#1 
[Elysia/DEBUG] Performing: load_local localVar#6 
[Elysia/DEBUG] Performing: invoke index(3782547968) index(37) index(2) 
[Elysia/DEBUG] Entering function 1_Str::operator[]#struct#1#0#int
[Elysia/DEBUG] Performing: load_local localVar#1 
[Elysia/DEBUG] Increasing refcount of int object
[Elysia/DEBUG] Address: 0x1599040c0
[Elysia/DEBUG] Performing: push_integer int(0) 
[Elysia/DEBUG] Performing: less_than 
[Elysia/DEBUG] Decreasing refcount of int object
[Elysia/DEBUG] Address: 0x1599040c0
[Elysia/DEBUG] Performing: jump_if_true codeBlock#1 
[Elysia/DEBUG] Performing: load_local localVar#1 
[Elysia/DEBUG] Increasing refcount of int object
[Elysia/DEBUG] Address: 0x1599040c0
[Elysia/DEBUG] Performing: load_local localVar#0 
[Elysia/DEBUG] Performing: load_member index(1) 
[Elysia/DEBUG] Increasing refcount of unsigned object
[Elysia/DEBUG] Address: 0x159804080
[Elysia/DEBUG] Performing: basic_cast_int 
[Elysia/DEBUG] Decreasing refcount of unsigned object
[Elysia/DEBUG] Address: 0x159804080
[Elysia/DEBUG] Performing: greater_equal 
[Elysia/DEBUG] Decreasing refcount of int object
[Elysia/DEBUG] Address: 0x1599040c0
[Elysia/DEBUG] Performing: jump_if_true codeBlock#1 
[Elysia/DEBUG] Performing: jump codeBlock#2 
[Elysia/DEBUG] Performing: push_boolean bool(false) 
[Elysia/DEBUG] Performing: jump codeBlock#3 
[Elysia/DEBUG] Performing: jump_if_true codeBlock#4 
[Elysia/DEBUG] Performing: jump codeBlock#5 
[Elysia/DEBUG] Performing: load_local localVar#0 
[Elysia/DEBUG] Performing: load_member index(0) 
[Elysia/DEBUG] Entering function array_char[]_gc_refcount_increase
[Elysia/DEBUG] Performing: load_local localVar#1 
[Elysia/DEBUG] Increasing refcount of int object
[Elysia/DEBUG] Address: 0x1599040c0
[Elysia/DEBUG] Performing: basic_cast_unsigned 
[Elysia/DEBUG] Decreasing refcount of int object
[Elysia/DEBUG] Address: 0x1599040c0
[Elysia/DEBUG] Performing: load_element 
[Elysia/DEBUG] Entering function array_char[]_gc_refcount_decrease
[Elysia/DEBUG] Performing: ret 
[Elysia/DEBUG] Decreasing refcount of int object
[Elysia/DEBUG] Address: 0x1599040c0
[Elysia/DEBUG] Performing: equal 
[Elysia/DEBUG] Decreasing refcount of char object
[Elysia/DEBUG] Address: 0x1599040a0
[Elysia/DEBUG] Decreasing refcount of char object
[Elysia/DEBUG] Address: 0x1599040c0
[Elysia/DEBUG] Performing: jump_if_true codeBlock#15 
[Elysia/DEBUG] Performing: load_local localVar#5 
[Elysia/DEBUG] Increasing refcount of int object
[Elysia/DEBUG] Address: 0x159904080
[Elysia/DEBUG] Performing: push_integer int(1) 
[Elysia/DEBUG] Performing: add 
[Elysia/DEBUG] Decreasing refcount of int object
[Elysia/DEBUG] Address: 0x159904080
[Elysia/DEBUG] Performing: store_local localVar#5 
[Elysia/DEBUG] Decreasing refcount of int object
[Elysia/DEBUG] Address: 0x159904080
[Elysia/DEBUG] Performing: load_local localVar#6 
[Elysia/DEBUG] Performing: push_integer int(1) 
[Elysia/DEBUG] Performing: add 
[Elysia/DEBUG] Performing: store_local localVar#6 
[Elysia/DEBUG] Performing: jump codeBlock#16 
[Elysia/DEBUG] Performing: load_local localVar#6 
[Elysia/DEBUG] Performing: load_local localVar#1 
[Elysia/DEBUG] Performing: load_member index(1) 
[Elysia/DEBUG] Increasing refcount of unsigned object
[Elysia/DEBUG] Address: 0x159804080
[Elysia/DEBUG] Performing: basic_cast_int 
[Elysia/DEBUG] Decreasing refcount of unsigned object
[Elysia/DEBUG] Address: 0x159804080
[Elysia/DEBUG] Performing: equal 
[Elysia/DEBUG] Performing: jump_if_true codeBlock#19 
[Elysia/DEBUG] Performing: jump codeBlock#20 
[Elysia/DEBUG] Performing: jump codeBlock#12 
[Elysia/DEBUG] Performing: load_local localVar#5 
[Elysia/DEBUG] Increasing refcount of int object
[Elysia/DEBUG] Address: 0x159904080
[Elysia/DEBUG] Performing: load_local localVar#0 
[Elysia/DEBUG] Performing: load_member index(1) 
[Elysia/DEBUG] Increasing refcount of unsigned object
[Elysia/DEBUG] Address: 0x1587042c0
[Elysia/DEBUG] Performing: basic_cast_int 
[Elysia/DEBUG] Decreasing refcount of unsigned object
[Elysia/DEBUG] Address: 0x1587042c0
[Elysia/DEBUG] Performing: less_than 
[Elysia/DEBUG] Decreasing refcount of int object
[Elysia/DEBUG] Address: 0x159904080
[Elysia/DEBUG] Performing: jump_if_true codeBlock#13 
[Elysia/DEBUG] Performing: load_local localVar#0 
[Elysia/DEBUG] Performing: load_local localVar#5 
[Elysia/DEBUG] Increasing refcount of int object
[Elysia/DEBUG] Address: 0x159904080
[Elysia/DEBUG] Performing: invoke index(3782547968) index(37) index(2) 
[Elysia/DEBUG] Entering function 1_Str::operator[]#struct#1#0#int
[Elysia/DEBUG] Performing: load_local localVar#1 
[Elysia/DEBUG] Increasing refcount of int object
[Elysia/DEBUG] Address: 0x159904080
[Elysia/DEBUG] Performing: push_integer int(0) 
[Elysia/DEBUG] Performing: less_than 
[Elysia/DEBUG] Decreasing refcount of int object
[Elysia/DEBUG] Address: 0x159904080
[Elysia/DEBUG] Performing: jump_if_true codeBlock#1 
[Elysia/DEBUG] Performing: load_local localVar#1 
[Elysia/DEBUG] Increasing refcount of int object
[Elysia/DEBUG] Address: 0x159904080
[Elysia/DEBUG] Performing: load_local localVar#0 
[Elysia/DEBUG] Performing: load_member index(1) 
[Elysia/DEBUG] Increasing refcount of unsigned object
[Elysia/DEBUG] Address: 0x1587042c0
[Elysia/DEBUG] Performing: basic_cast_int 
[Elysia/DEBUG] Decreasing refcount of unsigned object
[Elysia/DEBUG] Address: 0x1587042c0
[Elysia/DEBUG] Performing: greater_equal 
[Elysia/DEBUG] Decreasing refcount of int object
[Elysia/DEBUG] Address: 0x159904080
[Elysia/DEBUG] Performing: jump_if_true codeBlock#1 
[Elysia/DEBUG] Performing: jump codeBlock#2 
[Elysia/DEBUG] Performing: push_boolean bool(false) 
[Elysia/DEBUG] Performing: jump codeBlock#3 
[Elysia/DEBUG] Performing: jump_if_true codeBlock#4 
[Elysia/DEBUG] Performing: jump codeBlock#5 
[Elysia/DEBUG] Performing: load_local localVar#0 
[Elysia/DEBUG] Performing: load_member index(0) 
[Elysia/DEBUG] Entering function array_char[]_gc_refcount_increase
[Elysia/DEBUG] Performing: load_local localVar#1 
[Elysia/DEBUG] Increasing refcount of int object
[Elysia/DEBUG] Address: 0x159904080
[Elysia/DEBUG] Performing: basic_cast_unsigned 
[Elysia/DEBUG] Decreasing refcount of int object
[Elysia/DEBUG] Address: 0x159904080
[Elysia/DEBUG] Performing: load_element 
[Elysia/DEBUG] Entering function array_char[]_gc_refcount_decrease
[Elysia/DEBUG] Performing: ret 
[Elysia/DEBUG] Decreasing refcount of int object
[Elysia/DEBUG] Address: 0x159904080
[Elysia/DEBUG] Performing: load_local localVar#1 
[Elysia/DEBUG] Performing: load_local localVar#6 
[Elysia/DEBUG] Performing: invoke index(3782547968) index(37) index(2) 
[Elysia/DEBUG] Entering function 1_Str::operator[]#struct#1#0#int
[Elysia/DEBUG] Performing: load_local localVar#1 
[Elysia/DEBUG] Increasing refcount of int object
[Elysia/DEBUG] Address: 0x1599040c0
[Elysia/DEBUG] Performing: push_integer int(0) 
[Elysia/DEBUG] Performing: less_than 
[Elysia/DEBUG] Decreasing refcount of int object
[Elysia/DEBUG] Address: 0x1599040c0
[Elysia/DEBUG] Performing: jump_if_true codeBlock#1 
[Elysia/DEBUG] Performing: load_local localVar#1 
[Elysia/DEBUG] Increasing refcount of int object
[Elysia/DEBUG] Address: 0x1599040c0
[Elysia/DEBUG] Performing: load_local localVar#0 
[Elysia/DEBUG] Performing: load_member index(1) 
[Elysia/DEBUG] Increasing refcount of unsigned object
[Elysia/DEBUG] Address: 0x159804080
[Elysia/DEBUG] Performing: basic_cast_int 
[Elysia/DEBUG] Decreasing refcount of unsigned object
[Elysia/DEBUG] Address: 0x159804080
[Elysia/DEBUG] Performing: greater_equal 
[Elysia/DEBUG] Decreasing refcount of int object
[Elysia/DEBUG] Address: 0x1599040c0
[Elysia/DEBUG] Performing: jump_if_true codeBlock#1 
[Elysia/DEBUG] Performing: jump codeBlock#2 
[Elysia/DEBUG] Performing: push_boolean bool(false) 
[Elysia/DEBUG] Performing: jump codeBlock#3 
[Elysia/DEBUG] Performing: jump_if_true codeBlock#4 
[Elysia/DEBUG] Performing: jump codeBlock#5 
[Elysia/DEBUG] Performing: load_local localVar#0 
[Elysia/DEBUG] Performing: load_member index(0) 
[Elysia/DEBUG] Entering function array_char[]_gc_refcount_increase
[Elysia/DEBUG] Performing: load_local localVar#1 
[Elysia/DEBUG] Increasing refcount of int object
[Elysia/DEBUG] Address: 0x1599040c0
[Elysia/DEBUG] Performing: basic_cast_unsigned 
[Elysia/DEBUG] Decreasing refcount of int object
[Elysia/DEBUG] Address: 0x1599040c0
[Elysia/DEBUG] Performing: load_element 
[Elysia/DEBUG] Entering function array_char[]_gc_refcount_decrease
[Elysia/DEBUG] Performing: ret 
[Elysia/DEBUG] Decreasing refcount of int object
[Elysia/DEBUG] Address: 0x1599040c0
[Elysia/DEBUG] Performing: equal 
[Elysia/DEBUG] Decreasing refcount of char object
[Elysia/DEBUG] Address: 0x1599040a0
[Elysia/DEBUG] Decreasing refcount of char object
[Elysia/DEBUG] Address: 0x1599040c0
[Elysia/DEBUG] Performing: jump_if_true codeBlock#15 
[Elysia/DEBUG] Performing: load_local localVar#5 
[Elysia/DEBUG] Increasing refcount of int object
[Elysia/DEBUG] Address: 0x159904080
[Elysia/DEBUG] Performing: push_integer int(1) 
[Elysia/DEBUG] Performing: add 
[Elysia/DEBUG] Decreasing refcount of int object
[Elysia/DEBUG] Address: 0x159904080
[Elysia/DEBUG] Performing: store_local localVar#5 
[Elysia/DEBUG] Decreasing refcount of int object
[Elysia/DEBUG] Address: 0x159904080
[Elysia/DEBUG] Performing: load_local localVar#6 
[Elysia/DEBUG] Performing: push_integer int(1) 
[Elysia/DEBUG] Performing: add 
[Elysia/DEBUG] Performing: store_local localVar#6 
[Elysia/DEBUG] Performing: jump codeBlock#16 
[Elysia/DEBUG] Performing: load_local localVar#6 
[Elysia/DEBUG] Performing: load_local localVar#1 
[Elysia/DEBUG] Performing: load_member index(1) 
[Elysia/DEBUG] Increasing refcount of unsigned object
[Elysia/DEBUG] Address: 0x159804080
[Elysia/DEBUG] Performing: basic_cast_int 
[Elysia/DEBUG] Decreasing refcount of unsigned object
[Elysia/DEBUG] Address: 0x159804080
[Elysia/DEBUG] Performing: equal 
[Elysia/DEBUG] Performing: jump_if_true codeBlock#19 
[Elysia/DEBUG] Performing: jump codeBlock#20 
[Elysia/DEBUG] Performing: jump codeBlock#12 
[Elysia/DEBUG] Performing: load_local localVar#5 
[Elysia/DEBUG] Increasing refcount of int object
[Elysia/DEBUG] Address: 0x159904080
[Elysia/DEBUG] Performing: load_local localVar#0 
[Elysia/DEBUG] Performing: load_member index(1) 
[Elysia/DEBUG] Increasing refcount of unsigned object
[Elysia/DEBUG] Address: 0x1587042c0
[Elysia/DEBUG] Performing: basic_cast_int 
[Elysia/DEBUG] Decreasing refcount of unsigned object
[Elysia/DEBUG] Address: 0x1587042c0
[Elysia/DEBUG] Performing: less_than 
[Elysia/DEBUG] Decreasing refcount of int object
[Elysia/DEBUG] Address: 0x159904080
[Elysia/DEBUG] Performing: jump_if_true codeBlock#13 
[Elysia/DEBUG] Performing: load_local localVar#0 
[Elysia/DEBUG] Performing: load_local localVar#5 
[Elysia/DEBUG] Increasing refcount of int object
[Elysia/DEBUG] Address: 0x159904080
[Elysia/DEBUG] Performing: invoke index(3782547968) index(37) index(2) 
[Elysia/DEBUG] Entering function 1_Str::operator[]#struct#1#0#int
[Elysia/DEBUG] Performing: load_local localVar#1 
[Elysia/DEBUG] Increasing refcount of int object
[Elysia/DEBUG] Address: 0x159904080
[Elysia/DEBUG] Performing: push_integer int(0) 
[Elysia/DEBUG] Performing: less_than 
[Elysia/DEBUG] Decreasing refcount of int object
[Elysia/DEBUG] Address: 0x159904080
[Elysia/DEBUG] Performing: jump_if_true codeBlock#1 
[Elysia/DEBUG] Performing: load_local localVar#1 
[Elysia/DEBUG] Increasing refcount of int object
[Elysia/DEBUG] Address: 0x159904080
[Elysia/DEBUG] Performing: load_local localVar#0 
[Elysia/DEBUG] Performing: load_member index(1) 
[Elysia/DEBUG] Increasing refcount of unsigned object
[Elysia/DEBUG] Address: 0x1587042c0
[Elysia/DEBUG] Performing: basic_cast_int 
[Elysia/DEBUG] Decreasing refcount of unsigned object
[Elysia/DEBUG] Address: 0x1587042c0
[Elysia/DEBUG] Performing: greater_equal 
[Elysia/DEBUG] Decreasing refcount of int object
[Elysia/DEBUG] Address: 0x159904080
[Elysia/DEBUG] Performing: jump_if_true codeBlock#1 
[Elysia/DEBUG] Performing: jump codeBlock#2 
[Elysia/DEBUG] Performing: push_boolean bool(false) 
[Elysia/DEBUG] Performing: jump codeBlock#3 
[Elysia/DEBUG] Performing: jump_if_true codeBlock#4 
[Elysia/DEBUG] Performing: jump codeBlock#5 
[Elysia/DEBUG] Performing: load_local localVar#0 
[Elysia/DEBUG] Performing: load_member index(0) 
[Elysia/DEBUG] Entering function array_char[]_gc_refcount_increase
[Elysia/DEBUG] Performing: load_local localVar#1 
[Elysia/DEBUG] Increasing refcount of int object
[Elysia/DEBUG] Address: 0x159904080
[Elysia/DEBUG] Performing: basic_cast_unsigned 
[Elysia/DEBUG] Decreasing refcount of int object
[Elysia/DEBUG] Address: 0x159904080
[Elysia/DEBUG] Performing: load_element 
[Elysia/DEBUG] Entering function array_char[]_gc_refcount_decrease
[Elysia/DEBUG] Performing: ret 
[Elysia/DEBUG] Decreasing refcount of int object
[Elysia/DEBUG] Address: 0x159904080
[Elysia/DEBUG] Performing: load_local localVar#1 
[Elysia/DEBUG] Performing: load_local localVar#6 
[Elysia/DEBUG] Performing: invoke index(3782547968) index(37) index(2) 
[Elysia/DEBUG] Entering function 1_Str::operator[]#struct#1#0#int
[Elysia/DEBUG] Performing: load_local localVar#1 
[Elysia/DEBUG] Increasing refcount of int object
[Elysia/DEBUG] Address: 0x1599040c0
[Elysia/DEBUG] Performing: push_integer int(0) 
[Elysia/DEBUG] Performing: less_than 
[Elysia/DEBUG] Decreasing refcount of int object
[Elysia/DEBUG] Address: 0x1599040c0
[Elysia/DEBUG] Performing: jump_if_true codeBlock#1 
[Elysia/DEBUG] Performing: load_local localVar#1 
[Elysia/DEBUG] Increasing refcount of int object
[Elysia/DEBUG] Address: 0x1599040c0
[Elysia/DEBUG] Performing: load_local localVar#0 
[Elysia/DEBUG] Performing: load_member index(1) 
[Elysia/DEBUG] Increasing refcount of unsigned object
[Elysia/DEBUG] Address: 0x159804080
[Elysia/DEBUG] Performing: basic_cast_int 
[Elysia/DEBUG] Decreasing refcount of unsigned object
[Elysia/DEBUG] Address: 0x159804080
[Elysia/DEBUG] Performing: greater_equal 
[Elysia/DEBUG] Decreasing refcount of int object
[Elysia/DEBUG] Address: 0x1599040c0
[Elysia/DEBUG] Performing: jump_if_true codeBlock#1 
[Elysia/DEBUG] Performing: jump codeBlock#2 
[Elysia/DEBUG] Performing: push_boolean bool(false) 
[Elysia/DEBUG] Performing: jump codeBlock#3 
[Elysia/DEBUG] Performing: jump_if_true codeBlock#4 
[Elysia/DEBUG] Performing: jump codeBlock#5 
[Elysia/DEBUG] Performing: load_local localVar#0 
[Elysia/DEBUG] Performing: load_member index(0) 
[Elysia/DEBUG] Entering function array_char[]_gc_refcount_increase
[Elysia/DEBUG] Performing: load_local localVar#1 
[Elysia/DEBUG] Increasing refcount of int object
[Elysia/DEBUG] Address: 0x1599040c0
[Elysia/DEBUG] Performing: basic_cast_unsigned 
[Elysia/DEBUG] Decreasing refcount of int object
[Elysia/DEBUG] Address: 0x1599040c0
[Elysia/DEBUG] Performing: load_element 
[Elysia/DEBUG] Entering function array_char[]_gc_refcount_decrease
[Elysia/DEBUG] Performing: ret 
[Elysia/DEBUG] Decreasing refcount of int object
[Elysia/DEBUG] Address: 0x1599040c0
[Elysia/DEBUG] Performing: equal 
[Elysia/DEBUG] Decreasing refcount of char object
[Elysia/DEBUG] Address: 0x1599040a0
[Elysia/DEBUG] Decreasing refcount of char object
[Elysia/DEBUG] Address: 0x1599040c0
[Elysia/DEBUG] Performing: jump_if_true codeBlock#15 
[Elysia/DEBUG] Performing: load_local localVar#5 
[Elysia/DEBUG] Increasing refcount of int object
[Elysia/DEBUG] Address: 0x159904080
[Elysia/DEBUG] Performing: push_integer int(1) 
[Elysia/DEBUG] Performing: add 
[Elysia/DEBUG] Decreasing refcount of int object
[Elysia/DEBUG] Address: 0x159904080
[Elysia/DEBUG] Performing: store_local localVar#5 
[Elysia/DEBUG] Decreasing refcount of int object
[Elysia/DEBUG] Address: 0x159904080
[Elysia/DEBUG] Performing: load_local localVar#6 
[Elysia/DEBUG] Performing: push_integer int(1) 
[Elysia/DEBUG] Performing: add 
[Elysia/DEBUG] Performing: store_local localVar#6 
[Elysia/DEBUG] Performing: jump codeBlock#16 
[Elysia/DEBUG] Performing: load_local localVar#6 
[Elysia/DEBUG] Performing: load_local localVar#1 
[Elysia/DEBUG] Performing: load_member index(1) 
[Elysia/DEBUG] Increasing refcount of unsigned object
[Elysia/DEBUG] Address: 0x159804080
[Elysia/DEBUG] Performing: basic_cast_int 
[Elysia/DEBUG] Decreasing refcount of unsigned object
[Elysia/DEBUG] Address: 0x159804080
[Elysia/DEBUG] Performing: equal 
[Elysia/DEBUG] Performing: jump_if_true codeBlock#19 
[Elysia/DEBUG] Performing: load_local localVar#5 
[Elysia/DEBUG] Increasing refcount of int object
[Elysia/DEBUG] Address: 0x159904080
[Elysia/DEBUG] Performing: load_local localVar#6 
[Elysia/DEBUG] Performing: sub 
[Elysia/DEBUG] Decreasing refcount of int object
[Elysia/DEBUG] Address: 0x159904080
[Elysia/DEBUG] Performing: ret 
[Elysia/DEBUG] Decreasing refcount of int object
[Elysia/DEBUG] Address: 0x1598040a0
[Elysia/DEBUG] Entering function array_int[]_gc_refcount_decrease
[Elysia/DEBUG] Decreasing refcount of int object
[Elysia/DEBUG] Address: 0x159904080
[Elysia/DEBUG] Performing: ret 
[Elysia/DEBUG] Entering function array_char[]_gc_refcount_decrease
[Elysia/DEBUG] Decreasing refcount of unsigned object
[Elysia/DEBUG] Address: 0x159804080
[Elysia/DEBUG] Decreasing refcount of unsigned object
[Elysia/DEBUG] Address: 0x1598040f0
[Elysia/DEBUG] Performing: push_integer int(2) 
[Elysia/DEBUG] Performing: not_equal 
[Elysia/DEBUG] Decreasing refcount of int object
[Elysia/DEBUG] Address: 0x159904080
[Elysia/DEBUG] Performing: jump_if_true codeBlock#7 
[Elysia/DEBUG] Performing: jump codeBlock#8 
[Elysia/DEBUG] Performing: push_string index(13) string_const#13 
[Elysia/DEBUG] Performing: invoke_imported index(0) index(6) index(1) 
[Elysia/DEBUG] Entering function puts
string valiation passed: find('llo') == 2
[Elysia/DEBUG] Decreasing refcount of string object
[Elysia/DEBUG] Address: 0x159904080
[Elysia/DEBUG] Performing: pop 
[Elysia/DEBUG] Popped value: calltmp161
[Elysia/DEBUG] Decreasing refcount of int object
[Elysia/DEBUG] Address: 0x1599040a0
[Elysia/DEBUG] Performing: load_local localVar#0 
[Elysia/DEBUG] Performing: invoke index(3782547968) index(11) index(1) 
[Elysia/DEBUG] Entering function 1_Str::c_str#
[Elysia/DEBUG] Performing: load_local localVar#0 
[Elysia/DEBUG] Performing: load_member index(0) 
[Elysia/DEBUG] Entering function array_char[]_gc_refcount_increase
[Elysia/DEBUG] Performing: invoke_imported index(0) index(2) index(1) 
[Elysia/DEBUG] Performing: ret 
[Elysia/DEBUG] Performing: invoke_imported index(0) index(6) index(1) 
[Elysia/DEBUG] Entering function puts
Hello, world!
[Elysia/DEBUG] Decreasing refcount of int object
[Elysia/DEBUG] Address: 0x1599040a0
[Elysia/DEBUG] Performing: pop 
[Elysia/DEBUG] Popped value: calltmp167
[Elysia/DEBUG] Decreasing refcount of int object
[Elysia/DEBUG] Address: 0x159904080
[Elysia/DEBUG] Performing: new_struct index(3782547968) index(0) 
[Elysia/DEBUG] Performing: push_string index(14) string_const#14 
[Elysia/DEBUG] Performing: invoke index(3782547968) index(24) index(2) 
[Elysia/DEBUG] Entering function 1_Str::constructor#str
[Elysia/DEBUG] Performing: load_local localVar#1 
[Elysia/DEBUG] Increasing refcount of string object
[Elysia/DEBUG] Address: 0x159904080
[Elysia/DEBUG] Performing: invoke_imported index(0) index(3) index(1) 
[Elysia/DEBUG] Entering function strlen
[Elysia/DEBUG] Decreasing refcount of string object
[Elysia/DEBUG] Address: 0x159904080
[Elysia/DEBUG] Performing: load_local localVar#0 
[Elysia/DEBUG] Performing: store_member index(1) 
[Elysia/DEBUG] Performing: load_local localVar#0 
[Elysia/DEBUG] Performing: load_member index(1) 
[Elysia/DEBUG] Increasing refcount of unsigned object
[Elysia/DEBUG] Address: 0x1599040e0
[Elysia/DEBUG] Performing: basic_cast_int 
[Elysia/DEBUG] Decreasing refcount of unsigned object
[Elysia/DEBUG] Address: 0x1599040e0
[Elysia/DEBUG] Performing: push_integer int(1) 
[Elysia/DEBUG] Performing: add 
[Elysia/DEBUG] Performing: basic_cast_unsigned 
[Elysia/DEBUG] Performing: load_local localVar#0 
[Elysia/DEBUG] Performing: store_member index(2) 
[Elysia/DEBUG] Performing: load_local localVar#0 
[Elysia/DEBUG] Performing: load_member index(2) 
[Elysia/DEBUG] Increasing refcount of unsigned object
[Elysia/DEBUG] Address: 0x159904100
[Elysia/DEBUG] Performing: new_dynamic_array_char index(0) 
[Elysia/DEBUG] Decreasing refcount of unsigned object
[Elysia/DEBUG] Address: 0x159904100
[Elysia/DEBUG] Performing: load_local localVar#0 
[Elysia/DEBUG] Performing: store_member index(0) 
[Elysia/DEBUG] Entering function array_char[]_gc_refcount_decrease
[Elysia/DEBUG] Performing: load_local localVar#0 
[Elysia/DEBUG] Performing: load_member index(0) 
[Elysia/DEBUG] Entering function array_char[]_gc_refcount_increase
[Elysia/DEBUG] Performing: invoke_imported index(0) index(2) index(1) 
[Elysia/DEBUG] Performing: load_local localVar#1 
[Elysia/DEBUG] Increasing refcount of string object
[Elysia/DEBUG] Address: 0x159904080
[Elysia/DEBUG] Performing: load_local localVar#0 
[Elysia/DEBUG] Performing: load_member index(1) 
[Elysia/DEBUG] Increasing refcount of unsigned object
[Elysia/DEBUG] Address: 0x1599040e0
[Elysia/DEBUG] Performing: invoke_imported index(0) index(5) index(3) 
[Elysia/DEBUG] Entering function memcpy
[Elysia/DEBUG] Decreasing refcount of unsigned object
[Elysia/DEBUG] Address: 0x1599040e0
[Elysia/DEBUG] Decreasing refcount of string object
[Elysia/DEBUG] Address: 0x159904080
[Elysia/DEBUG] Decreasing refcount of int object
[Elysia/DEBUG] Address: 0x159904160
[Elysia/DEBUG] Performing: pop 
[Elysia/DEBUG] Popped value: calltmp60
[Elysia/DEBUG] Decreasing refcount of unsigned object
[Elysia/DEBUG] Address: 0x159904180
[Elysia/DEBUG] Performing: push_character char(
[Elysia/DEBUG] Performing: load_local localVar#0 
[Elysia/DEBUG] Performing: load_member index(0) 
[Elysia/DEBUG] Entering function array_char[]_gc_refcount_increase
[Elysia/DEBUG] Performing: load_local localVar#0 
[Elysia/DEBUG] Performing: load_member index(1) 
[Elysia/DEBUG] Increasing refcount of unsigned object
[Elysia/DEBUG] Address: 0x1599040e0
[Elysia/DEBUG] Performing: store_element unknown 
[Elysia/DEBUG] Decreasing refcount of unsigned object
[Elysia/DEBUG] Address: 0x1599040e0
[Elysia/DEBUG] Entering function array_char[]_gc_refcount_decrease
[Elysia/DEBUG] Performing: load_local localVar#0 
[Elysia/DEBUG] Performing: load_member index(0) 
[Elysia/DEBUG] Entering function array_char[]_gc_refcount_increase
[Elysia/DEBUG] Performing: load_local localVar#0 
[Elysia/DEBUG] Performing: load_member index(1) 
[Elysia/DEBUG] Increasing refcount of unsigned object
[Elysia/DEBUG] Address: 0x1599040e0
[Elysia/DEBUG] Performing: load_element 
[Elysia/DEBUG] Decreasing refcount of unsigned object
[Elysia/DEBUG] Address: 0x1599040e0
[Elysia/DEBUG] Entering function array_char[]_gc_refcount_decrease
[Elysia/DEBUG] Performing: pop 
[Elysia/DEBUG] Popped value: loaded_val
[Elysia/DEBUG] Performing: load_local localVar#0 
[Elysia/DEBUG] Performing: ret 
[Elysia/DEBUG] Decreasing refcount of string object
[Elysia/DEBUG] Address: 0x159904080
[Elysia/DEBUG] Performing: invoke index(3782547968) index(15) index(1) 
[Elysia/DEBUG] Entering function 1_Str::trim#
[Elysia/DEBUG] Performing: push_unsigned unsigned(0) 
[Elysia/DEBUG] Performing: store_local localVar#1 
[Elysia/DEBUG] Performing: load_local localVar#0 
[Elysia/DEBUG] Performing: load_member index(1) 
[Elysia/DEBUG] Increasing refcount of unsigned object
[Elysia/DEBUG] Address: 0x1599040e0
[Elysia/DEBUG] Performing: store_local localVar#2 
[Elysia/DEBUG] Performing: jump codeBlock#1 
[Elysia/DEBUG] Performing: load_local localVar#1 
[Elysia/DEBUG] Performing: load_local localVar#2 
[Elysia/DEBUG] Increasing refcount of unsigned object
[Elysia/DEBUG] Address: 0x1599040e0
[Elysia/DEBUG] Performing: less_than 
[Elysia/DEBUG] Decreasing refcount of unsigned object
[Elysia/DEBUG] Address: 0x1599040e0
[Elysia/DEBUG] Performing: jump_if_false codeBlock#2 
[Elysia/DEBUG] Performing: jump codeBlock#4 
[Elysia/DEBUG] Performing: load_local localVar#0 
[Elysia/DEBUG] Performing: load_member index(0) 
[Elysia/DEBUG] Entering function array_char[]_gc_refcount_increase
[Elysia/DEBUG] Performing: load_local localVar#1 
[Elysia/DEBUG] Performing: load_element 
[Elysia/DEBUG] Entering function array_char[]_gc_refcount_decrease
[Elysia/DEBUG] Performing: push_character char( ) 
[Elysia/DEBUG] Performing: less_equal 
[Elysia/DEBUG] Performing: jump codeBlock#3 
[Elysia/DEBUG] Performing: jump_if_true codeBlock#5 
[Elysia/DEBUG] Performing: load_local localVar#1 
[Elysia/DEBUG] Performing: push_unsigned unsigned(1) 
[Elysia/DEBUG] Performing: add 
[Elysia/DEBUG] Performing: store_local localVar#1 
[Elysia/DEBUG] Performing: jump codeBlock#1 
[Elysia/DEBUG] Performing: load_local localVar#1 
[Elysia/DEBUG] Performing: load_local localVar#2 
[Elysia/DEBUG] Increasing refcount of unsigned object
[Elysia/DEBUG] Address: 0x1599040e0
[Elysia/DEBUG] Performing: less_than 
[Elysia/DEBUG] Decreasing refcount of unsigned object
[Elysia/DEBUG] Address: 0x1599040e0
[Elysia/DEBUG] Performing: jump_if_false codeBlock#2 
[Elysia/DEBUG] Performing: jump codeBlock#4 
[Elysia/DEBUG] Performing: load_local localVar#0 
[Elysia/DEBUG] Performing: load_member index(0) 
[Elysia/DEBUG] Entering function array_char[]_gc_refcount_increase
[Elysia/DEBUG] Performing: load_local localVar#1 
[Elysia/DEBUG] Performing: load_element 
[Elysia/DEBUG] Entering function array_char[]_gc_refcount_decrease
[Elysia/DEBUG] Performing: push_character char( ) 
[Elysia/DEBUG] Performing: less_equal 
[Elysia/DEBUG] Performing: jump codeBlock#3 
[Elysia/DEBUG] Performing: jump_if_true codeBlock#5 
[Elysia/DEBUG] Performing: load_local localVar#1 
[Elysia/DEBUG] Performing: push_unsigned unsigned(1) 
[Elysia/DEBUG] Performing: add 
[Elysia/DEBUG] Performing: store_local localVar#1 
[Elysia/DEBUG] Performing: jump codeBlock#1 
[Elysia/DEBUG] Performing: load_local localVar#1 
[Elysia/DEBUG] Performing: load_local localVar#2 
[Elysia/DEBUG] Increasing refcount of unsigned object
[Elysia/DEBUG] Address: 0x1599040e0
[Elysia/DEBUG] Performing: less_than 
[Elysia/DEBUG] Decreasing refcount of unsigned object
[Elysia/DEBUG] Address: 0x1599040e0
[Elysia/DEBUG] Performing: jump_if_false codeBlock#2 
[Elysia/DEBUG] Performing: jump codeBlock#4 
[Elysia/DEBUG] Performing: load_local localVar#0 
[Elysia/DEBUG] Performing: load_member index(0) 
[Elysia/DEBUG] Entering function array_char[]_gc_refcount_increase
[Elysia/DEBUG] Performing: load_local localVar#1 
[Elysia/DEBUG] Performing: load_element 
[Elysia/DEBUG] Entering function array_char[]_gc_refcount_decrease
[Elysia/DEBUG] Performing: push_character char( ) 
[Elysia/DEBUG] Performing: less_equal 
[Elysia/DEBUG] Performing: jump codeBlock#3 
[Elysia/DEBUG] Performing: jump_if_true codeBlock#5 
[Elysia/DEBUG] Performing: jump codeBlock#6 
[Elysia/DEBUG] Performing: jump codeBlock#7 
[Elysia/DEBUG] Performing: load_local localVar#2 
[Elysia/DEBUG] Increasing refcount of unsigned object
[Elysia/DEBUG] Address: 0x1599040e0
[Elysia/DEBUG] Performing: load_local localVar#1 
[Elysia/DEBUG] Performing: greater_than 
[Elysia/DEBUG] Decreasing refcount of unsigned object
[Elysia/DEBUG] Address: 0x1599040e0
[Elysia/DEBUG] Performing: jump_if_false codeBlock#8 
[Elysia/DEBUG] Performing: jump codeBlock#10 
[Elysia/DEBUG] Performing: load_local localVar#0 
[Elysia/DEBUG] Performing: load_member index(0) 
[Elysia/DEBUG] Entering function array_char[]_gc_refcount_increase
[Elysia/DEBUG] Performing: load_local localVar#2 
[Elysia/DEBUG] Increasing refcount of unsigned object
[Elysia/DEBUG] Address: 0x1599040e0
[Elysia/DEBUG] Performing: basic_cast_int 
[Elysia/DEBUG] Decreasing refcount of unsigned object
[Elysia/DEBUG] Address: 0x1599040e0
[Elysia/DEBUG] Performing: push_integer int(1) 
[Elysia/DEBUG] Performing: sub 
[Elysia/DEBUG] Performing: basic_cast_unsigned 
[Elysia/DEBUG] Performing: load_element 
[Elysia/DEBUG] Entering function array_char[]_gc_refcount_decrease
[Elysia/DEBUG] Performing: push_character char( ) 
[Elysia/DEBUG] Performing: less_equal 
[Elysia/DEBUG] Performing: jump codeBlock#9 
[Elysia/DEBUG] Performing: jump_if_true codeBlock#11 
[Elysia/DEBUG] Performing: load_local localVar#2 
[Elysia/DEBUG] Increasing refcount of unsigned object
[Elysia/DEBUG] Address: 0x1599040e0
[Elysia/DEBUG] Performing: push_unsigned unsigned(1) 
[Elysia/DEBUG] Performing: sub 
[Elysia/DEBUG] Decreasing refcount of unsigned object
[Elysia/DEBUG] Address: 0x1599040e0
[Elysia/DEBUG] Performing: store_local localVar#2 
[Elysia/DEBUG] Decreasing refcount of unsigned object
[Elysia/DEBUG] Address: 0x1599040e0
[Elysia/DEBUG] Performing: jump codeBlock#7 
[Elysia/DEBUG] Performing: load_local localVar#2 
[Elysia/DEBUG] Increasing refcount of unsigned object
[Elysia/DEBUG] Address: 0x159904080
[Elysia/DEBUG] Performing: load_local localVar#1 
[Elysia/DEBUG] Performing: greater_than 
[Elysia/DEBUG] Decreasing refcount of unsigned object
[Elysia/DEBUG] Address: 0x159904080
[Elysia/DEBUG] Performing: jump_if_false codeBlock#8 
[Elysia/DEBUG] Performing: jump codeBlock#10 
[Elysia/DEBUG] Performing: load_local localVar#0 
[Elysia/DEBUG] Performing: load_member index(0) 
[Elysia/DEBUG] Entering function array_char[]_gc_refcount_increase
[Elysia/DEBUG] Performing: load_local localVar#2 
[Elysia/DEBUG] Increasing refcount of unsigned object
[Elysia/DEBUG] Address: 0x159904080
[Elysia/DEBUG] Performing: basic_cast_int 
[Elysia/DEBUG] Decreasing refcount of unsigned object
[Elysia/DEBUG] Address: 0x159904080
[Elysia/DEBUG] Performing: push_integer int(1) 
[Elysia/DEBUG] Performing: sub 
[Elysia/DEBUG] Performing: basic_cast_unsigned 
[Elysia/DEBUG] Performing: load_element 
[Elysia/DEBUG] Entering function array_char[]_gc_refcount_decrease
[Elysia/DEBUG] Performing: push_character char( ) 
[Elysia/DEBUG] Performing: less_equal 
[Elysia/DEBUG] Performing: jump codeBlock#9 
[Elysia/DEBUG] Performing: jump_if_true codeBlock#11 
[Elysia/DEBUG] Performing: load_local localVar#2 
[Elysia/DEBUG] Increasing refcount of unsigned object
[Elysia/DEBUG] Address: 0x159904080
[Elysia/DEBUG] Performing: push_unsigned unsigned(1) 
[Elysia/DEBUG] Performing: sub 
[Elysia/DEBUG] Decreasing refcount of unsigned object
[Elysia/DEBUG] Address: 0x159904080
[Elysia/DEBUG] Performing: store_local localVar#2 
[Elysia/DEBUG] Decreasing refcount of unsigned object
[Elysia/DEBUG] Address: 0x159904080
[Elysia/DEBUG] Performing: jump codeBlock#7 
[Elysia/DEBUG] Performing: load_local localVar#2 
[Elysia/DEBUG] Increasing refcount of unsigned object
[Elysia/DEBUG] Address: 0x159904080
[Elysia/DEBUG] Performing: load_local localVar#1 
[Elysia/DEBUG] Performing: greater_than 
[Elysia/DEBUG] Decreasing refcount of unsigned object
[Elysia/DEBUG] Address: 0x159904080
[Elysia/DEBUG] Performing: jump_if_false codeBlock#8 
[Elysia/DEBUG] Performing: jump codeBlock#10 
[Elysia/DEBUG] Performing: load_local localVar#0 
[Elysia/DEBUG] Performing: load_member index(0) 
[Elysia/DEBUG] Entering function array_char[]_gc_refcount_increase
[Elysia/DEBUG] Performing: load_local localVar#2 
[Elysia/DEBUG] Increasing refcount of unsigned object
[Elysia/DEBUG] Address: 0x159904080
[Elysia/DEBUG] Performing: basic_cast_int 
[Elysia/DEBUG] Decreasing refcount of unsigned object
[Elysia/DEBUG] Address: 0x159904080
[Elysia/DEBUG] Performing: push_integer int(1) 
[Elysia/DEBUG] Performing: sub 
[Elysia/DEBUG] Performing: basic_cast_unsigned 
[Elysia/DEBUG] Performing: load_element 
[Elysia/DEBUG] Entering function array_char[]_gc_refcount_decrease
[Elysia/DEBUG] Performing: push_character char( ) 
[Elysia/DEBUG] Performing: less_equal 
[Elysia/DEBUG] Performing: jump codeBlock#9 
[Elysia/DEBUG] Performing: jump_if_true codeBlock#11 
[Elysia/DEBUG] Performing: jump codeBlock#12 
[Elysia/DEBUG] Performing: load_local localVar#0 
[Elysia/DEBUG] Performing: load_local localVar#1 
[Elysia/DEBUG] Performing: load_local localVar#2 
[Elysia/DEBUG] Increasing refcount of unsigned object
[Elysia/DEBUG] Address: 0x159904080
[Elysia/DEBUG] Performing: invoke index(3782547968) index(14) index(3) 
[Elysia/DEBUG] Entering function 1_Str::substring#unsigned#unsigned
[Elysia/DEBUG] Performing: new_struct index(3782547968) index(0) 
[Elysia/DEBUG] Performing: load_local localVar#2 
[Elysia/DEBUG] Increasing refcount of unsigned object
[Elysia/DEBUG] Address: 0x159904080
[Elysia/DEBUG] Performing: load_local localVar#1 
[Elysia/DEBUG] Increasing refcount of unsigned object
[Elysia/DEBUG] Address: 0x159904160
[Elysia/DEBUG] Performing: sub 
[Elysia/DEBUG] Decreasing refcount of unsigned object
[Elysia/DEBUG] Address: 0x159904080
[Elysia/DEBUG] Decreasing refcount of unsigned object
[Elysia/DEBUG] Address: 0x159904160
[Elysia/DEBUG] Performing: invoke index(3782547968) index(26) index(2) 
[Elysia/DEBUG] Entering function 1_Str::constructor#unsigned
[Elysia/DEBUG] Performing: load_local localVar#1 
[Elysia/DEBUG] Increasing refcount of unsigned object
[Elysia/DEBUG] Address: 0x159904180
[Elysia/DEBUG] Performing: push_unsigned unsigned(1) 
[Elysia/DEBUG] Performing: less_than 
[Elysia/DEBUG] Decreasing refcount of unsigned object
[Elysia/DEBUG] Address: 0x159904180
[Elysia/DEBUG] Performing: jump_if_true codeBlock#1 
[Elysia/DEBUG] Performing: jump codeBlock#2 
[Elysia/DEBUG] Performing: push_unsigned unsigned(0) 
[Elysia/DEBUG] Performing: load_local localVar#0 
[Elysia/DEBUG] Performing: store_member index(1) 
[Elysia/DEBUG] Performing: load_local localVar#1 
[Elysia/DEBUG] Increasing refcount of unsigned object
[Elysia/DEBUG] Address: 0x159904180
[Elysia/DEBUG] Performing: load_local localVar#0 
[Elysia/DEBUG] Performing: store_member index(2) 
[Elysia/DEBUG] Performing: load_local localVar#1 
[Elysia/DEBUG] Increasing refcount of unsigned object
[Elysia/DEBUG] Address: 0x159904180
[Elysia/DEBUG] Performing: new_dynamic_array_char index(0) 
[Elysia/DEBUG] Decreasing refcount of unsigned object
[Elysia/DEBUG] Address: 0x159904180
[Elysia/DEBUG] Performing: load_local localVar#0 
[Elysia/DEBUG] Performing: store_member index(0) 
[Elysia/DEBUG] Entering function array_char[]_gc_refcount_decrease
[Elysia/DEBUG] Performing: push_character char(
[Elysia/DEBUG] Performing: load_local localVar#0 
[Elysia/DEBUG] Performing: load_member index(0) 
[Elysia/DEBUG] Entering function array_char[]_gc_refcount_increase
[Elysia/DEBUG] Performing: push_unsigned unsigned(0) 
[Elysia/DEBUG] Performing: store_element unknown 
[Elysia/DEBUG] Entering function array_char[]_gc_refcount_decrease
[Elysia/DEBUG] Performing: load_local localVar#0 
[Elysia/DEBUG] Performing: load_member index(0) 
[Elysia/DEBUG] Entering function array_char[]_gc_refcount_increase
[Elysia/DEBUG] Performing: push_unsigned unsigned(0) 
[Elysia/DEBUG] Performing: load_element 
[Elysia/DEBUG] Entering function array_char[]_gc_refcount_decrease
[Elysia/DEBUG] Performing: pop 
[Elysia/DEBUG] Popped value: loaded_val116
[Elysia/DEBUG] Performing: load_local localVar#0 
[Elysia/DEBUG] Performing: ret 
[Elysia/DEBUG] Decreasing refcount of unsigned object
[Elysia/DEBUG] Address: 0x159904180
[Elysia/DEBUG] Performing: store_local localVar#3 
[Elysia/DEBUG] Performing: load_local localVar#3 
[Elysia/DEBUG] Performing: load_member index(0) 
[Elysia/DEBUG] Entering function array_char[]_gc_refcount_increase
[Elysia/DEBUG] Performing: invoke_imported index(0) index(2) index(1) 
[Elysia/DEBUG] Performing: load_local localVar#0 
[Elysia/DEBUG] Performing: load_member index(0) 
[Elysia/DEBUG] Entering function array_char[]_gc_refcount_increase
[Elysia/DEBUG] Performing: invoke_imported index(0) index(2) index(1) 
[Elysia/DEBUG] Performing: load_local localVar#1 
[Elysia/DEBUG] Increasing refcount of unsigned object
[Elysia/DEBUG] Address: 0x159904160
[Elysia/DEBUG] Performing: basic_cast_int 
[Elysia/DEBUG] Decreasing refcount of unsigned object
[Elysia/DEBUG] Address: 0x159904160
[Elysia/DEBUG] Performing: add 
[Elysia/DEBUG] Decreasing refcount of int object
[Elysia/DEBUG] Address: 0x159904250
[Elysia/DEBUG] Performing: load_local localVar#2 
[Elysia/DEBUG] Increasing refcount of unsigned object
[Elysia/DEBUG] Address: 0x159904080
[Elysia/DEBUG] Performing: load_local localVar#1 
[Elysia/DEBUG] Increasing refcount of unsigned object
[Elysia/DEBUG] Address: 0x159904160
[Elysia/DEBUG] Performing: sub 
[Elysia/DEBUG] Decreasing refcount of unsigned object
[Elysia/DEBUG] Address: 0x159904080
[Elysia/DEBUG] Decreasing refcount of unsigned object
[Elysia/DEBUG] Address: 0x159904160
[Elysia/DEBUG] Performing: invoke_imported index(0) index(5) index(3) 
[Elysia/DEBUG] Entering function memcpy
[Elysia/DEBUG] Decreasing refcount of unsigned object
[Elysia/DEBUG] Address: 0x159904250
[Elysia/DEBUG] Decreasing refcount of int object
[Elysia/DEBUG] Address: 0x159904270
[Elysia/DEBUG] Decreasing refcount of int object
[Elysia/DEBUG] Address: 0x159904230
[Elysia/DEBUG] Performing: pop 
[Elysia/DEBUG] Popped value: calltmp57
[Elysia/DEBUG] Decreasing refcount of unsigned object
[Elysia/DEBUG] Address: 0x159904290
[Elysia/DEBUG] Performing: push_character char(
[Elysia/DEBUG] Performing: load_local localVar#3 
[Elysia/DEBUG] Performing: load_member index(0) 
[Elysia/DEBUG] Entering function array_char[]_gc_refcount_increase
[Elysia/DEBUG] Performing: load_local localVar#2 
[Elysia/DEBUG] Increasing refcount of unsigned object
[Elysia/DEBUG] Address: 0x159904080
[Elysia/DEBUG] Performing: load_local localVar#1 
[Elysia/DEBUG] Increasing refcount of unsigned object
[Elysia/DEBUG] Address: 0x159904160
[Elysia/DEBUG] Performing: sub 
[Elysia/DEBUG] Decreasing refcount of unsigned object
[Elysia/DEBUG] Address: 0x159904080
[Elysia/DEBUG] Decreasing refcount of unsigned object
[Elysia/DEBUG] Address: 0x159904160
[Elysia/DEBUG] Performing: store_element unknown 
[Elysia/DEBUG] Entering function array_char[]_gc_refcount_decrease
[Elysia/DEBUG] Performing: load_local localVar#3 
[Elysia/DEBUG] Performing: load_member index(0) 
[Elysia/DEBUG] Entering function array_char[]_gc_refcount_increase
[Elysia/DEBUG] Performing: load_local localVar#2 
[Elysia/DEBUG] Increasing refcount of unsigned object
[Elysia/DEBUG] Address: 0x159904080
[Elysia/DEBUG] Performing: load_local localVar#1 
[Elysia/DEBUG] Increasing refcount of unsigned object
[Elysia/DEBUG] Address: 0x159904160
[Elysia/DEBUG] Performing: sub 
[Elysia/DEBUG] Decreasing refcount of unsigned object
[Elysia/DEBUG] Address: 0x159904080
[Elysia/DEBUG] Decreasing refcount of unsigned object
[Elysia/DEBUG] Address: 0x159904160
[Elysia/DEBUG] Performing: load_element 
[Elysia/DEBUG] Entering function array_char[]_gc_refcount_decrease
[Elysia/DEBUG] Performing: pop 
[Elysia/DEBUG] Popped value: loaded_val
[Elysia/DEBUG] Performing: load_local localVar#2 
[Elysia/DEBUG] Increasing refcount of unsigned object
[Elysia/DEBUG] Address: 0x159904080
[Elysia/DEBUG] Performing: load_local localVar#1 
[Elysia/DEBUG] Increasing refcount of unsigned object
[Elysia/DEBUG] Address: 0x159904160
[Elysia/DEBUG] Performing: sub 
[Elysia/DEBUG] Decreasing refcount of unsigned object
[Elysia/DEBUG] Address: 0x159904080
[Elysia/DEBUG] Decreasing refcount of unsigned object
[Elysia/DEBUG] Address: 0x159904160
[Elysia/DEBUG] Performing: load_local localVar#3 
[Elysia/DEBUG] Performing: store_member index(1) 
[Elysia/DEBUG] Decreasing refcount of unsigned object
[Elysia/DEBUG] Address: 0x1599041d0
[Elysia/DEBUG] Performing: load_local localVar#3 
[Elysia/DEBUG] Performing: ret 
[Elysia/DEBUG] Decreasing refcount of unsigned object
[Elysia/DEBUG] Address: 0x159904160
[Elysia/DEBUG] Decreasing refcount of unsigned object
[Elysia/DEBUG] Address: 0x159904080
[Elysia/DEBUG] Performing: ret 
[Elysia/DEBUG] Entering function array_char[]_gc_refcount_decrease
[Elysia/DEBUG] Decreasing refcount of unsigned object
[Elysia/DEBUG] Address: 0x1599040e0
[Elysia/DEBUG] Decreasing refcount of unsigned object
[Elysia/DEBUG] Address: 0x159904100
[Elysia/DEBUG] Decreasing refcount of unsigned object
[Elysia/DEBUG] Address: 0x159904080
[Elysia/DEBUG] Performing: store_local localVar#1 
[Elysia/DEBUG] Performing: load_local localVar#1 
[Elysia/DEBUG] Performing: new_struct index(3782547968) index(0) 
[Elysia/DEBUG] Performing: push_string index(15) string_const#15 
[Elysia/DEBUG] Performing: invoke index(3782547968) index(24) index(2) 
[Elysia/DEBUG] Entering function 1_Str::constructor#str
[Elysia/DEBUG] Performing: load_local localVar#1 
[Elysia/DEBUG] Increasing refcount of string object
[Elysia/DEBUG] Address: 0x159904080
[Elysia/DEBUG] Performing: invoke_imported index(0) index(3) index(1) 
[Elysia/DEBUG] Entering function strlen
[Elysia/DEBUG] Decreasing refcount of string object
[Elysia/DEBUG] Address: 0x159904080
[Elysia/DEBUG] Performing: load_local localVar#0 
[Elysia/DEBUG] Performing: store_member index(1) 
[Elysia/DEBUG] Performing: load_local localVar#0 
[Elysia/DEBUG] Performing: load_member index(1) 
[Elysia/DEBUG] Increasing refcount of unsigned object
[Elysia/DEBUG] Address: 0x159904260
[Elysia/DEBUG] Performing: basic_cast_int 
[Elysia/DEBUG] Decreasing refcount of unsigned object
[Elysia/DEBUG] Address: 0x159904260
[Elysia/DEBUG] Performing: push_integer int(1) 
[Elysia/DEBUG] Performing: add 
[Elysia/DEBUG] Performing: basic_cast_unsigned 
[Elysia/DEBUG] Performing: load_local localVar#0 
[Elysia/DEBUG] Performing: store_member index(2) 
[Elysia/DEBUG] Performing: load_local localVar#0 
[Elysia/DEBUG] Performing: load_member index(2) 
[Elysia/DEBUG] Increasing refcount of unsigned object
[Elysia/DEBUG] Address: 0x159904280
[Elysia/DEBUG] Performing: new_dynamic_array_char index(0) 
[Elysia/DEBUG] Decreasing refcount of unsigned object
[Elysia/DEBUG] Address: 0x159904280
[Elysia/DEBUG] Performing: load_local localVar#0 
[Elysia/DEBUG] Performing: store_member index(0) 
[Elysia/DEBUG] Entering function array_char[]_gc_refcount_decrease
[Elysia/DEBUG] Performing: load_local localVar#0 
[Elysia/DEBUG] Performing: load_member index(0) 
[Elysia/DEBUG] Entering function array_char[]_gc_refcount_increase
[Elysia/DEBUG] Performing: invoke_imported index(0) index(2) index(1) 
[Elysia/DEBUG] Performing: load_local localVar#1 
[Elysia/DEBUG] Increasing refcount of string object
[Elysia/DEBUG] Address: 0x159904080
[Elysia/DEBUG] Performing: load_local localVar#0 
[Elysia/DEBUG] Performing: load_member index(1) 
[Elysia/DEBUG] Increasing refcount of unsigned object
[Elysia/DEBUG] Address: 0x159904260
[Elysia/DEBUG] Performing: invoke_imported index(0) index(5) index(3) 
[Elysia/DEBUG] Entering function memcpy
[Elysia/DEBUG] Decreasing refcount of unsigned object
[Elysia/DEBUG] Address: 0x159904260
[Elysia/DEBUG] Decreasing refcount of string object
[Elysia/DEBUG] Address: 0x159904080
[Elysia/DEBUG] Decreasing refcount of int object
[Elysia/DEBUG] Address: 0x1599040e0
[Elysia/DEBUG] Performing: pop 
[Elysia/DEBUG] Popped value: calltmp60
[Elysia/DEBUG] Decreasing refcount of unsigned object
[Elysia/DEBUG] Address: 0x159904100
[Elysia/DEBUG] Performing: push_character char(
[Elysia/DEBUG] Performing: load_local localVar#0 
[Elysia/DEBUG] Performing: load_member index(0) 
[Elysia/DEBUG] Entering function array_char[]_gc_refcount_increase
[Elysia/DEBUG] Performing: load_local localVar#0 
[Elysia/DEBUG] Performing: load_member index(1) 
[Elysia/DEBUG] Increasing refcount of unsigned object
[Elysia/DEBUG] Address: 0x159904260
[Elysia/DEBUG] Performing: store_element unknown 
[Elysia/DEBUG] Decreasing refcount of unsigned object
[Elysia/DEBUG] Address: 0x159904260
[Elysia/DEBUG] Entering function array_char[]_gc_refcount_decrease
[Elysia/DEBUG] Performing: load_local localVar#0 
[Elysia/DEBUG] Performing: load_member index(0) 
[Elysia/DEBUG] Entering function array_char[]_gc_refcount_increase
[Elysia/DEBUG] Performing: load_local localVar#0 
[Elysia/DEBUG] Performing: load_member index(1) 
[Elysia/DEBUG] Increasing refcount of unsigned object
[Elysia/DEBUG] Address: 0x159904260
[Elysia/DEBUG] Performing: load_element 
[Elysia/DEBUG] Decreasing refcount of unsigned object
[Elysia/DEBUG] Address: 0x159904260
[Elysia/DEBUG] Entering function array_char[]_gc_refcount_decrease
[Elysia/DEBUG] Performing: pop 
[Elysia/DEBUG] Popped value: loaded_val
[Elysia/DEBUG] Performing: load_local localVar#0 
[Elysia/DEBUG] Performing: ret 
[Elysia/DEBUG] Decreasing refcount of string object
[Elysia/DEBUG] Address: 0x159904080
[Elysia/DEBUG] Performing: invoke index(3782547968) index(34) index(2) 
[Elysia/DEBUG] Entering function 1_Str::operator!=#struct#1#0#struct#1#0
[Elysia/DEBUG] Performing: load_local localVar#0 
[Elysia/DEBUG] Performing: load_member index(1) 
[Elysia/DEBUG] Increasing refcount of unsigned object
[Elysia/DEBUG] Address: 0x1599041d0
[Elysia/DEBUG] Performing: load_local localVar#1 
[Elysia/DEBUG] Performing: load_member index(1) 
[Elysia/DEBUG] Increasing refcount of unsigned object
[Elysia/DEBUG] Address: 0x159904260
[Elysia/DEBUG] Performing: not_equal 
[Elysia/DEBUG] Decreasing refcount of unsigned object
[Elysia/DEBUG] Address: 0x1599041d0
[Elysia/DEBUG] Decreasing refcount of unsigned object
[Elysia/DEBUG] Address: 0x159904260
[Elysia/DEBUG] Performing: jump_if_true codeBlock#1 
[Elysia/DEBUG] Performing: jump codeBlock#2 
[Elysia/DEBUG] Performing: load_local localVar#0 
[Elysia/DEBUG] Performing: load_member index(0) 
[Elysia/DEBUG] Entering function array_char[]_gc_refcount_increase
[Elysia/DEBUG] Performing: invoke_imported index(0) index(2) index(1) 
[Elysia/DEBUG] Performing: load_local localVar#1 
[Elysia/DEBUG] Performing: load_member index(0) 
[Elysia/DEBUG] Entering function array_char[]_gc_refcount_increase
[Elysia/DEBUG] Performing: invoke_imported index(0) index(2) index(1) 
[Elysia/DEBUG] Performing: load_local localVar#0 
[Elysia/DEBUG] Performing: load_member index(1) 
[Elysia/DEBUG] Increasing refcount of unsigned object
[Elysia/DEBUG] Address: 0x1599041d0
[Elysia/DEBUG] Performing: invoke_imported index(0) index(4) index(3) 
[Elysia/DEBUG] Entering function memcmp
[Elysia/DEBUG] Decreasing refcount of unsigned object
[Elysia/DEBUG] Address: 0x1599041d0
[Elysia/DEBUG] Decreasing refcount of int object
[Elysia/DEBUG] Address: 0x1599040e0
[Elysia/DEBUG] Decreasing refcount of int object
[Elysia/DEBUG] Address: 0x159904080
[Elysia/DEBUG] Performing: push_integer int(0) 
[Elysia/DEBUG] Performing: not_equal 
[Elysia/DEBUG] Decreasing refcount of int object
[Elysia/DEBUG] Address: 0x159904100
[Elysia/DEBUG] Performing: ret 
[Elysia/DEBUG] Entering function array_char[]_gc_refcount_decrease
[Elysia/DEBUG] Decreasing refcount of unsigned object
[Elysia/DEBUG] Address: 0x159904260
[Elysia/DEBUG] Decreasing refcount of unsigned object
[Elysia/DEBUG] Address: 0x159904280
[Elysia/DEBUG] Performing: jump_if_true codeBlock#9 
[Elysia/DEBUG] Decreasing refcount of bool object
[Elysia/DEBUG] Address: 0x159904260
[Elysia/DEBUG] Performing: jump codeBlock#10 
[Elysia/DEBUG] Performing: load_local localVar#1 
[Elysia/DEBUG] Performing: invoke index(3782547968) index(11) index(1) 
[Elysia/DEBUG] Entering function 1_Str::c_str#
[Elysia/DEBUG] Performing: load_local localVar#0 
[Elysia/DEBUG] Performing: load_member index(0) 
[Elysia/DEBUG] Entering function array_char[]_gc_refcount_increase
[Elysia/DEBUG] Performing: invoke_imported index(0) index(2) index(1) 
[Elysia/DEBUG] Performing: ret 
[Elysia/DEBUG] Performing: invoke_imported index(0) index(6) index(1) 
[Elysia/DEBUG] Entering function puts
May all the beauty be blessed.
[Elysia/DEBUG] Decreasing refcount of int object
[Elysia/DEBUG] Address: 0x159904260
[Elysia/DEBUG] Performing: pop 
[Elysia/DEBUG] Popped value: calltmp213
[Elysia/DEBUG] Decreasing refcount of int object
[Elysia/DEBUG] Address: 0x159904230
[Elysia/DEBUG] Performing: new_struct index(3782547968) index(0) 
[Elysia/DEBUG] Performing: push_string index(17) string_const#17 
[Elysia/DEBUG] Performing: invoke index(3782547968) index(24) index(2) 
[Elysia/DEBUG] Entering function 1_Str::constructor#str
[Elysia/DEBUG] Performing: load_local localVar#1 
[Elysia/DEBUG] Increasing refcount of string object
[Elysia/DEBUG] Address: 0x159904230
[Elysia/DEBUG] Performing: invoke_imported index(0) index(3) index(1) 
[Elysia/DEBUG] Entering function strlen
[Elysia/DEBUG] Decreasing refcount of string object
[Elysia/DEBUG] Address: 0x159904230
[Elysia/DEBUG] Performing: load_local localVar#0 
[Elysia/DEBUG] Performing: store_member index(1) 
[Elysia/DEBUG] Performing: load_local localVar#0 
[Elysia/DEBUG] Performing: load_member index(1) 
[Elysia/DEBUG] Increasing refcount of unsigned object
[Elysia/DEBUG] Address: 0x159904280
[Elysia/DEBUG] Performing: basic_cast_int 
[Elysia/DEBUG] Decreasing refcount of unsigned object
[Elysia/DEBUG] Address: 0x159904280
[Elysia/DEBUG] Performing: push_integer int(1) 
[Elysia/DEBUG] Performing: add 
[Elysia/DEBUG] Performing: basic_cast_unsigned 
[Elysia/DEBUG] Performing: load_local localVar#0 
[Elysia/DEBUG] Performing: store_member index(2) 
[Elysia/DEBUG] Performing: load_local localVar#0 
[Elysia/DEBUG] Performing: load_member index(2) 
[Elysia/DEBUG] Increasing refcount of unsigned object
[Elysia/DEBUG] Address: 0x159904080
[Elysia/DEBUG] Performing: new_dynamic_array_char index(0) 
[Elysia/DEBUG] Decreasing refcount of unsigned object
[Elysia/DEBUG] Address: 0x159904080
[Elysia/DEBUG] Performing: load_local localVar#0 
[Elysia/DEBUG] Performing: store_member index(0) 
[Elysia/DEBUG] Entering function array_char[]_gc_refcount_decrease
[Elysia/DEBUG] Performing: load_local localVar#0 
[Elysia/DEBUG] Performing: load_member index(0) 
[Elysia/DEBUG] Entering function array_char[]_gc_refcount_increase
[Elysia/DEBUG] Performing: invoke_imported index(0) index(2) index(1) 
[Elysia/DEBUG] Performing: load_local localVar#1 
[Elysia/DEBUG] Increasing refcount of string object
[Elysia/DEBUG] Address: 0x159904230
[Elysia/DEBUG] Performing: load_local localVar#0 
[Elysia/DEBUG] Performing: load_member index(1) 
[Elysia/DEBUG] Increasing refcount of unsigned object
[Elysia/DEBUG] Address: 0x159904280
[Elysia/DEBUG] Performing: invoke_imported index(0) index(5) index(3) 
[Elysia/DEBUG] Entering function memcpy
[Elysia/DEBUG] Decreasing refcount of unsigned object
[Elysia/DEBUG] Address: 0x159904280
[Elysia/DEBUG] Decreasing refcount of string object
[Elysia/DEBUG] Address: 0x159904230
[Elysia/DEBUG] Decreasing refcount of int object
[Elysia/DEBUG] Address: 0x1599040e0
[Elysia/DEBUG] Performing: pop 
[Elysia/DEBUG] Popped value: calltmp60
[Elysia/DEBUG] Decreasing refcount of unsigned object
[Elysia/DEBUG] Address: 0x159904100
[Elysia/DEBUG] Performing: push_character char(
[Elysia/DEBUG] Performing: load_local localVar#0 
[Elysia/DEBUG] Performing: load_member index(0) 
[Elysia/DEBUG] Entering function array_char[]_gc_refcount_increase
[Elysia/DEBUG] Performing: load_local localVar#0 
[Elysia/DEBUG] Performing: load_member index(1) 
[Elysia/DEBUG] Increasing refcount of unsigned object
[Elysia/DEBUG] Address: 0x159904280
[Elysia/DEBUG] Performing: store_element unknown 
[Elysia/DEBUG] Decreasing refcount of unsigned object
[Elysia/DEBUG] Address: 0x159904280
[Elysia/DEBUG] Entering function array_char[]_gc_refcount_decrease
[Elysia/DEBUG] Performing: load_local localVar#0 
[Elysia/DEBUG] Performing: load_member index(0) 
[Elysia/DEBUG] Entering function array_char[]_gc_refcount_increase
[Elysia/DEBUG] Performing: load_local localVar#0 
[Elysia/DEBUG] Performing: load_member index(1) 
[Elysia/DEBUG] Increasing refcount of unsigned object
[Elysia/DEBUG] Address: 0x159904280
[Elysia/DEBUG] Performing: load_element 
[Elysia/DEBUG] Decreasing refcount of unsigned object
[Elysia/DEBUG] Address: 0x159904280
[Elysia/DEBUG] Entering function array_char[]_gc_refcount_decrease
[Elysia/DEBUG] Performing: pop 
[Elysia/DEBUG] Popped value: loaded_val
[Elysia/DEBUG] Performing: load_local localVar#0 
[Elysia/DEBUG] Performing: ret 
[Elysia/DEBUG] Decreasing refcount of string object
[Elysia/DEBUG] Address: 0x159904230
[Elysia/DEBUG] Performing: store_local localVar#2 
[Elysia/DEBUG] Performing: load_local localVar#2 
[Elysia/DEBUG] Performing: new_struct index(3782547968) index(0) 
[Elysia/DEBUG] Performing: push_string index(18) string_const#18 
[Elysia/DEBUG] Performing: invoke index(3782547968) index(24) index(2) 
[Elysia/DEBUG] Entering function 1_Str::constructor#str
[Elysia/DEBUG] Performing: load_local localVar#1 
[Elysia/DEBUG] Increasing refcount of string object
[Elysia/DEBUG] Address: 0x159904230
[Elysia/DEBUG] Performing: invoke_imported index(0) index(3) index(1) 
[Elysia/DEBUG] Entering function strlen
[Elysia/DEBUG] Decreasing refcount of string object
[Elysia/DEBUG] Address: 0x159904230
[Elysia/DEBUG] Performing: load_local localVar#0 
[Elysia/DEBUG] Performing: store_member index(1) 
[Elysia/DEBUG] Performing: load_local localVar#0 
[Elysia/DEBUG] Performing: load_member index(1) 
[Elysia/DEBUG] Increasing refcount of unsigned object
[Elysia/DEBUG] Address: 0x159904110
[Elysia/DEBUG] Performing: basic_cast_int 
[Elysia/DEBUG] Decreasing refcount of unsigned object
[Elysia/DEBUG] Address: 0x159904110
[Elysia/DEBUG] Performing: push_integer int(1) 
[Elysia/DEBUG] Performing: add 
[Elysia/DEBUG] Performing: basic_cast_unsigned 
[Elysia/DEBUG] Performing: load_local localVar#0 
[Elysia/DEBUG] Performing: store_member index(2) 
[Elysia/DEBUG] Performing: load_local localVar#0 
[Elysia/DEBUG] Performing: load_member index(2) 
[Elysia/DEBUG] Increasing refcount of unsigned object
[Elysia/DEBUG] Address: 0x159904130
[Elysia/DEBUG] Performing: new_dynamic_array_char index(0) 
[Elysia/DEBUG] Decreasing refcount of unsigned object
[Elysia/DEBUG] Address: 0x159904130
[Elysia/DEBUG] Performing: load_local localVar#0 
[Elysia/DEBUG] Performing: store_member index(0) 
[Elysia/DEBUG] Entering function array_char[]_gc_refcount_decrease
[Elysia/DEBUG] Performing: load_local localVar#0 
[Elysia/DEBUG] Performing: load_member index(0) 
[Elysia/DEBUG] Entering function array_char[]_gc_refcount_increase
[Elysia/DEBUG] Performing: invoke_imported index(0) index(2) index(1) 
[Elysia/DEBUG] Performing: load_local localVar#1 
[Elysia/DEBUG] Increasing refcount of string object
[Elysia/DEBUG] Address: 0x159904230
[Elysia/DEBUG] Performing: load_local localVar#0 
[Elysia/DEBUG] Performing: load_member index(1) 
[Elysia/DEBUG] Increasing refcount of unsigned object
[Elysia/DEBUG] Address: 0x159904110
[Elysia/DEBUG] Performing: invoke_imported index(0) index(5) index(3) 
[Elysia/DEBUG] Entering function memcpy
[Elysia/DEBUG] Decreasing refcount of unsigned object
[Elysia/DEBUG] Address: 0x159904110
[Elysia/DEBUG] Decreasing refcount of string object
[Elysia/DEBUG] Address: 0x159904230
[Elysia/DEBUG] Decreasing refcount of int object
[Elysia/DEBUG] Address: 0x1599042b0
[Elysia/DEBUG] Performing: pop 
[Elysia/DEBUG] Popped value: calltmp60
[Elysia/DEBUG] Decreasing refcount of unsigned object
[Elysia/DEBUG] Address: 0x1599042d0
[Elysia/DEBUG] Performing: push_character char(
[Elysia/DEBUG] Performing: load_local localVar#0 
[Elysia/DEBUG] Performing: load_member index(0) 
[Elysia/DEBUG] Entering function array_char[]_gc_refcount_increase
[Elysia/DEBUG] Performing: load_local localVar#0 
[Elysia/DEBUG] Performing: load_member index(1) 
[Elysia/DEBUG] Increasing refcount of unsigned object
[Elysia/DEBUG] Address: 0x159904110
[Elysia/DEBUG] Performing: store_element unknown 
[Elysia/DEBUG] Decreasing refcount of unsigned object
[Elysia/DEBUG] Address: 0x159904110
[Elysia/DEBUG] Entering function array_char[]_gc_refcount_decrease
[Elysia/DEBUG] Performing: load_local localVar#0 
[Elysia/DEBUG] Performing: load_member index(0) 
[Elysia/DEBUG] Entering function array_char[]_gc_refcount_increase
[Elysia/DEBUG] Performing: load_local localVar#0 
[Elysia/DEBUG] Performing: load_member index(1) 
[Elysia/DEBUG] Increasing refcount of unsigned object
[Elysia/DEBUG] Address: 0x159904110
[Elysia/DEBUG] Performing: load_element 
[Elysia/DEBUG] Decreasing refcount of unsigned object
[Elysia/DEBUG] Address: 0x159904110
[Elysia/DEBUG] Entering function array_char[]_gc_refcount_decrease
[Elysia/DEBUG] Performing: pop 
[Elysia/DEBUG] Popped value: loaded_val
[Elysia/DEBUG] Performing: load_local localVar#0 
[Elysia/DEBUG] Performing: ret 
[Elysia/DEBUG] Decreasing refcount of string object
[Elysia/DEBUG] Address: 0x159904230
[Elysia/DEBUG] Performing: invoke index(3782547968) index(19) index(2) 
[Elysia/DEBUG] Entering function 1_Str::find_all#struct#1#0
[Elysia/DEBUG] Performing: push_integer int(0) 
[Elysia/DEBUG] Performing: store_local localVar#2 
[Elysia/DEBUG] Performing: push_integer int(0) 
[Elysia/DEBUG] Performing: store_local localVar#3 
[Elysia/DEBUG] Performing: push_integer int(0) 
[Elysia/DEBUG] Performing: store_local localVar#4 
[Elysia/DEBUG] Performing: jump codeBlock#1 
[Elysia/DEBUG] Performing: load_local localVar#3 
[Elysia/DEBUG] Increasing refcount of int object
[Elysia/DEBUG] Address: 0x159904230
[Elysia/DEBUG] Performing: push_integer int(-1) 
[Elysia/DEBUG] Performing: not_equal 
[Elysia/DEBUG] Decreasing refcount of int object
[Elysia/DEBUG] Address: 0x159904230
[Elysia/DEBUG] Performing: jump_if_true codeBlock#2 
[Elysia/DEBUG] Performing: load_local localVar#0 
[Elysia/DEBUG] Performing: load_local localVar#1 
[Elysia/DEBUG] Performing: load_local localVar#4 
[Elysia/DEBUG] Increasing refcount of int object
[Elysia/DEBUG] Address: 0x1599042a0
[Elysia/DEBUG] Performing: invoke index(3782547968) index(12) index(3) 
[Elysia/DEBUG] Entering function 1_Str::find#struct#1#0#int
[Elysia/DEBUG] Performing: load_local localVar#1 
[Elysia/DEBUG] Performing: load_member index(1) 
[Elysia/DEBUG] Increasing refcount of unsigned object
[Elysia/DEBUG] Address: 0x159904110
[Elysia/DEBUG] Performing: load_local localVar#0 
[Elysia/DEBUG] Performing: load_member index(1) 
[Elysia/DEBUG] Increasing refcount of unsigned object
[Elysia/DEBUG] Address: 0x159904280
[Elysia/DEBUG] Performing: greater_than 
[Elysia/DEBUG] Decreasing refcount of unsigned object
[Elysia/DEBUG] Address: 0x159904110
[Elysia/DEBUG] Decreasing refcount of unsigned object
[Elysia/DEBUG] Address: 0x159904280
[Elysia/DEBUG] Performing: jump_if_true codeBlock#1 
[Elysia/DEBUG] Performing: jump codeBlock#2 
[Elysia/DEBUG] Performing: push_integer int(0) 
[Elysia/DEBUG] Performing: load_local localVar#1 
[Elysia/DEBUG] Performing: load_member index(1) 
[Elysia/DEBUG] Increasing refcount of unsigned object
[Elysia/DEBUG] Address: 0x159904110
[Elysia/DEBUG] Performing: new_dynamic_array_int index(1) 
[Elysia/DEBUG] Decreasing refcount of unsigned object
[Elysia/DEBUG] Address: 0x159904110
[Elysia/DEBUG] Performing: store_local localVar#3 
[Elysia/DEBUG] Entering function array_int[]_gc_refcount_decrease
[Elysia/DEBUG] Performing: push_integer int(0) 
[Elysia/DEBUG] Performing: store_local localVar#4 
[Elysia/DEBUG] Performing: push_integer int(1) 
[Elysia/DEBUG] Performing: store_local localVar#5 
[Elysia/DEBUG] Performing: jump codeBlock#3 
[Elysia/DEBUG] Performing: load_local localVar#5 
[Elysia/DEBUG] Increasing refcount of int object
[Elysia/DEBUG] Address: 0x1599042c0
[Elysia/DEBUG] Performing: load_local localVar#1 
[Elysia/DEBUG] Performing: load_member index(1) 
[Elysia/DEBUG] Increasing refcount of unsigned object
[Elysia/DEBUG] Address: 0x159904110
[Elysia/DEBUG] Performing: basic_cast_int 
[Elysia/DEBUG] Decreasing refcount of unsigned object
[Elysia/DEBUG] Address: 0x159904110
[Elysia/DEBUG] Performing: less_than 
[Elysia/DEBUG] Decreasing refcount of int object
[Elysia/DEBUG] Address: 0x1599042c0
[Elysia/DEBUG] Performing: jump_if_true codeBlock#4 
[Elysia/DEBUG] Performing: load_local localVar#1 
[Elysia/DEBUG] Performing: load_local localVar#5 
[Elysia/DEBUG] Increasing refcount of int object
[Elysia/DEBUG] Address: 0x1599042c0
[Elysia/DEBUG] Performing: invoke index(3782547968) index(37) index(2) 
[Elysia/DEBUG] Entering function 1_Str::operator[]#struct#1#0#int
[Elysia/DEBUG] Performing: load_local localVar#1 
[Elysia/DEBUG] Increasing refcount of int object
[Elysia/DEBUG] Address: 0x1599042c0
[Elysia/DEBUG] Performing: push_integer int(0) 
[Elysia/DEBUG] Performing: less_than 
[Elysia/DEBUG] Decreasing refcount of int object
[Elysia/DEBUG] Address: 0x1599042c0
[Elysia/DEBUG] Performing: jump_if_true codeBlock#1 
[Elysia/DEBUG] Performing: load_local localVar#1 
[Elysia/DEBUG] Increasing refcount of int object
[Elysia/DEBUG] Address: 0x1599042c0
[Elysia/DEBUG] Performing: load_local localVar#0 
[Elysia/DEBUG] Performing: load_member index(1) 
[Elysia/DEBUG] Increasing refcount of unsigned object
[Elysia/DEBUG] Address: 0x159904110
[Elysia/DEBUG] Performing: basic_cast_int 
[Elysia/DEBUG] Decreasing refcount of unsigned object
[Elysia/DEBUG] Address: 0x159904110
[Elysia/DEBUG] Performing: greater_equal 
[Elysia/DEBUG] Decreasing refcount of int object
[Elysia/DEBUG] Address: 0x1599042c0
[Elysia/DEBUG] Performing: jump_if_true codeBlock#1 
[Elysia/DEBUG] Performing: jump codeBlock#2 
[Elysia/DEBUG] Performing: push_boolean bool(false) 
[Elysia/DEBUG] Performing: jump codeBlock#3 
[Elysia/DEBUG] Performing: jump_if_true codeBlock#4 
[Elysia/DEBUG] Performing: jump codeBlock#5 
[Elysia/DEBUG] Performing: load_local localVar#0 
[Elysia/DEBUG] Performing: load_member index(0) 
[Elysia/DEBUG] Entering function array_char[]_gc_refcount_increase
[Elysia/DEBUG] Performing: load_local localVar#1 
[Elysia/DEBUG] Increasing refcount of int object
[Elysia/DEBUG] Address: 0x1599042c0
[Elysia/DEBUG] Performing: basic_cast_unsigned 
[Elysia/DEBUG] Decreasing refcount of int object
[Elysia/DEBUG] Address: 0x1599042c0
[Elysia/DEBUG] Performing: load_element 
[Elysia/DEBUG] Entering function array_char[]_gc_refcount_decrease
[Elysia/DEBUG] Performing: ret 
[Elysia/DEBUG] Decreasing refcount of int object
[Elysia/DEBUG] Address: 0x1599042c0
[Elysia/DEBUG] Performing: load_local localVar#1 
[Elysia/DEBUG] Performing: load_local localVar#4 
[Elysia/DEBUG] Performing: invoke index(3782547968) index(37) index(2) 
[Elysia/DEBUG] Entering function 1_Str::operator[]#struct#1#0#int
[Elysia/DEBUG] Performing: load_local localVar#1 
[Elysia/DEBUG] Increasing refcount of int object
[Elysia/DEBUG] Address: 0x159904360
[Elysia/DEBUG] Performing: push_integer int(0) 
[Elysia/DEBUG] Performing: less_than 
[Elysia/DEBUG] Decreasing refcount of int object
[Elysia/DEBUG] Address: 0x159904360
[Elysia/DEBUG] Performing: jump_if_true codeBlock#1 
[Elysia/DEBUG] Performing: load_local localVar#1 
[Elysia/DEBUG] Increasing refcount of int object
[Elysia/DEBUG] Address: 0x159904360
[Elysia/DEBUG] Performing: load_local localVar#0 
[Elysia/DEBUG] Performing: load_member index(1) 
[Elysia/DEBUG] Increasing refcount of unsigned object
[Elysia/DEBUG] Address: 0x159904110
[Elysia/DEBUG] Performing: basic_cast_int 
[Elysia/DEBUG] Decreasing refcount of unsigned object
[Elysia/DEBUG] Address: 0x159904110
[Elysia/DEBUG] Performing: greater_equal 
[Elysia/DEBUG] Decreasing refcount of int object
[Elysia/DEBUG] Address: 0x159904360
[Elysia/DEBUG] Performing: jump_if_true codeBlock#1 
[Elysia/DEBUG] Performing: jump codeBlock#2 
[Elysia/DEBUG] Performing: push_boolean bool(false) 
[Elysia/DEBUG] Performing: jump codeBlock#3 
[Elysia/DEBUG] Performing: jump_if_true codeBlock#4 
[Elysia/DEBUG] Performing: jump codeBlock#5 
[Elysia/DEBUG] Performing: load_local localVar#0 
[Elysia/DEBUG] Performing: load_member index(0) 
[Elysia/DEBUG] Entering function array_char[]_gc_refcount_increase
[Elysia/DEBUG] Performing: load_local localVar#1 
[Elysia/DEBUG] Increasing refcount of int object
[Elysia/DEBUG] Address: 0x159904360
[Elysia/DEBUG] Performing: basic_cast_unsigned 
[Elysia/DEBUG] Decreasing refcount of int object
[Elysia/DEBUG] Address: 0x159904360
[Elysia/DEBUG] Performing: load_element 
[Elysia/DEBUG] Entering function array_char[]_gc_refcount_decrease
[Elysia/DEBUG] Performing: ret 
[Elysia/DEBUG] Decreasing refcount of int object
[Elysia/DEBUG] Address: 0x159904360
[Elysia/DEBUG] Performing: equal 
[Elysia/DEBUG] Decreasing refcount of char object
[Elysia/DEBUG] Address: 0x159904340
[Elysia/DEBUG] Decreasing refcount of char object
[Elysia/DEBUG] Address: 0x159904360
[Elysia/DEBUG] Performing: jump_if_true codeBlock#6 
[Elysia/DEBUG] Performing: jump codeBlock#8 
[Elysia/DEBUG] Performing: load_local localVar#4 
[Elysia/DEBUG] Performing: push_integer int(0) 
[Elysia/DEBUG] Performing: equal 
[Elysia/DEBUG] Performing: jump_if_true codeBlock#9 
[Elysia/DEBUG] Performing: push_integer int(0) 
[Elysia/DEBUG] Performing: load_local localVar#3 
[Elysia/DEBUG] Entering function array_int[]_gc_refcount_increase
[Elysia/DEBUG] Performing: push_unsigned unsigned(0) 
[Elysia/DEBUG] Performing: load_local localVar#5 
[Elysia/DEBUG] Increasing refcount of int object
[Elysia/DEBUG] Address: 0x1599042c0
[Elysia/DEBUG] Performing: basic_cast_unsigned 
[Elysia/DEBUG] Decreasing refcount of int object
[Elysia/DEBUG] Address: 0x1599042c0
[Elysia/DEBUG] Performing: push_unsigned unsigned(1) 
[Elysia/DEBUG] Performing: mul 
[Elysia/DEBUG] Performing: add 
[Elysia/DEBUG] Performing: store_element unknown 
[Elysia/DEBUG] Entering function array_int[]_gc_refcount_decrease
[Elysia/DEBUG] Performing: load_local localVar#3 
[Elysia/DEBUG] Entering function array_int[]_gc_refcount_increase
[Elysia/DEBUG] Performing: push_unsigned unsigned(0) 
[Elysia/DEBUG] Performing: load_local localVar#5 
[Elysia/DEBUG] Increasing refcount of int object
[Elysia/DEBUG] Address: 0x1599042c0
[Elysia/DEBUG] Performing: basic_cast_unsigned 
[Elysia/DEBUG] Decreasing refcount of int object
[Elysia/DEBUG] Address: 0x1599042c0
[Elysia/DEBUG] Performing: push_unsigned unsigned(1) 
[Elysia/DEBUG] Performing: mul 
[Elysia/DEBUG] Performing: add 
[Elysia/DEBUG] Performing: load_element 
[Elysia/DEBUG] Entering function array_int[]_gc_refcount_decrease
[Elysia/DEBUG] Performing: pop 
[Elysia/DEBUG] Popped value: loaded_val340
[Elysia/DEBUG] Performing: load_local localVar#5 
[Elysia/DEBUG] Increasing refcount of int object
[Elysia/DEBUG] Address: 0x1599042c0
[Elysia/DEBUG] Performing: push_integer int(1) 
[Elysia/DEBUG] Performing: add 
[Elysia/DEBUG] Decreasing refcount of int object
[Elysia/DEBUG] Address: 0x1599042c0
[Elysia/DEBUG] Performing: store_local localVar#5 
[Elysia/DEBUG] Decreasing refcount of int object
[Elysia/DEBUG] Address: 0x1599042c0
[Elysia/DEBUG] Performing: jump codeBlock#10 
[Elysia/DEBUG] Performing: jump codeBlock#7 
[Elysia/DEBUG] Performing: jump codeBlock#3 
[Elysia/DEBUG] Performing: load_local localVar#5 
[Elysia/DEBUG] Increasing refcount of int object
[Elysia/DEBUG] Address: 0x1599042c0
[Elysia/DEBUG] Performing: load_local localVar#1 
[Elysia/DEBUG] Performing: load_member index(1) 
[Elysia/DEBUG] Increasing refcount of unsigned object
[Elysia/DEBUG] Address: 0x159904110
[Elysia/DEBUG] Performing: basic_cast_int 
[Elysia/DEBUG] Decreasing refcount of unsigned object
[Elysia/DEBUG] Address: 0x159904110
[Elysia/DEBUG] Performing: less_than 
[Elysia/DEBUG] Decreasing refcount of int object
[Elysia/DEBUG] Address: 0x1599042c0
[Elysia/DEBUG] Performing: jump_if_true codeBlock#4 
[Elysia/DEBUG] Performing: load_local localVar#1 
[Elysia/DEBUG] Performing: load_local localVar#5 
[Elysia/DEBUG] Increasing refcount of int object
[Elysia/DEBUG] Address: 0x1599042c0
[Elysia/DEBUG] Performing: invoke index(3782547968) index(37) index(2) 
[Elysia/DEBUG] Entering function 1_Str::operator[]#struct#1#0#int
[Elysia/DEBUG] Performing: load_local localVar#1 
[Elysia/DEBUG] Increasing refcount of int object
[Elysia/DEBUG] Address: 0x1599042c0
[Elysia/DEBUG] Performing: push_integer int(0) 
[Elysia/DEBUG] Performing: less_than 
[Elysia/DEBUG] Decreasing refcount of int object
[Elysia/DEBUG] Address: 0x1599042c0
[Elysia/DEBUG] Performing: jump_if_true codeBlock#1 
[Elysia/DEBUG] Performing: load_local localVar#1 
[Elysia/DEBUG] Increasing refcount of int object
[Elysia/DEBUG] Address: 0x1599042c0
[Elysia/DEBUG] Performing: load_local localVar#0 
[Elysia/DEBUG] Performing: load_member index(1) 
[Elysia/DEBUG] Increasing refcount of unsigned object
[Elysia/DEBUG] Address: 0x159904110
[Elysia/DEBUG] Performing: basic_cast_int 
[Elysia/DEBUG] Decreasing refcount of unsigned object
[Elysia/DEBUG] Address: 0x159904110
[Elysia/DEBUG] Performing: greater_equal 
[Elysia/DEBUG] Decreasing refcount of int object
[Elysia/DEBUG] Address: 0x1599042c0
[Elysia/DEBUG] Performing: jump_if_true codeBlock#1 
[Elysia/DEBUG] Performing: jump codeBlock#2 
[Elysia/DEBUG] Performing: push_boolean bool(false) 
[Elysia/DEBUG] Performing: jump codeBlock#3 
[Elysia/DEBUG] Performing: jump_if_true codeBlock#4 
[Elysia/DEBUG] Performing: jump codeBlock#5 
[Elysia/DEBUG] Performing: load_local localVar#0 
[Elysia/DEBUG] Performing: load_member index(0) 
[Elysia/DEBUG] Entering function array_char[]_gc_refcount_increase
[Elysia/DEBUG] Performing: load_local localVar#1 
[Elysia/DEBUG] Increasing refcount of int object
[Elysia/DEBUG] Address: 0x1599042c0
[Elysia/DEBUG] Performing: basic_cast_unsigned 
[Elysia/DEBUG] Decreasing refcount of int object
[Elysia/DEBUG] Address: 0x1599042c0
[Elysia/DEBUG] Performing: load_element 
[Elysia/DEBUG] Entering function array_char[]_gc_refcount_decrease
[Elysia/DEBUG] Performing: ret 
[Elysia/DEBUG] Decreasing refcount of int object
[Elysia/DEBUG] Address: 0x1599042c0
[Elysia/DEBUG] Performing: load_local localVar#1 
[Elysia/DEBUG] Performing: load_local localVar#4 
[Elysia/DEBUG] Performing: invoke index(3782547968) index(37) index(2) 
[Elysia/DEBUG] Entering function 1_Str::operator[]#struct#1#0#int
[Elysia/DEBUG] Performing: load_local localVar#1 
[Elysia/DEBUG] Increasing refcount of int object
[Elysia/DEBUG] Address: 0x159904360
[Elysia/DEBUG] Performing: push_integer int(0) 
[Elysia/DEBUG] Performing: less_than 
[Elysia/DEBUG] Decreasing refcount of int object
[Elysia/DEBUG] Address: 0x159904360
[Elysia/DEBUG] Performing: jump_if_true codeBlock#1 
[Elysia/DEBUG] Performing: load_local localVar#1 
[Elysia/DEBUG] Increasing refcount of int object
[Elysia/DEBUG] Address: 0x159904360
[Elysia/DEBUG] Performing: load_local localVar#0 
[Elysia/DEBUG] Performing: load_member index(1) 
[Elysia/DEBUG] Increasing refcount of unsigned object
[Elysia/DEBUG] Address: 0x159904110
[Elysia/DEBUG] Performing: basic_cast_int 
[Elysia/DEBUG] Decreasing refcount of unsigned object
[Elysia/DEBUG] Address: 0x159904110
[Elysia/DEBUG] Performing: greater_equal 
[Elysia/DEBUG] Decreasing refcount of int object
[Elysia/DEBUG] Address: 0x159904360
[Elysia/DEBUG] Performing: jump_if_true codeBlock#1 
[Elysia/DEBUG] Performing: jump codeBlock#2 
[Elysia/DEBUG] Performing: push_boolean bool(false) 
[Elysia/DEBUG] Performing: jump codeBlock#3 
[Elysia/DEBUG] Performing: jump_if_true codeBlock#4 
[Elysia/DEBUG] Performing: jump codeBlock#5 
[Elysia/DEBUG] Performing: load_local localVar#0 
[Elysia/DEBUG] Performing: load_member index(0) 
[Elysia/DEBUG] Entering function array_char[]_gc_refcount_increase
[Elysia/DEBUG] Performing: load_local localVar#1 
[Elysia/DEBUG] Increasing refcount of int object
[Elysia/DEBUG] Address: 0x159904360
[Elysia/DEBUG] Performing: basic_cast_unsigned 
[Elysia/DEBUG] Decreasing refcount of int object
[Elysia/DEBUG] Address: 0x159904360
[Elysia/DEBUG] Performing: load_element 
[Elysia/DEBUG] Entering function array_char[]_gc_refcount_decrease
[Elysia/DEBUG] Performing: ret 
[Elysia/DEBUG] Decreasing refcount of int object
[Elysia/DEBUG] Address: 0x159904360
[Elysia/DEBUG] Performing: equal 
[Elysia/DEBUG] Decreasing refcount of char object
[Elysia/DEBUG] Address: 0x159904340
[Elysia/DEBUG] Decreasing refcount of char object
[Elysia/DEBUG] Address: 0x159904360
[Elysia/DEBUG] Performing: jump_if_true codeBlock#6 
[Elysia/DEBUG] Performing: jump codeBlock#8 
[Elysia/DEBUG] Performing: load_local localVar#4 
[Elysia/DEBUG] Performing: push_integer int(0) 
[Elysia/DEBUG] Performing: equal 
[Elysia/DEBUG] Performing: jump_if_true codeBlock#9 
[Elysia/DEBUG] Performing: push_integer int(0) 
[Elysia/DEBUG] Performing: load_local localVar#3 
[Elysia/DEBUG] Entering function array_int[]_gc_refcount_increase
[Elysia/DEBUG] Performing: push_unsigned unsigned(0) 
[Elysia/DEBUG] Performing: load_local localVar#5 
[Elysia/DEBUG] Increasing refcount of int object
[Elysia/DEBUG] Address: 0x1599042c0
[Elysia/DEBUG] Performing: basic_cast_unsigned 
[Elysia/DEBUG] Decreasing refcount of int object
[Elysia/DEBUG] Address: 0x1599042c0
[Elysia/DEBUG] Performing: push_unsigned unsigned(1) 
[Elysia/DEBUG] Performing: mul 
[Elysia/DEBUG] Performing: add 
[Elysia/DEBUG] Performing: store_element unknown 
[Elysia/DEBUG] Entering function array_int[]_gc_refcount_decrease
[Elysia/DEBUG] Performing: load_local localVar#3 
[Elysia/DEBUG] Entering function array_int[]_gc_refcount_increase
[Elysia/DEBUG] Performing: push_unsigned unsigned(0) 
[Elysia/DEBUG] Performing: load_local localVar#5 
[Elysia/DEBUG] Increasing refcount of int object
[Elysia/DEBUG] Address: 0x1599042c0
[Elysia/DEBUG] Performing: basic_cast_unsigned 
[Elysia/DEBUG] Decreasing refcount of int object
[Elysia/DEBUG] Address: 0x1599042c0
[Elysia/DEBUG] Performing: push_unsigned unsigned(1) 
[Elysia/DEBUG] Performing: mul 
[Elysia/DEBUG] Performing: add 
[Elysia/DEBUG] Performing: load_element 
[Elysia/DEBUG] Entering function array_int[]_gc_refcount_decrease
[Elysia/DEBUG] Performing: pop 
[Elysia/DEBUG] Popped value: loaded_val340
[Elysia/DEBUG] Performing: load_local localVar#5 
[Elysia/DEBUG] Increasing refcount of int object
[Elysia/DEBUG] Address: 0x1599042c0
[Elysia/DEBUG] Performing: push_integer int(1) 
[Elysia/DEBUG] Performing: add 
[Elysia/DEBUG] Decreasing refcount of int object
[Elysia/DEBUG] Address: 0x1599042c0
[Elysia/DEBUG] Performing: store_local localVar#5 
[Elysia/DEBUG] Decreasing refcount of int object
[Elysia/DEBUG] Address: 0x1599042c0
[Elysia/DEBUG] Performing: jump codeBlock#10 
[Elysia/DEBUG] Performing: jump codeBlock#7 
[Elysia/DEBUG] Performing: jump codeBlock#3 
[Elysia/DEBUG] Performing: load_local localVar#5 
[Elysia/DEBUG] Increasing refcount of int object
[Elysia/DEBUG] Address: 0x1599042c0
[Elysia/DEBUG] Performing: load_local localVar#1 
[Elysia/DEBUG] Performing: load_member index(1) 
[Elysia/DEBUG] Increasing refcount of unsigned object
[Elysia/DEBUG] Address: 0x159904110
[Elysia/DEBUG] Performing: basic_cast_int 
[Elysia/DEBUG] Decreasing refcount of unsigned object
[Elysia/DEBUG] Address: 0x159904110
[Elysia/DEBUG] Performing: less_than 
[Elysia/DEBUG] Decreasing refcount of int object
[Elysia/DEBUG] Address: 0x1599042c0
[Elysia/DEBUG] Performing: jump_if_true codeBlock#4 
[Elysia/DEBUG] Performing: load_local localVar#1 
[Elysia/DEBUG] Performing: load_local localVar#5 
[Elysia/DEBUG] Increasing refcount of int object
[Elysia/DEBUG] Address: 0x1599042c0
[Elysia/DEBUG] Performing: invoke index(3782547968) index(37) index(2) 
[Elysia/DEBUG] Entering function 1_Str::operator[]#struct#1#0#int
[Elysia/DEBUG] Performing: load_local localVar#1 
[Elysia/DEBUG] Increasing refcount of int object
[Elysia/DEBUG] Address: 0x1599042c0
[Elysia/DEBUG] Performing: push_integer int(0) 
[Elysia/DEBUG] Performing: less_than 
[Elysia/DEBUG] Decreasing refcount of int object
[Elysia/DEBUG] Address: 0x1599042c0
[Elysia/DEBUG] Performing: jump_if_true codeBlock#1 
[Elysia/DEBUG] Performing: load_local localVar#1 
[Elysia/DEBUG] Increasing refcount of int object
[Elysia/DEBUG] Address: 0x1599042c0
[Elysia/DEBUG] Performing: load_local localVar#0 
[Elysia/DEBUG] Performing: load_member index(1) 
[Elysia/DEBUG] Increasing refcount of unsigned object
[Elysia/DEBUG] Address: 0x159904110
[Elysia/DEBUG] Performing: basic_cast_int 
[Elysia/DEBUG] Decreasing refcount of unsigned object
[Elysia/DEBUG] Address: 0x159904110
[Elysia/DEBUG] Performing: greater_equal 
[Elysia/DEBUG] Decreasing refcount of int object
[Elysia/DEBUG] Address: 0x1599042c0
[Elysia/DEBUG] Performing: jump_if_true codeBlock#1 
[Elysia/DEBUG] Performing: jump codeBlock#2 
[Elysia/DEBUG] Performing: push_boolean bool(false) 
[Elysia/DEBUG] Performing: jump codeBlock#3 
[Elysia/DEBUG] Performing: jump_if_true codeBlock#4 
[Elysia/DEBUG] Performing: jump codeBlock#5 
[Elysia/DEBUG] Performing: load_local localVar#0 
[Elysia/DEBUG] Performing: load_member index(0) 
[Elysia/DEBUG] Entering function array_char[]_gc_refcount_increase
[Elysia/DEBUG] Performing: load_local localVar#1 
[Elysia/DEBUG] Increasing refcount of int object
[Elysia/DEBUG] Address: 0x1599042c0
[Elysia/DEBUG] Performing: basic_cast_unsigned 
[Elysia/DEBUG] Decreasing refcount of int object
[Elysia/DEBUG] Address: 0x1599042c0
[Elysia/DEBUG] Performing: load_element 
[Elysia/DEBUG] Entering function array_char[]_gc_refcount_decrease
[Elysia/DEBUG] Performing: ret 
[Elysia/DEBUG] Decreasing refcount of int object
[Elysia/DEBUG] Address: 0x1599042c0
[Elysia/DEBUG] Performing: load_local localVar#1 
[Elysia/DEBUG] Performing: load_local localVar#4 
[Elysia/DEBUG] Performing: invoke index(3782547968) index(37) index(2) 
[Elysia/DEBUG] Entering function 1_Str::operator[]#struct#1#0#int
[Elysia/DEBUG] Performing: load_local localVar#1 
[Elysia/DEBUG] Increasing refcount of int object
[Elysia/DEBUG] Address: 0x159904360
[Elysia/DEBUG] Performing: push_integer int(0) 
[Elysia/DEBUG] Performing: less_than 
[Elysia/DEBUG] Decreasing refcount of int object
[Elysia/DEBUG] Address: 0x159904360
[Elysia/DEBUG] Performing: jump_if_true codeBlock#1 
[Elysia/DEBUG] Performing: load_local localVar#1 
[Elysia/DEBUG] Increasing refcount of int object
[Elysia/DEBUG] Address: 0x159904360
[Elysia/DEBUG] Performing: load_local localVar#0 
[Elysia/DEBUG] Performing: load_member index(1) 
[Elysia/DEBUG] Increasing refcount of unsigned object
[Elysia/DEBUG] Address: 0x159904110
[Elysia/DEBUG] Performing: basic_cast_int 
[Elysia/DEBUG] Decreasing refcount of unsigned object
[Elysia/DEBUG] Address: 0x159904110
[Elysia/DEBUG] Performing: greater_equal 
[Elysia/DEBUG] Decreasing refcount of int object
[Elysia/DEBUG] Address: 0x159904360
[Elysia/DEBUG] Performing: jump_if_true codeBlock#1 
[Elysia/DEBUG] Performing: jump codeBlock#2 
[Elysia/DEBUG] Performing: push_boolean bool(false) 
[Elysia/DEBUG] Performing: jump codeBlock#3 
[Elysia/DEBUG] Performing: jump_if_true codeBlock#4 
[Elysia/DEBUG] Performing: jump codeBlock#5 
[Elysia/DEBUG] Performing: load_local localVar#0 
[Elysia/DEBUG] Performing: load_member index(0) 
[Elysia/DEBUG] Entering function array_char[]_gc_refcount_increase
[Elysia/DEBUG] Performing: load_local localVar#1 
[Elysia/DEBUG] Increasing refcount of int object
[Elysia/DEBUG] Address: 0x159904360
[Elysia/DEBUG] Performing: basic_cast_unsigned 
[Elysia/DEBUG] Decreasing refcount of int object
[Elysia/DEBUG] Address: 0x159904360
[Elysia/DEBUG] Performing: load_element 
[Elysia/DEBUG] Entering function array_char[]_gc_refcount_decrease
[Elysia/DEBUG] Performing: ret 
[Elysia/DEBUG] Decreasing refcount of int object
[Elysia/DEBUG] Address: 0x159904360
[Elysia/DEBUG] Performing: equal 
[Elysia/DEBUG] Decreasing refcount of char object
[Elysia/DEBUG] Address: 0x159904340
[Elysia/DEBUG] Decreasing refcount of char object
[Elysia/DEBUG] Address: 0x159904360
[Elysia/DEBUG] Performing: jump_if_true codeBlock#6 
[Elysia/DEBUG] Performing: jump codeBlock#8 
[Elysia/DEBUG] Performing: load_local localVar#4 
[Elysia/DEBUG] Performing: push_integer int(0) 
[Elysia/DEBUG] Performing: equal 
[Elysia/DEBUG] Performing: jump_if_true codeBlock#9 
[Elysia/DEBUG] Performing: push_integer int(0) 
[Elysia/DEBUG] Performing: load_local localVar#3 
[Elysia/DEBUG] Entering function array_int[]_gc_refcount_increase
[Elysia/DEBUG] Performing: push_unsigned unsigned(0) 
[Elysia/DEBUG] Performing: load_local localVar#5 
[Elysia/DEBUG] Increasing refcount of int object
[Elysia/DEBUG] Address: 0x1599042c0
[Elysia/DEBUG] Performing: basic_cast_unsigned 
[Elysia/DEBUG] Decreasing refcount of int object
[Elysia/DEBUG] Address: 0x1599042c0
[Elysia/DEBUG] Performing: push_unsigned unsigned(1) 
[Elysia/DEBUG] Performing: mul 
[Elysia/DEBUG] Performing: add 
[Elysia/DEBUG] Performing: store_element unknown 
[Elysia/DEBUG] Entering function array_int[]_gc_refcount_decrease
[Elysia/DEBUG] Performing: load_local localVar#3 
[Elysia/DEBUG] Entering function array_int[]_gc_refcount_increase
[Elysia/DEBUG] Performing: push_unsigned unsigned(0) 
[Elysia/DEBUG] Performing: load_local localVar#5 
[Elysia/DEBUG] Increasing refcount of int object
[Elysia/DEBUG] Address: 0x1599042c0
[Elysia/DEBUG] Performing: basic_cast_unsigned 
[Elysia/DEBUG] Decreasing refcount of int object
[Elysia/DEBUG] Address: 0x1599042c0
[Elysia/DEBUG] Performing: push_unsigned unsigned(1) 
[Elysia/DEBUG] Performing: mul 
[Elysia/DEBUG] Performing: add 
[Elysia/DEBUG] Performing: load_element 
[Elysia/DEBUG] Entering function array_int[]_gc_refcount_decrease
[Elysia/DEBUG] Performing: pop 
[Elysia/DEBUG] Popped value: loaded_val340
[Elysia/DEBUG] Performing: load_local localVar#5 
[Elysia/DEBUG] Increasing refcount of int object
[Elysia/DEBUG] Address: 0x1599042c0
[Elysia/DEBUG] Performing: push_integer int(1) 
[Elysia/DEBUG] Performing: add 
[Elysia/DEBUG] Decreasing refcount of int object
[Elysia/DEBUG] Address: 0x1599042c0
[Elysia/DEBUG] Performing: store_local localVar#5 
[Elysia/DEBUG] Decreasing refcount of int object
[Elysia/DEBUG] Address: 0x1599042c0
[Elysia/DEBUG] Performing: jump codeBlock#10 
[Elysia/DEBUG] Performing: jump codeBlock#7 
[Elysia/DEBUG] Performing: jump codeBlock#3 
[Elysia/DEBUG] Performing: load_local localVar#5 
[Elysia/DEBUG] Increasing refcount of int object
[Elysia/DEBUG] Address: 0x1599042c0
[Elysia/DEBUG] Performing: load_local localVar#1 
[Elysia/DEBUG] Performing: load_member index(1) 
[Elysia/DEBUG] Increasing refcount of unsigned object
[Elysia/DEBUG] Address: 0x159904110
[Elysia/DEBUG] Performing: basic_cast_int 
[Elysia/DEBUG] Decreasing refcount of unsigned object
[Elysia/DEBUG] Address: 0x159904110
[Elysia/DEBUG] Performing: less_than 
[Elysia/DEBUG] Decreasing refcount of int object
[Elysia/DEBUG] Address: 0x1599042c0
[Elysia/DEBUG] Performing: jump_if_true codeBlock#4 
[Elysia/DEBUG] Performing: load_local localVar#1 
[Elysia/DEBUG] Performing: load_local localVar#5 
[Elysia/DEBUG] Increasing refcount of int object
[Elysia/DEBUG] Address: 0x1599042c0
[Elysia/DEBUG] Performing: invoke index(3782547968) index(37) index(2) 
[Elysia/DEBUG] Entering function 1_Str::operator[]#struct#1#0#int
[Elysia/DEBUG] Performing: load_local localVar#1 
[Elysia/DEBUG] Increasing refcount of int object
[Elysia/DEBUG] Address: 0x1599042c0
[Elysia/DEBUG] Performing: push_integer int(0) 
[Elysia/DEBUG] Performing: less_than 
[Elysia/DEBUG] Decreasing refcount of int object
[Elysia/DEBUG] Address: 0x1599042c0
[Elysia/DEBUG] Performing: jump_if_true codeBlock#1 
[Elysia/DEBUG] Performing: load_local localVar#1 
[Elysia/DEBUG] Increasing refcount of int object
[Elysia/DEBUG] Address: 0x1599042c0
[Elysia/DEBUG] Performing: load_local localVar#0 
[Elysia/DEBUG] Performing: load_member index(1) 
[Elysia/DEBUG] Increasing refcount of unsigned object
[Elysia/DEBUG] Address: 0x159904110
[Elysia/DEBUG] Performing: basic_cast_int 
[Elysia/DEBUG] Decreasing refcount of unsigned object
[Elysia/DEBUG] Address: 0x159904110
[Elysia/DEBUG] Performing: greater_equal 
[Elysia/DEBUG] Decreasing refcount of int object
[Elysia/DEBUG] Address: 0x1599042c0
[Elysia/DEBUG] Performing: jump_if_true codeBlock#1 
[Elysia/DEBUG] Performing: jump codeBlock#2 
[Elysia/DEBUG] Performing: push_boolean bool(false) 
[Elysia/DEBUG] Performing: jump codeBlock#3 
[Elysia/DEBUG] Performing: jump_if_true codeBlock#4 
[Elysia/DEBUG] Performing: jump codeBlock#5 
[Elysia/DEBUG] Performing: load_local localVar#0 
[Elysia/DEBUG] Performing: load_member index(0) 
[Elysia/DEBUG] Entering function array_char[]_gc_refcount_increase
[Elysia/DEBUG] Performing: load_local localVar#1 
[Elysia/DEBUG] Increasing refcount of int object
[Elysia/DEBUG] Address: 0x1599042c0
[Elysia/DEBUG] Performing: basic_cast_unsigned 
[Elysia/DEBUG] Decreasing refcount of int object
[Elysia/DEBUG] Address: 0x1599042c0
[Elysia/DEBUG] Performing: load_element 
[Elysia/DEBUG] Entering function array_char[]_gc_refcount_decrease
[Elysia/DEBUG] Performing: ret 
[Elysia/DEBUG] Decreasing refcount of int object
[Elysia/DEBUG] Address: 0x1599042c0
[Elysia/DEBUG] Performing: load_local localVar#1 
[Elysia/DEBUG] Performing: load_local localVar#4 
[Elysia/DEBUG] Performing: invoke index(3782547968) index(37) index(2) 
[Elysia/DEBUG] Entering function 1_Str::operator[]#struct#1#0#int
[Elysia/DEBUG] Performing: load_local localVar#1 
[Elysia/DEBUG] Increasing refcount of int object
[Elysia/DEBUG] Address: 0x159904360
[Elysia/DEBUG] Performing: push_integer int(0) 
[Elysia/DEBUG] Performing: less_than 
[Elysia/DEBUG] Decreasing refcount of int object
[Elysia/DEBUG] Address: 0x159904360
[Elysia/DEBUG] Performing: jump_if_true codeBlock#1 
[Elysia/DEBUG] Performing: load_local localVar#1 
[Elysia/DEBUG] Increasing refcount of int object
[Elysia/DEBUG] Address: 0x159904360
[Elysia/DEBUG] Performing: load_local localVar#0 
[Elysia/DEBUG] Performing: load_member index(1) 
[Elysia/DEBUG] Increasing refcount of unsigned object
[Elysia/DEBUG] Address: 0x159904110
[Elysia/DEBUG] Performing: basic_cast_int 
[Elysia/DEBUG] Decreasing refcount of unsigned object
[Elysia/DEBUG] Address: 0x159904110
[Elysia/DEBUG] Performing: greater_equal 
[Elysia/DEBUG] Decreasing refcount of int object
[Elysia/DEBUG] Address: 0x159904360
[Elysia/DEBUG] Performing: jump_if_true codeBlock#1 
[Elysia/DEBUG] Performing: jump codeBlock#2 
[Elysia/DEBUG] Performing: push_boolean bool(false) 
[Elysia/DEBUG] Performing: jump codeBlock#3 
[Elysia/DEBUG] Performing: jump_if_true codeBlock#4 
[Elysia/DEBUG] Performing: jump codeBlock#5 
[Elysia/DEBUG] Performing: load_local localVar#0 
[Elysia/DEBUG] Performing: load_member index(0) 
[Elysia/DEBUG] Entering function array_char[]_gc_refcount_increase
[Elysia/DEBUG] Performing: load_local localVar#1 
[Elysia/DEBUG] Increasing refcount of int object
[Elysia/DEBUG] Address: 0x159904360
[Elysia/DEBUG] Performing: basic_cast_unsigned 
[Elysia/DEBUG] Decreasing refcount of int object
[Elysia/DEBUG] Address: 0x159904360
[Elysia/DEBUG] Performing: load_element 
[Elysia/DEBUG] Entering function array_char[]_gc_refcount_decrease
[Elysia/DEBUG] Performing: ret 
[Elysia/DEBUG] Decreasing refcount of int object
[Elysia/DEBUG] Address: 0x159904360
[Elysia/DEBUG] Performing: equal 
[Elysia/DEBUG] Decreasing refcount of char object
[Elysia/DEBUG] Address: 0x159904340
[Elysia/DEBUG] Decreasing refcount of char object
[Elysia/DEBUG] Address: 0x159904360
[Elysia/DEBUG] Performing: jump_if_true codeBlock#6 
[Elysia/DEBUG] Performing: jump codeBlock#8 
[Elysia/DEBUG] Performing: load_local localVar#4 
[Elysia/DEBUG] Performing: push_integer int(0) 
[Elysia/DEBUG] Performing: equal 
[Elysia/DEBUG] Performing: jump_if_true codeBlock#9 
[Elysia/DEBUG] Performing: push_integer int(0) 
[Elysia/DEBUG] Performing: load_local localVar#3 
[Elysia/DEBUG] Entering function array_int[]_gc_refcount_increase
[Elysia/DEBUG] Performing: push_unsigned unsigned(0) 
[Elysia/DEBUG] Performing: load_local localVar#5 
[Elysia/DEBUG] Increasing refcount of int object
[Elysia/DEBUG] Address: 0x1599042c0
[Elysia/DEBUG] Performing: basic_cast_unsigned 
[Elysia/DEBUG] Decreasing refcount of int object
[Elysia/DEBUG] Address: 0x1599042c0
[Elysia/DEBUG] Performing: push_unsigned unsigned(1) 
[Elysia/DEBUG] Performing: mul 
[Elysia/DEBUG] Performing: add 
[Elysia/DEBUG] Performing: store_element unknown 
[Elysia/DEBUG] Entering function array_int[]_gc_refcount_decrease
[Elysia/DEBUG] Performing: load_local localVar#3 
[Elysia/DEBUG] Entering function array_int[]_gc_refcount_increase
[Elysia/DEBUG] Performing: push_unsigned unsigned(0) 
[Elysia/DEBUG] Performing: load_local localVar#5 
[Elysia/DEBUG] Increasing refcount of int object
[Elysia/DEBUG] Address: 0x1599042c0
[Elysia/DEBUG] Performing: basic_cast_unsigned 
[Elysia/DEBUG] Decreasing refcount of int object
[Elysia/DEBUG] Address: 0x1599042c0
[Elysia/DEBUG] Performing: push_unsigned unsigned(1) 
[Elysia/DEBUG] Performing: mul 
[Elysia/DEBUG] Performing: add 
[Elysia/DEBUG] Performing: load_element 
[Elysia/DEBUG] Entering function array_int[]_gc_refcount_decrease
[Elysia/DEBUG] Performing: pop 
[Elysia/DEBUG] Popped value: loaded_val340
[Elysia/DEBUG] Performing: load_local localVar#5 
[Elysia/DEBUG] Increasing refcount of int object
[Elysia/DEBUG] Address: 0x1599042c0
[Elysia/DEBUG] Performing: push_integer int(1) 
[Elysia/DEBUG] Performing: add 
[Elysia/DEBUG] Decreasing refcount of int object
[Elysia/DEBUG] Address: 0x1599042c0
[Elysia/DEBUG] Performing: store_local localVar#5 
[Elysia/DEBUG] Decreasing refcount of int object
[Elysia/DEBUG] Address: 0x1599042c0
[Elysia/DEBUG] Performing: jump codeBlock#10 
[Elysia/DEBUG] Performing: jump codeBlock#7 
[Elysia/DEBUG] Performing: jump codeBlock#3 
[Elysia/DEBUG] Performing: load_local localVar#5 
[Elysia/DEBUG] Increasing refcount of int object
[Elysia/DEBUG] Address: 0x1599042c0
[Elysia/DEBUG] Performing: load_local localVar#1 
[Elysia/DEBUG] Performing: load_member index(1) 
[Elysia/DEBUG] Increasing refcount of unsigned object
[Elysia/DEBUG] Address: 0x159904110
[Elysia/DEBUG] Performing: basic_cast_int 
[Elysia/DEBUG] Decreasing refcount of unsigned object
[Elysia/DEBUG] Address: 0x159904110
[Elysia/DEBUG] Performing: less_than 
[Elysia/DEBUG] Decreasing refcount of int object
[Elysia/DEBUG] Address: 0x1599042c0
[Elysia/DEBUG] Performing: jump_if_true codeBlock#4 
[Elysia/DEBUG] Performing: load_local localVar#1 
[Elysia/DEBUG] Performing: load_local localVar#5 
[Elysia/DEBUG] Increasing refcount of int object
[Elysia/DEBUG] Address: 0x1599042c0
[Elysia/DEBUG] Performing: invoke index(3782547968) index(37) index(2) 
[Elysia/DEBUG] Entering function 1_Str::operator[]#struct#1#0#int
[Elysia/DEBUG] Performing: load_local localVar#1 
[Elysia/DEBUG] Increasing refcount of int object
[Elysia/DEBUG] Address: 0x1599042c0
[Elysia/DEBUG] Performing: push_integer int(0) 
[Elysia/DEBUG] Performing: less_than 
[Elysia/DEBUG] Decreasing refcount of int object
[Elysia/DEBUG] Address: 0x1599042c0
[Elysia/DEBUG] Performing: jump_if_true codeBlock#1 
[Elysia/DEBUG] Performing: load_local localVar#1 
[Elysia/DEBUG] Increasing refcount of int object
[Elysia/DEBUG] Address: 0x1599042c0
[Elysia/DEBUG] Performing: load_local localVar#0 
[Elysia/DEBUG] Performing: load_member index(1) 
[Elysia/DEBUG] Increasing refcount of unsigned object
[Elysia/DEBUG] Address: 0x159904110
[Elysia/DEBUG] Performing: basic_cast_int 
[Elysia/DEBUG] Decreasing refcount of unsigned object
[Elysia/DEBUG] Address: 0x159904110
[Elysia/DEBUG] Performing: greater_equal 
[Elysia/DEBUG] Decreasing refcount of int object
[Elysia/DEBUG] Address: 0x1599042c0
[Elysia/DEBUG] Performing: jump_if_true codeBlock#1 
[Elysia/DEBUG] Performing: jump codeBlock#2 
[Elysia/DEBUG] Performing: push_boolean bool(false) 
[Elysia/DEBUG] Performing: jump codeBlock#3 
[Elysia/DEBUG] Performing: jump_if_true codeBlock#4 
[Elysia/DEBUG] Performing: jump codeBlock#5 
[Elysia/DEBUG] Performing: load_local localVar#0 
[Elysia/DEBUG] Performing: load_member index(0) 
[Elysia/DEBUG] Entering function array_char[]_gc_refcount_increase
[Elysia/DEBUG] Performing: load_local localVar#1 
[Elysia/DEBUG] Increasing refcount of int object
[Elysia/DEBUG] Address: 0x1599042c0
[Elysia/DEBUG] Performing: basic_cast_unsigned 
[Elysia/DEBUG] Decreasing refcount of int object
[Elysia/DEBUG] Address: 0x1599042c0
[Elysia/DEBUG] Performing: load_element 
[Elysia/DEBUG] Entering function array_char[]_gc_refcount_decrease
[Elysia/DEBUG] Performing: ret 
[Elysia/DEBUG] Decreasing refcount of int object
[Elysia/DEBUG] Address: 0x1599042c0
[Elysia/DEBUG] Performing: load_local localVar#1 
[Elysia/DEBUG] Performing: load_local localVar#4 
[Elysia/DEBUG] Performing: invoke index(3782547968) index(37) index(2) 
[Elysia/DEBUG] Entering function 1_Str::operator[]#struct#1#0#int
[Elysia/DEBUG] Performing: load_local localVar#1 
[Elysia/DEBUG] Increasing refcount of int object
[Elysia/DEBUG] Address: 0x1598040a0
[Elysia/DEBUG] Performing: push_integer int(0) 
[Elysia/DEBUG] Performing: less_than 
[Elysia/DEBUG] Decreasing refcount of int object
[Elysia/DEBUG] Address: 0x1598040a0
[Elysia/DEBUG] Performing: jump_if_true codeBlock#1 
[Elysia/DEBUG] Performing: load_local localVar#1 
[Elysia/DEBUG] Increasing refcount of int object
[Elysia/DEBUG] Address: 0x1598040a0
[Elysia/DEBUG] Performing: load_local localVar#0 
[Elysia/DEBUG] Performing: load_member index(1) 
[Elysia/DEBUG] Increasing refcount of unsigned object
[Elysia/DEBUG] Address: 0x159904110
[Elysia/DEBUG] Performing: basic_cast_int 
[Elysia/DEBUG] Decreasing refcount of unsigned object
[Elysia/DEBUG] Address: 0x159904110
[Elysia/DEBUG] Performing: greater_equal 
[Elysia/DEBUG] Decreasing refcount of int object
[Elysia/DEBUG] Address: 0x1598040a0
[Elysia/DEBUG] Performing: jump_if_true codeBlock#1 
[Elysia/DEBUG] Performing: jump codeBlock#2 
[Elysia/DEBUG] Performing: push_boolean bool(false) 
[Elysia/DEBUG] Performing: jump codeBlock#3 
[Elysia/DEBUG] Performing: jump_if_true codeBlock#4 
[Elysia/DEBUG] Performing: jump codeBlock#5 
[Elysia/DEBUG] Performing: load_local localVar#0 
[Elysia/DEBUG] Performing: load_member index(0) 
[Elysia/DEBUG] Entering function array_char[]_gc_refcount_increase
[Elysia/DEBUG] Performing: load_local localVar#1 
[Elysia/DEBUG] Increasing refcount of int object
[Elysia/DEBUG] Address: 0x1598040a0
[Elysia/DEBUG] Performing: basic_cast_unsigned 
[Elysia/DEBUG] Decreasing refcount of int object
[Elysia/DEBUG] Address: 0x1598040a0
[Elysia/DEBUG] Performing: load_element 
[Elysia/DEBUG] Entering function array_char[]_gc_refcount_decrease
[Elysia/DEBUG] Performing: ret 
[Elysia/DEBUG] Decreasing refcount of int object
[Elysia/DEBUG] Address: 0x1598040a0
[Elysia/DEBUG] Performing: equal 
[Elysia/DEBUG] Decreasing refcount of char object
[Elysia/DEBUG] Address: 0x159804080
[Elysia/DEBUG] Decreasing refcount of char object
[Elysia/DEBUG] Address: 0x1598040a0
[Elysia/DEBUG] Performing: jump_if_true codeBlock#6 
[Elysia/DEBUG] Performing: jump codeBlock#8 
[Elysia/DEBUG] Performing: load_local localVar#4 
[Elysia/DEBUG] Performing: push_integer int(0) 
[Elysia/DEBUG] Performing: equal 
[Elysia/DEBUG] Performing: jump_if_true codeBlock#9 
[Elysia/DEBUG] Performing: push_integer int(0) 
[Elysia/DEBUG] Performing: load_local localVar#3 
[Elysia/DEBUG] Entering function array_int[]_gc_refcount_increase
[Elysia/DEBUG] Performing: push_unsigned unsigned(0) 
[Elysia/DEBUG] Performing: load_local localVar#5 
[Elysia/DEBUG] Increasing refcount of int object
[Elysia/DEBUG] Address: 0x1599042c0
[Elysia/DEBUG] Performing: basic_cast_unsigned 
[Elysia/DEBUG] Decreasing refcount of int object
[Elysia/DEBUG] Address: 0x1599042c0
[Elysia/DEBUG] Performing: push_unsigned unsigned(1) 
[Elysia/DEBUG] Performing: mul 
[Elysia/DEBUG] Performing: add 
[Elysia/DEBUG] Performing: store_element unknown 
[Elysia/DEBUG] Entering function array_int[]_gc_refcount_decrease
[Elysia/DEBUG] Performing: load_local localVar#3 
[Elysia/DEBUG] Entering function array_int[]_gc_refcount_increase
[Elysia/DEBUG] Performing: push_unsigned unsigned(0) 
[Elysia/DEBUG] Performing: load_local localVar#5 
[Elysia/DEBUG] Increasing refcount of int object
[Elysia/DEBUG] Address: 0x1599042c0
[Elysia/DEBUG] Performing: basic_cast_unsigned 
[Elysia/DEBUG] Decreasing refcount of int object
[Elysia/DEBUG] Address: 0x1599042c0
[Elysia/DEBUG] Performing: push_unsigned unsigned(1) 
[Elysia/DEBUG] Performing: mul 
[Elysia/DEBUG] Performing: add 
[Elysia/DEBUG] Performing: load_element 
[Elysia/DEBUG] Entering function array_int[]_gc_refcount_decrease
[Elysia/DEBUG] Performing: pop 
[Elysia/DEBUG] Popped value: loaded_val340
[Elysia/DEBUG] Performing: load_local localVar#5 
[Elysia/DEBUG] Increasing refcount of int object
[Elysia/DEBUG] Address: 0x1599042c0
[Elysia/DEBUG] Performing: push_integer int(1) 
[Elysia/DEBUG] Performing: add 
[Elysia/DEBUG] Decreasing refcount of int object
[Elysia/DEBUG] Address: 0x1599042c0
[Elysia/DEBUG] Performing: store_local localVar#5 
[Elysia/DEBUG] Decreasing refcount of int object
[Elysia/DEBUG] Address: 0x1599042c0
[Elysia/DEBUG] Performing: jump codeBlock#10 
[Elysia/DEBUG] Performing: jump codeBlock#7 
[Elysia/DEBUG] Performing: jump codeBlock#3 
[Elysia/DEBUG] Performing: load_local localVar#5 
[Elysia/DEBUG] Increasing refcount of int object
[Elysia/DEBUG] Address: 0x1598040a0
[Elysia/DEBUG] Performing: load_local localVar#1 
[Elysia/DEBUG] Performing: load_member index(1) 
[Elysia/DEBUG] Increasing refcount of unsigned object
[Elysia/DEBUG] Address: 0x159904110
[Elysia/DEBUG] Performing: basic_cast_int 
[Elysia/DEBUG] Decreasing refcount of unsigned object
[Elysia/DEBUG] Address: 0x159904110
[Elysia/DEBUG] Performing: less_than 
[Elysia/DEBUG] Decreasing refcount of int object
[Elysia/DEBUG] Address: 0x1598040a0
[Elysia/DEBUG] Performing: jump_if_true codeBlock#4 
[Elysia/DEBUG] Performing: jump codeBlock#5 
[Elysia/DEBUG] Performing: load_local localVar#2 
[Elysia/DEBUG] Increasing refcount of int object
[Elysia/DEBUG] Address: 0x1599042a0
[Elysia/DEBUG] Performing: store_local localVar#5 
[Elysia/DEBUG] Decreasing refcount of int object
[Elysia/DEBUG] Address: 0x1598040a0
[Elysia/DEBUG] Performing: push_integer int(0) 
[Elysia/DEBUG] Performing: store_local localVar#6 
[Elysia/DEBUG] Performing: jump codeBlock#12 
[Elysia/DEBUG] Performing: load_local localVar#5 
[Elysia/DEBUG] Increasing refcount of int object
[Elysia/DEBUG] Address: 0x1599042a0
[Elysia/DEBUG] Performing: load_local localVar#0 
[Elysia/DEBUG] Performing: load_member index(1) 
[Elysia/DEBUG] Increasing refcount of unsigned object
[Elysia/DEBUG] Address: 0x159904280
[Elysia/DEBUG] Performing: basic_cast_int 
[Elysia/DEBUG] Decreasing refcount of unsigned object
[Elysia/DEBUG] Address: 0x159904280
[Elysia/DEBUG] Performing: less_than 
[Elysia/DEBUG] Decreasing refcount of int object
[Elysia/DEBUG] Address: 0x1599042a0
[Elysia/DEBUG] Performing: jump_if_true codeBlock#13 
[Elysia/DEBUG] Performing: load_local localVar#0 
[Elysia/DEBUG] Performing: load_local localVar#5 
[Elysia/DEBUG] Increasing refcount of int object
[Elysia/DEBUG] Address: 0x1599042a0
[Elysia/DEBUG] Performing: invoke index(3782547968) index(37) index(2) 
[Elysia/DEBUG] Entering function 1_Str::operator[]#struct#1#0#int
[Elysia/DEBUG] Performing: load_local localVar#1 
[Elysia/DEBUG] Increasing refcount of int object
[Elysia/DEBUG] Address: 0x1599042a0
[Elysia/DEBUG] Performing: push_integer int(0) 
[Elysia/DEBUG] Performing: less_than 
[Elysia/DEBUG] Decreasing refcount of int object
[Elysia/DEBUG] Address: 0x1599042a0
[Elysia/DEBUG] Performing: jump_if_true codeBlock#1 
[Elysia/DEBUG] Performing: load_local localVar#1 
[Elysia/DEBUG] Increasing refcount of int object
[Elysia/DEBUG] Address: 0x1599042a0
[Elysia/DEBUG] Performing: load_local localVar#0 
[Elysia/DEBUG] Performing: load_member index(1) 
[Elysia/DEBUG] Increasing refcount of unsigned object
[Elysia/DEBUG] Address: 0x159904280
[Elysia/DEBUG] Performing: basic_cast_int 
[Elysia/DEBUG] Decreasing refcount of unsigned object
[Elysia/DEBUG] Address: 0x159904280
[Elysia/DEBUG] Performing: greater_equal 
[Elysia/DEBUG] Decreasing refcount of int object
[Elysia/DEBUG] Address: 0x1599042a0
[Elysia/DEBUG] Performing: jump_if_true codeBlock#1 
[Elysia/DEBUG] Performing: jump codeBlock#2 
[Elysia/DEBUG] Performing: push_boolean bool(false) 
[Elysia/DEBUG] Performing: jump codeBlock#3 
[Elysia/DEBUG] Performing: jump_if_true codeBlock#4 
[Elysia/DEBUG] Performing: jump codeBlock#5 
[Elysia/DEBUG] Performing: load_local localVar#0 
[Elysia/DEBUG] Performing: load_member index(0) 
[Elysia/DEBUG] Entering function array_char[]_gc_refcount_increase
[Elysia/DEBUG] Performing: load_local localVar#1 
[Elysia/DEBUG] Increasing refcount of int object
[Elysia/DEBUG] Address: 0x1599042a0
[Elysia/DEBUG] Performing: basic_cast_unsigned 
[Elysia/DEBUG] Decreasing refcount of int object
[Elysia/DEBUG] Address: 0x1599042a0
[Elysia/DEBUG] Performing: load_element 
[Elysia/DEBUG] Entering function array_char[]_gc_refcount_decrease
[Elysia/DEBUG] Performing: ret 
[Elysia/DEBUG] Decreasing refcount of int object
[Elysia/DEBUG] Address: 0x1599042a0
[Elysia/DEBUG] Performing: load_local localVar#1 
[Elysia/DEBUG] Performing: load_local localVar#6 
[Elysia/DEBUG] Performing: invoke index(3782547968) index(37) index(2) 
[Elysia/DEBUG] Entering function 1_Str::operator[]#struct#1#0#int
[Elysia/DEBUG] Performing: load_local localVar#1 
[Elysia/DEBUG] Increasing refcount of int object
[Elysia/DEBUG] Address: 0x159804080
[Elysia/DEBUG] Performing: push_integer int(0) 
[Elysia/DEBUG] Performing: less_than 
[Elysia/DEBUG] Decreasing refcount of int object
[Elysia/DEBUG] Address: 0x159804080
[Elysia/DEBUG] Performing: jump_if_true codeBlock#1 
[Elysia/DEBUG] Performing: load_local localVar#1 
[Elysia/DEBUG] Increasing refcount of int object
[Elysia/DEBUG] Address: 0x159804080
[Elysia/DEBUG] Performing: load_local localVar#0 
[Elysia/DEBUG] Performing: load_member index(1) 
[Elysia/DEBUG] Increasing refcount of unsigned object
[Elysia/DEBUG] Address: 0x159904110
[Elysia/DEBUG] Performing: basic_cast_int 
[Elysia/DEBUG] Decreasing refcount of unsigned object
[Elysia/DEBUG] Address: 0x159904110
[Elysia/DEBUG] Performing: greater_equal 
[Elysia/DEBUG] Decreasing refcount of int object
[Elysia/DEBUG] Address: 0x159804080
[Elysia/DEBUG] Performing: jump_if_true codeBlock#1 
[Elysia/DEBUG] Performing: jump codeBlock#2 
[Elysia/DEBUG] Performing: push_boolean bool(false) 
[Elysia/DEBUG] Performing: jump codeBlock#3 
[Elysia/DEBUG] Performing: jump_if_true codeBlock#4 
[Elysia/DEBUG] Performing: jump codeBlock#5 
[Elysia/DEBUG] Performing: load_local localVar#0 
[Elysia/DEBUG] Performing: load_member index(0) 
[Elysia/DEBUG] Entering function array_char[]_gc_refcount_increase
[Elysia/DEBUG] Performing: load_local localVar#1 
[Elysia/DEBUG] Increasing refcount of int object
[Elysia/DEBUG] Address: 0x159804080
[Elysia/DEBUG] Performing: basic_cast_unsigned 
[Elysia/DEBUG] Decreasing refcount of int object
[Elysia/DEBUG] Address: 0x159804080
[Elysia/DEBUG] Performing: load_element 
[Elysia/DEBUG] Entering function array_char[]_gc_refcount_decrease
[Elysia/DEBUG] Performing: ret 
[Elysia/DEBUG] Decreasing refcount of int object
[Elysia/DEBUG] Address: 0x159804080
[Elysia/DEBUG] Performing: equal 
[Elysia/DEBUG] Decreasing refcount of char object
[Elysia/DEBUG] Address: 0x1598040a0
[Elysia/DEBUG] Decreasing refcount of char object
[Elysia/DEBUG] Address: 0x159804080
[Elysia/DEBUG] Performing: jump_if_true codeBlock#15 
[Elysia/DEBUG] Performing: load_local localVar#6 
[Elysia/DEBUG] Performing: push_integer int(0) 
[Elysia/DEBUG] Performing: greater_than 
[Elysia/DEBUG] Performing: jump_if_true codeBlock#17 
[Elysia/DEBUG] Performing: jump codeBlock#18 
[Elysia/DEBUG] Performing: load_local localVar#5 
[Elysia/DEBUG] Increasing refcount of int object
[Elysia/DEBUG] Address: 0x1599042a0
[Elysia/DEBUG] Performing: push_integer int(1) 
[Elysia/DEBUG] Performing: add 
[Elysia/DEBUG] Decreasing refcount of int object
[Elysia/DEBUG] Address: 0x1599042a0
[Elysia/DEBUG] Performing: store_local localVar#5 
[Elysia/DEBUG] Decreasing refcount of int object
[Elysia/DEBUG] Address: 0x1599042a0
[Elysia/DEBUG] Performing: jump codeBlock#16 
[Elysia/DEBUG] Performing: load_local localVar#6 
[Elysia/DEBUG] Performing: load_local localVar#1 
[Elysia/DEBUG] Performing: load_member index(1) 
[Elysia/DEBUG] Increasing refcount of unsigned object
[Elysia/DEBUG] Address: 0x159904110
[Elysia/DEBUG] Performing: basic_cast_int 
[Elysia/DEBUG] Decreasing refcount of unsigned object
[Elysia/DEBUG] Address: 0x159904110
[Elysia/DEBUG] Performing: equal 
[Elysia/DEBUG] Performing: jump_if_true codeBlock#19 
[Elysia/DEBUG] Performing: jump codeBlock#20 
[Elysia/DEBUG] Performing: jump codeBlock#12 
[Elysia/DEBUG] Performing: load_local localVar#5 
[Elysia/DEBUG] Increasing refcount of int object
[Elysia/DEBUG] Address: 0x159804080
[Elysia/DEBUG] Performing: load_local localVar#0 
[Elysia/DEBUG] Performing: load_member index(1) 
[Elysia/DEBUG] Increasing refcount of unsigned object
[Elysia/DEBUG] Address: 0x159904280
[Elysia/DEBUG] Performing: basic_cast_int 
[Elysia/DEBUG] Decreasing refcount of unsigned object
[Elysia/DEBUG] Address: 0x159904280
[Elysia/DEBUG] Performing: less_than 
[Elysia/DEBUG] Decreasing refcount of int object
[Elysia/DEBUG] Address: 0x159804080
[Elysia/DEBUG] Performing: jump_if_true codeBlock#13 
[Elysia/DEBUG] Performing: load_local localVar#0 
[Elysia/DEBUG] Performing: load_local localVar#5 
[Elysia/DEBUG] Increasing refcount of int object
[Elysia/DEBUG] Address: 0x159804080
[Elysia/DEBUG] Performing: invoke index(3782547968) index(37) index(2) 
[Elysia/DEBUG] Entering function 1_Str::operator[]#struct#1#0#int
[Elysia/DEBUG] Performing: load_local localVar#1 
[Elysia/DEBUG] Increasing refcount of int object
[Elysia/DEBUG] Address: 0x159804080
[Elysia/DEBUG] Performing: push_integer int(0) 
[Elysia/DEBUG] Performing: less_than 
[Elysia/DEBUG] Decreasing refcount of int object
[Elysia/DEBUG] Address: 0x159804080
[Elysia/DEBUG] Performing: jump_if_true codeBlock#1 
[Elysia/DEBUG] Performing: load_local localVar#1 
[Elysia/DEBUG] Increasing refcount of int object
[Elysia/DEBUG] Address: 0x159804080
[Elysia/DEBUG] Performing: load_local localVar#0 
[Elysia/DEBUG] Performing: load_member index(1) 
[Elysia/DEBUG] Increasing refcount of unsigned object
[Elysia/DEBUG] Address: 0x159904280
[Elysia/DEBUG] Performing: basic_cast_int 
[Elysia/DEBUG] Decreasing refcount of unsigned object
[Elysia/DEBUG] Address: 0x159904280
[Elysia/DEBUG] Performing: greater_equal 
[Elysia/DEBUG] Decreasing refcount of int object
[Elysia/DEBUG] Address: 0x159804080
[Elysia/DEBUG] Performing: jump_if_true codeBlock#1 
[Elysia/DEBUG] Performing: jump codeBlock#2 
[Elysia/DEBUG] Performing: push_boolean bool(false) 
[Elysia/DEBUG] Performing: jump codeBlock#3 
[Elysia/DEBUG] Performing: jump_if_true codeBlock#4 
[Elysia/DEBUG] Performing: jump codeBlock#5 
[Elysia/DEBUG] Performing: load_local localVar#0 
[Elysia/DEBUG] Performing: load_member index(0) 
[Elysia/DEBUG] Entering function array_char[]_gc_refcount_increase
[Elysia/DEBUG] Performing: load_local localVar#1 
[Elysia/DEBUG] Increasing refcount of int object
[Elysia/DEBUG] Address: 0x159804080
[Elysia/DEBUG] Performing: basic_cast_unsigned 
[Elysia/DEBUG] Decreasing refcount of int object
[Elysia/DEBUG] Address: 0x159804080
[Elysia/DEBUG] Performing: load_element 
[Elysia/DEBUG] Entering function array_char[]_gc_refcount_decrease
[Elysia/DEBUG] Performing: ret 
[Elysia/DEBUG] Decreasing refcount of int object
[Elysia/DEBUG] Address: 0x159804080
[Elysia/DEBUG] Performing: load_local localVar#1 
[Elysia/DEBUG] Performing: load_local localVar#6 
[Elysia/DEBUG] Performing: invoke index(3782547968) index(37) index(2) 
[Elysia/DEBUG] Entering function 1_Str::operator[]#struct#1#0#int
[Elysia/DEBUG] Performing: load_local localVar#1 
[Elysia/DEBUG] Increasing refcount of int object
[Elysia/DEBUG] Address: 0x1598040c0
[Elysia/DEBUG] Performing: push_integer int(0) 
[Elysia/DEBUG] Performing: less_than 
[Elysia/DEBUG] Decreasing refcount of int object
[Elysia/DEBUG] Address: 0x1598040c0
[Elysia/DEBUG] Performing: jump_if_true codeBlock#1 
[Elysia/DEBUG] Performing: load_local localVar#1 
[Elysia/DEBUG] Increasing refcount of int object
[Elysia/DEBUG] Address: 0x1598040c0
[Elysia/DEBUG] Performing: load_local localVar#0 
[Elysia/DEBUG] Performing: load_member index(1) 
[Elysia/DEBUG] Increasing refcount of unsigned object
[Elysia/DEBUG] Address: 0x159904110
[Elysia/DEBUG] Performing: basic_cast_int 
[Elysia/DEBUG] Decreasing refcount of unsigned object
[Elysia/DEBUG] Address: 0x159904110
[Elysia/DEBUG] Performing: greater_equal 
[Elysia/DEBUG] Decreasing refcount of int object
[Elysia/DEBUG] Address: 0x1598040c0
[Elysia/DEBUG] Performing: jump_if_true codeBlock#1 
[Elysia/DEBUG] Performing: jump codeBlock#2 
[Elysia/DEBUG] Performing: push_boolean bool(false) 
[Elysia/DEBUG] Performing: jump codeBlock#3 
[Elysia/DEBUG] Performing: jump_if_true codeBlock#4 
[Elysia/DEBUG] Performing: jump codeBlock#5 
[Elysia/DEBUG] Performing: load_local localVar#0 
[Elysia/DEBUG] Performing: load_member index(0) 
[Elysia/DEBUG] Entering function array_char[]_gc_refcount_increase
[Elysia/DEBUG] Performing: load_local localVar#1 
[Elysia/DEBUG] Increasing refcount of int object
[Elysia/DEBUG] Address: 0x1598040c0
[Elysia/DEBUG] Performing: basic_cast_unsigned 
[Elysia/DEBUG] Decreasing refcount of int object
[Elysia/DEBUG] Address: 0x1598040c0
[Elysia/DEBUG] Performing: load_element 
[Elysia/DEBUG] Entering function array_char[]_gc_refcount_decrease
[Elysia/DEBUG] Performing: ret 
[Elysia/DEBUG] Decreasing refcount of int object
[Elysia/DEBUG] Address: 0x1598040c0
[Elysia/DEBUG] Performing: equal 
[Elysia/DEBUG] Decreasing refcount of char object
[Elysia/DEBUG] Address: 0x1598040a0
[Elysia/DEBUG] Decreasing refcount of char object
[Elysia/DEBUG] Address: 0x1598040c0
[Elysia/DEBUG] Performing: jump_if_true codeBlock#15 
[Elysia/DEBUG] Performing: load_local localVar#6 
[Elysia/DEBUG] Performing: push_integer int(0) 
[Elysia/DEBUG] Performing: greater_than 
[Elysia/DEBUG] Performing: jump_if_true codeBlock#17 
[Elysia/DEBUG] Performing: jump codeBlock#18 
[Elysia/DEBUG] Performing: load_local localVar#5 
[Elysia/DEBUG] Increasing refcount of int object
[Elysia/DEBUG] Address: 0x159804080
[Elysia/DEBUG] Performing: push_integer int(1) 
[Elysia/DEBUG] Performing: add 
[Elysia/DEBUG] Decreasing refcount of int object
[Elysia/DEBUG] Address: 0x159804080
[Elysia/DEBUG] Performing: store_local localVar#5 
[Elysia/DEBUG] Decreasing refcount of int object
[Elysia/DEBUG] Address: 0x159804080
[Elysia/DEBUG] Performing: jump codeBlock#16 
[Elysia/DEBUG] Performing: load_local localVar#6 
[Elysia/DEBUG] Performing: load_local localVar#1 
[Elysia/DEBUG] Performing: load_member index(1) 
[Elysia/DEBUG] Increasing refcount of unsigned object
[Elysia/DEBUG] Address: 0x159904110
[Elysia/DEBUG] Performing: basic_cast_int 
[Elysia/DEBUG] Decreasing refcount of unsigned object
[Elysia/DEBUG] Address: 0x159904110
[Elysia/DEBUG] Performing: equal 
[Elysia/DEBUG] Performing: jump_if_true codeBlock#19 
[Elysia/DEBUG] Performing: jump codeBlock#20 
[Elysia/DEBUG] Performing: jump codeBlock#12 
[Elysia/DEBUG] Performing: load_local localVar#5 
[Elysia/DEBUG] Increasing refcount of int object
[Elysia/DEBUG] Address: 0x159804080
[Elysia/DEBUG] Performing: load_local localVar#0 
[Elysia/DEBUG] Performing: load_member index(1) 
[Elysia/DEBUG] Increasing refcount of unsigned object
[Elysia/DEBUG] Address: 0x159904280
[Elysia/DEBUG] Performing: basic_cast_int 
[Elysia/DEBUG] Decreasing refcount of unsigned object
[Elysia/DEBUG] Address: 0x159904280
[Elysia/DEBUG] Performing: less_than 
[Elysia/DEBUG] Decreasing refcount of int object
[Elysia/DEBUG] Address: 0x159804080
[Elysia/DEBUG] Performing: jump_if_true codeBlock#13 
[Elysia/DEBUG] Performing: load_local localVar#0 
[Elysia/DEBUG] Performing: load_local localVar#5 
[Elysia/DEBUG] Increasing refcount of int object
[Elysia/DEBUG] Address: 0x159804080
[Elysia/DEBUG] Performing: invoke index(3782547968) index(37) index(2) 
[Elysia/DEBUG] Entering function 1_Str::operator[]#struct#1#0#int
[Elysia/DEBUG] Performing: load_local localVar#1 
[Elysia/DEBUG] Increasing refcount of int object
[Elysia/DEBUG] Address: 0x159804080
[Elysia/DEBUG] Performing: push_integer int(0) 
[Elysia/DEBUG] Performing: less_than 
[Elysia/DEBUG] Decreasing refcount of int object
[Elysia/DEBUG] Address: 0x159804080
[Elysia/DEBUG] Performing: jump_if_true codeBlock#1 
[Elysia/DEBUG] Performing: load_local localVar#1 
[Elysia/DEBUG] Increasing refcount of int object
[Elysia/DEBUG] Address: 0x159804080
[Elysia/DEBUG] Performing: load_local localVar#0 
[Elysia/DEBUG] Performing: load_member index(1) 
[Elysia/DEBUG] Increasing refcount of unsigned object
[Elysia/DEBUG] Address: 0x159904280
[Elysia/DEBUG] Performing: basic_cast_int 
[Elysia/DEBUG] Decreasing refcount of unsigned object
[Elysia/DEBUG] Address: 0x159904280
[Elysia/DEBUG] Performing: greater_equal 
[Elysia/DEBUG] Decreasing refcount of int object
[Elysia/DEBUG] Address: 0x159804080
[Elysia/DEBUG] Performing: jump_if_true codeBlock#1 
[Elysia/DEBUG] Performing: jump codeBlock#2 
[Elysia/DEBUG] Performing: push_boolean bool(false) 
[Elysia/DEBUG] Performing: jump codeBlock#3 
[Elysia/DEBUG] Performing: jump_if_true codeBlock#4 
[Elysia/DEBUG] Performing: jump codeBlock#5 
[Elysia/DEBUG] Performing: load_local localVar#0 
[Elysia/DEBUG] Performing: load_member index(0) 
[Elysia/DEBUG] Entering function array_char[]_gc_refcount_increase
[Elysia/DEBUG] Performing: load_local localVar#1 
[Elysia/DEBUG] Increasing refcount of int object
[Elysia/DEBUG] Address: 0x159804080
[Elysia/DEBUG] Performing: basic_cast_unsigned 
[Elysia/DEBUG] Decreasing refcount of int object
[Elysia/DEBUG] Address: 0x159804080
[Elysia/DEBUG] Performing: load_element 
[Elysia/DEBUG] Entering function array_char[]_gc_refcount_decrease
[Elysia/DEBUG] Performing: ret 
[Elysia/DEBUG] Decreasing refcount of int object
[Elysia/DEBUG] Address: 0x159804080
[Elysia/DEBUG] Performing: load_local localVar#1 
[Elysia/DEBUG] Performing: load_local localVar#6 
[Elysia/DEBUG] Performing: invoke index(3782547968) index(37) index(2) 
[Elysia/DEBUG] Entering function 1_Str::operator[]#struct#1#0#int
[Elysia/DEBUG] Performing: load_local localVar#1 
[Elysia/DEBUG] Increasing refcount of int object
[Elysia/DEBUG] Address: 0x1598040c0
[Elysia/DEBUG] Performing: push_integer int(0) 
[Elysia/DEBUG] Performing: less_than 
[Elysia/DEBUG] Decreasing refcount of int object
[Elysia/DEBUG] Address: 0x1598040c0
[Elysia/DEBUG] Performing: jump_if_true codeBlock#1 
[Elysia/DEBUG] Performing: load_local localVar#1 
[Elysia/DEBUG] Increasing refcount of int object
[Elysia/DEBUG] Address: 0x1598040c0
[Elysia/DEBUG] Performing: load_local localVar#0 
[Elysia/DEBUG] Performing: load_member index(1) 
[Elysia/DEBUG] Increasing refcount of unsigned object
[Elysia/DEBUG] Address: 0x159904110
[Elysia/DEBUG] Performing: basic_cast_int 
[Elysia/DEBUG] Decreasing refcount of unsigned object
[Elysia/DEBUG] Address: 0x159904110
[Elysia/DEBUG] Performing: greater_equal 
[Elysia/DEBUG] Decreasing refcount of int object
[Elysia/DEBUG] Address: 0x1598040c0
[Elysia/DEBUG] Performing: jump_if_true codeBlock#1 
[Elysia/DEBUG] Performing: jump codeBlock#2 
[Elysia/DEBUG] Performing: push_boolean bool(false) 
[Elysia/DEBUG] Performing: jump codeBlock#3 
[Elysia/DEBUG] Performing: jump_if_true codeBlock#4 
[Elysia/DEBUG] Performing: jump codeBlock#5 
[Elysia/DEBUG] Performing: load_local localVar#0 
[Elysia/DEBUG] Performing: load_member index(0) 
[Elysia/DEBUG] Entering function array_char[]_gc_refcount_increase
[Elysia/DEBUG] Performing: load_local localVar#1 
[Elysia/DEBUG] Increasing refcount of int object
[Elysia/DEBUG] Address: 0x1598040c0
[Elysia/DEBUG] Performing: basic_cast_unsigned 
[Elysia/DEBUG] Decreasing refcount of int object
[Elysia/DEBUG] Address: 0x1598040c0
[Elysia/DEBUG] Performing: load_element 
[Elysia/DEBUG] Entering function array_char[]_gc_refcount_decrease
[Elysia/DEBUG] Performing: ret 
[Elysia/DEBUG] Decreasing refcount of int object
[Elysia/DEBUG] Address: 0x1598040c0
[Elysia/DEBUG] Performing: equal 
[Elysia/DEBUG] Decreasing refcount of char object
[Elysia/DEBUG] Address: 0x1598040a0
[Elysia/DEBUG] Decreasing refcount of char object
[Elysia/DEBUG] Address: 0x1598040c0
[Elysia/DEBUG] Performing: jump_if_true codeBlock#15 
[Elysia/DEBUG] Performing: load_local localVar#6 
[Elysia/DEBUG] Performing: push_integer int(0) 
[Elysia/DEBUG] Performing: greater_than 
[Elysia/DEBUG] Performing: jump_if_true codeBlock#17 
[Elysia/DEBUG] Performing: jump codeBlock#18 
[Elysia/DEBUG] Performing: load_local localVar#5 
[Elysia/DEBUG] Increasing refcount of int object
[Elysia/DEBUG] Address: 0x159804080
[Elysia/DEBUG] Performing: push_integer int(1) 
[Elysia/DEBUG] Performing: add 
[Elysia/DEBUG] Decreasing refcount of int object
[Elysia/DEBUG] Address: 0x159804080
[Elysia/DEBUG] Performing: store_local localVar#5 
[Elysia/DEBUG] Decreasing refcount of int object
[Elysia/DEBUG] Address: 0x159804080
[Elysia/DEBUG] Performing: jump codeBlock#16 
[Elysia/DEBUG] Performing: load_local localVar#6 
[Elysia/DEBUG] Performing: load_local localVar#1 
[Elysia/DEBUG] Performing: load_member index(1) 
[Elysia/DEBUG] Increasing refcount of unsigned object
[Elysia/DEBUG] Address: 0x159904110
[Elysia/DEBUG] Performing: basic_cast_int 
[Elysia/DEBUG] Decreasing refcount of unsigned object
[Elysia/DEBUG] Address: 0x159904110
[Elysia/DEBUG] Performing: equal 
[Elysia/DEBUG] Performing: jump_if_true codeBlock#19 
[Elysia/DEBUG] Performing: jump codeBlock#20 
[Elysia/DEBUG] Performing: jump codeBlock#12 
[Elysia/DEBUG] Performing: load_local localVar#5 
[Elysia/DEBUG] Increasing refcount of int object
[Elysia/DEBUG] Address: 0x159804080
[Elysia/DEBUG] Performing: load_local localVar#0 
[Elysia/DEBUG] Performing: load_member index(1) 
[Elysia/DEBUG] Increasing refcount of unsigned object
[Elysia/DEBUG] Address: 0x159904280
[Elysia/DEBUG] Performing: basic_cast_int 
[Elysia/DEBUG] Decreasing refcount of unsigned object
[Elysia/DEBUG] Address: 0x159904280
[Elysia/DEBUG] Performing: less_than 
[Elysia/DEBUG] Decreasing refcount of int object
[Elysia/DEBUG] Address: 0x159804080
[Elysia/DEBUG] Performing: jump_if_true codeBlock#13 
[Elysia/DEBUG] Performing: load_local localVar#0 
[Elysia/DEBUG] Performing: load_local localVar#5 
[Elysia/DEBUG] Increasing refcount of int object
[Elysia/DEBUG] Address: 0x159804080
[Elysia/DEBUG] Performing: invoke index(3782547968) index(37) index(2) 
[Elysia/DEBUG] Entering function 1_Str::operator[]#struct#1#0#int
[Elysia/DEBUG] Performing: load_local localVar#1 
[Elysia/DEBUG] Increasing refcount of int object
[Elysia/DEBUG] Address: 0x159804080
[Elysia/DEBUG] Performing: push_integer int(0) 
[Elysia/DEBUG] Performing: less_than 
[Elysia/DEBUG] Decreasing refcount of int object
[Elysia/DEBUG] Address: 0x159804080
[Elysia/DEBUG] Performing: jump_if_true codeBlock#1 
[Elysia/DEBUG] Performing: load_local localVar#1 
[Elysia/DEBUG] Increasing refcount of int object
[Elysia/DEBUG] Address: 0x159804080
[Elysia/DEBUG] Performing: load_local localVar#0 
[Elysia/DEBUG] Performing: load_member index(1) 
[Elysia/DEBUG] Increasing refcount of unsigned object
[Elysia/DEBUG] Address: 0x159904280
[Elysia/DEBUG] Performing: basic_cast_int 
[Elysia/DEBUG] Decreasing refcount of unsigned object
[Elysia/DEBUG] Address: 0x159904280
[Elysia/DEBUG] Performing: greater_equal 
[Elysia/DEBUG] Decreasing refcount of int object
[Elysia/DEBUG] Address: 0x159804080
[Elysia/DEBUG] Performing: jump_if_true codeBlock#1 
[Elysia/DEBUG] Performing: jump codeBlock#2 
[Elysia/DEBUG] Performing: push_boolean bool(false) 
[Elysia/DEBUG] Performing: jump codeBlock#3 
[Elysia/DEBUG] Performing: jump_if_true codeBlock#4 
[Elysia/DEBUG] Performing: jump codeBlock#5 
[Elysia/DEBUG] Performing: load_local localVar#0 
[Elysia/DEBUG] Performing: load_member index(0) 
[Elysia/DEBUG] Entering function array_char[]_gc_refcount_increase
[Elysia/DEBUG] Performing: load_local localVar#1 
[Elysia/DEBUG] Increasing refcount of int object
[Elysia/DEBUG] Address: 0x159804080
[Elysia/DEBUG] Performing: basic_cast_unsigned 
[Elysia/DEBUG] Decreasing refcount of int object
[Elysia/DEBUG] Address: 0x159804080
[Elysia/DEBUG] Performing: load_element 
[Elysia/DEBUG] Entering function array_char[]_gc_refcount_decrease
[Elysia/DEBUG] Performing: ret 
[Elysia/DEBUG] Decreasing refcount of int object
[Elysia/DEBUG] Address: 0x159804080
[Elysia/DEBUG] Performing: load_local localVar#1 
[Elysia/DEBUG] Performing: load_local localVar#6 
[Elysia/DEBUG] Performing: invoke index(3782547968) index(37) index(2) 
[Elysia/DEBUG] Entering function 1_Str::operator[]#struct#1#0#int
[Elysia/DEBUG] Performing: load_local localVar#1 
[Elysia/DEBUG] Increasing refcount of int object
[Elysia/DEBUG] Address: 0x1598040c0
[Elysia/DEBUG] Performing: push_integer int(0) 
[Elysia/DEBUG] Performing: less_than 
[Elysia/DEBUG] Decreasing refcount of int object
[Elysia/DEBUG] Address: 0x1598040c0
[Elysia/DEBUG] Performing: jump_if_true codeBlock#1 
[Elysia/DEBUG] Performing: load_local localVar#1 
[Elysia/DEBUG] Increasing refcount of int object
[Elysia/DEBUG] Address: 0x1598040c0
[Elysia/DEBUG] Performing: load_local localVar#0 
[Elysia/DEBUG] Performing: load_member index(1) 
[Elysia/DEBUG] Increasing refcount of unsigned object
[Elysia/DEBUG] Address: 0x159904110
[Elysia/DEBUG] Performing: basic_cast_int 
[Elysia/DEBUG] Decreasing refcount of unsigned object
[Elysia/DEBUG] Address: 0x159904110
[Elysia/DEBUG] Performing: greater_equal 
[Elysia/DEBUG] Decreasing refcount of int object
[Elysia/DEBUG] Address: 0x1598040c0
[Elysia/DEBUG] Performing: jump_if_true codeBlock#1 
[Elysia/DEBUG] Performing: jump codeBlock#2 
[Elysia/DEBUG] Performing: push_boolean bool(false) 
[Elysia/DEBUG] Performing: jump codeBlock#3 
[Elysia/DEBUG] Performing: jump_if_true codeBlock#4 
[Elysia/DEBUG] Performing: jump codeBlock#5 
[Elysia/DEBUG] Performing: load_local localVar#0 
[Elysia/DEBUG] Performing: load_member index(0) 
[Elysia/DEBUG] Entering function array_char[]_gc_refcount_increase
[Elysia/DEBUG] Performing: load_local localVar#1 
[Elysia/DEBUG] Increasing refcount of int object
[Elysia/DEBUG] Address: 0x1598040c0
[Elysia/DEBUG] Performing: basic_cast_unsigned 
[Elysia/DEBUG] Decreasing refcount of int object
[Elysia/DEBUG] Address: 0x1598040c0
[Elysia/DEBUG] Performing: load_element 
[Elysia/DEBUG] Entering function array_char[]_gc_refcount_decrease
[Elysia/DEBUG] Performing: ret 
[Elysia/DEBUG] Decreasing refcount of int object
[Elysia/DEBUG] Address: 0x1598040c0
[Elysia/DEBUG] Performing: equal 
[Elysia/DEBUG] Decreasing refcount of char object
[Elysia/DEBUG] Address: 0x1598040a0
[Elysia/DEBUG] Decreasing refcount of char object
[Elysia/DEBUG] Address: 0x1598040c0
[Elysia/DEBUG] Performing: jump_if_true codeBlock#15 
[Elysia/DEBUG] Performing: load_local localVar#6 
[Elysia/DEBUG] Performing: push_integer int(0) 
[Elysia/DEBUG] Performing: greater_than 
[Elysia/DEBUG] Performing: jump_if_true codeBlock#17 
[Elysia/DEBUG] Performing: jump codeBlock#18 
[Elysia/DEBUG] Performing: load_local localVar#5 
[Elysia/DEBUG] Increasing refcount of int object
[Elysia/DEBUG] Address: 0x159804080
[Elysia/DEBUG] Performing: push_integer int(1) 
[Elysia/DEBUG] Performing: add 
[Elysia/DEBUG] Decreasing refcount of int object
[Elysia/DEBUG] Address: 0x159804080
[Elysia/DEBUG] Performing: store_local localVar#5 
[Elysia/DEBUG] Decreasing refcount of int object
[Elysia/DEBUG] Address: 0x159804080
[Elysia/DEBUG] Performing: jump codeBlock#16 
[Elysia/DEBUG] Performing: load_local localVar#6 
[Elysia/DEBUG] Performing: load_local localVar#1 
[Elysia/DEBUG] Performing: load_member index(1) 
[Elysia/DEBUG] Increasing refcount of unsigned object
[Elysia/DEBUG] Address: 0x159904110
[Elysia/DEBUG] Performing: basic_cast_int 
[Elysia/DEBUG] Decreasing refcount of unsigned object
[Elysia/DEBUG] Address: 0x159904110
[Elysia/DEBUG] Performing: equal 
[Elysia/DEBUG] Performing: jump_if_true codeBlock#19 
[Elysia/DEBUG] Performing: jump codeBlock#20 
[Elysia/DEBUG] Performing: jump codeBlock#12 
[Elysia/DEBUG] Performing: load_local localVar#5 
[Elysia/DEBUG] Increasing refcount of int object
[Elysia/DEBUG] Address: 0x159804080
[Elysia/DEBUG] Performing: load_local localVar#0 
[Elysia/DEBUG] Performing: load_member index(1) 
[Elysia/DEBUG] Increasing refcount of unsigned object
[Elysia/DEBUG] Address: 0x159904280
[Elysia/DEBUG] Performing: basic_cast_int 
[Elysia/DEBUG] Decreasing refcount of unsigned object
[Elysia/DEBUG] Address: 0x159904280
[Elysia/DEBUG] Performing: less_than 
[Elysia/DEBUG] Decreasing refcount of int object
[Elysia/DEBUG] Address: 0x159804080
[Elysia/DEBUG] Performing: jump_if_true codeBlock#13 
[Elysia/DEBUG] Performing: load_local localVar#0 
[Elysia/DEBUG] Performing: load_local localVar#5 
[Elysia/DEBUG] Increasing refcount of int object
[Elysia/DEBUG] Address: 0x159804080
[Elysia/DEBUG] Performing: invoke index(3782547968) index(37) index(2) 
[Elysia/DEBUG] Entering function 1_Str::operator[]#struct#1#0#int
[Elysia/DEBUG] Performing: load_local localVar#1 
[Elysia/DEBUG] Increasing refcount of int object
[Elysia/DEBUG] Address: 0x159804080
[Elysia/DEBUG] Performing: push_integer int(0) 
[Elysia/DEBUG] Performing: less_than 
[Elysia/DEBUG] Decreasing refcount of int object
[Elysia/DEBUG] Address: 0x159804080
[Elysia/DEBUG] Performing: jump_if_true codeBlock#1 
[Elysia/DEBUG] Performing: load_local localVar#1 
[Elysia/DEBUG] Increasing refcount of int object
[Elysia/DEBUG] Address: 0x159804080
[Elysia/DEBUG] Performing: load_local localVar#0 
[Elysia/DEBUG] Performing: load_member index(1) 
[Elysia/DEBUG] Increasing refcount of unsigned object
[Elysia/DEBUG] Address: 0x159904280
[Elysia/DEBUG] Performing: basic_cast_int 
[Elysia/DEBUG] Decreasing refcount of unsigned object
[Elysia/DEBUG] Address: 0x159904280
[Elysia/DEBUG] Performing: greater_equal 
[Elysia/DEBUG] Decreasing refcount of int object
[Elysia/DEBUG] Address: 0x159804080
[Elysia/DEBUG] Performing: jump_if_true codeBlock#1 
[Elysia/DEBUG] Performing: jump codeBlock#2 
[Elysia/DEBUG] Performing: push_boolean bool(false) 
[Elysia/DEBUG] Performing: jump codeBlock#3 
[Elysia/DEBUG] Performing: jump_if_true codeBlock#4 
[Elysia/DEBUG] Performing: jump codeBlock#5 
[Elysia/DEBUG] Performing: load_local localVar#0 
[Elysia/DEBUG] Performing: load_member index(0) 
[Elysia/DEBUG] Entering function array_char[]_gc_refcount_increase
[Elysia/DEBUG] Performing: load_local localVar#1 
[Elysia/DEBUG] Increasing refcount of int object
[Elysia/DEBUG] Address: 0x159804080
[Elysia/DEBUG] Performing: basic_cast_unsigned 
[Elysia/DEBUG] Decreasing refcount of int object
[Elysia/DEBUG] Address: 0x159804080
[Elysia/DEBUG] Performing: load_element 
[Elysia/DEBUG] Entering function array_char[]_gc_refcount_decrease
[Elysia/DEBUG] Performing: ret 
[Elysia/DEBUG] Decreasing refcount of int object
[Elysia/DEBUG] Address: 0x159804080
[Elysia/DEBUG] Performing: load_local localVar#1 
[Elysia/DEBUG] Performing: load_local localVar#6 
[Elysia/DEBUG] Performing: invoke index(3782547968) index(37) index(2) 
[Elysia/DEBUG] Entering function 1_Str::operator[]#struct#1#0#int
[Elysia/DEBUG] Performing: load_local localVar#1 
[Elysia/DEBUG] Increasing refcount of int object
[Elysia/DEBUG] Address: 0x1598040c0
[Elysia/DEBUG] Performing: push_integer int(0) 
[Elysia/DEBUG] Performing: less_than 
[Elysia/DEBUG] Decreasing refcount of int object
[Elysia/DEBUG] Address: 0x1598040c0
[Elysia/DEBUG] Performing: jump_if_true codeBlock#1 
[Elysia/DEBUG] Performing: load_local localVar#1 
[Elysia/DEBUG] Increasing refcount of int object
[Elysia/DEBUG] Address: 0x1598040c0
[Elysia/DEBUG] Performing: load_local localVar#0 
[Elysia/DEBUG] Performing: load_member index(1) 
[Elysia/DEBUG] Increasing refcount of unsigned object
[Elysia/DEBUG] Address: 0x159904110
[Elysia/DEBUG] Performing: basic_cast_int 
[Elysia/DEBUG] Decreasing refcount of unsigned object
[Elysia/DEBUG] Address: 0x159904110
[Elysia/DEBUG] Performing: greater_equal 
[Elysia/DEBUG] Decreasing refcount of int object
[Elysia/DEBUG] Address: 0x1598040c0
[Elysia/DEBUG] Performing: jump_if_true codeBlock#1 
[Elysia/DEBUG] Performing: jump codeBlock#2 
[Elysia/DEBUG] Performing: push_boolean bool(false) 
[Elysia/DEBUG] Performing: jump codeBlock#3 
[Elysia/DEBUG] Performing: jump_if_true codeBlock#4 
[Elysia/DEBUG] Performing: jump codeBlock#5 
[Elysia/DEBUG] Performing: load_local localVar#0 
[Elysia/DEBUG] Performing: load_member index(0) 
[Elysia/DEBUG] Entering function array_char[]_gc_refcount_increase
[Elysia/DEBUG] Performing: load_local localVar#1 
[Elysia/DEBUG] Increasing refcount of int object
[Elysia/DEBUG] Address: 0x1598040c0
[Elysia/DEBUG] Performing: basic_cast_unsigned 
[Elysia/DEBUG] Decreasing refcount of int object
[Elysia/DEBUG] Address: 0x1598040c0
[Elysia/DEBUG] Performing: load_element 
[Elysia/DEBUG] Entering function array_char[]_gc_refcount_decrease
[Elysia/DEBUG] Performing: ret 
[Elysia/DEBUG] Decreasing refcount of int object
[Elysia/DEBUG] Address: 0x1598040c0
[Elysia/DEBUG] Performing: equal 
[Elysia/DEBUG] Decreasing refcount of char object
[Elysia/DEBUG] Address: 0x1598040a0
[Elysia/DEBUG] Decreasing refcount of char object
[Elysia/DEBUG] Address: 0x1598040c0
[Elysia/DEBUG] Performing: jump_if_true codeBlock#15 
[Elysia/DEBUG] Performing: load_local localVar#6 
[Elysia/DEBUG] Performing: push_integer int(0) 
[Elysia/DEBUG] Performing: greater_than 
[Elysia/DEBUG] Performing: jump_if_true codeBlock#17 
[Elysia/DEBUG] Performing: jump codeBlock#18 
[Elysia/DEBUG] Performing: load_local localVar#5 
[Elysia/DEBUG] Increasing refcount of int object
[Elysia/DEBUG] Address: 0x159804080
[Elysia/DEBUG] Performing: push_integer int(1) 
[Elysia/DEBUG] Performing: add 
[Elysia/DEBUG] Decreasing refcount of int object
[Elysia/DEBUG] Address: 0x159804080
[Elysia/DEBUG] Performing: store_local localVar#5 
[Elysia/DEBUG] Decreasing refcount of int object
[Elysia/DEBUG] Address: 0x159804080
[Elysia/DEBUG] Performing: jump codeBlock#16 
[Elysia/DEBUG] Performing: load_local localVar#6 
[Elysia/DEBUG] Performing: load_local localVar#1 
[Elysia/DEBUG] Performing: load_member index(1) 
[Elysia/DEBUG] Increasing refcount of unsigned object
[Elysia/DEBUG] Address: 0x159904110
[Elysia/DEBUG] Performing: basic_cast_int 
[Elysia/DEBUG] Decreasing refcount of unsigned object
[Elysia/DEBUG] Address: 0x159904110
[Elysia/DEBUG] Performing: equal 
[Elysia/DEBUG] Performing: jump_if_true codeBlock#19 
[Elysia/DEBUG] Performing: jump codeBlock#20 
[Elysia/DEBUG] Performing: jump codeBlock#12 
[Elysia/DEBUG] Performing: load_local localVar#5 
[Elysia/DEBUG] Increasing refcount of int object
[Elysia/DEBUG] Address: 0x159804080
[Elysia/DEBUG] Performing: load_local localVar#0 
[Elysia/DEBUG] Performing: load_member index(1) 
[Elysia/DEBUG] Increasing refcount of unsigned object
[Elysia/DEBUG] Address: 0x159904280
[Elysia/DEBUG] Performing: basic_cast_int 
[Elysia/DEBUG] Decreasing refcount of unsigned object
[Elysia/DEBUG] Address: 0x159904280
[Elysia/DEBUG] Performing: less_than 
[Elysia/DEBUG] Decreasing refcount of int object
[Elysia/DEBUG] Address: 0x159804080
[Elysia/DEBUG] Performing: jump_if_true codeBlock#13 
[Elysia/DEBUG] Performing: load_local localVar#0 
[Elysia/DEBUG] Performing: load_local localVar#5 
[Elysia/DEBUG] Increasing refcount of int object
[Elysia/DEBUG] Address: 0x159804080
[Elysia/DEBUG] Performing: invoke index(3782547968) index(37) index(2) 
[Elysia/DEBUG] Entering function 1_Str::operator[]#struct#1#0#int
[Elysia/DEBUG] Performing: load_local localVar#1 
[Elysia/DEBUG] Increasing refcount of int object
[Elysia/DEBUG] Address: 0x159804080
[Elysia/DEBUG] Performing: push_integer int(0) 
[Elysia/DEBUG] Performing: less_than 
[Elysia/DEBUG] Decreasing refcount of int object
[Elysia/DEBUG] Address: 0x159804080
[Elysia/DEBUG] Performing: jump_if_true codeBlock#1 
[Elysia/DEBUG] Performing: load_local localVar#1 
[Elysia/DEBUG] Increasing refcount of int object
[Elysia/DEBUG] Address: 0x159804080
[Elysia/DEBUG] Performing: load_local localVar#0 
[Elysia/DEBUG] Performing: load_member index(1) 
[Elysia/DEBUG] Increasing refcount of unsigned object
[Elysia/DEBUG] Address: 0x159904280
[Elysia/DEBUG] Performing: basic_cast_int 
[Elysia/DEBUG] Decreasing refcount of unsigned object
[Elysia/DEBUG] Address: 0x159904280
[Elysia/DEBUG] Performing: greater_equal 
[Elysia/DEBUG] Decreasing refcount of int object
[Elysia/DEBUG] Address: 0x159804080
[Elysia/DEBUG] Performing: jump_if_true codeBlock#1 
[Elysia/DEBUG] Performing: jump codeBlock#2 
[Elysia/DEBUG] Performing: push_boolean bool(false) 
[Elysia/DEBUG] Performing: jump codeBlock#3 
[Elysia/DEBUG] Performing: jump_if_true codeBlock#4 
[Elysia/DEBUG] Performing: jump codeBlock#5 
[Elysia/DEBUG] Performing: load_local localVar#0 
[Elysia/DEBUG] Performing: load_member index(0) 
[Elysia/DEBUG] Entering function array_char[]_gc_refcount_increase
[Elysia/DEBUG] Performing: load_local localVar#1 
[Elysia/DEBUG] Increasing refcount of int object
[Elysia/DEBUG] Address: 0x159804080
[Elysia/DEBUG] Performing: basic_cast_unsigned 
[Elysia/DEBUG] Decreasing refcount of int object
[Elysia/DEBUG] Address: 0x159804080
[Elysia/DEBUG] Performing: load_element 
[Elysia/DEBUG] Entering function array_char[]_gc_refcount_decrease
[Elysia/DEBUG] Performing: ret 
[Elysia/DEBUG] Decreasing refcount of int object
[Elysia/DEBUG] Address: 0x159804080
[Elysia/DEBUG] Performing: load_local localVar#1 
[Elysia/DEBUG] Performing: load_local localVar#6 
[Elysia/DEBUG] Performing: invoke index(3782547968) index(37) index(2) 
[Elysia/DEBUG] Entering function 1_Str::operator[]#struct#1#0#int
[Elysia/DEBUG] Performing: load_local localVar#1 
[Elysia/DEBUG] Increasing refcount of int object
[Elysia/DEBUG] Address: 0x1598040c0
[Elysia/DEBUG] Performing: push_integer int(0) 
[Elysia/DEBUG] Performing: less_than 
[Elysia/DEBUG] Decreasing refcount of int object
[Elysia/DEBUG] Address: 0x1598040c0
[Elysia/DEBUG] Performing: jump_if_true codeBlock#1 
[Elysia/DEBUG] Performing: load_local localVar#1 
[Elysia/DEBUG] Increasing refcount of int object
[Elysia/DEBUG] Address: 0x1598040c0
[Elysia/DEBUG] Performing: load_local localVar#0 
[Elysia/DEBUG] Performing: load_member index(1) 
[Elysia/DEBUG] Increasing refcount of unsigned object
[Elysia/DEBUG] Address: 0x159904110
[Elysia/DEBUG] Performing: basic_cast_int 
[Elysia/DEBUG] Decreasing refcount of unsigned object
[Elysia/DEBUG] Address: 0x159904110
[Elysia/DEBUG] Performing: greater_equal 
[Elysia/DEBUG] Decreasing refcount of int object
[Elysia/DEBUG] Address: 0x1598040c0
[Elysia/DEBUG] Performing: jump_if_true codeBlock#1 
[Elysia/DEBUG] Performing: jump codeBlock#2 
[Elysia/DEBUG] Performing: push_boolean bool(false) 
[Elysia/DEBUG] Performing: jump codeBlock#3 
[Elysia/DEBUG] Performing: jump_if_true codeBlock#4 
[Elysia/DEBUG] Performing: jump codeBlock#5 
[Elysia/DEBUG] Performing: load_local localVar#0 
[Elysia/DEBUG] Performing: load_member index(0) 
[Elysia/DEBUG] Entering function array_char[]_gc_refcount_increase
[Elysia/DEBUG] Performing: load_local localVar#1 
[Elysia/DEBUG] Increasing refcount of int object
[Elysia/DEBUG] Address: 0x1598040c0
[Elysia/DEBUG] Performing: basic_cast_unsigned 
[Elysia/DEBUG] Decreasing refcount of int object
[Elysia/DEBUG] Address: 0x1598040c0
[Elysia/DEBUG] Performing: load_element 
[Elysia/DEBUG] Entering function array_char[]_gc_refcount_decrease
[Elysia/DEBUG] Performing: ret 
[Elysia/DEBUG] Decreasing refcount of int object
[Elysia/DEBUG] Address: 0x1598040c0
[Elysia/DEBUG] Performing: equal 
[Elysia/DEBUG] Decreasing refcount of char object
[Elysia/DEBUG] Address: 0x1598040a0
[Elysia/DEBUG] Decreasing refcount of char object
[Elysia/DEBUG] Address: 0x1598040c0
[Elysia/DEBUG] Performing: jump_if_true codeBlock#15 
[Elysia/DEBUG] Performing: load_local localVar#6 
[Elysia/DEBUG] Performing: push_integer int(0) 
[Elysia/DEBUG] Performing: greater_than 
[Elysia/DEBUG] Performing: jump_if_true codeBlock#17 
[Elysia/DEBUG] Performing: jump codeBlock#18 
[Elysia/DEBUG] Performing: load_local localVar#5 
[Elysia/DEBUG] Increasing refcount of int object
[Elysia/DEBUG] Address: 0x159804080
[Elysia/DEBUG] Performing: push_integer int(1) 
[Elysia/DEBUG] Performing: add 
[Elysia/DEBUG] Decreasing refcount of int object
[Elysia/DEBUG] Address: 0x159804080
[Elysia/DEBUG] Performing: store_local localVar#5 
[Elysia/DEBUG] Decreasing refcount of int object
[Elysia/DEBUG] Address: 0x159804080
[Elysia/DEBUG] Performing: jump codeBlock#16 
[Elysia/DEBUG] Performing: load_local localVar#6 
[Elysia/DEBUG] Performing: load_local localVar#1 
[Elysia/DEBUG] Performing: load_member index(1) 
[Elysia/DEBUG] Increasing refcount of unsigned object
[Elysia/DEBUG] Address: 0x159904110
[Elysia/DEBUG] Performing: basic_cast_int 
[Elysia/DEBUG] Decreasing refcount of unsigned object
[Elysia/DEBUG] Address: 0x159904110
[Elysia/DEBUG] Performing: equal 
[Elysia/DEBUG] Performing: jump_if_true codeBlock#19 
[Elysia/DEBUG] Performing: jump codeBlock#20 
[Elysia/DEBUG] Performing: jump codeBlock#12 
[Elysia/DEBUG] Performing: load_local localVar#5 
[Elysia/DEBUG] Increasing refcount of int object
[Elysia/DEBUG] Address: 0x159804080
[Elysia/DEBUG] Performing: load_local localVar#0 
[Elysia/DEBUG] Performing: load_member index(1) 
[Elysia/DEBUG] Increasing refcount of unsigned object
[Elysia/DEBUG] Address: 0x159904280
[Elysia/DEBUG] Performing: basic_cast_int 
[Elysia/DEBUG] Decreasing refcount of unsigned object
[Elysia/DEBUG] Address: 0x159904280
[Elysia/DEBUG] Performing: less_than 
[Elysia/DEBUG] Decreasing refcount of int object
[Elysia/DEBUG] Address: 0x159804080
[Elysia/DEBUG] Performing: jump_if_true codeBlock#13 
[Elysia/DEBUG] Performing: load_local localVar#0 
[Elysia/DEBUG] Performing: load_local localVar#5 
[Elysia/DEBUG] Increasing refcount of int object
[Elysia/DEBUG] Address: 0x159804080
[Elysia/DEBUG] Performing: invoke index(3782547968) index(37) index(2) 
[Elysia/DEBUG] Entering function 1_Str::operator[]#struct#1#0#int
[Elysia/DEBUG] Performing: load_local localVar#1 
[Elysia/DEBUG] Increasing refcount of int object
[Elysia/DEBUG] Address: 0x159804080
[Elysia/DEBUG] Performing: push_integer int(0) 
[Elysia/DEBUG] Performing: less_than 
[Elysia/DEBUG] Decreasing refcount of int object
[Elysia/DEBUG] Address: 0x159804080
[Elysia/DEBUG] Performing: jump_if_true codeBlock#1 
[Elysia/DEBUG] Performing: load_local localVar#1 
[Elysia/DEBUG] Increasing refcount of int object
[Elysia/DEBUG] Address: 0x159804080
[Elysia/DEBUG] Performing: load_local localVar#0 
[Elysia/DEBUG] Performing: load_member index(1) 
[Elysia/DEBUG] Increasing refcount of unsigned object
[Elysia/DEBUG] Address: 0x159904280
[Elysia/DEBUG] Performing: basic_cast_int 
[Elysia/DEBUG] Decreasing refcount of unsigned object
[Elysia/DEBUG] Address: 0x159904280
[Elysia/DEBUG] Performing: greater_equal 
[Elysia/DEBUG] Decreasing refcount of int object
[Elysia/DEBUG] Address: 0x159804080
[Elysia/DEBUG] Performing: jump_if_true codeBlock#1 
[Elysia/DEBUG] Performing: jump codeBlock#2 
[Elysia/DEBUG] Performing: push_boolean bool(false) 
[Elysia/DEBUG] Performing: jump codeBlock#3 
[Elysia/DEBUG] Performing: jump_if_true codeBlock#4 
[Elysia/DEBUG] Performing: jump codeBlock#5 
[Elysia/DEBUG] Performing: load_local localVar#0 
[Elysia/DEBUG] Performing: load_member index(0) 
[Elysia/DEBUG] Entering function array_char[]_gc_refcount_increase
[Elysia/DEBUG] Performing: load_local localVar#1 
[Elysia/DEBUG] Increasing refcount of int object
[Elysia/DEBUG] Address: 0x159804080
[Elysia/DEBUG] Performing: basic_cast_unsigned 
[Elysia/DEBUG] Decreasing refcount of int object
[Elysia/DEBUG] Address: 0x159804080
[Elysia/DEBUG] Performing: load_element 
[Elysia/DEBUG] Entering function array_char[]_gc_refcount_decrease
[Elysia/DEBUG] Performing: ret 
[Elysia/DEBUG] Decreasing refcount of int object
[Elysia/DEBUG] Address: 0x159804080
[Elysia/DEBUG] Performing: load_local localVar#1 
[Elysia/DEBUG] Performing: load_local localVar#6 
[Elysia/DEBUG] Performing: invoke index(3782547968) index(37) index(2) 
[Elysia/DEBUG] Entering function 1_Str::operator[]#struct#1#0#int
[Elysia/DEBUG] Performing: load_local localVar#1 
[Elysia/DEBUG] Increasing refcount of int object
[Elysia/DEBUG] Address: 0x1598040c0
[Elysia/DEBUG] Performing: push_integer int(0) 
[Elysia/DEBUG] Performing: less_than 
[Elysia/DEBUG] Decreasing refcount of int object
[Elysia/DEBUG] Address: 0x1598040c0
[Elysia/DEBUG] Performing: jump_if_true codeBlock#1 
[Elysia/DEBUG] Performing: load_local localVar#1 
[Elysia/DEBUG] Increasing refcount of int object
[Elysia/DEBUG] Address: 0x1598040c0
[Elysia/DEBUG] Performing: load_local localVar#0 
[Elysia/DEBUG] Performing: load_member index(1) 
[Elysia/DEBUG] Increasing refcount of unsigned object
[Elysia/DEBUG] Address: 0x159904110
[Elysia/DEBUG] Performing: basic_cast_int 
[Elysia/DEBUG] Decreasing refcount of unsigned object
[Elysia/DEBUG] Address: 0x159904110
[Elysia/DEBUG] Performing: greater_equal 
[Elysia/DEBUG] Decreasing refcount of int object
[Elysia/DEBUG] Address: 0x1598040c0
[Elysia/DEBUG] Performing: jump_if_true codeBlock#1 
[Elysia/DEBUG] Performing: jump codeBlock#2 
[Elysia/DEBUG] Performing: push_boolean bool(false) 
[Elysia/DEBUG] Performing: jump codeBlock#3 
[Elysia/DEBUG] Performing: jump_if_true codeBlock#4 
[Elysia/DEBUG] Performing: jump codeBlock#5 
[Elysia/DEBUG] Performing: load_local localVar#0 
[Elysia/DEBUG] Performing: load_member index(0) 
[Elysia/DEBUG] Entering function array_char[]_gc_refcount_increase
[Elysia/DEBUG] Performing: load_local localVar#1 
[Elysia/DEBUG] Increasing refcount of int object
[Elysia/DEBUG] Address: 0x1598040c0
[Elysia/DEBUG] Performing: basic_cast_unsigned 
[Elysia/DEBUG] Decreasing refcount of int object
[Elysia/DEBUG] Address: 0x1598040c0
[Elysia/DEBUG] Performing: load_element 
[Elysia/DEBUG] Entering function array_char[]_gc_refcount_decrease
[Elysia/DEBUG] Performing: ret 
[Elysia/DEBUG] Decreasing refcount of int object
[Elysia/DEBUG] Address: 0x1598040c0
[Elysia/DEBUG] Performing: equal 
[Elysia/DEBUG] Decreasing refcount of char object
[Elysia/DEBUG] Address: 0x1598040a0
[Elysia/DEBUG] Decreasing refcount of char object
[Elysia/DEBUG] Address: 0x1598040c0
[Elysia/DEBUG] Performing: jump_if_true codeBlock#15 
[Elysia/DEBUG] Performing: load_local localVar#6 
[Elysia/DEBUG] Performing: push_integer int(0) 
[Elysia/DEBUG] Performing: greater_than 
[Elysia/DEBUG] Performing: jump_if_true codeBlock#17 
[Elysia/DEBUG] Performing: jump codeBlock#18 
[Elysia/DEBUG] Performing: load_local localVar#5 
[Elysia/DEBUG] Increasing refcount of int object
[Elysia/DEBUG] Address: 0x159804080
[Elysia/DEBUG] Performing: push_integer int(1) 
[Elysia/DEBUG] Performing: add 
[Elysia/DEBUG] Decreasing refcount of int object
[Elysia/DEBUG] Address: 0x159804080
[Elysia/DEBUG] Performing: store_local localVar#5 
[Elysia/DEBUG] Decreasing refcount of int object
[Elysia/DEBUG] Address: 0x159804080
[Elysia/DEBUG] Performing: jump codeBlock#16 
[Elysia/DEBUG] Performing: load_local localVar#6 
[Elysia/DEBUG] Performing: load_local localVar#1 
[Elysia/DEBUG] Performing: load_member index(1) 
[Elysia/DEBUG] Increasing refcount of unsigned object
[Elysia/DEBUG] Address: 0x159904110
[Elysia/DEBUG] Performing: basic_cast_int 
[Elysia/DEBUG] Decreasing refcount of unsigned object
[Elysia/DEBUG] Address: 0x159904110
[Elysia/DEBUG] Performing: equal 
[Elysia/DEBUG] Performing: jump_if_true codeBlock#19 
[Elysia/DEBUG] Performing: jump codeBlock#20 
[Elysia/DEBUG] Performing: jump codeBlock#12 
[Elysia/DEBUG] Performing: load_local localVar#5 
[Elysia/DEBUG] Increasing refcount of int object
[Elysia/DEBUG] Address: 0x159804080
[Elysia/DEBUG] Performing: load_local localVar#0 
[Elysia/DEBUG] Performing: load_member index(1) 
[Elysia/DEBUG] Increasing refcount of unsigned object
[Elysia/DEBUG] Address: 0x159904280
[Elysia/DEBUG] Performing: basic_cast_int 
[Elysia/DEBUG] Decreasing refcount of unsigned object
[Elysia/DEBUG] Address: 0x159904280
[Elysia/DEBUG] Performing: less_than 
[Elysia/DEBUG] Decreasing refcount of int object
[Elysia/DEBUG] Address: 0x159804080
[Elysia/DEBUG] Performing: jump_if_true codeBlock#13 
[Elysia/DEBUG] Performing: load_local localVar#0 
[Elysia/DEBUG] Performing: load_local localVar#5 
[Elysia/DEBUG] Increasing refcount of int object
[Elysia/DEBUG] Address: 0x159804080
[Elysia/DEBUG] Performing: invoke index(3782547968) index(37) index(2) 
[Elysia/DEBUG] Entering function 1_Str::operator[]#struct#1#0#int
[Elysia/DEBUG] Performing: load_local localVar#1 
[Elysia/DEBUG] Increasing refcount of int object
[Elysia/DEBUG] Address: 0x159804080
[Elysia/DEBUG] Performing: push_integer int(0) 
[Elysia/DEBUG] Performing: less_than 
[Elysia/DEBUG] Decreasing refcount of int object
[Elysia/DEBUG] Address: 0x159804080
[Elysia/DEBUG] Performing: jump_if_true codeBlock#1 
[Elysia/DEBUG] Performing: load_local localVar#1 
[Elysia/DEBUG] Increasing refcount of int object
[Elysia/DEBUG] Address: 0x159804080
[Elysia/DEBUG] Performing: load_local localVar#0 
[Elysia/DEBUG] Performing: load_member index(1) 
[Elysia/DEBUG] Increasing refcount of unsigned object
[Elysia/DEBUG] Address: 0x159904280
[Elysia/DEBUG] Performing: basic_cast_int 
[Elysia/DEBUG] Decreasing refcount of unsigned object
[Elysia/DEBUG] Address: 0x159904280
[Elysia/DEBUG] Performing: greater_equal 
[Elysia/DEBUG] Decreasing refcount of int object
[Elysia/DEBUG] Address: 0x159804080
[Elysia/DEBUG] Performing: jump_if_true codeBlock#1 
[Elysia/DEBUG] Performing: jump codeBlock#2 
[Elysia/DEBUG] Performing: push_boolean bool(false) 
[Elysia/DEBUG] Performing: jump codeBlock#3 
[Elysia/DEBUG] Performing: jump_if_true codeBlock#4 
[Elysia/DEBUG] Performing: jump codeBlock#5 
[Elysia/DEBUG] Performing: load_local localVar#0 
[Elysia/DEBUG] Performing: load_member index(0) 
[Elysia/DEBUG] Entering function array_char[]_gc_refcount_increase
[Elysia/DEBUG] Performing: load_local localVar#1 
[Elysia/DEBUG] Increasing refcount of int object
[Elysia/DEBUG] Address: 0x159804080
[Elysia/DEBUG] Performing: basic_cast_unsigned 
[Elysia/DEBUG] Decreasing refcount of int object
[Elysia/DEBUG] Address: 0x159804080
[Elysia/DEBUG] Performing: load_element 
[Elysia/DEBUG] Entering function array_char[]_gc_refcount_decrease
[Elysia/DEBUG] Performing: ret 
[Elysia/DEBUG] Decreasing refcount of int object
[Elysia/DEBUG] Address: 0x159804080
[Elysia/DEBUG] Performing: load_local localVar#1 
[Elysia/DEBUG] Performing: load_local localVar#6 
[Elysia/DEBUG] Performing: invoke index(3782547968) index(37) index(2) 
[Elysia/DEBUG] Entering function 1_Str::operator[]#struct#1#0#int
[Elysia/DEBUG] Performing: load_local localVar#1 
[Elysia/DEBUG] Increasing refcount of int object
[Elysia/DEBUG] Address: 0x1598040c0
[Elysia/DEBUG] Performing: push_integer int(0) 
[Elysia/DEBUG] Performing: less_than 
[Elysia/DEBUG] Decreasing refcount of int object
[Elysia/DEBUG] Address: 0x1598040c0
[Elysia/DEBUG] Performing: jump_if_true codeBlock#1 
[Elysia/DEBUG] Performing: load_local localVar#1 
[Elysia/DEBUG] Increasing refcount of int object
[Elysia/DEBUG] Address: 0x1598040c0
[Elysia/DEBUG] Performing: load_local localVar#0 
[Elysia/DEBUG] Performing: load_member index(1) 
[Elysia/DEBUG] Increasing refcount of unsigned object
[Elysia/DEBUG] Address: 0x159904110
[Elysia/DEBUG] Performing: basic_cast_int 
[Elysia/DEBUG] Decreasing refcount of unsigned object
[Elysia/DEBUG] Address: 0x159904110
[Elysia/DEBUG] Performing: greater_equal 
[Elysia/DEBUG] Decreasing refcount of int object
[Elysia/DEBUG] Address: 0x1598040c0
[Elysia/DEBUG] Performing: jump_if_true codeBlock#1 
[Elysia/DEBUG] Performing: jump codeBlock#2 
[Elysia/DEBUG] Performing: push_boolean bool(false) 
[Elysia/DEBUG] Performing: jump codeBlock#3 
[Elysia/DEBUG] Performing: jump_if_true codeBlock#4 
[Elysia/DEBUG] Performing: jump codeBlock#5 
[Elysia/DEBUG] Performing: load_local localVar#0 
[Elysia/DEBUG] Performing: load_member index(0) 
[Elysia/DEBUG] Entering function array_char[]_gc_refcount_increase
[Elysia/DEBUG] Performing: load_local localVar#1 
[Elysia/DEBUG] Increasing refcount of int object
[Elysia/DEBUG] Address: 0x1598040c0
[Elysia/DEBUG] Performing: basic_cast_unsigned 
[Elysia/DEBUG] Decreasing refcount of int object
[Elysia/DEBUG] Address: 0x1598040c0
[Elysia/DEBUG] Performing: load_element 
[Elysia/DEBUG] Entering function array_char[]_gc_refcount_decrease
[Elysia/DEBUG] Performing: ret 
[Elysia/DEBUG] Decreasing refcount of int object
[Elysia/DEBUG] Address: 0x1598040c0
[Elysia/DEBUG] Performing: equal 
[Elysia/DEBUG] Decreasing refcount of char object
[Elysia/DEBUG] Address: 0x1598040a0
[Elysia/DEBUG] Decreasing refcount of char object
[Elysia/DEBUG] Address: 0x1598040c0
[Elysia/DEBUG] Performing: jump_if_true codeBlock#15 
[Elysia/DEBUG] Performing: load_local localVar#5 
[Elysia/DEBUG] Increasing refcount of int object
[Elysia/DEBUG] Address: 0x159804080
[Elysia/DEBUG] Performing: push_integer int(1) 
[Elysia/DEBUG] Performing: add 
[Elysia/DEBUG] Decreasing refcount of int object
[Elysia/DEBUG] Address: 0x159804080
[Elysia/DEBUG] Performing: store_local localVar#5 
[Elysia/DEBUG] Decreasing refcount of int object
[Elysia/DEBUG] Address: 0x159804080
[Elysia/DEBUG] Performing: load_local localVar#6 
[Elysia/DEBUG] Performing: push_integer int(1) 
[Elysia/DEBUG] Performing: add 
[Elysia/DEBUG] Performing: store_local localVar#6 
[Elysia/DEBUG] Performing: jump codeBlock#16 
[Elysia/DEBUG] Performing: load_local localVar#6 
[Elysia/DEBUG] Performing: load_local localVar#1 
[Elysia/DEBUG] Performing: load_member index(1) 
[Elysia/DEBUG] Increasing refcount of unsigned object
[Elysia/DEBUG] Address: 0x159904110
[Elysia/DEBUG] Performing: basic_cast_int 
[Elysia/DEBUG] Decreasing refcount of unsigned object
[Elysia/DEBUG] Address: 0x159904110
[Elysia/DEBUG] Performing: equal 
[Elysia/DEBUG] Performing: jump_if_true codeBlock#19 
[Elysia/DEBUG] Performing: jump codeBlock#20 
[Elysia/DEBUG] Performing: jump codeBlock#12 
[Elysia/DEBUG] Performing: load_local localVar#5 
[Elysia/DEBUG] Increasing refcount of int object
[Elysia/DEBUG] Address: 0x159804080
[Elysia/DEBUG] Performing: load_local localVar#0 
[Elysia/DEBUG] Performing: load_member index(1) 
[Elysia/DEBUG] Increasing refcount of unsigned object
[Elysia/DEBUG] Address: 0x159904280
[Elysia/DEBUG] Performing: basic_cast_int 
[Elysia/DEBUG] Decreasing refcount of unsigned object
[Elysia/DEBUG] Address: 0x159904280
[Elysia/DEBUG] Performing: less_than 
[Elysia/DEBUG] Decreasing refcount of int object
[Elysia/DEBUG] Address: 0x159804080
[Elysia/DEBUG] Performing: jump_if_true codeBlock#13 
[Elysia/DEBUG] Performing: load_local localVar#0 
[Elysia/DEBUG] Performing: load_local localVar#5 
[Elysia/DEBUG] Increasing refcount of int object
[Elysia/DEBUG] Address: 0x159804080
[Elysia/DEBUG] Performing: invoke index(3782547968) index(37) index(2) 
[Elysia/DEBUG] Entering function 1_Str::operator[]#struct#1#0#int
[Elysia/DEBUG] Performing: load_local localVar#1 
[Elysia/DEBUG] Increasing refcount of int object
[Elysia/DEBUG] Address: 0x159804080
[Elysia/DEBUG] Performing: push_integer int(0) 
[Elysia/DEBUG] Performing: less_than 
[Elysia/DEBUG] Decreasing refcount of int object
[Elysia/DEBUG] Address: 0x159804080
[Elysia/DEBUG] Performing: jump_if_true codeBlock#1 
[Elysia/DEBUG] Performing: load_local localVar#1 
[Elysia/DEBUG] Increasing refcount of int object
[Elysia/DEBUG] Address: 0x159804080
[Elysia/DEBUG] Performing: load_local localVar#0 
[Elysia/DEBUG] Performing: load_member index(1) 
[Elysia/DEBUG] Increasing refcount of unsigned object
[Elysia/DEBUG] Address: 0x159904280
[Elysia/DEBUG] Performing: basic_cast_int 
[Elysia/DEBUG] Decreasing refcount of unsigned object
[Elysia/DEBUG] Address: 0x159904280
[Elysia/DEBUG] Performing: greater_equal 
[Elysia/DEBUG] Decreasing refcount of int object
[Elysia/DEBUG] Address: 0x159804080
[Elysia/DEBUG] Performing: jump_if_true codeBlock#1 
[Elysia/DEBUG] Performing: jump codeBlock#2 
[Elysia/DEBUG] Performing: push_boolean bool(false) 
[Elysia/DEBUG] Performing: jump codeBlock#3 
[Elysia/DEBUG] Performing: jump_if_true codeBlock#4 
[Elysia/DEBUG] Performing: jump codeBlock#5 
[Elysia/DEBUG] Performing: load_local localVar#0 
[Elysia/DEBUG] Performing: load_member index(0) 
[Elysia/DEBUG] Entering function array_char[]_gc_refcount_increase
[Elysia/DEBUG] Performing: load_local localVar#1 
[Elysia/DEBUG] Increasing refcount of int object
[Elysia/DEBUG] Address: 0x159804080
[Elysia/DEBUG] Performing: basic_cast_unsigned 
[Elysia/DEBUG] Decreasing refcount of int object
[Elysia/DEBUG] Address: 0x159804080
[Elysia/DEBUG] Performing: load_element 
[Elysia/DEBUG] Entering function array_char[]_gc_refcount_decrease
[Elysia/DEBUG] Performing: ret 
[Elysia/DEBUG] Decreasing refcount of int object
[Elysia/DEBUG] Address: 0x159804080
[Elysia/DEBUG] Performing: load_local localVar#1 
[Elysia/DEBUG] Performing: load_local localVar#6 
[Elysia/DEBUG] Performing: invoke index(3782547968) index(37) index(2) 
[Elysia/DEBUG] Entering function 1_Str::operator[]#struct#1#0#int
[Elysia/DEBUG] Performing: load_local localVar#1 
[Elysia/DEBUG] Increasing refcount of int object
[Elysia/DEBUG] Address: 0x1598040c0
[Elysia/DEBUG] Performing: push_integer int(0) 
[Elysia/DEBUG] Performing: less_than 
[Elysia/DEBUG] Decreasing refcount of int object
[Elysia/DEBUG] Address: 0x1598040c0
[Elysia/DEBUG] Performing: jump_if_true codeBlock#1 
[Elysia/DEBUG] Performing: load_local localVar#1 
[Elysia/DEBUG] Increasing refcount of int object
[Elysia/DEBUG] Address: 0x1598040c0
[Elysia/DEBUG] Performing: load_local localVar#0 
[Elysia/DEBUG] Performing: load_member index(1) 
[Elysia/DEBUG] Increasing refcount of unsigned object
[Elysia/DEBUG] Address: 0x159904110
[Elysia/DEBUG] Performing: basic_cast_int 
[Elysia/DEBUG] Decreasing refcount of unsigned object
[Elysia/DEBUG] Address: 0x159904110
[Elysia/DEBUG] Performing: greater_equal 
[Elysia/DEBUG] Decreasing refcount of int object
[Elysia/DEBUG] Address: 0x1598040c0
[Elysia/DEBUG] Performing: jump_if_true codeBlock#1 
[Elysia/DEBUG] Performing: jump codeBlock#2 
[Elysia/DEBUG] Performing: push_boolean bool(false) 
[Elysia/DEBUG] Performing: jump codeBlock#3 
[Elysia/DEBUG] Performing: jump_if_true codeBlock#4 
[Elysia/DEBUG] Performing: jump codeBlock#5 
[Elysia/DEBUG] Performing: load_local localVar#0 
[Elysia/DEBUG] Performing: load_member index(0) 
[Elysia/DEBUG] Entering function array_char[]_gc_refcount_increase
[Elysia/DEBUG] Performing: load_local localVar#1 
[Elysia/DEBUG] Increasing refcount of int object
[Elysia/DEBUG] Address: 0x1598040c0
[Elysia/DEBUG] Performing: basic_cast_unsigned 
[Elysia/DEBUG] Decreasing refcount of int object
[Elysia/DEBUG] Address: 0x1598040c0
[Elysia/DEBUG] Performing: load_element 
[Elysia/DEBUG] Entering function array_char[]_gc_refcount_decrease
[Elysia/DEBUG] Performing: ret 
[Elysia/DEBUG] Decreasing refcount of int object
[Elysia/DEBUG] Address: 0x1598040c0
[Elysia/DEBUG] Performing: equal 
[Elysia/DEBUG] Decreasing refcount of char object
[Elysia/DEBUG] Address: 0x1598040a0
[Elysia/DEBUG] Decreasing refcount of char object
[Elysia/DEBUG] Address: 0x1598040c0
[Elysia/DEBUG] Performing: jump_if_true codeBlock#15 
[Elysia/DEBUG] Performing: load_local localVar#5 
[Elysia/DEBUG] Increasing refcount of int object
[Elysia/DEBUG] Address: 0x159804080
[Elysia/DEBUG] Performing: push_integer int(1) 
[Elysia/DEBUG] Performing: add 
[Elysia/DEBUG] Decreasing refcount of int object
[Elysia/DEBUG] Address: 0x159804080
[Elysia/DEBUG] Performing: store_local localVar#5 
[Elysia/DEBUG] Decreasing refcount of int object
[Elysia/DEBUG] Address: 0x159804080
[Elysia/DEBUG] Performing: load_local localVar#6 
[Elysia/DEBUG] Performing: push_integer int(1) 
[Elysia/DEBUG] Performing: add 
[Elysia/DEBUG] Performing: store_local localVar#6 
[Elysia/DEBUG] Performing: jump codeBlock#16 
[Elysia/DEBUG] Performing: load_local localVar#6 
[Elysia/DEBUG] Performing: load_local localVar#1 
[Elysia/DEBUG] Performing: load_member index(1) 
[Elysia/DEBUG] Increasing refcount of unsigned object
[Elysia/DEBUG] Address: 0x159904110
[Elysia/DEBUG] Performing: basic_cast_int 
[Elysia/DEBUG] Decreasing refcount of unsigned object
[Elysia/DEBUG] Address: 0x159904110
[Elysia/DEBUG] Performing: equal 
[Elysia/DEBUG] Performing: jump_if_true codeBlock#19 
[Elysia/DEBUG] Performing: jump codeBlock#20 
[Elysia/DEBUG] Performing: jump codeBlock#12 
[Elysia/DEBUG] Performing: load_local localVar#5 
[Elysia/DEBUG] Increasing refcount of int object
[Elysia/DEBUG] Address: 0x159804080
[Elysia/DEBUG] Performing: load_local localVar#0 
[Elysia/DEBUG] Performing: load_member index(1) 
[Elysia/DEBUG] Increasing refcount of unsigned object
[Elysia/DEBUG] Address: 0x159904280
[Elysia/DEBUG] Performing: basic_cast_int 
[Elysia/DEBUG] Decreasing refcount of unsigned object
[Elysia/DEBUG] Address: 0x159904280
[Elysia/DEBUG] Performing: less_than 
[Elysia/DEBUG] Decreasing refcount of int object
[Elysia/DEBUG] Address: 0x159804080
[Elysia/DEBUG] Performing: jump_if_true codeBlock#13 
[Elysia/DEBUG] Performing: load_local localVar#0 
[Elysia/DEBUG] Performing: load_local localVar#5 
[Elysia/DEBUG] Increasing refcount of int object
[Elysia/DEBUG] Address: 0x159804080
[Elysia/DEBUG] Performing: invoke index(3782547968) index(37) index(2) 
[Elysia/DEBUG] Entering function 1_Str::operator[]#struct#1#0#int
[Elysia/DEBUG] Performing: load_local localVar#1 
[Elysia/DEBUG] Increasing refcount of int object
[Elysia/DEBUG] Address: 0x159804080
[Elysia/DEBUG] Performing: push_integer int(0) 
[Elysia/DEBUG] Performing: less_than 
[Elysia/DEBUG] Decreasing refcount of int object
[Elysia/DEBUG] Address: 0x159804080
[Elysia/DEBUG] Performing: jump_if_true codeBlock#1 
[Elysia/DEBUG] Performing: load_local localVar#1 
[Elysia/DEBUG] Increasing refcount of int object
[Elysia/DEBUG] Address: 0x159804080
[Elysia/DEBUG] Performing: load_local localVar#0 
[Elysia/DEBUG] Performing: load_member index(1) 
[Elysia/DEBUG] Increasing refcount of unsigned object
[Elysia/DEBUG] Address: 0x159904280
[Elysia/DEBUG] Performing: basic_cast_int 
[Elysia/DEBUG] Decreasing refcount of unsigned object
[Elysia/DEBUG] Address: 0x159904280
[Elysia/DEBUG] Performing: greater_equal 
[Elysia/DEBUG] Decreasing refcount of int object
[Elysia/DEBUG] Address: 0x159804080
[Elysia/DEBUG] Performing: jump_if_true codeBlock#1 
[Elysia/DEBUG] Performing: jump codeBlock#2 
[Elysia/DEBUG] Performing: push_boolean bool(false) 
[Elysia/DEBUG] Performing: jump codeBlock#3 
[Elysia/DEBUG] Performing: jump_if_true codeBlock#4 
[Elysia/DEBUG] Performing: jump codeBlock#5 
[Elysia/DEBUG] Performing: load_local localVar#0 
[Elysia/DEBUG] Performing: load_member index(0) 
[Elysia/DEBUG] Entering function array_char[]_gc_refcount_increase
[Elysia/DEBUG] Performing: load_local localVar#1 
[Elysia/DEBUG] Increasing refcount of int object
[Elysia/DEBUG] Address: 0x159804080
[Elysia/DEBUG] Performing: basic_cast_unsigned 
[Elysia/DEBUG] Decreasing refcount of int object
[Elysia/DEBUG] Address: 0x159804080
[Elysia/DEBUG] Performing: load_element 
[Elysia/DEBUG] Entering function array_char[]_gc_refcount_decrease
[Elysia/DEBUG] Performing: ret 
[Elysia/DEBUG] Decreasing refcount of int object
[Elysia/DEBUG] Address: 0x159804080
[Elysia/DEBUG] Performing: load_local localVar#1 
[Elysia/DEBUG] Performing: load_local localVar#6 
[Elysia/DEBUG] Performing: invoke index(3782547968) index(37) index(2) 
[Elysia/DEBUG] Entering function 1_Str::operator[]#struct#1#0#int
[Elysia/DEBUG] Performing: load_local localVar#1 
[Elysia/DEBUG] Increasing refcount of int object
[Elysia/DEBUG] Address: 0x1598040c0
[Elysia/DEBUG] Performing: push_integer int(0) 
[Elysia/DEBUG] Performing: less_than 
[Elysia/DEBUG] Decreasing refcount of int object
[Elysia/DEBUG] Address: 0x1598040c0
[Elysia/DEBUG] Performing: jump_if_true codeBlock#1 
[Elysia/DEBUG] Performing: load_local localVar#1 
[Elysia/DEBUG] Increasing refcount of int object
[Elysia/DEBUG] Address: 0x1598040c0
[Elysia/DEBUG] Performing: load_local localVar#0 
[Elysia/DEBUG] Performing: load_member index(1) 
[Elysia/DEBUG] Increasing refcount of unsigned object
[Elysia/DEBUG] Address: 0x159904110
[Elysia/DEBUG] Performing: basic_cast_int 
[Elysia/DEBUG] Decreasing refcount of unsigned object
[Elysia/DEBUG] Address: 0x159904110
[Elysia/DEBUG] Performing: greater_equal 
[Elysia/DEBUG] Decreasing refcount of int object
[Elysia/DEBUG] Address: 0x1598040c0
[Elysia/DEBUG] Performing: jump_if_true codeBlock#1 
[Elysia/DEBUG] Performing: jump codeBlock#2 
[Elysia/DEBUG] Performing: push_boolean bool(false) 
[Elysia/DEBUG] Performing: jump codeBlock#3 
[Elysia/DEBUG] Performing: jump_if_true codeBlock#4 
[Elysia/DEBUG] Performing: jump codeBlock#5 
[Elysia/DEBUG] Performing: load_local localVar#0 
[Elysia/DEBUG] Performing: load_member index(0) 
[Elysia/DEBUG] Entering function array_char[]_gc_refcount_increase
[Elysia/DEBUG] Performing: load_local localVar#1 
[Elysia/DEBUG] Increasing refcount of int object
[Elysia/DEBUG] Address: 0x1598040c0
[Elysia/DEBUG] Performing: basic_cast_unsigned 
[Elysia/DEBUG] Decreasing refcount of int object
[Elysia/DEBUG] Address: 0x1598040c0
[Elysia/DEBUG] Performing: load_element 
[Elysia/DEBUG] Entering function array_char[]_gc_refcount_decrease
[Elysia/DEBUG] Performing: ret 
[Elysia/DEBUG] Decreasing refcount of int object
[Elysia/DEBUG] Address: 0x1598040c0
[Elysia/DEBUG] Performing: equal 
[Elysia/DEBUG] Decreasing refcount of char object
[Elysia/DEBUG] Address: 0x1598040a0
[Elysia/DEBUG] Decreasing refcount of char object
[Elysia/DEBUG] Address: 0x1598040c0
[Elysia/DEBUG] Performing: jump_if_true codeBlock#15 
[Elysia/DEBUG] Performing: load_local localVar#5 
[Elysia/DEBUG] Increasing refcount of int object
[Elysia/DEBUG] Address: 0x159804080
[Elysia/DEBUG] Performing: push_integer int(1) 
[Elysia/DEBUG] Performing: add 
[Elysia/DEBUG] Decreasing refcount of int object
[Elysia/DEBUG] Address: 0x159804080
[Elysia/DEBUG] Performing: store_local localVar#5 
[Elysia/DEBUG] Decreasing refcount of int object
[Elysia/DEBUG] Address: 0x159804080
[Elysia/DEBUG] Performing: load_local localVar#6 
[Elysia/DEBUG] Performing: push_integer int(1) 
[Elysia/DEBUG] Performing: add 
[Elysia/DEBUG] Performing: store_local localVar#6 
[Elysia/DEBUG] Performing: jump codeBlock#16 
[Elysia/DEBUG] Performing: load_local localVar#6 
[Elysia/DEBUG] Performing: load_local localVar#1 
[Elysia/DEBUG] Performing: load_member index(1) 
[Elysia/DEBUG] Increasing refcount of unsigned object
[Elysia/DEBUG] Address: 0x159904110
[Elysia/DEBUG] Performing: basic_cast_int 
[Elysia/DEBUG] Decreasing refcount of unsigned object
[Elysia/DEBUG] Address: 0x159904110
[Elysia/DEBUG] Performing: equal 
[Elysia/DEBUG] Performing: jump_if_true codeBlock#19 
[Elysia/DEBUG] Performing: jump codeBlock#20 
[Elysia/DEBUG] Performing: jump codeBlock#12 
[Elysia/DEBUG] Performing: load_local localVar#5 
[Elysia/DEBUG] Increasing refcount of int object
[Elysia/DEBUG] Address: 0x159804080
[Elysia/DEBUG] Performing: load_local localVar#0 
[Elysia/DEBUG] Performing: load_member index(1) 
[Elysia/DEBUG] Increasing refcount of unsigned object
[Elysia/DEBUG] Address: 0x159904280
[Elysia/DEBUG] Performing: basic_cast_int 
[Elysia/DEBUG] Decreasing refcount of unsigned object
[Elysia/DEBUG] Address: 0x159904280
[Elysia/DEBUG] Performing: less_than 
[Elysia/DEBUG] Decreasing refcount of int object
[Elysia/DEBUG] Address: 0x159804080
[Elysia/DEBUG] Performing: jump_if_true codeBlock#13 
[Elysia/DEBUG] Performing: load_local localVar#0 
[Elysia/DEBUG] Performing: load_local localVar#5 
[Elysia/DEBUG] Increasing refcount of int object
[Elysia/DEBUG] Address: 0x159804080
[Elysia/DEBUG] Performing: invoke index(3782547968) index(37) index(2) 
[Elysia/DEBUG] Entering function 1_Str::operator[]#struct#1#0#int
[Elysia/DEBUG] Performing: load_local localVar#1 
[Elysia/DEBUG] Increasing refcount of int object
[Elysia/DEBUG] Address: 0x159804080
[Elysia/DEBUG] Performing: push_integer int(0) 
[Elysia/DEBUG] Performing: less_than 
[Elysia/DEBUG] Decreasing refcount of int object
[Elysia/DEBUG] Address: 0x159804080
[Elysia/DEBUG] Performing: jump_if_true codeBlock#1 
[Elysia/DEBUG] Performing: load_local localVar#1 
[Elysia/DEBUG] Increasing refcount of int object
[Elysia/DEBUG] Address: 0x159804080
[Elysia/DEBUG] Performing: load_local localVar#0 
[Elysia/DEBUG] Performing: load_member index(1) 
[Elysia/DEBUG] Increasing refcount of unsigned object
[Elysia/DEBUG] Address: 0x159904280
[Elysia/DEBUG] Performing: basic_cast_int 
[Elysia/DEBUG] Decreasing refcount of unsigned object
[Elysia/DEBUG] Address: 0x159904280
[Elysia/DEBUG] Performing: greater_equal 
[Elysia/DEBUG] Decreasing refcount of int object
[Elysia/DEBUG] Address: 0x159804080
[Elysia/DEBUG] Performing: jump_if_true codeBlock#1 
[Elysia/DEBUG] Performing: jump codeBlock#2 
[Elysia/DEBUG] Performing: push_boolean bool(false) 
[Elysia/DEBUG] Performing: jump codeBlock#3 
[Elysia/DEBUG] Performing: jump_if_true codeBlock#4 
[Elysia/DEBUG] Performing: jump codeBlock#5 
[Elysia/DEBUG] Performing: load_local localVar#0 
[Elysia/DEBUG] Performing: load_member index(0) 
[Elysia/DEBUG] Entering function array_char[]_gc_refcount_increase
[Elysia/DEBUG] Performing: load_local localVar#1 
[Elysia/DEBUG] Increasing refcount of int object
[Elysia/DEBUG] Address: 0x159804080
[Elysia/DEBUG] Performing: basic_cast_unsigned 
[Elysia/DEBUG] Decreasing refcount of int object
[Elysia/DEBUG] Address: 0x159804080
[Elysia/DEBUG] Performing: load_element 
[Elysia/DEBUG] Entering function array_char[]_gc_refcount_decrease
[Elysia/DEBUG] Performing: ret 
[Elysia/DEBUG] Decreasing refcount of int object
[Elysia/DEBUG] Address: 0x159804080
[Elysia/DEBUG] Performing: load_local localVar#1 
[Elysia/DEBUG] Performing: load_local localVar#6 
[Elysia/DEBUG] Performing: invoke index(3782547968) index(37) index(2) 
[Elysia/DEBUG] Entering function 1_Str::operator[]#struct#1#0#int
[Elysia/DEBUG] Performing: load_local localVar#1 
[Elysia/DEBUG] Increasing refcount of int object
[Elysia/DEBUG] Address: 0x1598040c0
[Elysia/DEBUG] Performing: push_integer int(0) 
[Elysia/DEBUG] Performing: less_than 
[Elysia/DEBUG] Decreasing refcount of int object
[Elysia/DEBUG] Address: 0x1598040c0
[Elysia/DEBUG] Performing: jump_if_true codeBlock#1 
[Elysia/DEBUG] Performing: load_local localVar#1 
[Elysia/DEBUG] Increasing refcount of int object
[Elysia/DEBUG] Address: 0x1598040c0
[Elysia/DEBUG] Performing: load_local localVar#0 
[Elysia/DEBUG] Performing: load_member index(1) 
[Elysia/DEBUG] Increasing refcount of unsigned object
[Elysia/DEBUG] Address: 0x159904110
[Elysia/DEBUG] Performing: basic_cast_int 
[Elysia/DEBUG] Decreasing refcount of unsigned object
[Elysia/DEBUG] Address: 0x159904110
[Elysia/DEBUG] Performing: greater_equal 
[Elysia/DEBUG] Decreasing refcount of int object
[Elysia/DEBUG] Address: 0x1598040c0
[Elysia/DEBUG] Performing: jump_if_true codeBlock#1 
[Elysia/DEBUG] Performing: jump codeBlock#2 
[Elysia/DEBUG] Performing: push_boolean bool(false) 
[Elysia/DEBUG] Performing: jump codeBlock#3 
[Elysia/DEBUG] Performing: jump_if_true codeBlock#4 
[Elysia/DEBUG] Performing: jump codeBlock#5 
[Elysia/DEBUG] Performing: load_local localVar#0 
[Elysia/DEBUG] Performing: load_member index(0) 
[Elysia/DEBUG] Entering function array_char[]_gc_refcount_increase
[Elysia/DEBUG] Performing: load_local localVar#1 
[Elysia/DEBUG] Increasing refcount of int object
[Elysia/DEBUG] Address: 0x1598040c0
[Elysia/DEBUG] Performing: basic_cast_unsigned 
[Elysia/DEBUG] Decreasing refcount of int object
[Elysia/DEBUG] Address: 0x1598040c0
[Elysia/DEBUG] Performing: load_element 
[Elysia/DEBUG] Entering function array_char[]_gc_refcount_decrease
[Elysia/DEBUG] Performing: ret 
[Elysia/DEBUG] Decreasing refcount of int object
[Elysia/DEBUG] Address: 0x1598040c0
[Elysia/DEBUG] Performing: equal 
[Elysia/DEBUG] Decreasing refcount of char object
[Elysia/DEBUG] Address: 0x1598040a0
[Elysia/DEBUG] Decreasing refcount of char object
[Elysia/DEBUG] Address: 0x1598040c0
[Elysia/DEBUG] Performing: jump_if_true codeBlock#15 
[Elysia/DEBUG] Performing: load_local localVar#5 
[Elysia/DEBUG] Increasing refcount of int object
[Elysia/DEBUG] Address: 0x159804080
[Elysia/DEBUG] Performing: push_integer int(1) 
[Elysia/DEBUG] Performing: add 
[Elysia/DEBUG] Decreasing refcount of int object
[Elysia/DEBUG] Address: 0x159804080
[Elysia/DEBUG] Performing: store_local localVar#5 
[Elysia/DEBUG] Decreasing refcount of int object
[Elysia/DEBUG] Address: 0x159804080
[Elysia/DEBUG] Performing: load_local localVar#6 
[Elysia/DEBUG] Performing: push_integer int(1) 
[Elysia/DEBUG] Performing: add 
[Elysia/DEBUG] Performing: store_local localVar#6 
[Elysia/DEBUG] Performing: jump codeBlock#16 
[Elysia/DEBUG] Performing: load_local localVar#6 
[Elysia/DEBUG] Performing: load_local localVar#1 
[Elysia/DEBUG] Performing: load_member index(1) 
[Elysia/DEBUG] Increasing refcount of unsigned object
[Elysia/DEBUG] Address: 0x159904110
[Elysia/DEBUG] Performing: basic_cast_int 
[Elysia/DEBUG] Decreasing refcount of unsigned object
[Elysia/DEBUG] Address: 0x159904110
[Elysia/DEBUG] Performing: equal 
[Elysia/DEBUG] Performing: jump_if_true codeBlock#19 
[Elysia/DEBUG] Performing: jump codeBlock#20 
[Elysia/DEBUG] Performing: jump codeBlock#12 
[Elysia/DEBUG] Performing: load_local localVar#5 
[Elysia/DEBUG] Increasing refcount of int object
[Elysia/DEBUG] Address: 0x159804080
[Elysia/DEBUG] Performing: load_local localVar#0 
[Elysia/DEBUG] Performing: load_member index(1) 
[Elysia/DEBUG] Increasing refcount of unsigned object
[Elysia/DEBUG] Address: 0x159904280
[Elysia/DEBUG] Performing: basic_cast_int 
[Elysia/DEBUG] Decreasing refcount of unsigned object
[Elysia/DEBUG] Address: 0x159904280
[Elysia/DEBUG] Performing: less_than 
[Elysia/DEBUG] Decreasing refcount of int object
[Elysia/DEBUG] Address: 0x159804080
[Elysia/DEBUG] Performing: jump_if_true codeBlock#13 
[Elysia/DEBUG] Performing: load_local localVar#0 
[Elysia/DEBUG] Performing: load_local localVar#5 
[Elysia/DEBUG] Increasing refcount of int object
[Elysia/DEBUG] Address: 0x159804080
[Elysia/DEBUG] Performing: invoke index(3782547968) index(37) index(2) 
[Elysia/DEBUG] Entering function 1_Str::operator[]#struct#1#0#int
[Elysia/DEBUG] Performing: load_local localVar#1 
[Elysia/DEBUG] Increasing refcount of int object
[Elysia/DEBUG] Address: 0x159804080
[Elysia/DEBUG] Performing: push_integer int(0) 
[Elysia/DEBUG] Performing: less_than 
[Elysia/DEBUG] Decreasing refcount of int object
[Elysia/DEBUG] Address: 0x159804080
[Elysia/DEBUG] Performing: jump_if_true codeBlock#1 
[Elysia/DEBUG] Performing: load_local localVar#1 
[Elysia/DEBUG] Increasing refcount of int object
[Elysia/DEBUG] Address: 0x159804080
[Elysia/DEBUG] Performing: load_local localVar#0 
[Elysia/DEBUG] Performing: load_member index(1) 
[Elysia/DEBUG] Increasing refcount of unsigned object
[Elysia/DEBUG] Address: 0x159904280
[Elysia/DEBUG] Performing: basic_cast_int 
[Elysia/DEBUG] Decreasing refcount of unsigned object
[Elysia/DEBUG] Address: 0x159904280
[Elysia/DEBUG] Performing: greater_equal 
[Elysia/DEBUG] Decreasing refcount of int object
[Elysia/DEBUG] Address: 0x159804080
[Elysia/DEBUG] Performing: jump_if_true codeBlock#1 
[Elysia/DEBUG] Performing: jump codeBlock#2 
[Elysia/DEBUG] Performing: push_boolean bool(false) 
[Elysia/DEBUG] Performing: jump codeBlock#3 
[Elysia/DEBUG] Performing: jump_if_true codeBlock#4 
[Elysia/DEBUG] Performing: jump codeBlock#5 
[Elysia/DEBUG] Performing: load_local localVar#0 
[Elysia/DEBUG] Performing: load_member index(0) 
[Elysia/DEBUG] Entering function array_char[]_gc_refcount_increase
[Elysia/DEBUG] Performing: load_local localVar#1 
[Elysia/DEBUG] Increasing refcount of int object
[Elysia/DEBUG] Address: 0x159804080
[Elysia/DEBUG] Performing: basic_cast_unsigned 
[Elysia/DEBUG] Decreasing refcount of int object
[Elysia/DEBUG] Address: 0x159804080
[Elysia/DEBUG] Performing: load_element 
[Elysia/DEBUG] Entering function array_char[]_gc_refcount_decrease
[Elysia/DEBUG] Performing: ret 
[Elysia/DEBUG] Decreasing refcount of int object
[Elysia/DEBUG] Address: 0x159804080
[Elysia/DEBUG] Performing: load_local localVar#1 
[Elysia/DEBUG] Performing: load_local localVar#6 
[Elysia/DEBUG] Performing: invoke index(3782547968) index(37) index(2) 
[Elysia/DEBUG] Entering function 1_Str::operator[]#struct#1#0#int
[Elysia/DEBUG] Performing: load_local localVar#1 
[Elysia/DEBUG] Increasing refcount of int object
[Elysia/DEBUG] Address: 0x1598040c0
[Elysia/DEBUG] Performing: push_integer int(0) 
[Elysia/DEBUG] Performing: less_than 
[Elysia/DEBUG] Decreasing refcount of int object
[Elysia/DEBUG] Address: 0x1598040c0
[Elysia/DEBUG] Performing: jump_if_true codeBlock#1 
[Elysia/DEBUG] Performing: load_local localVar#1 
[Elysia/DEBUG] Increasing refcount of int object
[Elysia/DEBUG] Address: 0x1598040c0
[Elysia/DEBUG] Performing: load_local localVar#0 
[Elysia/DEBUG] Performing: load_member index(1) 
[Elysia/DEBUG] Increasing refcount of unsigned object
[Elysia/DEBUG] Address: 0x159904110
[Elysia/DEBUG] Performing: basic_cast_int 
[Elysia/DEBUG] Decreasing refcount of unsigned object
[Elysia/DEBUG] Address: 0x159904110
[Elysia/DEBUG] Performing: greater_equal 
[Elysia/DEBUG] Decreasing refcount of int object
[Elysia/DEBUG] Address: 0x1598040c0
[Elysia/DEBUG] Performing: jump_if_true codeBlock#1 
[Elysia/DEBUG] Performing: jump codeBlock#2 
[Elysia/DEBUG] Performing: push_boolean bool(false) 
[Elysia/DEBUG] Performing: jump codeBlock#3 
[Elysia/DEBUG] Performing: jump_if_true codeBlock#4 
[Elysia/DEBUG] Performing: jump codeBlock#5 
[Elysia/DEBUG] Performing: load_local localVar#0 
[Elysia/DEBUG] Performing: load_member index(0) 
[Elysia/DEBUG] Entering function array_char[]_gc_refcount_increase
[Elysia/DEBUG] Performing: load_local localVar#1 
[Elysia/DEBUG] Increasing refcount of int object
[Elysia/DEBUG] Address: 0x1598040c0
[Elysia/DEBUG] Performing: basic_cast_unsigned 
[Elysia/DEBUG] Decreasing refcount of int object
[Elysia/DEBUG] Address: 0x1598040c0
[Elysia/DEBUG] Performing: load_element 
[Elysia/DEBUG] Entering function array_char[]_gc_refcount_decrease
[Elysia/DEBUG] Performing: ret 
[Elysia/DEBUG] Decreasing refcount of int object
[Elysia/DEBUG] Address: 0x1598040c0
[Elysia/DEBUG] Performing: equal 
[Elysia/DEBUG] Decreasing refcount of char object
[Elysia/DEBUG] Address: 0x1598040a0
[Elysia/DEBUG] Decreasing refcount of char object
[Elysia/DEBUG] Address: 0x1598040c0
[Elysia/DEBUG] Performing: jump_if_true codeBlock#15 
[Elysia/DEBUG] Performing: load_local localVar#5 
[Elysia/DEBUG] Increasing refcount of int object
[Elysia/DEBUG] Address: 0x159804080
[Elysia/DEBUG] Performing: push_integer int(1) 
[Elysia/DEBUG] Performing: add 
[Elysia/DEBUG] Decreasing refcount of int object
[Elysia/DEBUG] Address: 0x159804080
[Elysia/DEBUG] Performing: store_local localVar#5 
[Elysia/DEBUG] Decreasing refcount of int object
[Elysia/DEBUG] Address: 0x159804080
[Elysia/DEBUG] Performing: load_local localVar#6 
[Elysia/DEBUG] Performing: push_integer int(1) 
[Elysia/DEBUG] Performing: add 
[Elysia/DEBUG] Performing: store_local localVar#6 
[Elysia/DEBUG] Performing: jump codeBlock#16 
[Elysia/DEBUG] Performing: load_local localVar#6 
[Elysia/DEBUG] Performing: load_local localVar#1 
[Elysia/DEBUG] Performing: load_member index(1) 
[Elysia/DEBUG] Increasing refcount of unsigned object
[Elysia/DEBUG] Address: 0x159904110
[Elysia/DEBUG] Performing: basic_cast_int 
[Elysia/DEBUG] Decreasing refcount of unsigned object
[Elysia/DEBUG] Address: 0x159904110
[Elysia/DEBUG] Performing: equal 
[Elysia/DEBUG] Performing: jump_if_true codeBlock#19 
[Elysia/DEBUG] Performing: jump codeBlock#20 
[Elysia/DEBUG] Performing: jump codeBlock#12 
[Elysia/DEBUG] Performing: load_local localVar#5 
[Elysia/DEBUG] Increasing refcount of int object
[Elysia/DEBUG] Address: 0x159804080
[Elysia/DEBUG] Performing: load_local localVar#0 
[Elysia/DEBUG] Performing: load_member index(1) 
[Elysia/DEBUG] Increasing refcount of unsigned object
[Elysia/DEBUG] Address: 0x159904280
[Elysia/DEBUG] Performing: basic_cast_int 
[Elysia/DEBUG] Decreasing refcount of unsigned object
[Elysia/DEBUG] Address: 0x159904280
[Elysia/DEBUG] Performing: less_than 
[Elysia/DEBUG] Decreasing refcount of int object
[Elysia/DEBUG] Address: 0x159804080
[Elysia/DEBUG] Performing: jump_if_true codeBlock#13 
[Elysia/DEBUG] Performing: load_local localVar#0 
[Elysia/DEBUG] Performing: load_local localVar#5 
[Elysia/DEBUG] Increasing refcount of int object
[Elysia/DEBUG] Address: 0x159804080
[Elysia/DEBUG] Performing: invoke index(3782547968) index(37) index(2) 
[Elysia/DEBUG] Entering function 1_Str::operator[]#struct#1#0#int
[Elysia/DEBUG] Performing: load_local localVar#1 
[Elysia/DEBUG] Increasing refcount of int object
[Elysia/DEBUG] Address: 0x159804080
[Elysia/DEBUG] Performing: push_integer int(0) 
[Elysia/DEBUG] Performing: less_than 
[Elysia/DEBUG] Decreasing refcount of int object
[Elysia/DEBUG] Address: 0x159804080
[Elysia/DEBUG] Performing: jump_if_true codeBlock#1 
[Elysia/DEBUG] Performing: load_local localVar#1 
[Elysia/DEBUG] Increasing refcount of int object
[Elysia/DEBUG] Address: 0x159804080
[Elysia/DEBUG] Performing: load_local localVar#0 
[Elysia/DEBUG] Performing: load_member index(1) 
[Elysia/DEBUG] Increasing refcount of unsigned object
[Elysia/DEBUG] Address: 0x159904280
[Elysia/DEBUG] Performing: basic_cast_int 
[Elysia/DEBUG] Decreasing refcount of unsigned object
[Elysia/DEBUG] Address: 0x159904280
[Elysia/DEBUG] Performing: greater_equal 
[Elysia/DEBUG] Decreasing refcount of int object
[Elysia/DEBUG] Address: 0x159804080
[Elysia/DEBUG] Performing: jump_if_true codeBlock#1 
[Elysia/DEBUG] Performing: jump codeBlock#2 
[Elysia/DEBUG] Performing: push_boolean bool(false) 
[Elysia/DEBUG] Performing: jump codeBlock#3 
[Elysia/DEBUG] Performing: jump_if_true codeBlock#4 
[Elysia/DEBUG] Performing: jump codeBlock#5 
[Elysia/DEBUG] Performing: load_local localVar#0 
[Elysia/DEBUG] Performing: load_member index(0) 
[Elysia/DEBUG] Entering function array_char[]_gc_refcount_increase
[Elysia/DEBUG] Performing: load_local localVar#1 
[Elysia/DEBUG] Increasing refcount of int object
[Elysia/DEBUG] Address: 0x159804080
[Elysia/DEBUG] Performing: basic_cast_unsigned 
[Elysia/DEBUG] Decreasing refcount of int object
[Elysia/DEBUG] Address: 0x159804080
[Elysia/DEBUG] Performing: load_element 
[Elysia/DEBUG] Entering function array_char[]_gc_refcount_decrease
[Elysia/DEBUG] Performing: ret 
[Elysia/DEBUG] Decreasing refcount of int object
[Elysia/DEBUG] Address: 0x159804080
[Elysia/DEBUG] Performing: load_local localVar#1 
[Elysia/DEBUG] Performing: load_local localVar#6 
[Elysia/DEBUG] Performing: invoke index(3782547968) index(37) index(2) 
[Elysia/DEBUG] Entering function 1_Str::operator[]#struct#1#0#int
[Elysia/DEBUG] Performing: load_local localVar#1 
[Elysia/DEBUG] Increasing refcount of int object
[Elysia/DEBUG] Address: 0x1598040c0
[Elysia/DEBUG] Performing: push_integer int(0) 
[Elysia/DEBUG] Performing: less_than 
[Elysia/DEBUG] Decreasing refcount of int object
[Elysia/DEBUG] Address: 0x1598040c0
[Elysia/DEBUG] Performing: jump_if_true codeBlock#1 
[Elysia/DEBUG] Performing: load_local localVar#1 
[Elysia/DEBUG] Increasing refcount of int object
[Elysia/DEBUG] Address: 0x1598040c0
[Elysia/DEBUG] Performing: load_local localVar#0 
[Elysia/DEBUG] Performing: load_member index(1) 
[Elysia/DEBUG] Increasing refcount of unsigned object
[Elysia/DEBUG] Address: 0x159904110
[Elysia/DEBUG] Performing: basic_cast_int 
[Elysia/DEBUG] Decreasing refcount of unsigned object
[Elysia/DEBUG] Address: 0x159904110
[Elysia/DEBUG] Performing: greater_equal 
[Elysia/DEBUG] Decreasing refcount of int object
[Elysia/DEBUG] Address: 0x1598040c0
[Elysia/DEBUG] Performing: jump_if_true codeBlock#1 
[Elysia/DEBUG] Performing: jump codeBlock#2 
[Elysia/DEBUG] Performing: push_boolean bool(false) 
[Elysia/DEBUG] Performing: jump codeBlock#3 
[Elysia/DEBUG] Performing: jump_if_true codeBlock#4 
[Elysia/DEBUG] Performing: jump codeBlock#5 
[Elysia/DEBUG] Performing: load_local localVar#0 
[Elysia/DEBUG] Performing: load_member index(0) 
[Elysia/DEBUG] Entering function array_char[]_gc_refcount_increase
[Elysia/DEBUG] Performing: load_local localVar#1 
[Elysia/DEBUG] Increasing refcount of int object
[Elysia/DEBUG] Address: 0x1598040c0
[Elysia/DEBUG] Performing: basic_cast_unsigned 
[Elysia/DEBUG] Decreasing refcount of int object
[Elysia/DEBUG] Address: 0x1598040c0
[Elysia/DEBUG] Performing: load_element 
[Elysia/DEBUG] Entering function array_char[]_gc_refcount_decrease
[Elysia/DEBUG] Performing: ret 
[Elysia/DEBUG] Decreasing refcount of int object
[Elysia/DEBUG] Address: 0x1598040c0
[Elysia/DEBUG] Performing: equal 
[Elysia/DEBUG] Decreasing refcount of char object
[Elysia/DEBUG] Address: 0x1598040a0
[Elysia/DEBUG] Decreasing refcount of char object
[Elysia/DEBUG] Address: 0x1598040c0
[Elysia/DEBUG] Performing: jump_if_true codeBlock#15 
[Elysia/DEBUG] Performing: load_local localVar#5 
[Elysia/DEBUG] Increasing refcount of int object
[Elysia/DEBUG] Address: 0x159804080
[Elysia/DEBUG] Performing: push_integer int(1) 
[Elysia/DEBUG] Performing: add 
[Elysia/DEBUG] Decreasing refcount of int object
[Elysia/DEBUG] Address: 0x159804080
[Elysia/DEBUG] Performing: store_local localVar#5 
[Elysia/DEBUG] Decreasing refcount of int object
[Elysia/DEBUG] Address: 0x159804080
[Elysia/DEBUG] Performing: load_local localVar#6 
[Elysia/DEBUG] Performing: push_integer int(1) 
[Elysia/DEBUG] Performing: add 
[Elysia/DEBUG] Performing: store_local localVar#6 
[Elysia/DEBUG] Performing: jump codeBlock#16 
[Elysia/DEBUG] Performing: load_local localVar#6 
[Elysia/DEBUG] Performing: load_local localVar#1 
[Elysia/DEBUG] Performing: load_member index(1) 
[Elysia/DEBUG] Increasing refcount of unsigned object
[Elysia/DEBUG] Address: 0x159904110
[Elysia/DEBUG] Performing: basic_cast_int 
[Elysia/DEBUG] Decreasing refcount of unsigned object
[Elysia/DEBUG] Address: 0x159904110
[Elysia/DEBUG] Performing: equal 
[Elysia/DEBUG] Performing: jump_if_true codeBlock#19 
[Elysia/DEBUG] Performing: load_local localVar#5 
[Elysia/DEBUG] Increasing refcount of int object
[Elysia/DEBUG] Address: 0x159804080
[Elysia/DEBUG] Performing: load_local localVar#6 
[Elysia/DEBUG] Performing: sub 
[Elysia/DEBUG] Decreasing refcount of int object
[Elysia/DEBUG] Address: 0x159804080
[Elysia/DEBUG] Performing: ret 
[Elysia/DEBUG] Decreasing refcount of int object
[Elysia/DEBUG] Address: 0x1599042a0
[Elysia/DEBUG] Entering function array_int[]_gc_refcount_decrease
[Elysia/DEBUG] Decreasing refcount of int object
[Elysia/DEBUG] Address: 0x159804080
[Elysia/DEBUG] Performing: store_local localVar#3 
[Elysia/DEBUG] Decreasing refcount of int object
[Elysia/DEBUG] Address: 0x159904230
[Elysia/DEBUG] Performing: load_local localVar#3 
[Elysia/DEBUG] Increasing refcount of int object
[Elysia/DEBUG] Address: 0x159804080
[Elysia/DEBUG] Performing: push_integer int(-1) 
[Elysia/DEBUG] Performing: not_equal 
[Elysia/DEBUG] Decreasing refcount of int object
[Elysia/DEBUG] Address: 0x159804080
[Elysia/DEBUG] Performing: jump_if_true codeBlock#4 
[Elysia/DEBUG] Performing: load_local localVar#2 
[Elysia/DEBUG] Performing: push_integer int(1) 
[Elysia/DEBUG] Performing: add 
[Elysia/DEBUG] Performing: store_local localVar#2 
[Elysia/DEBUG] Performing: load_local localVar#3 
[Elysia/DEBUG] Increasing refcount of int object
[Elysia/DEBUG] Address: 0x159804080
[Elysia/DEBUG] Performing: load_local localVar#1 
[Elysia/DEBUG] Performing: load_member index(1) 
[Elysia/DEBUG] Increasing refcount of unsigned object
[Elysia/DEBUG] Address: 0x159904110
[Elysia/DEBUG] Performing: basic_cast_int 
[Elysia/DEBUG] Decreasing refcount of unsigned object
[Elysia/DEBUG] Address: 0x159904110
[Elysia/DEBUG] Performing: add 
[Elysia/DEBUG] Decreasing refcount of int object
[Elysia/DEBUG] Address: 0x159804080
[Elysia/DEBUG] Performing: store_local localVar#4 
[Elysia/DEBUG] Decreasing refcount of int object
[Elysia/DEBUG] Address: 0x1599042a0
[Elysia/DEBUG] Performing: jump codeBlock#5 
[Elysia/DEBUG] Performing: jump codeBlock#1 
[Elysia/DEBUG] Performing: load_local localVar#3 
[Elysia/DEBUG] Increasing refcount of int object
[Elysia/DEBUG] Address: 0x159804080
[Elysia/DEBUG] Performing: push_integer int(-1) 
[Elysia/DEBUG] Performing: not_equal 
[Elysia/DEBUG] Decreasing refcount of int object
[Elysia/DEBUG] Address: 0x159804080
[Elysia/DEBUG] Performing: jump_if_true codeBlock#2 
[Elysia/DEBUG] Performing: load_local localVar#0 
[Elysia/DEBUG] Performing: load_local localVar#1 
[Elysia/DEBUG] Performing: load_local localVar#4 
[Elysia/DEBUG] Increasing refcount of int object
[Elysia/DEBUG] Address: 0x1598040a0
[Elysia/DEBUG] Performing: invoke index(3782547968) index(12) index(3) 
[Elysia/DEBUG] Entering function 1_Str::find#struct#1#0#int
[Elysia/DEBUG] Performing: load_local localVar#1 
[Elysia/DEBUG] Performing: load_member index(1) 
[Elysia/DEBUG] Increasing refcount of unsigned object
[Elysia/DEBUG] Address: 0x159904110
[Elysia/DEBUG] Performing: load_local localVar#0 
[Elysia/DEBUG] Performing: load_member index(1) 
[Elysia/DEBUG] Increasing refcount of unsigned object
[Elysia/DEBUG] Address: 0x159904280
[Elysia/DEBUG] Performing: greater_than 
[Elysia/DEBUG] Decreasing refcount of unsigned object
[Elysia/DEBUG] Address: 0x159904110
[Elysia/DEBUG] Decreasing refcount of unsigned object
[Elysia/DEBUG] Address: 0x159904280
[Elysia/DEBUG] Performing: jump_if_true codeBlock#1 
[Elysia/DEBUG] Performing: jump codeBlock#2 
[Elysia/DEBUG] Performing: push_integer int(0) 
[Elysia/DEBUG] Performing: load_local localVar#1 
[Elysia/DEBUG] Performing: load_member index(1) 
[Elysia/DEBUG] Increasing refcount of unsigned object
[Elysia/DEBUG] Address: 0x159904110
[Elysia/DEBUG] Performing: new_dynamic_array_int index(1) 
[Elysia/DEBUG] Decreasing refcount of unsigned object
[Elysia/DEBUG] Address: 0x159904110
[Elysia/DEBUG] Performing: store_local localVar#3 
[Elysia/DEBUG] Entering function array_int[]_gc_refcount_decrease
[Elysia/DEBUG] Performing: push_integer int(0) 
[Elysia/DEBUG] Performing: store_local localVar#4 
[Elysia/DEBUG] Performing: push_integer int(1) 
[Elysia/DEBUG] Performing: store_local localVar#5 
[Elysia/DEBUG] Performing: jump codeBlock#3 
[Elysia/DEBUG] Performing: load_local localVar#5 
[Elysia/DEBUG] Increasing refcount of int object
[Elysia/DEBUG] Address: 0x159804110
[Elysia/DEBUG] Performing: load_local localVar#1 
[Elysia/DEBUG] Performing: load_member index(1) 
[Elysia/DEBUG] Increasing refcount of unsigned object
[Elysia/DEBUG] Address: 0x159904110
[Elysia/DEBUG] Performing: basic_cast_int 
[Elysia/DEBUG] Decreasing refcount of unsigned object
[Elysia/DEBUG] Address: 0x159904110
[Elysia/DEBUG] Performing: less_than 
[Elysia/DEBUG] Decreasing refcount of int object
[Elysia/DEBUG] Address: 0x159804110
[Elysia/DEBUG] Performing: jump_if_true codeBlock#4 
[Elysia/DEBUG] Performing: load_local localVar#1 
[Elysia/DEBUG] Performing: load_local localVar#5 
[Elysia/DEBUG] Increasing refcount of int object
[Elysia/DEBUG] Address: 0x159804110
[Elysia/DEBUG] Performing: invoke index(3782547968) index(37) index(2) 
[Elysia/DEBUG] Entering function 1_Str::operator[]#struct#1#0#int
[Elysia/DEBUG] Performing: load_local localVar#1 
[Elysia/DEBUG] Increasing refcount of int object
[Elysia/DEBUG] Address: 0x159804110
[Elysia/DEBUG] Performing: push_integer int(0) 
[Elysia/DEBUG] Performing: less_than 
[Elysia/DEBUG] Decreasing refcount of int object
[Elysia/DEBUG] Address: 0x159804110
[Elysia/DEBUG] Performing: jump_if_true codeBlock#1 
[Elysia/DEBUG] Performing: load_local localVar#1 
[Elysia/DEBUG] Increasing refcount of int object
[Elysia/DEBUG] Address: 0x159804110
[Elysia/DEBUG] Performing: load_local localVar#0 
[Elysia/DEBUG] Performing: load_member index(1) 
[Elysia/DEBUG] Increasing refcount of unsigned object
[Elysia/DEBUG] Address: 0x159904110
[Elysia/DEBUG] Performing: basic_cast_int 
[Elysia/DEBUG] Decreasing refcount of unsigned object
[Elysia/DEBUG] Address: 0x159904110
[Elysia/DEBUG] Performing: greater_equal 
[Elysia/DEBUG] Decreasing refcount of int object
[Elysia/DEBUG] Address: 0x159804110
[Elysia/DEBUG] Performing: jump_if_true codeBlock#1 
[Elysia/DEBUG] Performing: jump codeBlock#2 
[Elysia/DEBUG] Performing: push_boolean bool(false) 
[Elysia/DEBUG] Performing: jump codeBlock#3 
[Elysia/DEBUG] Performing: jump_if_true codeBlock#4 
[Elysia/DEBUG] Performing: jump codeBlock#5 
[Elysia/DEBUG] Performing: load_local localVar#0 
[Elysia/DEBUG] Performing: load_member index(0) 
[Elysia/DEBUG] Entering function array_char[]_gc_refcount_increase
[Elysia/DEBUG] Performing: load_local localVar#1 
[Elysia/DEBUG] Increasing refcount of int object
[Elysia/DEBUG] Address: 0x159804110
[Elysia/DEBUG] Performing: basic_cast_unsigned 
[Elysia/DEBUG] Decreasing refcount of int object
[Elysia/DEBUG] Address: 0x159804110
[Elysia/DEBUG] Performing: load_element 
[Elysia/DEBUG] Entering function array_char[]_gc_refcount_decrease
[Elysia/DEBUG] Performing: ret 
[Elysia/DEBUG] Decreasing refcount of int object
[Elysia/DEBUG] Address: 0x159804110
[Elysia/DEBUG] Performing: load_local localVar#1 
[Elysia/DEBUG] Performing: load_local localVar#4 
[Elysia/DEBUG] Performing: invoke index(3782547968) index(37) index(2) 
[Elysia/DEBUG] Entering function 1_Str::operator[]#struct#1#0#int
[Elysia/DEBUG] Performing: load_local localVar#1 
[Elysia/DEBUG] Increasing refcount of int object
[Elysia/DEBUG] Address: 0x159804150
[Elysia/DEBUG] Performing: push_integer int(0) 
[Elysia/DEBUG] Performing: less_than 
[Elysia/DEBUG] Decreasing refcount of int object
[Elysia/DEBUG] Address: 0x159804150
[Elysia/DEBUG] Performing: jump_if_true codeBlock#1 
[Elysia/DEBUG] Performing: load_local localVar#1 
[Elysia/DEBUG] Increasing refcount of int object
[Elysia/DEBUG] Address: 0x159804150
[Elysia/DEBUG] Performing: load_local localVar#0 
[Elysia/DEBUG] Performing: load_member index(1) 
[Elysia/DEBUG] Increasing refcount of unsigned object
[Elysia/DEBUG] Address: 0x159904110
[Elysia/DEBUG] Performing: basic_cast_int 
[Elysia/DEBUG] Decreasing refcount of unsigned object
[Elysia/DEBUG] Address: 0x159904110
[Elysia/DEBUG] Performing: greater_equal 
[Elysia/DEBUG] Decreasing refcount of int object
[Elysia/DEBUG] Address: 0x159804150
[Elysia/DEBUG] Performing: jump_if_true codeBlock#1 
[Elysia/DEBUG] Performing: jump codeBlock#2 
[Elysia/DEBUG] Performing: push_boolean bool(false) 
[Elysia/DEBUG] Performing: jump codeBlock#3 
[Elysia/DEBUG] Performing: jump_if_true codeBlock#4 
[Elysia/DEBUG] Performing: jump codeBlock#5 
[Elysia/DEBUG] Performing: load_local localVar#0 
[Elysia/DEBUG] Performing: load_member index(0) 
[Elysia/DEBUG] Entering function array_char[]_gc_refcount_increase
[Elysia/DEBUG] Performing: load_local localVar#1 
[Elysia/DEBUG] Increasing refcount of int object
[Elysia/DEBUG] Address: 0x159804150
[Elysia/DEBUG] Performing: basic_cast_unsigned 
[Elysia/DEBUG] Decreasing refcount of int object
[Elysia/DEBUG] Address: 0x159804150
[Elysia/DEBUG] Performing: load_element 
[Elysia/DEBUG] Entering function array_char[]_gc_refcount_decrease
[Elysia/DEBUG] Performing: ret 
[Elysia/DEBUG] Decreasing refcount of int object
[Elysia/DEBUG] Address: 0x159804150
[Elysia/DEBUG] Performing: equal 
[Elysia/DEBUG] Decreasing refcount of char object
[Elysia/DEBUG] Address: 0x159804130
[Elysia/DEBUG] Decreasing refcount of char object
[Elysia/DEBUG] Address: 0x159804150
[Elysia/DEBUG] Performing: jump_if_true codeBlock#6 
[Elysia/DEBUG] Performing: jump codeBlock#8 
[Elysia/DEBUG] Performing: load_local localVar#4 
[Elysia/DEBUG] Performing: push_integer int(0) 
[Elysia/DEBUG] Performing: equal 
[Elysia/DEBUG] Performing: jump_if_true codeBlock#9 
[Elysia/DEBUG] Performing: push_integer int(0) 
[Elysia/DEBUG] Performing: load_local localVar#3 
[Elysia/DEBUG] Entering function array_int[]_gc_refcount_increase
[Elysia/DEBUG] Performing: push_unsigned unsigned(0) 
[Elysia/DEBUG] Performing: load_local localVar#5 
[Elysia/DEBUG] Increasing refcount of int object
[Elysia/DEBUG] Address: 0x159804110
[Elysia/DEBUG] Performing: basic_cast_unsigned 
[Elysia/DEBUG] Decreasing refcount of int object
[Elysia/DEBUG] Address: 0x159804110
[Elysia/DEBUG] Performing: push_unsigned unsigned(1) 
[Elysia/DEBUG] Performing: mul 
[Elysia/DEBUG] Performing: add 
[Elysia/DEBUG] Performing: store_element unknown 
[Elysia/DEBUG] Entering function array_int[]_gc_refcount_decrease
[Elysia/DEBUG] Performing: load_local localVar#3 
[Elysia/DEBUG] Entering function array_int[]_gc_refcount_increase
[Elysia/DEBUG] Performing: push_unsigned unsigned(0) 
[Elysia/DEBUG] Performing: load_local localVar#5 
[Elysia/DEBUG] Increasing refcount of int object
[Elysia/DEBUG] Address: 0x159804110
[Elysia/DEBUG] Performing: basic_cast_unsigned 
[Elysia/DEBUG] Decreasing refcount of int object
[Elysia/DEBUG] Address: 0x159804110
[Elysia/DEBUG] Performing: push_unsigned unsigned(1) 
[Elysia/DEBUG] Performing: mul 
[Elysia/DEBUG] Performing: add 
[Elysia/DEBUG] Performing: load_element 
[Elysia/DEBUG] Entering function array_int[]_gc_refcount_decrease
[Elysia/DEBUG] Performing: pop 
[Elysia/DEBUG] Popped value: loaded_val340
[Elysia/DEBUG] Performing: load_local localVar#5 
[Elysia/DEBUG] Increasing refcount of int object
[Elysia/DEBUG] Address: 0x159804110
[Elysia/DEBUG] Performing: push_integer int(1) 
[Elysia/DEBUG] Performing: add 
[Elysia/DEBUG] Decreasing refcount of int object
[Elysia/DEBUG] Address: 0x159804110
[Elysia/DEBUG] Performing: store_local localVar#5 
[Elysia/DEBUG] Decreasing refcount of int object
[Elysia/DEBUG] Address: 0x159804110
[Elysia/DEBUG] Performing: jump codeBlock#10 
[Elysia/DEBUG] Performing: jump codeBlock#7 
[Elysia/DEBUG] Performing: jump codeBlock#3 
[Elysia/DEBUG] Performing: load_local localVar#5 
[Elysia/DEBUG] Increasing refcount of int object
[Elysia/DEBUG] Address: 0x159804110
[Elysia/DEBUG] Performing: load_local localVar#1 
[Elysia/DEBUG] Performing: load_member index(1) 
[Elysia/DEBUG] Increasing refcount of unsigned object
[Elysia/DEBUG] Address: 0x159904110
[Elysia/DEBUG] Performing: basic_cast_int 
[Elysia/DEBUG] Decreasing refcount of unsigned object
[Elysia/DEBUG] Address: 0x159904110
[Elysia/DEBUG] Performing: less_than 
[Elysia/DEBUG] Decreasing refcount of int object
[Elysia/DEBUG] Address: 0x159804110
[Elysia/DEBUG] Performing: jump_if_true codeBlock#4 
[Elysia/DEBUG] Performing: load_local localVar#1 
[Elysia/DEBUG] Performing: load_local localVar#5 
[Elysia/DEBUG] Increasing refcount of int object
[Elysia/DEBUG] Address: 0x159804110
[Elysia/DEBUG] Performing: invoke index(3782547968) index(37) index(2) 
[Elysia/DEBUG] Entering function 1_Str::operator[]#struct#1#0#int
[Elysia/DEBUG] Performing: load_local localVar#1 
[Elysia/DEBUG] Increasing refcount of int object
[Elysia/DEBUG] Address: 0x159804110
[Elysia/DEBUG] Performing: push_integer int(0) 
[Elysia/DEBUG] Performing: less_than 
[Elysia/DEBUG] Decreasing refcount of int object
[Elysia/DEBUG] Address: 0x159804110
[Elysia/DEBUG] Performing: jump_if_true codeBlock#1 
[Elysia/DEBUG] Performing: load_local localVar#1 
[Elysia/DEBUG] Increasing refcount of int object
[Elysia/DEBUG] Address: 0x159804110
[Elysia/DEBUG] Performing: load_local localVar#0 
[Elysia/DEBUG] Performing: load_member index(1) 
[Elysia/DEBUG] Increasing refcount of unsigned object
[Elysia/DEBUG] Address: 0x159904110
[Elysia/DEBUG] Performing: basic_cast_int 
[Elysia/DEBUG] Decreasing refcount of unsigned object
[Elysia/DEBUG] Address: 0x159904110
[Elysia/DEBUG] Performing: greater_equal 
[Elysia/DEBUG] Decreasing refcount of int object
[Elysia/DEBUG] Address: 0x159804110
[Elysia/DEBUG] Performing: jump_if_true codeBlock#1 
[Elysia/DEBUG] Performing: jump codeBlock#2 
[Elysia/DEBUG] Performing: push_boolean bool(false) 
[Elysia/DEBUG] Performing: jump codeBlock#3 
[Elysia/DEBUG] Performing: jump_if_true codeBlock#4 
[Elysia/DEBUG] Performing: jump codeBlock#5 
[Elysia/DEBUG] Performing: load_local localVar#0 
[Elysia/DEBUG] Performing: load_member index(0) 
[Elysia/DEBUG] Entering function array_char[]_gc_refcount_increase
[Elysia/DEBUG] Performing: load_local localVar#1 
[Elysia/DEBUG] Increasing refcount of int object
[Elysia/DEBUG] Address: 0x159804110
[Elysia/DEBUG] Performing: basic_cast_unsigned 
[Elysia/DEBUG] Decreasing refcount of int object
[Elysia/DEBUG] Address: 0x159804110
[Elysia/DEBUG] Performing: load_element 
[Elysia/DEBUG] Entering function array_char[]_gc_refcount_decrease
[Elysia/DEBUG] Performing: ret 
[Elysia/DEBUG] Decreasing refcount of int object
[Elysia/DEBUG] Address: 0x159804110
[Elysia/DEBUG] Performing: load_local localVar#1 
[Elysia/DEBUG] Performing: load_local localVar#4 
[Elysia/DEBUG] Performing: invoke index(3782547968) index(37) index(2) 
[Elysia/DEBUG] Entering function 1_Str::operator[]#struct#1#0#int
[Elysia/DEBUG] Performing: load_local localVar#1 
[Elysia/DEBUG] Increasing refcount of int object
[Elysia/DEBUG] Address: 0x159904230
[Elysia/DEBUG] Performing: push_integer int(0) 
[Elysia/DEBUG] Performing: less_than 
[Elysia/DEBUG] Decreasing refcount of int object
[Elysia/DEBUG] Address: 0x159904230
[Elysia/DEBUG] Performing: jump_if_true codeBlock#1 
[Elysia/DEBUG] Performing: load_local localVar#1 
[Elysia/DEBUG] Increasing refcount of int object
[Elysia/DEBUG] Address: 0x159904230
[Elysia/DEBUG] Performing: load_local localVar#0 
[Elysia/DEBUG] Performing: load_member index(1) 
[Elysia/DEBUG] Increasing refcount of unsigned object
[Elysia/DEBUG] Address: 0x159904110
[Elysia/DEBUG] Performing: basic_cast_int 
[Elysia/DEBUG] Decreasing refcount of unsigned object
[Elysia/DEBUG] Address: 0x159904110
[Elysia/DEBUG] Performing: greater_equal 
[Elysia/DEBUG] Decreasing refcount of int object
[Elysia/DEBUG] Address: 0x159904230
[Elysia/DEBUG] Performing: jump_if_true codeBlock#1 
[Elysia/DEBUG] Performing: jump codeBlock#2 
[Elysia/DEBUG] Performing: push_boolean bool(false) 
[Elysia/DEBUG] Performing: jump codeBlock#3 
[Elysia/DEBUG] Performing: jump_if_true codeBlock#4 
[Elysia/DEBUG] Performing: jump codeBlock#5 
[Elysia/DEBUG] Performing: load_local localVar#0 
[Elysia/DEBUG] Performing: load_member index(0) 
[Elysia/DEBUG] Entering function array_char[]_gc_refcount_increase
[Elysia/DEBUG] Performing: load_local localVar#1 
[Elysia/DEBUG] Increasing refcount of int object
[Elysia/DEBUG] Address: 0x159904230
[Elysia/DEBUG] Performing: basic_cast_unsigned 
[Elysia/DEBUG] Decreasing refcount of int object
[Elysia/DEBUG] Address: 0x159904230
[Elysia/DEBUG] Performing: load_element 
[Elysia/DEBUG] Entering function array_char[]_gc_refcount_decrease
[Elysia/DEBUG] Performing: ret 
[Elysia/DEBUG] Decreasing refcount of int object
[Elysia/DEBUG] Address: 0x159904230
[Elysia/DEBUG] Performing: equal 
[Elysia/DEBUG] Decreasing refcount of char object
[Elysia/DEBUG] Address: 0x1599042a0
[Elysia/DEBUG] Decreasing refcount of char object
[Elysia/DEBUG] Address: 0x159904230
[Elysia/DEBUG] Performing: jump_if_true codeBlock#6 
[Elysia/DEBUG] Performing: jump codeBlock#8 
[Elysia/DEBUG] Performing: load_local localVar#4 
[Elysia/DEBUG] Performing: push_integer int(0) 
[Elysia/DEBUG] Performing: equal 
[Elysia/DEBUG] Performing: jump_if_true codeBlock#9 
[Elysia/DEBUG] Performing: push_integer int(0) 
[Elysia/DEBUG] Performing: load_local localVar#3 
[Elysia/DEBUG] Entering function array_int[]_gc_refcount_increase
[Elysia/DEBUG] Performing: push_unsigned unsigned(0) 
[Elysia/DEBUG] Performing: load_local localVar#5 
[Elysia/DEBUG] Increasing refcount of int object
[Elysia/DEBUG] Address: 0x159804110
[Elysia/DEBUG] Performing: basic_cast_unsigned 
[Elysia/DEBUG] Decreasing refcount of int object
[Elysia/DEBUG] Address: 0x159804110
[Elysia/DEBUG] Performing: push_unsigned unsigned(1) 
[Elysia/DEBUG] Performing: mul 
[Elysia/DEBUG] Performing: add 
[Elysia/DEBUG] Performing: store_element unknown 
[Elysia/DEBUG] Entering function array_int[]_gc_refcount_decrease
[Elysia/DEBUG] Performing: load_local localVar#3 
[Elysia/DEBUG] Entering function array_int[]_gc_refcount_increase
[Elysia/DEBUG] Performing: push_unsigned unsigned(0) 
[Elysia/DEBUG] Performing: load_local localVar#5 
[Elysia/DEBUG] Increasing refcount of int object
[Elysia/DEBUG] Address: 0x159804110
[Elysia/DEBUG] Performing: basic_cast_unsigned 
[Elysia/DEBUG] Decreasing refcount of int object
[Elysia/DEBUG] Address: 0x159804110
[Elysia/DEBUG] Performing: push_unsigned unsigned(1) 
[Elysia/DEBUG] Performing: mul 
[Elysia/DEBUG] Performing: add 
[Elysia/DEBUG] Performing: load_element 
[Elysia/DEBUG] Entering function array_int[]_gc_refcount_decrease
[Elysia/DEBUG] Performing: pop 
[Elysia/DEBUG] Popped value: loaded_val340
[Elysia/DEBUG] Performing: load_local localVar#5 
[Elysia/DEBUG] Increasing refcount of int object
[Elysia/DEBUG] Address: 0x159804110
[Elysia/DEBUG] Performing: push_integer int(1) 
[Elysia/DEBUG] Performing: add 
[Elysia/DEBUG] Decreasing refcount of int object
[Elysia/DEBUG] Address: 0x159804110
[Elysia/DEBUG] Performing: store_local localVar#5 
[Elysia/DEBUG] Decreasing refcount of int object
[Elysia/DEBUG] Address: 0x159804110
[Elysia/DEBUG] Performing: jump codeBlock#10 
[Elysia/DEBUG] Performing: jump codeBlock#7 
[Elysia/DEBUG] Performing: jump codeBlock#3 
[Elysia/DEBUG] Performing: load_local localVar#5 
[Elysia/DEBUG] Increasing refcount of int object
[Elysia/DEBUG] Address: 0x159804110
[Elysia/DEBUG] Performing: load_local localVar#1 
[Elysia/DEBUG] Performing: load_member index(1) 
[Elysia/DEBUG] Increasing refcount of unsigned object
[Elysia/DEBUG] Address: 0x159904110
[Elysia/DEBUG] Performing: basic_cast_int 
[Elysia/DEBUG] Decreasing refcount of unsigned object
[Elysia/DEBUG] Address: 0x159904110
[Elysia/DEBUG] Performing: less_than 
[Elysia/DEBUG] Decreasing refcount of int object
[Elysia/DEBUG] Address: 0x159804110
[Elysia/DEBUG] Performing: jump_if_true codeBlock#4 
[Elysia/DEBUG] Performing: load_local localVar#1 
[Elysia/DEBUG] Performing: load_local localVar#5 
[Elysia/DEBUG] Increasing refcount of int object
[Elysia/DEBUG] Address: 0x159804110
[Elysia/DEBUG] Performing: invoke index(3782547968) index(37) index(2) 
[Elysia/DEBUG] Entering function 1_Str::operator[]#struct#1#0#int
[Elysia/DEBUG] Performing: load_local localVar#1 
[Elysia/DEBUG] Increasing refcount of int object
[Elysia/DEBUG] Address: 0x159804110
[Elysia/DEBUG] Performing: push_integer int(0) 
[Elysia/DEBUG] Performing: less_than 
[Elysia/DEBUG] Decreasing refcount of int object
[Elysia/DEBUG] Address: 0x159804110
[Elysia/DEBUG] Performing: jump_if_true codeBlock#1 
[Elysia/DEBUG] Performing: load_local localVar#1 
[Elysia/DEBUG] Increasing refcount of int object
[Elysia/DEBUG] Address: 0x159804110
[Elysia/DEBUG] Performing: load_local localVar#0 
[Elysia/DEBUG] Performing: load_member index(1) 
[Elysia/DEBUG] Increasing refcount of unsigned object
[Elysia/DEBUG] Address: 0x159904110
[Elysia/DEBUG] Performing: basic_cast_int 
[Elysia/DEBUG] Decreasing refcount of unsigned object
[Elysia/DEBUG] Address: 0x159904110
[Elysia/DEBUG] Performing: greater_equal 
[Elysia/DEBUG] Decreasing refcount of int object
[Elysia/DEBUG] Address: 0x159804110
[Elysia/DEBUG] Performing: jump_if_true codeBlock#1 
[Elysia/DEBUG] Performing: jump codeBlock#2 
[Elysia/DEBUG] Performing: push_boolean bool(false) 
[Elysia/DEBUG] Performing: jump codeBlock#3 
[Elysia/DEBUG] Performing: jump_if_true codeBlock#4 
[Elysia/DEBUG] Performing: jump codeBlock#5 
[Elysia/DEBUG] Performing: load_local localVar#0 
[Elysia/DEBUG] Performing: load_member index(0) 
[Elysia/DEBUG] Entering function array_char[]_gc_refcount_increase
[Elysia/DEBUG] Performing: load_local localVar#1 
[Elysia/DEBUG] Increasing refcount of int object
[Elysia/DEBUG] Address: 0x159804110
[Elysia/DEBUG] Performing: basic_cast_unsigned 
[Elysia/DEBUG] Decreasing refcount of int object
[Elysia/DEBUG] Address: 0x159804110
[Elysia/DEBUG] Performing: load_element 
[Elysia/DEBUG] Entering function array_char[]_gc_refcount_decrease
[Elysia/DEBUG] Performing: ret 
[Elysia/DEBUG] Decreasing refcount of int object
[Elysia/DEBUG] Address: 0x159804110
[Elysia/DEBUG] Performing: load_local localVar#1 
[Elysia/DEBUG] Performing: load_local localVar#4 
[Elysia/DEBUG] Performing: invoke index(3782547968) index(37) index(2) 
[Elysia/DEBUG] Entering function 1_Str::operator[]#struct#1#0#int
[Elysia/DEBUG] Performing: load_local localVar#1 
[Elysia/DEBUG] Increasing refcount of int object
[Elysia/DEBUG] Address: 0x159804150
[Elysia/DEBUG] Performing: push_integer int(0) 
[Elysia/DEBUG] Performing: less_than 
[Elysia/DEBUG] Decreasing refcount of int object
[Elysia/DEBUG] Address: 0x159804150
[Elysia/DEBUG] Performing: jump_if_true codeBlock#1 
[Elysia/DEBUG] Performing: load_local localVar#1 
[Elysia/DEBUG] Increasing refcount of int object
[Elysia/DEBUG] Address: 0x159804150
[Elysia/DEBUG] Performing: load_local localVar#0 
[Elysia/DEBUG] Performing: load_member index(1) 
[Elysia/DEBUG] Increasing refcount of unsigned object
[Elysia/DEBUG] Address: 0x159904110
[Elysia/DEBUG] Performing: basic_cast_int 
[Elysia/DEBUG] Decreasing refcount of unsigned object
[Elysia/DEBUG] Address: 0x159904110
[Elysia/DEBUG] Performing: greater_equal 
[Elysia/DEBUG] Decreasing refcount of int object
[Elysia/DEBUG] Address: 0x159804150
[Elysia/DEBUG] Performing: jump_if_true codeBlock#1 
[Elysia/DEBUG] Performing: jump codeBlock#2 
[Elysia/DEBUG] Performing: push_boolean bool(false) 
[Elysia/DEBUG] Performing: jump codeBlock#3 
[Elysia/DEBUG] Performing: jump_if_true codeBlock#4 
[Elysia/DEBUG] Performing: jump codeBlock#5 
[Elysia/DEBUG] Performing: load_local localVar#0 
[Elysia/DEBUG] Performing: load_member index(0) 
[Elysia/DEBUG] Entering function array_char[]_gc_refcount_increase
[Elysia/DEBUG] Performing: load_local localVar#1 
[Elysia/DEBUG] Increasing refcount of int object
[Elysia/DEBUG] Address: 0x159804150
[Elysia/DEBUG] Performing: basic_cast_unsigned 
[Elysia/DEBUG] Decreasing refcount of int object
[Elysia/DEBUG] Address: 0x159804150
[Elysia/DEBUG] Performing: load_element 
[Elysia/DEBUG] Entering function array_char[]_gc_refcount_decrease
[Elysia/DEBUG] Performing: ret 
[Elysia/DEBUG] Decreasing refcount of int object
[Elysia/DEBUG] Address: 0x159804150
[Elysia/DEBUG] Performing: equal 
[Elysia/DEBUG] Decreasing refcount of char object
[Elysia/DEBUG] Address: 0x159804130
[Elysia/DEBUG] Decreasing refcount of char object
[Elysia/DEBUG] Address: 0x159804150
[Elysia/DEBUG] Performing: jump_if_true codeBlock#6 
[Elysia/DEBUG] Performing: jump codeBlock#8 
[Elysia/DEBUG] Performing: load_local localVar#4 
[Elysia/DEBUG] Performing: push_integer int(0) 
[Elysia/DEBUG] Performing: equal 
[Elysia/DEBUG] Performing: jump_if_true codeBlock#9 
[Elysia/DEBUG] Performing: push_integer int(0) 
[Elysia/DEBUG] Performing: load_local localVar#3 
[Elysia/DEBUG] Entering function array_int[]_gc_refcount_increase
[Elysia/DEBUG] Performing: push_unsigned unsigned(0) 
[Elysia/DEBUG] Performing: load_local localVar#5 
[Elysia/DEBUG] Increasing refcount of int object
[Elysia/DEBUG] Address: 0x159804110
[Elysia/DEBUG] Performing: basic_cast_unsigned 
[Elysia/DEBUG] Decreasing refcount of int object
[Elysia/DEBUG] Address: 0x159804110
[Elysia/DEBUG] Performing: push_unsigned unsigned(1) 
[Elysia/DEBUG] Performing: mul 
[Elysia/DEBUG] Performing: add 
[Elysia/DEBUG] Performing: store_element unknown 
[Elysia/DEBUG] Entering function array_int[]_gc_refcount_decrease
[Elysia/DEBUG] Performing: load_local localVar#3 
[Elysia/DEBUG] Entering function array_int[]_gc_refcount_increase
[Elysia/DEBUG] Performing: push_unsigned unsigned(0) 
[Elysia/DEBUG] Performing: load_local localVar#5 
[Elysia/DEBUG] Increasing refcount of int object
[Elysia/DEBUG] Address: 0x159804110
[Elysia/DEBUG] Performing: basic_cast_unsigned 
[Elysia/DEBUG] Decreasing refcount of int object
[Elysia/DEBUG] Address: 0x159804110
[Elysia/DEBUG] Performing: push_unsigned unsigned(1) 
[Elysia/DEBUG] Performing: mul 
[Elysia/DEBUG] Performing: add 
[Elysia/DEBUG] Performing: load_element 
[Elysia/DEBUG] Entering function array_int[]_gc_refcount_decrease
[Elysia/DEBUG] Performing: pop 
[Elysia/DEBUG] Popped value: loaded_val340
[Elysia/DEBUG] Performing: load_local localVar#5 
[Elysia/DEBUG] Increasing refcount of int object
[Elysia/DEBUG] Address: 0x159804110
[Elysia/DEBUG] Performing: push_integer int(1) 
[Elysia/DEBUG] Performing: add 
[Elysia/DEBUG] Decreasing refcount of int object
[Elysia/DEBUG] Address: 0x159804110
[Elysia/DEBUG] Performing: store_local localVar#5 
[Elysia/DEBUG] Decreasing refcount of int object
[Elysia/DEBUG] Address: 0x159804110
[Elysia/DEBUG] Performing: jump codeBlock#10 
[Elysia/DEBUG] Performing: jump codeBlock#7 
[Elysia/DEBUG] Performing: jump codeBlock#3 
[Elysia/DEBUG] Performing: load_local localVar#5 
[Elysia/DEBUG] Increasing refcount of int object
[Elysia/DEBUG] Address: 0x159804110
[Elysia/DEBUG] Performing: load_local localVar#1 
[Elysia/DEBUG] Performing: load_member index(1) 
[Elysia/DEBUG] Increasing refcount of unsigned object
[Elysia/DEBUG] Address: 0x159904110
[Elysia/DEBUG] Performing: basic_cast_int 
[Elysia/DEBUG] Decreasing refcount of unsigned object
[Elysia/DEBUG] Address: 0x159904110
[Elysia/DEBUG] Performing: less_than 
[Elysia/DEBUG] Decreasing refcount of int object
[Elysia/DEBUG] Address: 0x159804110
[Elysia/DEBUG] Performing: jump_if_true codeBlock#4 
[Elysia/DEBUG] Performing: load_local localVar#1 
[Elysia/DEBUG] Performing: load_local localVar#5 
[Elysia/DEBUG] Increasing refcount of int object
[Elysia/DEBUG] Address: 0x159804110
[Elysia/DEBUG] Performing: invoke index(3782547968) index(37) index(2) 
[Elysia/DEBUG] Entering function 1_Str::operator[]#struct#1#0#int
[Elysia/DEBUG] Performing: load_local localVar#1 
[Elysia/DEBUG] Increasing refcount of int object
[Elysia/DEBUG] Address: 0x159804110
[Elysia/DEBUG] Performing: push_integer int(0) 
[Elysia/DEBUG] Performing: less_than 
[Elysia/DEBUG] Decreasing refcount of int object
[Elysia/DEBUG] Address: 0x159804110
[Elysia/DEBUG] Performing: jump_if_true codeBlock#1 
[Elysia/DEBUG] Performing: load_local localVar#1 
[Elysia/DEBUG] Increasing refcount of int object
[Elysia/DEBUG] Address: 0x159804110
[Elysia/DEBUG] Performing: load_local localVar#0 
[Elysia/DEBUG] Performing: load_member index(1) 
[Elysia/DEBUG] Increasing refcount of unsigned object
[Elysia/DEBUG] Address: 0x159904110
[Elysia/DEBUG] Performing: basic_cast_int 
[Elysia/DEBUG] Decreasing refcount of unsigned object
[Elysia/DEBUG] Address: 0x159904110
[Elysia/DEBUG] Performing: greater_equal 
[Elysia/DEBUG] Decreasing refcount of int object
[Elysia/DEBUG] Address: 0x159804110
[Elysia/DEBUG] Performing: jump_if_true codeBlock#1 
[Elysia/DEBUG] Performing: jump codeBlock#2 
[Elysia/DEBUG] Performing: push_boolean bool(false) 
[Elysia/DEBUG] Performing: jump codeBlock#3 
[Elysia/DEBUG] Performing: jump_if_true codeBlock#4 
[Elysia/DEBUG] Performing: jump codeBlock#5 
[Elysia/DEBUG] Performing: load_local localVar#0 
[Elysia/DEBUG] Performing: load_member index(0) 
[Elysia/DEBUG] Entering function array_char[]_gc_refcount_increase
[Elysia/DEBUG] Performing: load_local localVar#1 
[Elysia/DEBUG] Increasing refcount of int object
[Elysia/DEBUG] Address: 0x159804110
[Elysia/DEBUG] Performing: basic_cast_unsigned 
[Elysia/DEBUG] Decreasing refcount of int object
[Elysia/DEBUG] Address: 0x159804110
[Elysia/DEBUG] Performing: load_element 
[Elysia/DEBUG] Entering function array_char[]_gc_refcount_decrease
[Elysia/DEBUG] Performing: ret 
[Elysia/DEBUG] Decreasing refcount of int object
[Elysia/DEBUG] Address: 0x159804110
[Elysia/DEBUG] Performing: load_local localVar#1 
[Elysia/DEBUG] Performing: load_local localVar#4 
[Elysia/DEBUG] Performing: invoke index(3782547968) index(37) index(2) 
[Elysia/DEBUG] Entering function 1_Str::operator[]#struct#1#0#int
[Elysia/DEBUG] Performing: load_local localVar#1 
[Elysia/DEBUG] Increasing refcount of int object
[Elysia/DEBUG] Address: 0x159804150
[Elysia/DEBUG] Performing: push_integer int(0) 
[Elysia/DEBUG] Performing: less_than 
[Elysia/DEBUG] Decreasing refcount of int object
[Elysia/DEBUG] Address: 0x159804150
[Elysia/DEBUG] Performing: jump_if_true codeBlock#1 
[Elysia/DEBUG] Performing: load_local localVar#1 
[Elysia/DEBUG] Increasing refcount of int object
[Elysia/DEBUG] Address: 0x159804150
[Elysia/DEBUG] Performing: load_local localVar#0 
[Elysia/DEBUG] Performing: load_member index(1) 
[Elysia/DEBUG] Increasing refcount of unsigned object
[Elysia/DEBUG] Address: 0x159904110
[Elysia/DEBUG] Performing: basic_cast_int 
[Elysia/DEBUG] Decreasing refcount of unsigned object
[Elysia/DEBUG] Address: 0x159904110
[Elysia/DEBUG] Performing: greater_equal 
[Elysia/DEBUG] Decreasing refcount of int object
[Elysia/DEBUG] Address: 0x159804150
[Elysia/DEBUG] Performing: jump_if_true codeBlock#1 
[Elysia/DEBUG] Performing: jump codeBlock#2 
[Elysia/DEBUG] Performing: push_boolean bool(false) 
[Elysia/DEBUG] Performing: jump codeBlock#3 
[Elysia/DEBUG] Performing: jump_if_true codeBlock#4 
[Elysia/DEBUG] Performing: jump codeBlock#5 
[Elysia/DEBUG] Performing: load_local localVar#0 
[Elysia/DEBUG] Performing: load_member index(0) 
[Elysia/DEBUG] Entering function array_char[]_gc_refcount_increase
[Elysia/DEBUG] Performing: load_local localVar#1 
[Elysia/DEBUG] Increasing refcount of int object
[Elysia/DEBUG] Address: 0x159804150
[Elysia/DEBUG] Performing: basic_cast_unsigned 
[Elysia/DEBUG] Decreasing refcount of int object
[Elysia/DEBUG] Address: 0x159804150
[Elysia/DEBUG] Performing: load_element 
[Elysia/DEBUG] Entering function array_char[]_gc_refcount_decrease
[Elysia/DEBUG] Performing: ret 
[Elysia/DEBUG] Decreasing refcount of int object
[Elysia/DEBUG] Address: 0x159804150
[Elysia/DEBUG] Performing: equal 
[Elysia/DEBUG] Decreasing refcount of char object
[Elysia/DEBUG] Address: 0x159804130
[Elysia/DEBUG] Decreasing refcount of char object
[Elysia/DEBUG] Address: 0x159804150
[Elysia/DEBUG] Performing: jump_if_true codeBlock#6 
[Elysia/DEBUG] Performing: jump codeBlock#8 
[Elysia/DEBUG] Performing: load_local localVar#4 
[Elysia/DEBUG] Performing: push_integer int(0) 
[Elysia/DEBUG] Performing: equal 
[Elysia/DEBUG] Performing: jump_if_true codeBlock#9 
[Elysia/DEBUG] Performing: push_integer int(0) 
[Elysia/DEBUG] Performing: load_local localVar#3 
[Elysia/DEBUG] Entering function array_int[]_gc_refcount_increase
[Elysia/DEBUG] Performing: push_unsigned unsigned(0) 
[Elysia/DEBUG] Performing: load_local localVar#5 
[Elysia/DEBUG] Increasing refcount of int object
[Elysia/DEBUG] Address: 0x159804110
[Elysia/DEBUG] Performing: basic_cast_unsigned 
[Elysia/DEBUG] Decreasing refcount of int object
[Elysia/DEBUG] Address: 0x159804110
[Elysia/DEBUG] Performing: push_unsigned unsigned(1) 
[Elysia/DEBUG] Performing: mul 
[Elysia/DEBUG] Performing: add 
[Elysia/DEBUG] Performing: store_element unknown 
[Elysia/DEBUG] Entering function array_int[]_gc_refcount_decrease
[Elysia/DEBUG] Performing: load_local localVar#3 
[Elysia/DEBUG] Entering function array_int[]_gc_refcount_increase
[Elysia/DEBUG] Performing: push_unsigned unsigned(0) 
[Elysia/DEBUG] Performing: load_local localVar#5 
[Elysia/DEBUG] Increasing refcount of int object
[Elysia/DEBUG] Address: 0x159804110
[Elysia/DEBUG] Performing: basic_cast_unsigned 
[Elysia/DEBUG] Decreasing refcount of int object
[Elysia/DEBUG] Address: 0x159804110
[Elysia/DEBUG] Performing: push_unsigned unsigned(1) 
[Elysia/DEBUG] Performing: mul 
[Elysia/DEBUG] Performing: add 
[Elysia/DEBUG] Performing: load_element 
[Elysia/DEBUG] Entering function array_int[]_gc_refcount_decrease
[Elysia/DEBUG] Performing: pop 
[Elysia/DEBUG] Popped value: loaded_val340
[Elysia/DEBUG] Performing: load_local localVar#5 
[Elysia/DEBUG] Increasing refcount of int object
[Elysia/DEBUG] Address: 0x159804110
[Elysia/DEBUG] Performing: push_integer int(1) 
[Elysia/DEBUG] Performing: add 
[Elysia/DEBUG] Decreasing refcount of int object
[Elysia/DEBUG] Address: 0x159804110
[Elysia/DEBUG] Performing: store_local localVar#5 
[Elysia/DEBUG] Decreasing refcount of int object
[Elysia/DEBUG] Address: 0x159804110
[Elysia/DEBUG] Performing: jump codeBlock#10 
[Elysia/DEBUG] Performing: jump codeBlock#7 
[Elysia/DEBUG] Performing: jump codeBlock#3 
[Elysia/DEBUG] Performing: load_local localVar#5 
[Elysia/DEBUG] Increasing refcount of int object
[Elysia/DEBUG] Address: 0x159804110
[Elysia/DEBUG] Performing: load_local localVar#1 
[Elysia/DEBUG] Performing: load_member index(1) 
[Elysia/DEBUG] Increasing refcount of unsigned object
[Elysia/DEBUG] Address: 0x159904110
[Elysia/DEBUG] Performing: basic_cast_int 
[Elysia/DEBUG] Decreasing refcount of unsigned object
[Elysia/DEBUG] Address: 0x159904110
[Elysia/DEBUG] Performing: less_than 
[Elysia/DEBUG] Decreasing refcount of int object
[Elysia/DEBUG] Address: 0x159804110
[Elysia/DEBUG] Performing: jump_if_true codeBlock#4 
[Elysia/DEBUG] Performing: load_local localVar#1 
[Elysia/DEBUG] Performing: load_local localVar#5 
[Elysia/DEBUG] Increasing refcount of int object
[Elysia/DEBUG] Address: 0x159804110
[Elysia/DEBUG] Performing: invoke index(3782547968) index(37) index(2) 
[Elysia/DEBUG] Entering function 1_Str::operator[]#struct#1#0#int
[Elysia/DEBUG] Performing: load_local localVar#1 
[Elysia/DEBUG] Increasing refcount of int object
[Elysia/DEBUG] Address: 0x159804110
[Elysia/DEBUG] Performing: push_integer int(0) 
[Elysia/DEBUG] Performing: less_than 
[Elysia/DEBUG] Decreasing refcount of int object
[Elysia/DEBUG] Address: 0x159804110
[Elysia/DEBUG] Performing: jump_if_true codeBlock#1 
[Elysia/DEBUG] Performing: load_local localVar#1 
[Elysia/DEBUG] Increasing refcount of int object
[Elysia/DEBUG] Address: 0x159804110
[Elysia/DEBUG] Performing: load_local localVar#0 
[Elysia/DEBUG] Performing: load_member index(1) 
[Elysia/DEBUG] Increasing refcount of unsigned object
[Elysia/DEBUG] Address: 0x159904110
[Elysia/DEBUG] Performing: basic_cast_int 
[Elysia/DEBUG] Decreasing refcount of unsigned object
[Elysia/DEBUG] Address: 0x159904110
[Elysia/DEBUG] Performing: greater_equal 
[Elysia/DEBUG] Decreasing refcount of int object
[Elysia/DEBUG] Address: 0x159804110
[Elysia/DEBUG] Performing: jump_if_true codeBlock#1 
[Elysia/DEBUG] Performing: jump codeBlock#2 
[Elysia/DEBUG] Performing: push_boolean bool(false) 
[Elysia/DEBUG] Performing: jump codeBlock#3 
[Elysia/DEBUG] Performing: jump_if_true codeBlock#4 
[Elysia/DEBUG] Performing: jump codeBlock#5 
[Elysia/DEBUG] Performing: load_local localVar#0 
[Elysia/DEBUG] Performing: load_member index(0) 
[Elysia/DEBUG] Entering function array_char[]_gc_refcount_increase
[Elysia/DEBUG] Performing: load_local localVar#1 
[Elysia/DEBUG] Increasing refcount of int object
[Elysia/DEBUG] Address: 0x159804110
[Elysia/DEBUG] Performing: basic_cast_unsigned 
[Elysia/DEBUG] Decreasing refcount of int object
[Elysia/DEBUG] Address: 0x159804110
[Elysia/DEBUG] Performing: load_element 
[Elysia/DEBUG] Entering function array_char[]_gc_refcount_decrease
[Elysia/DEBUG] Performing: ret 
[Elysia/DEBUG] Decreasing refcount of int object
[Elysia/DEBUG] Address: 0x159804110
[Elysia/DEBUG] Performing: load_local localVar#1 
[Elysia/DEBUG] Performing: load_local localVar#4 
[Elysia/DEBUG] Performing: invoke index(3782547968) index(37) index(2) 
[Elysia/DEBUG] Entering function 1_Str::operator[]#struct#1#0#int
[Elysia/DEBUG] Performing: load_local localVar#1 
[Elysia/DEBUG] Increasing refcount of int object
[Elysia/DEBUG] Address: 0x159804150
[Elysia/DEBUG] Performing: push_integer int(0) 
[Elysia/DEBUG] Performing: less_than 
[Elysia/DEBUG] Decreasing refcount of int object
[Elysia/DEBUG] Address: 0x159804150
[Elysia/DEBUG] Performing: jump_if_true codeBlock#1 
[Elysia/DEBUG] Performing: load_local localVar#1 
[Elysia/DEBUG] Increasing refcount of int object
[Elysia/DEBUG] Address: 0x159804150
[Elysia/DEBUG] Performing: load_local localVar#0 
[Elysia/DEBUG] Performing: load_member index(1) 
[Elysia/DEBUG] Increasing refcount of unsigned object
[Elysia/DEBUG] Address: 0x159904110
[Elysia/DEBUG] Performing: basic_cast_int 
[Elysia/DEBUG] Decreasing refcount of unsigned object
[Elysia/DEBUG] Address: 0x159904110
[Elysia/DEBUG] Performing: greater_equal 
[Elysia/DEBUG] Decreasing refcount of int object
[Elysia/DEBUG] Address: 0x159804150
[Elysia/DEBUG] Performing: jump_if_true codeBlock#1 
[Elysia/DEBUG] Performing: jump codeBlock#2 
[Elysia/DEBUG] Performing: push_boolean bool(false) 
[Elysia/DEBUG] Performing: jump codeBlock#3 
[Elysia/DEBUG] Performing: jump_if_true codeBlock#4 
[Elysia/DEBUG] Performing: jump codeBlock#5 
[Elysia/DEBUG] Performing: load_local localVar#0 
[Elysia/DEBUG] Performing: load_member index(0) 
[Elysia/DEBUG] Entering function array_char[]_gc_refcount_increase
[Elysia/DEBUG] Performing: load_local localVar#1 
[Elysia/DEBUG] Increasing refcount of int object
[Elysia/DEBUG] Address: 0x159804150
[Elysia/DEBUG] Performing: basic_cast_unsigned 
[Elysia/DEBUG] Decreasing refcount of int object
[Elysia/DEBUG] Address: 0x159804150
[Elysia/DEBUG] Performing: load_element 
[Elysia/DEBUG] Entering function array_char[]_gc_refcount_decrease
[Elysia/DEBUG] Performing: ret 
[Elysia/DEBUG] Decreasing refcount of int object
[Elysia/DEBUG] Address: 0x159804150
[Elysia/DEBUG] Performing: equal 
[Elysia/DEBUG] Decreasing refcount of char object
[Elysia/DEBUG] Address: 0x159804130
[Elysia/DEBUG] Decreasing refcount of char object
[Elysia/DEBUG] Address: 0x159804150
[Elysia/DEBUG] Performing: jump_if_true codeBlock#6 
[Elysia/DEBUG] Performing: jump codeBlock#8 
[Elysia/DEBUG] Performing: load_local localVar#4 
[Elysia/DEBUG] Performing: push_integer int(0) 
[Elysia/DEBUG] Performing: equal 
[Elysia/DEBUG] Performing: jump_if_true codeBlock#9 
[Elysia/DEBUG] Performing: push_integer int(0) 
[Elysia/DEBUG] Performing: load_local localVar#3 
[Elysia/DEBUG] Entering function array_int[]_gc_refcount_increase
[Elysia/DEBUG] Performing: push_unsigned unsigned(0) 
[Elysia/DEBUG] Performing: load_local localVar#5 
[Elysia/DEBUG] Increasing refcount of int object
[Elysia/DEBUG] Address: 0x159804110
[Elysia/DEBUG] Performing: basic_cast_unsigned 
[Elysia/DEBUG] Decreasing refcount of int object
[Elysia/DEBUG] Address: 0x159804110
[Elysia/DEBUG] Performing: push_unsigned unsigned(1) 
[Elysia/DEBUG] Performing: mul 
[Elysia/DEBUG] Performing: add 
[Elysia/DEBUG] Performing: store_element unknown 
[Elysia/DEBUG] Entering function array_int[]_gc_refcount_decrease
[Elysia/DEBUG] Performing: load_local localVar#3 
[Elysia/DEBUG] Entering function array_int[]_gc_refcount_increase
[Elysia/DEBUG] Performing: push_unsigned unsigned(0) 
[Elysia/DEBUG] Performing: load_local localVar#5 
[Elysia/DEBUG] Increasing refcount of int object
[Elysia/DEBUG] Address: 0x159804110
[Elysia/DEBUG] Performing: basic_cast_unsigned 
[Elysia/DEBUG] Decreasing refcount of int object
[Elysia/DEBUG] Address: 0x159804110
[Elysia/DEBUG] Performing: push_unsigned unsigned(1) 
[Elysia/DEBUG] Performing: mul 
[Elysia/DEBUG] Performing: add 
[Elysia/DEBUG] Performing: load_element 
[Elysia/DEBUG] Entering function array_int[]_gc_refcount_decrease
[Elysia/DEBUG] Performing: pop 
[Elysia/DEBUG] Popped value: loaded_val340
[Elysia/DEBUG] Performing: load_local localVar#5 
[Elysia/DEBUG] Increasing refcount of int object
[Elysia/DEBUG] Address: 0x159804110
[Elysia/DEBUG] Performing: push_integer int(1) 
[Elysia/DEBUG] Performing: add 
[Elysia/DEBUG] Decreasing refcount of int object
[Elysia/DEBUG] Address: 0x159804110
[Elysia/DEBUG] Performing: store_local localVar#5 
[Elysia/DEBUG] Decreasing refcount of int object
[Elysia/DEBUG] Address: 0x159804110
[Elysia/DEBUG] Performing: jump codeBlock#10 
[Elysia/DEBUG] Performing: jump codeBlock#7 
[Elysia/DEBUG] Performing: jump codeBlock#3 
[Elysia/DEBUG] Performing: load_local localVar#5 
[Elysia/DEBUG] Increasing refcount of int object
[Elysia/DEBUG] Address: 0x159804110
[Elysia/DEBUG] Performing: load_local localVar#1 
[Elysia/DEBUG] Performing: load_member index(1) 
[Elysia/DEBUG] Increasing refcount of unsigned object
[Elysia/DEBUG] Address: 0x159904110
[Elysia/DEBUG] Performing: basic_cast_int 
[Elysia/DEBUG] Decreasing refcount of unsigned object
[Elysia/DEBUG] Address: 0x159904110
[Elysia/DEBUG] Performing: less_than 
[Elysia/DEBUG] Decreasing refcount of int object
[Elysia/DEBUG] Address: 0x159804110
[Elysia/DEBUG] Performing: jump_if_true codeBlock#4 
[Elysia/DEBUG] Performing: jump codeBlock#5 
[Elysia/DEBUG] Performing: load_local localVar#2 
[Elysia/DEBUG] Increasing refcount of int object
[Elysia/DEBUG] Address: 0x1598040a0
[Elysia/DEBUG] Performing: store_local localVar#5 
[Elysia/DEBUG] Decreasing refcount of int object
[Elysia/DEBUG] Address: 0x159804110
[Elysia/DEBUG] Performing: push_integer int(0) 
[Elysia/DEBUG] Performing: store_local localVar#6 
[Elysia/DEBUG] Performing: jump codeBlock#12 
[Elysia/DEBUG] Performing: load_local localVar#5 
[Elysia/DEBUG] Increasing refcount of int object
[Elysia/DEBUG] Address: 0x1598040a0
[Elysia/DEBUG] Performing: load_local localVar#0 
[Elysia/DEBUG] Performing: load_member index(1) 
[Elysia/DEBUG] Increasing refcount of unsigned object
[Elysia/DEBUG] Address: 0x159904280
[Elysia/DEBUG] Performing: basic_cast_int 
[Elysia/DEBUG] Decreasing refcount of unsigned object
[Elysia/DEBUG] Address: 0x159904280
[Elysia/DEBUG] Performing: less_than 
[Elysia/DEBUG] Decreasing refcount of int object
[Elysia/DEBUG] Address: 0x1598040a0
[Elysia/DEBUG] Performing: jump_if_true codeBlock#13 
[Elysia/DEBUG] Performing: load_local localVar#0 
[Elysia/DEBUG] Performing: load_local localVar#5 
[Elysia/DEBUG] Increasing refcount of int object
[Elysia/DEBUG] Address: 0x1598040a0
[Elysia/DEBUG] Performing: invoke index(3782547968) index(37) index(2) 
[Elysia/DEBUG] Entering function 1_Str::operator[]#struct#1#0#int
[Elysia/DEBUG] Performing: load_local localVar#1 
[Elysia/DEBUG] Increasing refcount of int object
[Elysia/DEBUG] Address: 0x1598040a0
[Elysia/DEBUG] Performing: push_integer int(0) 
[Elysia/DEBUG] Performing: less_than 
[Elysia/DEBUG] Decreasing refcount of int object
[Elysia/DEBUG] Address: 0x1598040a0
[Elysia/DEBUG] Performing: jump_if_true codeBlock#1 
[Elysia/DEBUG] Performing: load_local localVar#1 
[Elysia/DEBUG] Increasing refcount of int object
[Elysia/DEBUG] Address: 0x1598040a0
[Elysia/DEBUG] Performing: load_local localVar#0 
[Elysia/DEBUG] Performing: load_member index(1) 
[Elysia/DEBUG] Increasing refcount of unsigned object
[Elysia/DEBUG] Address: 0x159904280
[Elysia/DEBUG] Performing: basic_cast_int 
[Elysia/DEBUG] Decreasing refcount of unsigned object
[Elysia/DEBUG] Address: 0x159904280
[Elysia/DEBUG] Performing: greater_equal 
[Elysia/DEBUG] Decreasing refcount of int object
[Elysia/DEBUG] Address: 0x1598040a0
[Elysia/DEBUG] Performing: jump_if_true codeBlock#1 
[Elysia/DEBUG] Performing: jump codeBlock#2 
[Elysia/DEBUG] Performing: push_boolean bool(false) 
[Elysia/DEBUG] Performing: jump codeBlock#3 
[Elysia/DEBUG] Performing: jump_if_true codeBlock#4 
[Elysia/DEBUG] Performing: jump codeBlock#5 
[Elysia/DEBUG] Performing: load_local localVar#0 
[Elysia/DEBUG] Performing: load_member index(0) 
[Elysia/DEBUG] Entering function array_char[]_gc_refcount_increase
[Elysia/DEBUG] Performing: load_local localVar#1 
[Elysia/DEBUG] Increasing refcount of int object
[Elysia/DEBUG] Address: 0x1598040a0
[Elysia/DEBUG] Performing: basic_cast_unsigned 
[Elysia/DEBUG] Decreasing refcount of int object
[Elysia/DEBUG] Address: 0x1598040a0
[Elysia/DEBUG] Performing: load_element 
[Elysia/DEBUG] Entering function array_char[]_gc_refcount_decrease
[Elysia/DEBUG] Performing: ret 
[Elysia/DEBUG] Decreasing refcount of int object
[Elysia/DEBUG] Address: 0x1598040a0
[Elysia/DEBUG] Performing: load_local localVar#1 
[Elysia/DEBUG] Performing: load_local localVar#6 
[Elysia/DEBUG] Performing: invoke index(3782547968) index(37) index(2) 
[Elysia/DEBUG] Entering function 1_Str::operator[]#struct#1#0#int
[Elysia/DEBUG] Performing: load_local localVar#1 
[Elysia/DEBUG] Increasing refcount of int object
[Elysia/DEBUG] Address: 0x159804130
[Elysia/DEBUG] Performing: push_integer int(0) 
[Elysia/DEBUG] Performing: less_than 
[Elysia/DEBUG] Decreasing refcount of int object
[Elysia/DEBUG] Address: 0x159804130
[Elysia/DEBUG] Performing: jump_if_true codeBlock#1 
[Elysia/DEBUG] Performing: load_local localVar#1 
[Elysia/DEBUG] Increasing refcount of int object
[Elysia/DEBUG] Address: 0x159804130
[Elysia/DEBUG] Performing: load_local localVar#0 
[Elysia/DEBUG] Performing: load_member index(1) 
[Elysia/DEBUG] Increasing refcount of unsigned object
[Elysia/DEBUG] Address: 0x159904110
[Elysia/DEBUG] Performing: basic_cast_int 
[Elysia/DEBUG] Decreasing refcount of unsigned object
[Elysia/DEBUG] Address: 0x159904110
[Elysia/DEBUG] Performing: greater_equal 
[Elysia/DEBUG] Decreasing refcount of int object
[Elysia/DEBUG] Address: 0x159804130
[Elysia/DEBUG] Performing: jump_if_true codeBlock#1 
[Elysia/DEBUG] Performing: jump codeBlock#2 
[Elysia/DEBUG] Performing: push_boolean bool(false) 
[Elysia/DEBUG] Performing: jump codeBlock#3 
[Elysia/DEBUG] Performing: jump_if_true codeBlock#4 
[Elysia/DEBUG] Performing: jump codeBlock#5 
[Elysia/DEBUG] Performing: load_local localVar#0 
[Elysia/DEBUG] Performing: load_member index(0) 
[Elysia/DEBUG] Entering function array_char[]_gc_refcount_increase
[Elysia/DEBUG] Performing: load_local localVar#1 
[Elysia/DEBUG] Increasing refcount of int object
[Elysia/DEBUG] Address: 0x159804130
[Elysia/DEBUG] Performing: basic_cast_unsigned 
[Elysia/DEBUG] Decreasing refcount of int object
[Elysia/DEBUG] Address: 0x159804130
[Elysia/DEBUG] Performing: load_element 
[Elysia/DEBUG] Entering function array_char[]_gc_refcount_decrease
[Elysia/DEBUG] Performing: ret 
[Elysia/DEBUG] Decreasing refcount of int object
[Elysia/DEBUG] Address: 0x159804130
[Elysia/DEBUG] Performing: equal 
[Elysia/DEBUG] Decreasing refcount of char object
[Elysia/DEBUG] Address: 0x159804110
[Elysia/DEBUG] Decreasing refcount of char object
[Elysia/DEBUG] Address: 0x159804130
[Elysia/DEBUG] Performing: jump_if_true codeBlock#15 
[Elysia/DEBUG] Performing: load_local localVar#6 
[Elysia/DEBUG] Performing: push_integer int(0) 
[Elysia/DEBUG] Performing: greater_than 
[Elysia/DEBUG] Performing: jump_if_true codeBlock#17 
[Elysia/DEBUG] Performing: jump codeBlock#18 
[Elysia/DEBUG] Performing: load_local localVar#5 
[Elysia/DEBUG] Increasing refcount of int object
[Elysia/DEBUG] Address: 0x1598040a0
[Elysia/DEBUG] Performing: push_integer int(1) 
[Elysia/DEBUG] Performing: add 
[Elysia/DEBUG] Decreasing refcount of int object
[Elysia/DEBUG] Address: 0x1598040a0
[Elysia/DEBUG] Performing: store_local localVar#5 
[Elysia/DEBUG] Decreasing refcount of int object
[Elysia/DEBUG] Address: 0x1598040a0
[Elysia/DEBUG] Performing: jump codeBlock#16 
[Elysia/DEBUG] Performing: load_local localVar#6 
[Elysia/DEBUG] Performing: load_local localVar#1 
[Elysia/DEBUG] Performing: load_member index(1) 
[Elysia/DEBUG] Increasing refcount of unsigned object
[Elysia/DEBUG] Address: 0x159904110
[Elysia/DEBUG] Performing: basic_cast_int 
[Elysia/DEBUG] Decreasing refcount of unsigned object
[Elysia/DEBUG] Address: 0x159904110
[Elysia/DEBUG] Performing: equal 
[Elysia/DEBUG] Performing: jump_if_true codeBlock#19 
[Elysia/DEBUG] Performing: jump codeBlock#20 
[Elysia/DEBUG] Performing: jump codeBlock#12 
[Elysia/DEBUG] Performing: load_local localVar#5 
[Elysia/DEBUG] Increasing refcount of int object
[Elysia/DEBUG] Address: 0x159804130
[Elysia/DEBUG] Performing: load_local localVar#0 
[Elysia/DEBUG] Performing: load_member index(1) 
[Elysia/DEBUG] Increasing refcount of unsigned object
[Elysia/DEBUG] Address: 0x159904280
[Elysia/DEBUG] Performing: basic_cast_int 
[Elysia/DEBUG] Decreasing refcount of unsigned object
[Elysia/DEBUG] Address: 0x159904280
[Elysia/DEBUG] Performing: less_than 
[Elysia/DEBUG] Decreasing refcount of int object
[Elysia/DEBUG] Address: 0x159804130
[Elysia/DEBUG] Performing: jump_if_true codeBlock#13 
[Elysia/DEBUG] Performing: load_local localVar#0 
[Elysia/DEBUG] Performing: load_local localVar#5 
[Elysia/DEBUG] Increasing refcount of int object
[Elysia/DEBUG] Address: 0x159804130
[Elysia/DEBUG] Performing: invoke index(3782547968) index(37) index(2) 
[Elysia/DEBUG] Entering function 1_Str::operator[]#struct#1#0#int
[Elysia/DEBUG] Performing: load_local localVar#1 
[Elysia/DEBUG] Increasing refcount of int object
[Elysia/DEBUG] Address: 0x159804130
[Elysia/DEBUG] Performing: push_integer int(0) 
[Elysia/DEBUG] Performing: less_than 
[Elysia/DEBUG] Decreasing refcount of int object
[Elysia/DEBUG] Address: 0x159804130
[Elysia/DEBUG] Performing: jump_if_true codeBlock#1 
[Elysia/DEBUG] Performing: load_local localVar#1 
[Elysia/DEBUG] Increasing refcount of int object
[Elysia/DEBUG] Address: 0x159804130
[Elysia/DEBUG] Performing: load_local localVar#0 
[Elysia/DEBUG] Performing: load_member index(1) 
[Elysia/DEBUG] Increasing refcount of unsigned object
[Elysia/DEBUG] Address: 0x159904280
[Elysia/DEBUG] Performing: basic_cast_int 
[Elysia/DEBUG] Decreasing refcount of unsigned object
[Elysia/DEBUG] Address: 0x159904280
[Elysia/DEBUG] Performing: greater_equal 
[Elysia/DEBUG] Decreasing refcount of int object
[Elysia/DEBUG] Address: 0x159804130
[Elysia/DEBUG] Performing: jump_if_true codeBlock#1 
[Elysia/DEBUG] Performing: jump codeBlock#2 
[Elysia/DEBUG] Performing: push_boolean bool(false) 
[Elysia/DEBUG] Performing: jump codeBlock#3 
[Elysia/DEBUG] Performing: jump_if_true codeBlock#4 
[Elysia/DEBUG] Performing: jump codeBlock#5 
[Elysia/DEBUG] Performing: load_local localVar#0 
[Elysia/DEBUG] Performing: load_member index(0) 
[Elysia/DEBUG] Entering function array_char[]_gc_refcount_increase
[Elysia/DEBUG] Performing: load_local localVar#1 
[Elysia/DEBUG] Increasing refcount of int object
[Elysia/DEBUG] Address: 0x159804130
[Elysia/DEBUG] Performing: basic_cast_unsigned 
[Elysia/DEBUG] Decreasing refcount of int object
[Elysia/DEBUG] Address: 0x159804130
[Elysia/DEBUG] Performing: load_element 
[Elysia/DEBUG] Entering function array_char[]_gc_refcount_decrease
[Elysia/DEBUG] Performing: ret 
[Elysia/DEBUG] Decreasing refcount of int object
[Elysia/DEBUG] Address: 0x159804130
[Elysia/DEBUG] Performing: load_local localVar#1 
[Elysia/DEBUG] Performing: load_local localVar#6 
[Elysia/DEBUG] Performing: invoke index(3782547968) index(37) index(2) 
[Elysia/DEBUG] Entering function 1_Str::operator[]#struct#1#0#int
[Elysia/DEBUG] Performing: load_local localVar#1 
[Elysia/DEBUG] Increasing refcount of int object
[Elysia/DEBUG] Address: 0x159804150
[Elysia/DEBUG] Performing: push_integer int(0) 
[Elysia/DEBUG] Performing: less_than 
[Elysia/DEBUG] Decreasing refcount of int object
[Elysia/DEBUG] Address: 0x159804150
[Elysia/DEBUG] Performing: jump_if_true codeBlock#1 
[Elysia/DEBUG] Performing: load_local localVar#1 
[Elysia/DEBUG] Increasing refcount of int object
[Elysia/DEBUG] Address: 0x159804150
[Elysia/DEBUG] Performing: load_local localVar#0 
[Elysia/DEBUG] Performing: load_member index(1) 
[Elysia/DEBUG] Increasing refcount of unsigned object
[Elysia/DEBUG] Address: 0x159904110
[Elysia/DEBUG] Performing: basic_cast_int 
[Elysia/DEBUG] Decreasing refcount of unsigned object
[Elysia/DEBUG] Address: 0x159904110
[Elysia/DEBUG] Performing: greater_equal 
[Elysia/DEBUG] Decreasing refcount of int object
[Elysia/DEBUG] Address: 0x159804150
[Elysia/DEBUG] Performing: jump_if_true codeBlock#1 
[Elysia/DEBUG] Performing: jump codeBlock#2 
[Elysia/DEBUG] Performing: push_boolean bool(false) 
[Elysia/DEBUG] Performing: jump codeBlock#3 
[Elysia/DEBUG] Performing: jump_if_true codeBlock#4 
[Elysia/DEBUG] Performing: jump codeBlock#5 
[Elysia/DEBUG] Performing: load_local localVar#0 
[Elysia/DEBUG] Performing: load_member index(0) 
[Elysia/DEBUG] Entering function array_char[]_gc_refcount_increase
[Elysia/DEBUG] Performing: load_local localVar#1 
[Elysia/DEBUG] Increasing refcount of int object
[Elysia/DEBUG] Address: 0x159804150
[Elysia/DEBUG] Performing: basic_cast_unsigned 
[Elysia/DEBUG] Decreasing refcount of int object
[Elysia/DEBUG] Address: 0x159804150
[Elysia/DEBUG] Performing: load_element 
[Elysia/DEBUG] Entering function array_char[]_gc_refcount_decrease
[Elysia/DEBUG] Performing: ret 
[Elysia/DEBUG] Decreasing refcount of int object
[Elysia/DEBUG] Address: 0x159804150
[Elysia/DEBUG] Performing: equal 
[Elysia/DEBUG] Decreasing refcount of char object
[Elysia/DEBUG] Address: 0x159804110
[Elysia/DEBUG] Decreasing refcount of char object
[Elysia/DEBUG] Address: 0x159804150
[Elysia/DEBUG] Performing: jump_if_true codeBlock#15 
[Elysia/DEBUG] Performing: load_local localVar#6 
[Elysia/DEBUG] Performing: push_integer int(0) 
[Elysia/DEBUG] Performing: greater_than 
[Elysia/DEBUG] Performing: jump_if_true codeBlock#17 
[Elysia/DEBUG] Performing: jump codeBlock#18 
[Elysia/DEBUG] Performing: load_local localVar#5 
[Elysia/DEBUG] Increasing refcount of int object
[Elysia/DEBUG] Address: 0x159804130
[Elysia/DEBUG] Performing: push_integer int(1) 
[Elysia/DEBUG] Performing: add 
[Elysia/DEBUG] Decreasing refcount of int object
[Elysia/DEBUG] Address: 0x159804130
[Elysia/DEBUG] Performing: store_local localVar#5 
[Elysia/DEBUG] Decreasing refcount of int object
[Elysia/DEBUG] Address: 0x159804130
[Elysia/DEBUG] Performing: jump codeBlock#16 
[Elysia/DEBUG] Performing: load_local localVar#6 
[Elysia/DEBUG] Performing: load_local localVar#1 
[Elysia/DEBUG] Performing: load_member index(1) 
[Elysia/DEBUG] Increasing refcount of unsigned object
[Elysia/DEBUG] Address: 0x159904110
[Elysia/DEBUG] Performing: basic_cast_int 
[Elysia/DEBUG] Decreasing refcount of unsigned object
[Elysia/DEBUG] Address: 0x159904110
[Elysia/DEBUG] Performing: equal 
[Elysia/DEBUG] Performing: jump_if_true codeBlock#19 
[Elysia/DEBUG] Performing: jump codeBlock#20 
[Elysia/DEBUG] Performing: jump codeBlock#12 
[Elysia/DEBUG] Performing: load_local localVar#5 
[Elysia/DEBUG] Increasing refcount of int object
[Elysia/DEBUG] Address: 0x159804130
[Elysia/DEBUG] Performing: load_local localVar#0 
[Elysia/DEBUG] Performing: load_member index(1) 
[Elysia/DEBUG] Increasing refcount of unsigned object
[Elysia/DEBUG] Address: 0x159904280
[Elysia/DEBUG] Performing: basic_cast_int 
[Elysia/DEBUG] Decreasing refcount of unsigned object
[Elysia/DEBUG] Address: 0x159904280
[Elysia/DEBUG] Performing: less_than 
[Elysia/DEBUG] Decreasing refcount of int object
[Elysia/DEBUG] Address: 0x159804130
[Elysia/DEBUG] Performing: jump_if_true codeBlock#13 
[Elysia/DEBUG] Performing: load_local localVar#0 
[Elysia/DEBUG] Performing: load_local localVar#5 
[Elysia/DEBUG] Increasing refcount of int object
[Elysia/DEBUG] Address: 0x159804130
[Elysia/DEBUG] Performing: invoke index(3782547968) index(37) index(2) 
[Elysia/DEBUG] Entering function 1_Str::operator[]#struct#1#0#int
[Elysia/DEBUG] Performing: load_local localVar#1 
[Elysia/DEBUG] Increasing refcount of int object
[Elysia/DEBUG] Address: 0x159804130
[Elysia/DEBUG] Performing: push_integer int(0) 
[Elysia/DEBUG] Performing: less_than 
[Elysia/DEBUG] Decreasing refcount of int object
[Elysia/DEBUG] Address: 0x159804130
[Elysia/DEBUG] Performing: jump_if_true codeBlock#1 
[Elysia/DEBUG] Performing: load_local localVar#1 
[Elysia/DEBUG] Increasing refcount of int object
[Elysia/DEBUG] Address: 0x159804130
[Elysia/DEBUG] Performing: load_local localVar#0 
[Elysia/DEBUG] Performing: load_member index(1) 
[Elysia/DEBUG] Increasing refcount of unsigned object
[Elysia/DEBUG] Address: 0x159904280
[Elysia/DEBUG] Performing: basic_cast_int 
[Elysia/DEBUG] Decreasing refcount of unsigned object
[Elysia/DEBUG] Address: 0x159904280
[Elysia/DEBUG] Performing: greater_equal 
[Elysia/DEBUG] Decreasing refcount of int object
[Elysia/DEBUG] Address: 0x159804130
[Elysia/DEBUG] Performing: jump_if_true codeBlock#1 
[Elysia/DEBUG] Performing: jump codeBlock#2 
[Elysia/DEBUG] Performing: push_boolean bool(false) 
[Elysia/DEBUG] Performing: jump codeBlock#3 
[Elysia/DEBUG] Performing: jump_if_true codeBlock#4 
[Elysia/DEBUG] Performing: jump codeBlock#5 
[Elysia/DEBUG] Performing: load_local localVar#0 
[Elysia/DEBUG] Performing: load_member index(0) 
[Elysia/DEBUG] Entering function array_char[]_gc_refcount_increase
[Elysia/DEBUG] Performing: load_local localVar#1 
[Elysia/DEBUG] Increasing refcount of int object
[Elysia/DEBUG] Address: 0x159804130
[Elysia/DEBUG] Performing: basic_cast_unsigned 
[Elysia/DEBUG] Decreasing refcount of int object
[Elysia/DEBUG] Address: 0x159804130
[Elysia/DEBUG] Performing: load_element 
[Elysia/DEBUG] Entering function array_char[]_gc_refcount_decrease
[Elysia/DEBUG] Performing: ret 
[Elysia/DEBUG] Decreasing refcount of int object
[Elysia/DEBUG] Address: 0x159804130
[Elysia/DEBUG] Performing: load_local localVar#1 
[Elysia/DEBUG] Performing: load_local localVar#6 
[Elysia/DEBUG] Performing: invoke index(3782547968) index(37) index(2) 
[Elysia/DEBUG] Entering function 1_Str::operator[]#struct#1#0#int
[Elysia/DEBUG] Performing: load_local localVar#1 
[Elysia/DEBUG] Increasing refcount of int object
[Elysia/DEBUG] Address: 0x159804150
[Elysia/DEBUG] Performing: push_integer int(0) 
[Elysia/DEBUG] Performing: less_than 
[Elysia/DEBUG] Decreasing refcount of int object
[Elysia/DEBUG] Address: 0x159804150
[Elysia/DEBUG] Performing: jump_if_true codeBlock#1 
[Elysia/DEBUG] Performing: load_local localVar#1 
[Elysia/DEBUG] Increasing refcount of int object
[Elysia/DEBUG] Address: 0x159804150
[Elysia/DEBUG] Performing: load_local localVar#0 
[Elysia/DEBUG] Performing: load_member index(1) 
[Elysia/DEBUG] Increasing refcount of unsigned object
[Elysia/DEBUG] Address: 0x159904110
[Elysia/DEBUG] Performing: basic_cast_int 
[Elysia/DEBUG] Decreasing refcount of unsigned object
[Elysia/DEBUG] Address: 0x159904110
[Elysia/DEBUG] Performing: greater_equal 
[Elysia/DEBUG] Decreasing refcount of int object
[Elysia/DEBUG] Address: 0x159804150
[Elysia/DEBUG] Performing: jump_if_true codeBlock#1 
[Elysia/DEBUG] Performing: jump codeBlock#2 
[Elysia/DEBUG] Performing: push_boolean bool(false) 
[Elysia/DEBUG] Performing: jump codeBlock#3 
[Elysia/DEBUG] Performing: jump_if_true codeBlock#4 
[Elysia/DEBUG] Performing: jump codeBlock#5 
[Elysia/DEBUG] Performing: load_local localVar#0 
[Elysia/DEBUG] Performing: load_member index(0) 
[Elysia/DEBUG] Entering function array_char[]_gc_refcount_increase
[Elysia/DEBUG] Performing: load_local localVar#1 
[Elysia/DEBUG] Increasing refcount of int object
[Elysia/DEBUG] Address: 0x159804150
[Elysia/DEBUG] Performing: basic_cast_unsigned 
[Elysia/DEBUG] Decreasing refcount of int object
[Elysia/DEBUG] Address: 0x159804150
[Elysia/DEBUG] Performing: load_element 
[Elysia/DEBUG] Entering function array_char[]_gc_refcount_decrease
[Elysia/DEBUG] Performing: ret 
[Elysia/DEBUG] Decreasing refcount of int object
[Elysia/DEBUG] Address: 0x159804150
[Elysia/DEBUG] Performing: equal 
[Elysia/DEBUG] Decreasing refcount of char object
[Elysia/DEBUG] Address: 0x159804110
[Elysia/DEBUG] Decreasing refcount of char object
[Elysia/DEBUG] Address: 0x159804150
[Elysia/DEBUG] Performing: jump_if_true codeBlock#15 
[Elysia/DEBUG] Performing: load_local localVar#6 
[Elysia/DEBUG] Performing: push_integer int(0) 
[Elysia/DEBUG] Performing: greater_than 
[Elysia/DEBUG] Performing: jump_if_true codeBlock#17 
[Elysia/DEBUG] Performing: jump codeBlock#18 
[Elysia/DEBUG] Performing: load_local localVar#5 
[Elysia/DEBUG] Increasing refcount of int object
[Elysia/DEBUG] Address: 0x159804130
[Elysia/DEBUG] Performing: push_integer int(1) 
[Elysia/DEBUG] Performing: add 
[Elysia/DEBUG] Decreasing refcount of int object
[Elysia/DEBUG] Address: 0x159804130
[Elysia/DEBUG] Performing: store_local localVar#5 
[Elysia/DEBUG] Decreasing refcount of int object
[Elysia/DEBUG] Address: 0x159804130
[Elysia/DEBUG] Performing: jump codeBlock#16 
[Elysia/DEBUG] Performing: load_local localVar#6 
[Elysia/DEBUG] Performing: load_local localVar#1 
[Elysia/DEBUG] Performing: load_member index(1) 
[Elysia/DEBUG] Increasing refcount of unsigned object
[Elysia/DEBUG] Address: 0x159904110
[Elysia/DEBUG] Performing: basic_cast_int 
[Elysia/DEBUG] Decreasing refcount of unsigned object
[Elysia/DEBUG] Address: 0x159904110
[Elysia/DEBUG] Performing: equal 
[Elysia/DEBUG] Performing: jump_if_true codeBlock#19 
[Elysia/DEBUG] Performing: jump codeBlock#20 
[Elysia/DEBUG] Performing: jump codeBlock#12 
[Elysia/DEBUG] Performing: load_local localVar#5 
[Elysia/DEBUG] Increasing refcount of int object
[Elysia/DEBUG] Address: 0x159804130
[Elysia/DEBUG] Performing: load_local localVar#0 
[Elysia/DEBUG] Performing: load_member index(1) 
[Elysia/DEBUG] Increasing refcount of unsigned object
[Elysia/DEBUG] Address: 0x159904280
[Elysia/DEBUG] Performing: basic_cast_int 
[Elysia/DEBUG] Decreasing refcount of unsigned object
[Elysia/DEBUG] Address: 0x159904280
[Elysia/DEBUG] Performing: less_than 
[Elysia/DEBUG] Decreasing refcount of int object
[Elysia/DEBUG] Address: 0x159804130
[Elysia/DEBUG] Performing: jump_if_true codeBlock#13 
[Elysia/DEBUG] Performing: load_local localVar#0 
[Elysia/DEBUG] Performing: load_local localVar#5 
[Elysia/DEBUG] Increasing refcount of int object
[Elysia/DEBUG] Address: 0x159804130
[Elysia/DEBUG] Performing: invoke index(3782547968) index(37) index(2) 
[Elysia/DEBUG] Entering function 1_Str::operator[]#struct#1#0#int
[Elysia/DEBUG] Performing: load_local localVar#1 
[Elysia/DEBUG] Increasing refcount of int object
[Elysia/DEBUG] Address: 0x159804130
[Elysia/DEBUG] Performing: push_integer int(0) 
[Elysia/DEBUG] Performing: less_than 
[Elysia/DEBUG] Decreasing refcount of int object
[Elysia/DEBUG] Address: 0x159804130
[Elysia/DEBUG] Performing: jump_if_true codeBlock#1 
[Elysia/DEBUG] Performing: load_local localVar#1 
[Elysia/DEBUG] Increasing refcount of int object
[Elysia/DEBUG] Address: 0x159804130
[Elysia/DEBUG] Performing: load_local localVar#0 
[Elysia/DEBUG] Performing: load_member index(1) 
[Elysia/DEBUG] Increasing refcount of unsigned object
[Elysia/DEBUG] Address: 0x159904280
[Elysia/DEBUG] Performing: basic_cast_int 
[Elysia/DEBUG] Decreasing refcount of unsigned object
[Elysia/DEBUG] Address: 0x159904280
[Elysia/DEBUG] Performing: greater_equal 
[Elysia/DEBUG] Decreasing refcount of int object
[Elysia/DEBUG] Address: 0x159804130
[Elysia/DEBUG] Performing: jump_if_true codeBlock#1 
[Elysia/DEBUG] Performing: jump codeBlock#2 
[Elysia/DEBUG] Performing: push_boolean bool(false) 
[Elysia/DEBUG] Performing: jump codeBlock#3 
[Elysia/DEBUG] Performing: jump_if_true codeBlock#4 
[Elysia/DEBUG] Performing: jump codeBlock#5 
[Elysia/DEBUG] Performing: load_local localVar#0 
[Elysia/DEBUG] Performing: load_member index(0) 
[Elysia/DEBUG] Entering function array_char[]_gc_refcount_increase
[Elysia/DEBUG] Performing: load_local localVar#1 
[Elysia/DEBUG] Increasing refcount of int object
[Elysia/DEBUG] Address: 0x159804130
[Elysia/DEBUG] Performing: basic_cast_unsigned 
[Elysia/DEBUG] Decreasing refcount of int object
[Elysia/DEBUG] Address: 0x159804130
[Elysia/DEBUG] Performing: load_element 
[Elysia/DEBUG] Entering function array_char[]_gc_refcount_decrease
[Elysia/DEBUG] Performing: ret 
[Elysia/DEBUG] Decreasing refcount of int object
[Elysia/DEBUG] Address: 0x159804130
[Elysia/DEBUG] Performing: load_local localVar#1 
[Elysia/DEBUG] Performing: load_local localVar#6 
[Elysia/DEBUG] Performing: invoke index(3782547968) index(37) index(2) 
[Elysia/DEBUG] Entering function 1_Str::operator[]#struct#1#0#int
[Elysia/DEBUG] Performing: load_local localVar#1 
[Elysia/DEBUG] Increasing refcount of int object
[Elysia/DEBUG] Address: 0x159804150
[Elysia/DEBUG] Performing: push_integer int(0) 
[Elysia/DEBUG] Performing: less_than 
[Elysia/DEBUG] Decreasing refcount of int object
[Elysia/DEBUG] Address: 0x159804150
[Elysia/DEBUG] Performing: jump_if_true codeBlock#1 
[Elysia/DEBUG] Performing: load_local localVar#1 
[Elysia/DEBUG] Increasing refcount of int object
[Elysia/DEBUG] Address: 0x159804150
[Elysia/DEBUG] Performing: load_local localVar#0 
[Elysia/DEBUG] Performing: load_member index(1) 
[Elysia/DEBUG] Increasing refcount of unsigned object
[Elysia/DEBUG] Address: 0x159904110
[Elysia/DEBUG] Performing: basic_cast_int 
[Elysia/DEBUG] Decreasing refcount of unsigned object
[Elysia/DEBUG] Address: 0x159904110
[Elysia/DEBUG] Performing: greater_equal 
[Elysia/DEBUG] Decreasing refcount of int object
[Elysia/DEBUG] Address: 0x159804150
[Elysia/DEBUG] Performing: jump_if_true codeBlock#1 
[Elysia/DEBUG] Performing: jump codeBlock#2 
[Elysia/DEBUG] Performing: push_boolean bool(false) 
[Elysia/DEBUG] Performing: jump codeBlock#3 
[Elysia/DEBUG] Performing: jump_if_true codeBlock#4 
[Elysia/DEBUG] Performing: jump codeBlock#5 
[Elysia/DEBUG] Performing: load_local localVar#0 
[Elysia/DEBUG] Performing: load_member index(0) 
[Elysia/DEBUG] Entering function array_char[]_gc_refcount_increase
[Elysia/DEBUG] Performing: load_local localVar#1 
[Elysia/DEBUG] Increasing refcount of int object
[Elysia/DEBUG] Address: 0x159804150
[Elysia/DEBUG] Performing: basic_cast_unsigned 
[Elysia/DEBUG] Decreasing refcount of int object
[Elysia/DEBUG] Address: 0x159804150
[Elysia/DEBUG] Performing: load_element 
[Elysia/DEBUG] Entering function array_char[]_gc_refcount_decrease
[Elysia/DEBUG] Performing: ret 
[Elysia/DEBUG] Decreasing refcount of int object
[Elysia/DEBUG] Address: 0x159804150
[Elysia/DEBUG] Performing: equal 
[Elysia/DEBUG] Decreasing refcount of char object
[Elysia/DEBUG] Address: 0x159804110
[Elysia/DEBUG] Decreasing refcount of char object
[Elysia/DEBUG] Address: 0x159804150
[Elysia/DEBUG] Performing: jump_if_true codeBlock#15 
[Elysia/DEBUG] Performing: load_local localVar#6 
[Elysia/DEBUG] Performing: push_integer int(0) 
[Elysia/DEBUG] Performing: greater_than 
[Elysia/DEBUG] Performing: jump_if_true codeBlock#17 
[Elysia/DEBUG] Performing: jump codeBlock#18 
[Elysia/DEBUG] Performing: load_local localVar#5 
[Elysia/DEBUG] Increasing refcount of int object
[Elysia/DEBUG] Address: 0x159804130
[Elysia/DEBUG] Performing: push_integer int(1) 
[Elysia/DEBUG] Performing: add 
[Elysia/DEBUG] Decreasing refcount of int object
[Elysia/DEBUG] Address: 0x159804130
[Elysia/DEBUG] Performing: store_local localVar#5 
[Elysia/DEBUG] Decreasing refcount of int object
[Elysia/DEBUG] Address: 0x159804130
[Elysia/DEBUG] Performing: jump codeBlock#16 
[Elysia/DEBUG] Performing: load_local localVar#6 
[Elysia/DEBUG] Performing: load_local localVar#1 
[Elysia/DEBUG] Performing: load_member index(1) 
[Elysia/DEBUG] Increasing refcount of unsigned object
[Elysia/DEBUG] Address: 0x159904110
[Elysia/DEBUG] Performing: basic_cast_int 
[Elysia/DEBUG] Decreasing refcount of unsigned object
[Elysia/DEBUG] Address: 0x159904110
[Elysia/DEBUG] Performing: equal 
[Elysia/DEBUG] Performing: jump_if_true codeBlock#19 
[Elysia/DEBUG] Performing: jump codeBlock#20 
[Elysia/DEBUG] Performing: jump codeBlock#12 
[Elysia/DEBUG] Performing: load_local localVar#5 
[Elysia/DEBUG] Increasing refcount of int object
[Elysia/DEBUG] Address: 0x159804130
[Elysia/DEBUG] Performing: load_local localVar#0 
[Elysia/DEBUG] Performing: load_member index(1) 
[Elysia/DEBUG] Increasing refcount of unsigned object
[Elysia/DEBUG] Address: 0x159904280
[Elysia/DEBUG] Performing: basic_cast_int 
[Elysia/DEBUG] Decreasing refcount of unsigned object
[Elysia/DEBUG] Address: 0x159904280
[Elysia/DEBUG] Performing: less_than 
[Elysia/DEBUG] Decreasing refcount of int object
[Elysia/DEBUG] Address: 0x159804130
[Elysia/DEBUG] Performing: jump_if_true codeBlock#13 
[Elysia/DEBUG] Performing: load_local localVar#0 
[Elysia/DEBUG] Performing: load_local localVar#5 
[Elysia/DEBUG] Increasing refcount of int object
[Elysia/DEBUG] Address: 0x159804130
[Elysia/DEBUG] Performing: invoke index(3782547968) index(37) index(2) 
[Elysia/DEBUG] Entering function 1_Str::operator[]#struct#1#0#int
[Elysia/DEBUG] Performing: load_local localVar#1 
[Elysia/DEBUG] Increasing refcount of int object
[Elysia/DEBUG] Address: 0x159804130
[Elysia/DEBUG] Performing: push_integer int(0) 
[Elysia/DEBUG] Performing: less_than 
[Elysia/DEBUG] Decreasing refcount of int object
[Elysia/DEBUG] Address: 0x159804130
[Elysia/DEBUG] Performing: jump_if_true codeBlock#1 
[Elysia/DEBUG] Performing: load_local localVar#1 
[Elysia/DEBUG] Increasing refcount of int object
[Elysia/DEBUG] Address: 0x159804130
[Elysia/DEBUG] Performing: load_local localVar#0 
[Elysia/DEBUG] Performing: load_member index(1) 
[Elysia/DEBUG] Increasing refcount of unsigned object
[Elysia/DEBUG] Address: 0x159904280
[Elysia/DEBUG] Performing: basic_cast_int 
[Elysia/DEBUG] Decreasing refcount of unsigned object
[Elysia/DEBUG] Address: 0x159904280
[Elysia/DEBUG] Performing: greater_equal 
[Elysia/DEBUG] Decreasing refcount of int object
[Elysia/DEBUG] Address: 0x159804130
[Elysia/DEBUG] Performing: jump_if_true codeBlock#1 
[Elysia/DEBUG] Performing: jump codeBlock#2 
[Elysia/DEBUG] Performing: push_boolean bool(false) 
[Elysia/DEBUG] Performing: jump codeBlock#3 
[Elysia/DEBUG] Performing: jump_if_true codeBlock#4 
[Elysia/DEBUG] Performing: jump codeBlock#5 
[Elysia/DEBUG] Performing: load_local localVar#0 
[Elysia/DEBUG] Performing: load_member index(0) 
[Elysia/DEBUG] Entering function array_char[]_gc_refcount_increase
[Elysia/DEBUG] Performing: load_local localVar#1 
[Elysia/DEBUG] Increasing refcount of int object
[Elysia/DEBUG] Address: 0x159804130
[Elysia/DEBUG] Performing: basic_cast_unsigned 
[Elysia/DEBUG] Decreasing refcount of int object
[Elysia/DEBUG] Address: 0x159804130
[Elysia/DEBUG] Performing: load_element 
[Elysia/DEBUG] Entering function array_char[]_gc_refcount_decrease
[Elysia/DEBUG] Performing: ret 
[Elysia/DEBUG] Decreasing refcount of int object
[Elysia/DEBUG] Address: 0x159804130
[Elysia/DEBUG] Performing: load_local localVar#1 
[Elysia/DEBUG] Performing: load_local localVar#6 
[Elysia/DEBUG] Performing: invoke index(3782547968) index(37) index(2) 
[Elysia/DEBUG] Entering function 1_Str::operator[]#struct#1#0#int
[Elysia/DEBUG] Performing: load_local localVar#1 
[Elysia/DEBUG] Increasing refcount of int object
[Elysia/DEBUG] Address: 0x1599042a0
[Elysia/DEBUG] Performing: push_integer int(0) 
[Elysia/DEBUG] Performing: less_than 
[Elysia/DEBUG] Decreasing refcount of int object
[Elysia/DEBUG] Address: 0x1599042a0
[Elysia/DEBUG] Performing: jump_if_true codeBlock#1 
[Elysia/DEBUG] Performing: load_local localVar#1 
[Elysia/DEBUG] Increasing refcount of int object
[Elysia/DEBUG] Address: 0x1599042a0
[Elysia/DEBUG] Performing: load_local localVar#0 
[Elysia/DEBUG] Performing: load_member index(1) 
[Elysia/DEBUG] Increasing refcount of unsigned object
[Elysia/DEBUG] Address: 0x159904110
[Elysia/DEBUG] Performing: basic_cast_int 
[Elysia/DEBUG] Decreasing refcount of unsigned object
[Elysia/DEBUG] Address: 0x159904110
[Elysia/DEBUG] Performing: greater_equal 
[Elysia/DEBUG] Decreasing refcount of int object
[Elysia/DEBUG] Address: 0x1599042a0
[Elysia/DEBUG] Performing: jump_if_true codeBlock#1 
[Elysia/DEBUG] Performing: jump codeBlock#2 
[Elysia/DEBUG] Performing: push_boolean bool(false) 
[Elysia/DEBUG] Performing: jump codeBlock#3 
[Elysia/DEBUG] Performing: jump_if_true codeBlock#4 
[Elysia/DEBUG] Performing: jump codeBlock#5 
[Elysia/DEBUG] Performing: load_local localVar#0 
[Elysia/DEBUG] Performing: load_member index(0) 
[Elysia/DEBUG] Entering function array_char[]_gc_refcount_increase
[Elysia/DEBUG] Performing: load_local localVar#1 
[Elysia/DEBUG] Increasing refcount of int object
[Elysia/DEBUG] Address: 0x1599042a0
[Elysia/DEBUG] Performing: basic_cast_unsigned 
[Elysia/DEBUG] Decreasing refcount of int object
[Elysia/DEBUG] Address: 0x1599042a0
[Elysia/DEBUG] Performing: load_element 
[Elysia/DEBUG] Entering function array_char[]_gc_refcount_decrease
[Elysia/DEBUG] Performing: ret 
[Elysia/DEBUG] Decreasing refcount of int object
[Elysia/DEBUG] Address: 0x1599042a0
[Elysia/DEBUG] Performing: equal 
[Elysia/DEBUG] Decreasing refcount of char object
[Elysia/DEBUG] Address: 0x159904230
[Elysia/DEBUG] Decreasing refcount of char object
[Elysia/DEBUG] Address: 0x1599042a0
[Elysia/DEBUG] Performing: jump_if_true codeBlock#15 
[Elysia/DEBUG] Performing: load_local localVar#6 
[Elysia/DEBUG] Performing: push_integer int(0) 
[Elysia/DEBUG] Performing: greater_than 
[Elysia/DEBUG] Performing: jump_if_true codeBlock#17 
[Elysia/DEBUG] Performing: jump codeBlock#18 
[Elysia/DEBUG] Performing: load_local localVar#5 
[Elysia/DEBUG] Increasing refcount of int object
[Elysia/DEBUG] Address: 0x159804130
[Elysia/DEBUG] Performing: push_integer int(1) 
[Elysia/DEBUG] Performing: add 
[Elysia/DEBUG] Decreasing refcount of int object
[Elysia/DEBUG] Address: 0x159804130
[Elysia/DEBUG] Performing: store_local localVar#5 
[Elysia/DEBUG] Decreasing refcount of int object
[Elysia/DEBUG] Address: 0x159804130
[Elysia/DEBUG] Performing: jump codeBlock#16 
[Elysia/DEBUG] Performing: load_local localVar#6 
[Elysia/DEBUG] Performing: load_local localVar#1 
[Elysia/DEBUG] Performing: load_member index(1) 
[Elysia/DEBUG] Increasing refcount of unsigned object
[Elysia/DEBUG] Address: 0x159904110
[Elysia/DEBUG] Performing: basic_cast_int 
[Elysia/DEBUG] Decreasing refcount of unsigned object
[Elysia/DEBUG] Address: 0x159904110
[Elysia/DEBUG] Performing: equal 
[Elysia/DEBUG] Performing: jump_if_true codeBlock#19 
[Elysia/DEBUG] Performing: jump codeBlock#20 
[Elysia/DEBUG] Performing: jump codeBlock#12 
[Elysia/DEBUG] Performing: load_local localVar#5 
[Elysia/DEBUG] Increasing refcount of int object
[Elysia/DEBUG] Address: 0x1599042a0
[Elysia/DEBUG] Performing: load_local localVar#0 
[Elysia/DEBUG] Performing: load_member index(1) 
[Elysia/DEBUG] Increasing refcount of unsigned object
[Elysia/DEBUG] Address: 0x159904280
[Elysia/DEBUG] Performing: basic_cast_int 
[Elysia/DEBUG] Decreasing refcount of unsigned object
[Elysia/DEBUG] Address: 0x159904280
[Elysia/DEBUG] Performing: less_than 
[Elysia/DEBUG] Decreasing refcount of int object
[Elysia/DEBUG] Address: 0x1599042a0
[Elysia/DEBUG] Performing: jump_if_true codeBlock#13 
[Elysia/DEBUG] Performing: load_local localVar#0 
[Elysia/DEBUG] Performing: load_local localVar#5 
[Elysia/DEBUG] Increasing refcount of int object
[Elysia/DEBUG] Address: 0x1599042a0
[Elysia/DEBUG] Performing: invoke index(3782547968) index(37) index(2) 
[Elysia/DEBUG] Entering function 1_Str::operator[]#struct#1#0#int
[Elysia/DEBUG] Performing: load_local localVar#1 
[Elysia/DEBUG] Increasing refcount of int object
[Elysia/DEBUG] Address: 0x1599042a0
[Elysia/DEBUG] Performing: push_integer int(0) 
[Elysia/DEBUG] Performing: less_than 
[Elysia/DEBUG] Decreasing refcount of int object
[Elysia/DEBUG] Address: 0x1599042a0
[Elysia/DEBUG] Performing: jump_if_true codeBlock#1 
[Elysia/DEBUG] Performing: load_local localVar#1 
[Elysia/DEBUG] Increasing refcount of int object
[Elysia/DEBUG] Address: 0x1599042a0
[Elysia/DEBUG] Performing: load_local localVar#0 
[Elysia/DEBUG] Performing: load_member index(1) 
[Elysia/DEBUG] Increasing refcount of unsigned object
[Elysia/DEBUG] Address: 0x159904280
[Elysia/DEBUG] Performing: basic_cast_int 
[Elysia/DEBUG] Decreasing refcount of unsigned object
[Elysia/DEBUG] Address: 0x159904280
[Elysia/DEBUG] Performing: greater_equal 
[Elysia/DEBUG] Decreasing refcount of int object
[Elysia/DEBUG] Address: 0x1599042a0
[Elysia/DEBUG] Performing: jump_if_true codeBlock#1 
[Elysia/DEBUG] Performing: jump codeBlock#2 
[Elysia/DEBUG] Performing: push_boolean bool(false) 
[Elysia/DEBUG] Performing: jump codeBlock#3 
[Elysia/DEBUG] Performing: jump_if_true codeBlock#4 
[Elysia/DEBUG] Performing: jump codeBlock#5 
[Elysia/DEBUG] Performing: load_local localVar#0 
[Elysia/DEBUG] Performing: load_member index(0) 
[Elysia/DEBUG] Entering function array_char[]_gc_refcount_increase
[Elysia/DEBUG] Performing: load_local localVar#1 
[Elysia/DEBUG] Increasing refcount of int object
[Elysia/DEBUG] Address: 0x1599042a0
[Elysia/DEBUG] Performing: basic_cast_unsigned 
[Elysia/DEBUG] Decreasing refcount of int object
[Elysia/DEBUG] Address: 0x1599042a0
[Elysia/DEBUG] Performing: load_element 
[Elysia/DEBUG] Entering function array_char[]_gc_refcount_decrease
[Elysia/DEBUG] Performing: ret 
[Elysia/DEBUG] Decreasing refcount of int object
[Elysia/DEBUG] Address: 0x1599042a0
[Elysia/DEBUG] Performing: load_local localVar#1 
[Elysia/DEBUG] Performing: load_local localVar#6 
[Elysia/DEBUG] Performing: invoke index(3782547968) index(37) index(2) 
[Elysia/DEBUG] Entering function 1_Str::operator[]#struct#1#0#int
[Elysia/DEBUG] Performing: load_local localVar#1 
[Elysia/DEBUG] Increasing refcount of int object
[Elysia/DEBUG] Address: 0x1599042c0
[Elysia/DEBUG] Performing: push_integer int(0) 
[Elysia/DEBUG] Performing: less_than 
[Elysia/DEBUG] Decreasing refcount of int object
[Elysia/DEBUG] Address: 0x1599042c0
[Elysia/DEBUG] Performing: jump_if_true codeBlock#1 
[Elysia/DEBUG] Performing: load_local localVar#1 
[Elysia/DEBUG] Increasing refcount of int object
[Elysia/DEBUG] Address: 0x1599042c0
[Elysia/DEBUG] Performing: load_local localVar#0 
[Elysia/DEBUG] Performing: load_member index(1) 
[Elysia/DEBUG] Increasing refcount of unsigned object
[Elysia/DEBUG] Address: 0x159904110
[Elysia/DEBUG] Performing: basic_cast_int 
[Elysia/DEBUG] Decreasing refcount of unsigned object
[Elysia/DEBUG] Address: 0x159904110
[Elysia/DEBUG] Performing: greater_equal 
[Elysia/DEBUG] Decreasing refcount of int object
[Elysia/DEBUG] Address: 0x1599042c0
[Elysia/DEBUG] Performing: jump_if_true codeBlock#1 
[Elysia/DEBUG] Performing: jump codeBlock#2 
[Elysia/DEBUG] Performing: push_boolean bool(false) 
[Elysia/DEBUG] Performing: jump codeBlock#3 
[Elysia/DEBUG] Performing: jump_if_true codeBlock#4 
[Elysia/DEBUG] Performing: jump codeBlock#5 
[Elysia/DEBUG] Performing: load_local localVar#0 
[Elysia/DEBUG] Performing: load_member index(0) 
[Elysia/DEBUG] Entering function array_char[]_gc_refcount_increase
[Elysia/DEBUG] Performing: load_local localVar#1 
[Elysia/DEBUG] Increasing refcount of int object
[Elysia/DEBUG] Address: 0x1599042c0
[Elysia/DEBUG] Performing: basic_cast_unsigned 
[Elysia/DEBUG] Decreasing refcount of int object
[Elysia/DEBUG] Address: 0x1599042c0
[Elysia/DEBUG] Performing: load_element 
[Elysia/DEBUG] Entering function array_char[]_gc_refcount_decrease
[Elysia/DEBUG] Performing: ret 
[Elysia/DEBUG] Decreasing refcount of int object
[Elysia/DEBUG] Address: 0x1599042c0
[Elysia/DEBUG] Performing: equal 
[Elysia/DEBUG] Decreasing refcount of char object
[Elysia/DEBUG] Address: 0x159904230
[Elysia/DEBUG] Decreasing refcount of char object
[Elysia/DEBUG] Address: 0x1599042c0
[Elysia/DEBUG] Performing: jump_if_true codeBlock#15 
[Elysia/DEBUG] Performing: load_local localVar#6 
[Elysia/DEBUG] Performing: push_integer int(0) 
[Elysia/DEBUG] Performing: greater_than 
[Elysia/DEBUG] Performing: jump_if_true codeBlock#17 
[Elysia/DEBUG] Performing: jump codeBlock#18 
[Elysia/DEBUG] Performing: load_local localVar#5 
[Elysia/DEBUG] Increasing refcount of int object
[Elysia/DEBUG] Address: 0x1599042a0
[Elysia/DEBUG] Performing: push_integer int(1) 
[Elysia/DEBUG] Performing: add 
[Elysia/DEBUG] Decreasing refcount of int object
[Elysia/DEBUG] Address: 0x1599042a0
[Elysia/DEBUG] Performing: store_local localVar#5 
[Elysia/DEBUG] Decreasing refcount of int object
[Elysia/DEBUG] Address: 0x1599042a0
[Elysia/DEBUG] Performing: jump codeBlock#16 
[Elysia/DEBUG] Performing: load_local localVar#6 
[Elysia/DEBUG] Performing: load_local localVar#1 
[Elysia/DEBUG] Performing: load_member index(1) 
[Elysia/DEBUG] Increasing refcount of unsigned object
[Elysia/DEBUG] Address: 0x159904110
[Elysia/DEBUG] Performing: basic_cast_int 
[Elysia/DEBUG] Decreasing refcount of unsigned object
[Elysia/DEBUG] Address: 0x159904110
[Elysia/DEBUG] Performing: equal 
[Elysia/DEBUG] Performing: jump_if_true codeBlock#19 
[Elysia/DEBUG] Performing: jump codeBlock#20 
[Elysia/DEBUG] Performing: jump codeBlock#12 
[Elysia/DEBUG] Performing: load_local localVar#5 
[Elysia/DEBUG] Increasing refcount of int object
[Elysia/DEBUG] Address: 0x1599042a0
[Elysia/DEBUG] Performing: load_local localVar#0 
[Elysia/DEBUG] Performing: load_member index(1) 
[Elysia/DEBUG] Increasing refcount of unsigned object
[Elysia/DEBUG] Address: 0x159904280
[Elysia/DEBUG] Performing: basic_cast_int 
[Elysia/DEBUG] Decreasing refcount of unsigned object
[Elysia/DEBUG] Address: 0x159904280
[Elysia/DEBUG] Performing: less_than 
[Elysia/DEBUG] Decreasing refcount of int object
[Elysia/DEBUG] Address: 0x1599042a0
[Elysia/DEBUG] Performing: jump_if_true codeBlock#13 
[Elysia/DEBUG] Performing: load_local localVar#0 
[Elysia/DEBUG] Performing: load_local localVar#5 
[Elysia/DEBUG] Increasing refcount of int object
[Elysia/DEBUG] Address: 0x1599042a0
[Elysia/DEBUG] Performing: invoke index(3782547968) index(37) index(2) 
[Elysia/DEBUG] Entering function 1_Str::operator[]#struct#1#0#int
[Elysia/DEBUG] Performing: load_local localVar#1 
[Elysia/DEBUG] Increasing refcount of int object
[Elysia/DEBUG] Address: 0x1599042a0
[Elysia/DEBUG] Performing: push_integer int(0) 
[Elysia/DEBUG] Performing: less_than 
[Elysia/DEBUG] Decreasing refcount of int object
[Elysia/DEBUG] Address: 0x1599042a0
[Elysia/DEBUG] Performing: jump_if_true codeBlock#1 
[Elysia/DEBUG] Performing: load_local localVar#1 
[Elysia/DEBUG] Increasing refcount of int object
[Elysia/DEBUG] Address: 0x1599042a0
[Elysia/DEBUG] Performing: load_local localVar#0 
[Elysia/DEBUG] Performing: load_member index(1) 
[Elysia/DEBUG] Increasing refcount of unsigned object
[Elysia/DEBUG] Address: 0x159904280
[Elysia/DEBUG] Performing: basic_cast_int 
[Elysia/DEBUG] Decreasing refcount of unsigned object
[Elysia/DEBUG] Address: 0x159904280
[Elysia/DEBUG] Performing: greater_equal 
[Elysia/DEBUG] Decreasing refcount of int object
[Elysia/DEBUG] Address: 0x1599042a0
[Elysia/DEBUG] Performing: jump_if_true codeBlock#1 
[Elysia/DEBUG] Performing: jump codeBlock#2 
[Elysia/DEBUG] Performing: push_boolean bool(false) 
[Elysia/DEBUG] Performing: jump codeBlock#3 
[Elysia/DEBUG] Performing: jump_if_true codeBlock#4 
[Elysia/DEBUG] Performing: jump codeBlock#5 
[Elysia/DEBUG] Performing: load_local localVar#0 
[Elysia/DEBUG] Performing: load_member index(0) 
[Elysia/DEBUG] Entering function array_char[]_gc_refcount_increase
[Elysia/DEBUG] Performing: load_local localVar#1 
[Elysia/DEBUG] Increasing refcount of int object
[Elysia/DEBUG] Address: 0x1599042a0
[Elysia/DEBUG] Performing: basic_cast_unsigned 
[Elysia/DEBUG] Decreasing refcount of int object
[Elysia/DEBUG] Address: 0x1599042a0
[Elysia/DEBUG] Performing: load_element 
[Elysia/DEBUG] Entering function array_char[]_gc_refcount_decrease
[Elysia/DEBUG] Performing: ret 
[Elysia/DEBUG] Decreasing refcount of int object
[Elysia/DEBUG] Address: 0x1599042a0
[Elysia/DEBUG] Performing: load_local localVar#1 
[Elysia/DEBUG] Performing: load_local localVar#6 
[Elysia/DEBUG] Performing: invoke index(3782547968) index(37) index(2) 
[Elysia/DEBUG] Entering function 1_Str::operator[]#struct#1#0#int
[Elysia/DEBUG] Performing: load_local localVar#1 
[Elysia/DEBUG] Increasing refcount of int object
[Elysia/DEBUG] Address: 0x1599042c0
[Elysia/DEBUG] Performing: push_integer int(0) 
[Elysia/DEBUG] Performing: less_than 
[Elysia/DEBUG] Decreasing refcount of int object
[Elysia/DEBUG] Address: 0x1599042c0
[Elysia/DEBUG] Performing: jump_if_true codeBlock#1 
[Elysia/DEBUG] Performing: load_local localVar#1 
[Elysia/DEBUG] Increasing refcount of int object
[Elysia/DEBUG] Address: 0x1599042c0
[Elysia/DEBUG] Performing: load_local localVar#0 
[Elysia/DEBUG] Performing: load_member index(1) 
[Elysia/DEBUG] Increasing refcount of unsigned object
[Elysia/DEBUG] Address: 0x159904110
[Elysia/DEBUG] Performing: basic_cast_int 
[Elysia/DEBUG] Decreasing refcount of unsigned object
[Elysia/DEBUG] Address: 0x159904110
[Elysia/DEBUG] Performing: greater_equal 
[Elysia/DEBUG] Decreasing refcount of int object
[Elysia/DEBUG] Address: 0x1599042c0
[Elysia/DEBUG] Performing: jump_if_true codeBlock#1 
[Elysia/DEBUG] Performing: jump codeBlock#2 
[Elysia/DEBUG] Performing: push_boolean bool(false) 
[Elysia/DEBUG] Performing: jump codeBlock#3 
[Elysia/DEBUG] Performing: jump_if_true codeBlock#4 
[Elysia/DEBUG] Performing: jump codeBlock#5 
[Elysia/DEBUG] Performing: load_local localVar#0 
[Elysia/DEBUG] Performing: load_member index(0) 
[Elysia/DEBUG] Entering function array_char[]_gc_refcount_increase
[Elysia/DEBUG] Performing: load_local localVar#1 
[Elysia/DEBUG] Increasing refcount of int object
[Elysia/DEBUG] Address: 0x1599042c0
[Elysia/DEBUG] Performing: basic_cast_unsigned 
[Elysia/DEBUG] Decreasing refcount of int object
[Elysia/DEBUG] Address: 0x1599042c0
[Elysia/DEBUG] Performing: load_element 
[Elysia/DEBUG] Entering function array_char[]_gc_refcount_decrease
[Elysia/DEBUG] Performing: ret 
[Elysia/DEBUG] Decreasing refcount of int object
[Elysia/DEBUG] Address: 0x1599042c0
[Elysia/DEBUG] Performing: equal 
[Elysia/DEBUG] Decreasing refcount of char object
[Elysia/DEBUG] Address: 0x159904230
[Elysia/DEBUG] Decreasing refcount of char object
[Elysia/DEBUG] Address: 0x1599042c0
[Elysia/DEBUG] Performing: jump_if_true codeBlock#15 
[Elysia/DEBUG] Performing: load_local localVar#6 
[Elysia/DEBUG] Performing: push_integer int(0) 
[Elysia/DEBUG] Performing: greater_than 
[Elysia/DEBUG] Performing: jump_if_true codeBlock#17 
[Elysia/DEBUG] Performing: jump codeBlock#18 
[Elysia/DEBUG] Performing: load_local localVar#5 
[Elysia/DEBUG] Increasing refcount of int object
[Elysia/DEBUG] Address: 0x1599042a0
[Elysia/DEBUG] Performing: push_integer int(1) 
[Elysia/DEBUG] Performing: add 
[Elysia/DEBUG] Decreasing refcount of int object
[Elysia/DEBUG] Address: 0x1599042a0
[Elysia/DEBUG] Performing: store_local localVar#5 
[Elysia/DEBUG] Decreasing refcount of int object
[Elysia/DEBUG] Address: 0x1599042a0
[Elysia/DEBUG] Performing: jump codeBlock#16 
[Elysia/DEBUG] Performing: load_local localVar#6 
[Elysia/DEBUG] Performing: load_local localVar#1 
[Elysia/DEBUG] Performing: load_member index(1) 
[Elysia/DEBUG] Increasing refcount of unsigned object
[Elysia/DEBUG] Address: 0x159904110
[Elysia/DEBUG] Performing: basic_cast_int 
[Elysia/DEBUG] Decreasing refcount of unsigned object
[Elysia/DEBUG] Address: 0x159904110
[Elysia/DEBUG] Performing: equal 
[Elysia/DEBUG] Performing: jump_if_true codeBlock#19 
[Elysia/DEBUG] Performing: jump codeBlock#20 
[Elysia/DEBUG] Performing: jump codeBlock#12 
[Elysia/DEBUG] Performing: load_local localVar#5 
[Elysia/DEBUG] Increasing refcount of int object
[Elysia/DEBUG] Address: 0x1599042a0
[Elysia/DEBUG] Performing: load_local localVar#0 
[Elysia/DEBUG] Performing: load_member index(1) 
[Elysia/DEBUG] Increasing refcount of unsigned object
[Elysia/DEBUG] Address: 0x159904280
[Elysia/DEBUG] Performing: basic_cast_int 
[Elysia/DEBUG] Decreasing refcount of unsigned object
[Elysia/DEBUG] Address: 0x159904280
[Elysia/DEBUG] Performing: less_than 
[Elysia/DEBUG] Decreasing refcount of int object
[Elysia/DEBUG] Address: 0x1599042a0
[Elysia/DEBUG] Performing: jump_if_true codeBlock#13 
[Elysia/DEBUG] Performing: load_local localVar#0 
[Elysia/DEBUG] Performing: load_local localVar#5 
[Elysia/DEBUG] Increasing refcount of int object
[Elysia/DEBUG] Address: 0x1599042a0
[Elysia/DEBUG] Performing: invoke index(3782547968) index(37) index(2) 
[Elysia/DEBUG] Entering function 1_Str::operator[]#struct#1#0#int
[Elysia/DEBUG] Performing: load_local localVar#1 
[Elysia/DEBUG] Increasing refcount of int object
[Elysia/DEBUG] Address: 0x1599042a0
[Elysia/DEBUG] Performing: push_integer int(0) 
[Elysia/DEBUG] Performing: less_than 
[Elysia/DEBUG] Decreasing refcount of int object
[Elysia/DEBUG] Address: 0x1599042a0
[Elysia/DEBUG] Performing: jump_if_true codeBlock#1 
[Elysia/DEBUG] Performing: load_local localVar#1 
[Elysia/DEBUG] Increasing refcount of int object
[Elysia/DEBUG] Address: 0x1599042a0
[Elysia/DEBUG] Performing: load_local localVar#0 
[Elysia/DEBUG] Performing: load_member index(1) 
[Elysia/DEBUG] Increasing refcount of unsigned object
[Elysia/DEBUG] Address: 0x159904280
[Elysia/DEBUG] Performing: basic_cast_int 
[Elysia/DEBUG] Decreasing refcount of unsigned object
[Elysia/DEBUG] Address: 0x159904280
[Elysia/DEBUG] Performing: greater_equal 
[Elysia/DEBUG] Decreasing refcount of int object
[Elysia/DEBUG] Address: 0x1599042a0
[Elysia/DEBUG] Performing: jump_if_true codeBlock#1 
[Elysia/DEBUG] Performing: jump codeBlock#2 
[Elysia/DEBUG] Performing: push_boolean bool(false) 
[Elysia/DEBUG] Performing: jump codeBlock#3 
[Elysia/DEBUG] Performing: jump_if_true codeBlock#4 
[Elysia/DEBUG] Performing: jump codeBlock#5 
[Elysia/DEBUG] Performing: load_local localVar#0 
[Elysia/DEBUG] Performing: load_member index(0) 
[Elysia/DEBUG] Entering function array_char[]_gc_refcount_increase
[Elysia/DEBUG] Performing: load_local localVar#1 
[Elysia/DEBUG] Increasing refcount of int object
[Elysia/DEBUG] Address: 0x1599042a0
[Elysia/DEBUG] Performing: basic_cast_unsigned 
[Elysia/DEBUG] Decreasing refcount of int object
[Elysia/DEBUG] Address: 0x1599042a0
[Elysia/DEBUG] Performing: load_element 
[Elysia/DEBUG] Entering function array_char[]_gc_refcount_decrease
[Elysia/DEBUG] Performing: ret 
[Elysia/DEBUG] Decreasing refcount of int object
[Elysia/DEBUG] Address: 0x1599042a0
[Elysia/DEBUG] Performing: load_local localVar#1 
[Elysia/DEBUG] Performing: load_local localVar#6 
[Elysia/DEBUG] Performing: invoke index(3782547968) index(37) index(2) 
[Elysia/DEBUG] Entering function 1_Str::operator[]#struct#1#0#int
[Elysia/DEBUG] Performing: load_local localVar#1 
[Elysia/DEBUG] Increasing refcount of int object
[Elysia/DEBUG] Address: 0x1599042c0
[Elysia/DEBUG] Performing: push_integer int(0) 
[Elysia/DEBUG] Performing: less_than 
[Elysia/DEBUG] Decreasing refcount of int object
[Elysia/DEBUG] Address: 0x1599042c0
[Elysia/DEBUG] Performing: jump_if_true codeBlock#1 
[Elysia/DEBUG] Performing: load_local localVar#1 
[Elysia/DEBUG] Increasing refcount of int object
[Elysia/DEBUG] Address: 0x1599042c0
[Elysia/DEBUG] Performing: load_local localVar#0 
[Elysia/DEBUG] Performing: load_member index(1) 
[Elysia/DEBUG] Increasing refcount of unsigned object
[Elysia/DEBUG] Address: 0x159904110
[Elysia/DEBUG] Performing: basic_cast_int 
[Elysia/DEBUG] Decreasing refcount of unsigned object
[Elysia/DEBUG] Address: 0x159904110
[Elysia/DEBUG] Performing: greater_equal 
[Elysia/DEBUG] Decreasing refcount of int object
[Elysia/DEBUG] Address: 0x1599042c0
[Elysia/DEBUG] Performing: jump_if_true codeBlock#1 
[Elysia/DEBUG] Performing: jump codeBlock#2 
[Elysia/DEBUG] Performing: push_boolean bool(false) 
[Elysia/DEBUG] Performing: jump codeBlock#3 
[Elysia/DEBUG] Performing: jump_if_true codeBlock#4 
[Elysia/DEBUG] Performing: jump codeBlock#5 
[Elysia/DEBUG] Performing: load_local localVar#0 
[Elysia/DEBUG] Performing: load_member index(0) 
[Elysia/DEBUG] Entering function array_char[]_gc_refcount_increase
[Elysia/DEBUG] Performing: load_local localVar#1 
[Elysia/DEBUG] Increasing refcount of int object
[Elysia/DEBUG] Address: 0x1599042c0
[Elysia/DEBUG] Performing: basic_cast_unsigned 
[Elysia/DEBUG] Decreasing refcount of int object
[Elysia/DEBUG] Address: 0x1599042c0
[Elysia/DEBUG] Performing: load_element 
[Elysia/DEBUG] Entering function array_char[]_gc_refcount_decrease
[Elysia/DEBUG] Performing: ret 
[Elysia/DEBUG] Decreasing refcount of int object
[Elysia/DEBUG] Address: 0x1599042c0
[Elysia/DEBUG] Performing: equal 
[Elysia/DEBUG] Decreasing refcount of char object
[Elysia/DEBUG] Address: 0x159904230
[Elysia/DEBUG] Decreasing refcount of char object
[Elysia/DEBUG] Address: 0x1599042c0
[Elysia/DEBUG] Performing: jump_if_true codeBlock#15 
[Elysia/DEBUG] Performing: load_local localVar#6 
[Elysia/DEBUG] Performing: push_integer int(0) 
[Elysia/DEBUG] Performing: greater_than 
[Elysia/DEBUG] Performing: jump_if_true codeBlock#17 
[Elysia/DEBUG] Performing: jump codeBlock#18 
[Elysia/DEBUG] Performing: load_local localVar#5 
[Elysia/DEBUG] Increasing refcount of int object
[Elysia/DEBUG] Address: 0x1599042a0
[Elysia/DEBUG] Performing: push_integer int(1) 
[Elysia/DEBUG] Performing: add 
[Elysia/DEBUG] Decreasing refcount of int object
[Elysia/DEBUG] Address: 0x1599042a0
[Elysia/DEBUG] Performing: store_local localVar#5 
[Elysia/DEBUG] Decreasing refcount of int object
[Elysia/DEBUG] Address: 0x1599042a0
[Elysia/DEBUG] Performing: jump codeBlock#16 
[Elysia/DEBUG] Performing: load_local localVar#6 
[Elysia/DEBUG] Performing: load_local localVar#1 
[Elysia/DEBUG] Performing: load_member index(1) 
[Elysia/DEBUG] Increasing refcount of unsigned object
[Elysia/DEBUG] Address: 0x159904110
[Elysia/DEBUG] Performing: basic_cast_int 
[Elysia/DEBUG] Decreasing refcount of unsigned object
[Elysia/DEBUG] Address: 0x159904110
[Elysia/DEBUG] Performing: equal 
[Elysia/DEBUG] Performing: jump_if_true codeBlock#19 
[Elysia/DEBUG] Performing: jump codeBlock#20 
[Elysia/DEBUG] Performing: jump codeBlock#12 
[Elysia/DEBUG] Performing: load_local localVar#5 
[Elysia/DEBUG] Increasing refcount of int object
[Elysia/DEBUG] Address: 0x1599042a0
[Elysia/DEBUG] Performing: load_local localVar#0 
[Elysia/DEBUG] Performing: load_member index(1) 
[Elysia/DEBUG] Increasing refcount of unsigned object
[Elysia/DEBUG] Address: 0x159904280
[Elysia/DEBUG] Performing: basic_cast_int 
[Elysia/DEBUG] Decreasing refcount of unsigned object
[Elysia/DEBUG] Address: 0x159904280
[Elysia/DEBUG] Performing: less_than 
[Elysia/DEBUG] Decreasing refcount of int object
[Elysia/DEBUG] Address: 0x1599042a0
[Elysia/DEBUG] Performing: jump_if_true codeBlock#13 
[Elysia/DEBUG] Performing: load_local localVar#0 
[Elysia/DEBUG] Performing: load_local localVar#5 
[Elysia/DEBUG] Increasing refcount of int object
[Elysia/DEBUG] Address: 0x1599042a0
[Elysia/DEBUG] Performing: invoke index(3782547968) index(37) index(2) 
[Elysia/DEBUG] Entering function 1_Str::operator[]#struct#1#0#int
[Elysia/DEBUG] Performing: load_local localVar#1 
[Elysia/DEBUG] Increasing refcount of int object
[Elysia/DEBUG] Address: 0x1599042a0
[Elysia/DEBUG] Performing: push_integer int(0) 
[Elysia/DEBUG] Performing: less_than 
[Elysia/DEBUG] Decreasing refcount of int object
[Elysia/DEBUG] Address: 0x1599042a0
[Elysia/DEBUG] Performing: jump_if_true codeBlock#1 
[Elysia/DEBUG] Performing: load_local localVar#1 
[Elysia/DEBUG] Increasing refcount of int object
[Elysia/DEBUG] Address: 0x1599042a0
[Elysia/DEBUG] Performing: load_local localVar#0 
[Elysia/DEBUG] Performing: load_member index(1) 
[Elysia/DEBUG] Increasing refcount of unsigned object
[Elysia/DEBUG] Address: 0x159904280
[Elysia/DEBUG] Performing: basic_cast_int 
[Elysia/DEBUG] Decreasing refcount of unsigned object
[Elysia/DEBUG] Address: 0x159904280
[Elysia/DEBUG] Performing: greater_equal 
[Elysia/DEBUG] Decreasing refcount of int object
[Elysia/DEBUG] Address: 0x1599042a0
[Elysia/DEBUG] Performing: jump_if_true codeBlock#1 
[Elysia/DEBUG] Performing: jump codeBlock#2 
[Elysia/DEBUG] Performing: push_boolean bool(false) 
[Elysia/DEBUG] Performing: jump codeBlock#3 
[Elysia/DEBUG] Performing: jump_if_true codeBlock#4 
[Elysia/DEBUG] Performing: jump codeBlock#5 
[Elysia/DEBUG] Performing: load_local localVar#0 
[Elysia/DEBUG] Performing: load_member index(0) 
[Elysia/DEBUG] Entering function array_char[]_gc_refcount_increase
[Elysia/DEBUG] Performing: load_local localVar#1 
[Elysia/DEBUG] Increasing refcount of int object
[Elysia/DEBUG] Address: 0x1599042a0
[Elysia/DEBUG] Performing: basic_cast_unsigned 
[Elysia/DEBUG] Decreasing refcount of int object
[Elysia/DEBUG] Address: 0x1599042a0
[Elysia/DEBUG] Performing: load_element 
[Elysia/DEBUG] Entering function array_char[]_gc_refcount_decrease
[Elysia/DEBUG] Performing: ret 
[Elysia/DEBUG] Decreasing refcount of int object
[Elysia/DEBUG] Address: 0x1599042a0
[Elysia/DEBUG] Performing: load_local localVar#1 
[Elysia/DEBUG] Performing: load_local localVar#6 
[Elysia/DEBUG] Performing: invoke index(3782547968) index(37) index(2) 
[Elysia/DEBUG] Entering function 1_Str::operator[]#struct#1#0#int
[Elysia/DEBUG] Performing: load_local localVar#1 
[Elysia/DEBUG] Increasing refcount of int object
[Elysia/DEBUG] Address: 0x1599042c0
[Elysia/DEBUG] Performing: push_integer int(0) 
[Elysia/DEBUG] Performing: less_than 
[Elysia/DEBUG] Decreasing refcount of int object
[Elysia/DEBUG] Address: 0x1599042c0
[Elysia/DEBUG] Performing: jump_if_true codeBlock#1 
[Elysia/DEBUG] Performing: load_local localVar#1 
[Elysia/DEBUG] Increasing refcount of int object
[Elysia/DEBUG] Address: 0x1599042c0
[Elysia/DEBUG] Performing: load_local localVar#0 
[Elysia/DEBUG] Performing: load_member index(1) 
[Elysia/DEBUG] Increasing refcount of unsigned object
[Elysia/DEBUG] Address: 0x159904110
[Elysia/DEBUG] Performing: basic_cast_int 
[Elysia/DEBUG] Decreasing refcount of unsigned object
[Elysia/DEBUG] Address: 0x159904110
[Elysia/DEBUG] Performing: greater_equal 
[Elysia/DEBUG] Decreasing refcount of int object
[Elysia/DEBUG] Address: 0x1599042c0
[Elysia/DEBUG] Performing: jump_if_true codeBlock#1 
[Elysia/DEBUG] Performing: jump codeBlock#2 
[Elysia/DEBUG] Performing: push_boolean bool(false) 
[Elysia/DEBUG] Performing: jump codeBlock#3 
[Elysia/DEBUG] Performing: jump_if_true codeBlock#4 
[Elysia/DEBUG] Performing: jump codeBlock#5 
[Elysia/DEBUG] Performing: load_local localVar#0 
[Elysia/DEBUG] Performing: load_member index(0) 
[Elysia/DEBUG] Entering function array_char[]_gc_refcount_increase
[Elysia/DEBUG] Performing: load_local localVar#1 
[Elysia/DEBUG] Increasing refcount of int object
[Elysia/DEBUG] Address: 0x1599042c0
[Elysia/DEBUG] Performing: basic_cast_unsigned 
[Elysia/DEBUG] Decreasing refcount of int object
[Elysia/DEBUG] Address: 0x1599042c0
[Elysia/DEBUG] Performing: load_element 
[Elysia/DEBUG] Entering function array_char[]_gc_refcount_decrease
[Elysia/DEBUG] Performing: ret 
[Elysia/DEBUG] Decreasing refcount of int object
[Elysia/DEBUG] Address: 0x1599042c0
[Elysia/DEBUG] Performing: equal 
[Elysia/DEBUG] Decreasing refcount of char object
[Elysia/DEBUG] Address: 0x159904230
[Elysia/DEBUG] Decreasing refcount of char object
[Elysia/DEBUG] Address: 0x1599042c0
[Elysia/DEBUG] Performing: jump_if_true codeBlock#15 
[Elysia/DEBUG] Performing: load_local localVar#6 
[Elysia/DEBUG] Performing: push_integer int(0) 
[Elysia/DEBUG] Performing: greater_than 
[Elysia/DEBUG] Performing: jump_if_true codeBlock#17 
[Elysia/DEBUG] Performing: jump codeBlock#18 
[Elysia/DEBUG] Performing: load_local localVar#5 
[Elysia/DEBUG] Increasing refcount of int object
[Elysia/DEBUG] Address: 0x1599042a0
[Elysia/DEBUG] Performing: push_integer int(1) 
[Elysia/DEBUG] Performing: add 
[Elysia/DEBUG] Decreasing refcount of int object
[Elysia/DEBUG] Address: 0x1599042a0
[Elysia/DEBUG] Performing: store_local localVar#5 
[Elysia/DEBUG] Decreasing refcount of int object
[Elysia/DEBUG] Address: 0x1599042a0
[Elysia/DEBUG] Performing: jump codeBlock#16 
[Elysia/DEBUG] Performing: load_local localVar#6 
[Elysia/DEBUG] Performing: load_local localVar#1 
[Elysia/DEBUG] Performing: load_member index(1) 
[Elysia/DEBUG] Increasing refcount of unsigned object
[Elysia/DEBUG] Address: 0x159904110
[Elysia/DEBUG] Performing: basic_cast_int 
[Elysia/DEBUG] Decreasing refcount of unsigned object
[Elysia/DEBUG] Address: 0x159904110
[Elysia/DEBUG] Performing: equal 
[Elysia/DEBUG] Performing: jump_if_true codeBlock#19 
[Elysia/DEBUG] Performing: jump codeBlock#20 
[Elysia/DEBUG] Performing: jump codeBlock#12 
[Elysia/DEBUG] Performing: load_local localVar#5 
[Elysia/DEBUG] Increasing refcount of int object
[Elysia/DEBUG] Address: 0x1599042a0
[Elysia/DEBUG] Performing: load_local localVar#0 
[Elysia/DEBUG] Performing: load_member index(1) 
[Elysia/DEBUG] Increasing refcount of unsigned object
[Elysia/DEBUG] Address: 0x159904280
[Elysia/DEBUG] Performing: basic_cast_int 
[Elysia/DEBUG] Decreasing refcount of unsigned object
[Elysia/DEBUG] Address: 0x159904280
[Elysia/DEBUG] Performing: less_than 
[Elysia/DEBUG] Decreasing refcount of int object
[Elysia/DEBUG] Address: 0x1599042a0
[Elysia/DEBUG] Performing: jump_if_true codeBlock#13 
[Elysia/DEBUG] Performing: load_local localVar#0 
[Elysia/DEBUG] Performing: load_local localVar#5 
[Elysia/DEBUG] Increasing refcount of int object
[Elysia/DEBUG] Address: 0x1599042a0
[Elysia/DEBUG] Performing: invoke index(3782547968) index(37) index(2) 
[Elysia/DEBUG] Entering function 1_Str::operator[]#struct#1#0#int
[Elysia/DEBUG] Performing: load_local localVar#1 
[Elysia/DEBUG] Increasing refcount of int object
[Elysia/DEBUG] Address: 0x1599042a0
[Elysia/DEBUG] Performing: push_integer int(0) 
[Elysia/DEBUG] Performing: less_than 
[Elysia/DEBUG] Decreasing refcount of int object
[Elysia/DEBUG] Address: 0x1599042a0
[Elysia/DEBUG] Performing: jump_if_true codeBlock#1 
[Elysia/DEBUG] Performing: load_local localVar#1 
[Elysia/DEBUG] Increasing refcount of int object
[Elysia/DEBUG] Address: 0x1599042a0
[Elysia/DEBUG] Performing: load_local localVar#0 
[Elysia/DEBUG] Performing: load_member index(1) 
[Elysia/DEBUG] Increasing refcount of unsigned object
[Elysia/DEBUG] Address: 0x159904280
[Elysia/DEBUG] Performing: basic_cast_int 
[Elysia/DEBUG] Decreasing refcount of unsigned object
[Elysia/DEBUG] Address: 0x159904280
[Elysia/DEBUG] Performing: greater_equal 
[Elysia/DEBUG] Decreasing refcount of int object
[Elysia/DEBUG] Address: 0x1599042a0
[Elysia/DEBUG] Performing: jump_if_true codeBlock#1 
[Elysia/DEBUG] Performing: jump codeBlock#2 
[Elysia/DEBUG] Performing: push_boolean bool(false) 
[Elysia/DEBUG] Performing: jump codeBlock#3 
[Elysia/DEBUG] Performing: jump_if_true codeBlock#4 
[Elysia/DEBUG] Performing: jump codeBlock#5 
[Elysia/DEBUG] Performing: load_local localVar#0 
[Elysia/DEBUG] Performing: load_member index(0) 
[Elysia/DEBUG] Entering function array_char[]_gc_refcount_increase
[Elysia/DEBUG] Performing: load_local localVar#1 
[Elysia/DEBUG] Increasing refcount of int object
[Elysia/DEBUG] Address: 0x1599042a0
[Elysia/DEBUG] Performing: basic_cast_unsigned 
[Elysia/DEBUG] Decreasing refcount of int object
[Elysia/DEBUG] Address: 0x1599042a0
[Elysia/DEBUG] Performing: load_element 
[Elysia/DEBUG] Entering function array_char[]_gc_refcount_decrease
[Elysia/DEBUG] Performing: ret 
[Elysia/DEBUG] Decreasing refcount of int object
[Elysia/DEBUG] Address: 0x1599042a0
[Elysia/DEBUG] Performing: load_local localVar#1 
[Elysia/DEBUG] Performing: load_local localVar#6 
[Elysia/DEBUG] Performing: invoke index(3782547968) index(37) index(2) 
[Elysia/DEBUG] Entering function 1_Str::operator[]#struct#1#0#int
[Elysia/DEBUG] Performing: load_local localVar#1 
[Elysia/DEBUG] Increasing refcount of int object
[Elysia/DEBUG] Address: 0x1599042c0
[Elysia/DEBUG] Performing: push_integer int(0) 
[Elysia/DEBUG] Performing: less_than 
[Elysia/DEBUG] Decreasing refcount of int object
[Elysia/DEBUG] Address: 0x1599042c0
[Elysia/DEBUG] Performing: jump_if_true codeBlock#1 
[Elysia/DEBUG] Performing: load_local localVar#1 
[Elysia/DEBUG] Increasing refcount of int object
[Elysia/DEBUG] Address: 0x1599042c0
[Elysia/DEBUG] Performing: load_local localVar#0 
[Elysia/DEBUG] Performing: load_member index(1) 
[Elysia/DEBUG] Increasing refcount of unsigned object
[Elysia/DEBUG] Address: 0x159904110
[Elysia/DEBUG] Performing: basic_cast_int 
[Elysia/DEBUG] Decreasing refcount of unsigned object
[Elysia/DEBUG] Address: 0x159904110
[Elysia/DEBUG] Performing: greater_equal 
[Elysia/DEBUG] Decreasing refcount of int object
[Elysia/DEBUG] Address: 0x1599042c0
[Elysia/DEBUG] Performing: jump_if_true codeBlock#1 
[Elysia/DEBUG] Performing: jump codeBlock#2 
[Elysia/DEBUG] Performing: push_boolean bool(false) 
[Elysia/DEBUG] Performing: jump codeBlock#3 
[Elysia/DEBUG] Performing: jump_if_true codeBlock#4 
[Elysia/DEBUG] Performing: jump codeBlock#5 
[Elysia/DEBUG] Performing: load_local localVar#0 
[Elysia/DEBUG] Performing: load_member index(0) 
[Elysia/DEBUG] Entering function array_char[]_gc_refcount_increase
[Elysia/DEBUG] Performing: load_local localVar#1 
[Elysia/DEBUG] Increasing refcount of int object
[Elysia/DEBUG] Address: 0x1599042c0
[Elysia/DEBUG] Performing: basic_cast_unsigned 
[Elysia/DEBUG] Decreasing refcount of int object
[Elysia/DEBUG] Address: 0x1599042c0
[Elysia/DEBUG] Performing: load_element 
[Elysia/DEBUG] Entering function array_char[]_gc_refcount_decrease
[Elysia/DEBUG] Performing: ret 
[Elysia/DEBUG] Decreasing refcount of int object
[Elysia/DEBUG] Address: 0x1599042c0
[Elysia/DEBUG] Performing: equal 
[Elysia/DEBUG] Decreasing refcount of char object
[Elysia/DEBUG] Address: 0x159904230
[Elysia/DEBUG] Decreasing refcount of char object
[Elysia/DEBUG] Address: 0x1599042c0
[Elysia/DEBUG] Performing: jump_if_true codeBlock#15 
[Elysia/DEBUG] Performing: load_local localVar#6 
[Elysia/DEBUG] Performing: push_integer int(0) 
[Elysia/DEBUG] Performing: greater_than 
[Elysia/DEBUG] Performing: jump_if_true codeBlock#17 
[Elysia/DEBUG] Performing: jump codeBlock#18 
[Elysia/DEBUG] Performing: load_local localVar#5 
[Elysia/DEBUG] Increasing refcount of int object
[Elysia/DEBUG] Address: 0x1599042a0
[Elysia/DEBUG] Performing: push_integer int(1) 
[Elysia/DEBUG] Performing: add 
[Elysia/DEBUG] Decreasing refcount of int object
[Elysia/DEBUG] Address: 0x1599042a0
[Elysia/DEBUG] Performing: store_local localVar#5 
[Elysia/DEBUG] Decreasing refcount of int object
[Elysia/DEBUG] Address: 0x1599042a0
[Elysia/DEBUG] Performing: jump codeBlock#16 
[Elysia/DEBUG] Performing: load_local localVar#6 
[Elysia/DEBUG] Performing: load_local localVar#1 
[Elysia/DEBUG] Performing: load_member index(1) 
[Elysia/DEBUG] Increasing refcount of unsigned object
[Elysia/DEBUG] Address: 0x159904110
[Elysia/DEBUG] Performing: basic_cast_int 
[Elysia/DEBUG] Decreasing refcount of unsigned object
[Elysia/DEBUG] Address: 0x159904110
[Elysia/DEBUG] Performing: equal 
[Elysia/DEBUG] Performing: jump_if_true codeBlock#19 
[Elysia/DEBUG] Performing: jump codeBlock#20 
[Elysia/DEBUG] Performing: jump codeBlock#12 
[Elysia/DEBUG] Performing: load_local localVar#5 
[Elysia/DEBUG] Increasing refcount of int object
[Elysia/DEBUG] Address: 0x1599042a0
[Elysia/DEBUG] Performing: load_local localVar#0 
[Elysia/DEBUG] Performing: load_member index(1) 
[Elysia/DEBUG] Increasing refcount of unsigned object
[Elysia/DEBUG] Address: 0x159904280
[Elysia/DEBUG] Performing: basic_cast_int 
[Elysia/DEBUG] Decreasing refcount of unsigned object
[Elysia/DEBUG] Address: 0x159904280
[Elysia/DEBUG] Performing: less_than 
[Elysia/DEBUG] Decreasing refcount of int object
[Elysia/DEBUG] Address: 0x1599042a0
[Elysia/DEBUG] Performing: jump_if_true codeBlock#13 
[Elysia/DEBUG] Performing: load_local localVar#0 
[Elysia/DEBUG] Performing: load_local localVar#5 
[Elysia/DEBUG] Increasing refcount of int object
[Elysia/DEBUG] Address: 0x1599042a0
[Elysia/DEBUG] Performing: invoke index(3782547968) index(37) index(2) 
[Elysia/DEBUG] Entering function 1_Str::operator[]#struct#1#0#int
[Elysia/DEBUG] Performing: load_local localVar#1 
[Elysia/DEBUG] Increasing refcount of int object
[Elysia/DEBUG] Address: 0x1599042a0
[Elysia/DEBUG] Performing: push_integer int(0) 
[Elysia/DEBUG] Performing: less_than 
[Elysia/DEBUG] Decreasing refcount of int object
[Elysia/DEBUG] Address: 0x1599042a0
[Elysia/DEBUG] Performing: jump_if_true codeBlock#1 
[Elysia/DEBUG] Performing: load_local localVar#1 
[Elysia/DEBUG] Increasing refcount of int object
[Elysia/DEBUG] Address: 0x1599042a0
[Elysia/DEBUG] Performing: load_local localVar#0 
[Elysia/DEBUG] Performing: load_member index(1) 
[Elysia/DEBUG] Increasing refcount of unsigned object
[Elysia/DEBUG] Address: 0x159904280
[Elysia/DEBUG] Performing: basic_cast_int 
[Elysia/DEBUG] Decreasing refcount of unsigned object
[Elysia/DEBUG] Address: 0x159904280
[Elysia/DEBUG] Performing: greater_equal 
[Elysia/DEBUG] Decreasing refcount of int object
[Elysia/DEBUG] Address: 0x1599042a0
[Elysia/DEBUG] Performing: jump_if_true codeBlock#1 
[Elysia/DEBUG] Performing: jump codeBlock#2 
[Elysia/DEBUG] Performing: push_boolean bool(false) 
[Elysia/DEBUG] Performing: jump codeBlock#3 
[Elysia/DEBUG] Performing: jump_if_true codeBlock#4 
[Elysia/DEBUG] Performing: jump codeBlock#5 
[Elysia/DEBUG] Performing: load_local localVar#0 
[Elysia/DEBUG] Performing: load_member index(0) 
[Elysia/DEBUG] Entering function array_char[]_gc_refcount_increase
[Elysia/DEBUG] Performing: load_local localVar#1 
[Elysia/DEBUG] Increasing refcount of int object
[Elysia/DEBUG] Address: 0x1599042a0
[Elysia/DEBUG] Performing: basic_cast_unsigned 
[Elysia/DEBUG] Decreasing refcount of int object
[Elysia/DEBUG] Address: 0x1599042a0
[Elysia/DEBUG] Performing: load_element 
[Elysia/DEBUG] Entering function array_char[]_gc_refcount_decrease
[Elysia/DEBUG] Performing: ret 
[Elysia/DEBUG] Decreasing refcount of int object
[Elysia/DEBUG] Address: 0x1599042a0
[Elysia/DEBUG] Performing: load_local localVar#1 
[Elysia/DEBUG] Performing: load_local localVar#6 
[Elysia/DEBUG] Performing: invoke index(3782547968) index(37) index(2) 
[Elysia/DEBUG] Entering function 1_Str::operator[]#struct#1#0#int
[Elysia/DEBUG] Performing: load_local localVar#1 
[Elysia/DEBUG] Increasing refcount of int object
[Elysia/DEBUG] Address: 0x1599042c0
[Elysia/DEBUG] Performing: push_integer int(0) 
[Elysia/DEBUG] Performing: less_than 
[Elysia/DEBUG] Decreasing refcount of int object
[Elysia/DEBUG] Address: 0x1599042c0
[Elysia/DEBUG] Performing: jump_if_true codeBlock#1 
[Elysia/DEBUG] Performing: load_local localVar#1 
[Elysia/DEBUG] Increasing refcount of int object
[Elysia/DEBUG] Address: 0x1599042c0
[Elysia/DEBUG] Performing: load_local localVar#0 
[Elysia/DEBUG] Performing: load_member index(1) 
[Elysia/DEBUG] Increasing refcount of unsigned object
[Elysia/DEBUG] Address: 0x159904110
[Elysia/DEBUG] Performing: basic_cast_int 
[Elysia/DEBUG] Decreasing refcount of unsigned object
[Elysia/DEBUG] Address: 0x159904110
[Elysia/DEBUG] Performing: greater_equal 
[Elysia/DEBUG] Decreasing refcount of int object
[Elysia/DEBUG] Address: 0x1599042c0
[Elysia/DEBUG] Performing: jump_if_true codeBlock#1 
[Elysia/DEBUG] Performing: jump codeBlock#2 
[Elysia/DEBUG] Performing: push_boolean bool(false) 
[Elysia/DEBUG] Performing: jump codeBlock#3 
[Elysia/DEBUG] Performing: jump_if_true codeBlock#4 
[Elysia/DEBUG] Performing: jump codeBlock#5 
[Elysia/DEBUG] Performing: load_local localVar#0 
[Elysia/DEBUG] Performing: load_member index(0) 
[Elysia/DEBUG] Entering function array_char[]_gc_refcount_increase
[Elysia/DEBUG] Performing: load_local localVar#1 
[Elysia/DEBUG] Increasing refcount of int object
[Elysia/DEBUG] Address: 0x1599042c0
[Elysia/DEBUG] Performing: basic_cast_unsigned 
[Elysia/DEBUG] Decreasing refcount of int object
[Elysia/DEBUG] Address: 0x1599042c0
[Elysia/DEBUG] Performing: load_element 
[Elysia/DEBUG] Entering function array_char[]_gc_refcount_decrease
[Elysia/DEBUG] Performing: ret 
[Elysia/DEBUG] Decreasing refcount of int object
[Elysia/DEBUG] Address: 0x1599042c0
[Elysia/DEBUG] Performing: equal 
[Elysia/DEBUG] Decreasing refcount of char object
[Elysia/DEBUG] Address: 0x159904230
[Elysia/DEBUG] Decreasing refcount of char object
[Elysia/DEBUG] Address: 0x1599042c0
[Elysia/DEBUG] Performing: jump_if_true codeBlock#15 
[Elysia/DEBUG] Performing: load_local localVar#6 
[Elysia/DEBUG] Performing: push_integer int(0) 
[Elysia/DEBUG] Performing: greater_than 
[Elysia/DEBUG] Performing: jump_if_true codeBlock#17 
[Elysia/DEBUG] Performing: jump codeBlock#18 
[Elysia/DEBUG] Performing: load_local localVar#5 
[Elysia/DEBUG] Increasing refcount of int object
[Elysia/DEBUG] Address: 0x1599042a0
[Elysia/DEBUG] Performing: push_integer int(1) 
[Elysia/DEBUG] Performing: add 
[Elysia/DEBUG] Decreasing refcount of int object
[Elysia/DEBUG] Address: 0x1599042a0
[Elysia/DEBUG] Performing: store_local localVar#5 
[Elysia/DEBUG] Decreasing refcount of int object
[Elysia/DEBUG] Address: 0x1599042a0
[Elysia/DEBUG] Performing: jump codeBlock#16 
[Elysia/DEBUG] Performing: load_local localVar#6 
[Elysia/DEBUG] Performing: load_local localVar#1 
[Elysia/DEBUG] Performing: load_member index(1) 
[Elysia/DEBUG] Increasing refcount of unsigned object
[Elysia/DEBUG] Address: 0x159904110
[Elysia/DEBUG] Performing: basic_cast_int 
[Elysia/DEBUG] Decreasing refcount of unsigned object
[Elysia/DEBUG] Address: 0x159904110
[Elysia/DEBUG] Performing: equal 
[Elysia/DEBUG] Performing: jump_if_true codeBlock#19 
[Elysia/DEBUG] Performing: jump codeBlock#20 
[Elysia/DEBUG] Performing: jump codeBlock#12 
[Elysia/DEBUG] Performing: load_local localVar#5 
[Elysia/DEBUG] Increasing refcount of int object
[Elysia/DEBUG] Address: 0x1599042a0
[Elysia/DEBUG] Performing: load_local localVar#0 
[Elysia/DEBUG] Performing: load_member index(1) 
[Elysia/DEBUG] Increasing refcount of unsigned object
[Elysia/DEBUG] Address: 0x159904280
[Elysia/DEBUG] Performing: basic_cast_int 
[Elysia/DEBUG] Decreasing refcount of unsigned object
[Elysia/DEBUG] Address: 0x159904280
[Elysia/DEBUG] Performing: less_than 
[Elysia/DEBUG] Decreasing refcount of int object
[Elysia/DEBUG] Address: 0x1599042a0
[Elysia/DEBUG] Performing: jump_if_true codeBlock#13 
[Elysia/DEBUG] Performing: jump codeBlock#14 
[Elysia/DEBUG] Performing: push_integer int(-1) 
[Elysia/DEBUG] Performing: ret 
[Elysia/DEBUG] Decreasing refcount of int object
[Elysia/DEBUG] Address: 0x1598040a0
[Elysia/DEBUG] Entering function array_int[]_gc_refcount_decrease
[Elysia/DEBUG] Decreasing refcount of int object
[Elysia/DEBUG] Address: 0x1599042a0
[Elysia/DEBUG] Performing: store_local localVar#3 
[Elysia/DEBUG] Decreasing refcount of int object
[Elysia/DEBUG] Address: 0x159804080
[Elysia/DEBUG] Performing: load_local localVar#3 
[Elysia/DEBUG] Increasing refcount of int object
[Elysia/DEBUG] Address: 0x1599042a0
[Elysia/DEBUG] Performing: push_integer int(-1) 
[Elysia/DEBUG] Performing: not_equal 
[Elysia/DEBUG] Decreasing refcount of int object
[Elysia/DEBUG] Address: 0x1599042a0
[Elysia/DEBUG] Performing: jump_if_true codeBlock#4 
[Elysia/DEBUG] Performing: jump codeBlock#5 
[Elysia/DEBUG] Performing: jump codeBlock#1 
[Elysia/DEBUG] Performing: load_local localVar#3 
[Elysia/DEBUG] Increasing refcount of int object
[Elysia/DEBUG] Address: 0x1599042a0
[Elysia/DEBUG] Performing: push_integer int(-1) 
[Elysia/DEBUG] Performing: not_equal 
[Elysia/DEBUG] Decreasing refcount of int object
[Elysia/DEBUG] Address: 0x1599042a0
[Elysia/DEBUG] Performing: jump_if_true codeBlock#2 
[Elysia/DEBUG] Performing: jump codeBlock#3 
[Elysia/DEBUG] Performing: load_local localVar#2 
[Elysia/DEBUG] Performing: ret 
[Elysia/DEBUG] Entering function array_char[]_gc_refcount_decrease
[Elysia/DEBUG] Decreasing refcount of unsigned object
[Elysia/DEBUG] Address: 0x159904110
[Elysia/DEBUG] Decreasing refcount of unsigned object
[Elysia/DEBUG] Address: 0x159904130
[Elysia/DEBUG] Decreasing refcount of int object
[Elysia/DEBUG] Address: 0x1599042a0
[Elysia/DEBUG] Decreasing refcount of int object
[Elysia/DEBUG] Address: 0x1598040a0
[Elysia/DEBUG] Performing: push_integer int(1) 
[Elysia/DEBUG] Performing: not_equal 
[Elysia/DEBUG] Decreasing refcount of int object
[Elysia/DEBUG] Address: 0x1599042a0
[Elysia/DEBUG] Performing: jump_if_true codeBlock#11 
[Elysia/DEBUG] Performing: load_local localVar#2 
[Elysia/DEBUG] Performing: new_struct index(3782547968) index(0) 
[Elysia/DEBUG] Performing: push_string index(19) string_const#19 
[Elysia/DEBUG] Performing: invoke index(3782547968) index(24) index(2) 
[Elysia/DEBUG] Entering function 1_Str::constructor#str
[Elysia/DEBUG] Performing: load_local localVar#1 
[Elysia/DEBUG] Increasing refcount of string object
[Elysia/DEBUG] Address: 0x1599042a0
[Elysia/DEBUG] Performing: invoke_imported index(0) index(3) index(1) 
[Elysia/DEBUG] Entering function strlen
[Elysia/DEBUG] Decreasing refcount of string object
[Elysia/DEBUG] Address: 0x1599042a0
[Elysia/DEBUG] Performing: load_local localVar#0 
[Elysia/DEBUG] Performing: store_member index(1) 
[Elysia/DEBUG] Performing: load_local localVar#0 
[Elysia/DEBUG] Performing: load_member index(1) 
[Elysia/DEBUG] Increasing refcount of unsigned object
[Elysia/DEBUG] Address: 0x159904230
[Elysia/DEBUG] Performing: basic_cast_int 
[Elysia/DEBUG] Decreasing refcount of unsigned object
[Elysia/DEBUG] Address: 0x159904230
[Elysia/DEBUG] Performing: push_integer int(1) 
[Elysia/DEBUG] Performing: add 
[Elysia/DEBUG] Performing: basic_cast_unsigned 
[Elysia/DEBUG] Performing: load_local localVar#0 
[Elysia/DEBUG] Performing: store_member index(2) 
[Elysia/DEBUG] Performing: load_local localVar#0 
[Elysia/DEBUG] Performing: load_member index(2) 
[Elysia/DEBUG] Increasing refcount of unsigned object
[Elysia/DEBUG] Address: 0x159904110
[Elysia/DEBUG] Performing: new_dynamic_array_char index(0) 
[Elysia/DEBUG] Decreasing refcount of unsigned object
[Elysia/DEBUG] Address: 0x159904110
[Elysia/DEBUG] Performing: load_local localVar#0 
[Elysia/DEBUG] Performing: store_member index(0) 
[Elysia/DEBUG] Entering function array_char[]_gc_refcount_decrease
[Elysia/DEBUG] Performing: load_local localVar#0 
[Elysia/DEBUG] Performing: load_member index(0) 
[Elysia/DEBUG] Entering function array_char[]_gc_refcount_increase
[Elysia/DEBUG] Performing: invoke_imported index(0) index(2) index(1) 
[Elysia/DEBUG] Performing: load_local localVar#1 
[Elysia/DEBUG] Increasing refcount of string object
[Elysia/DEBUG] Address: 0x1599042a0
[Elysia/DEBUG] Performing: load_local localVar#0 
[Elysia/DEBUG] Performing: load_member index(1) 
[Elysia/DEBUG] Increasing refcount of unsigned object
[Elysia/DEBUG] Address: 0x159904230
[Elysia/DEBUG] Performing: invoke_imported index(0) index(5) index(3) 
[Elysia/DEBUG] Entering function memcpy
[Elysia/DEBUG] Decreasing refcount of unsigned object
[Elysia/DEBUG] Address: 0x159904230
[Elysia/DEBUG] Decreasing refcount of string object
[Elysia/DEBUG] Address: 0x1599042a0
[Elysia/DEBUG] Decreasing refcount of int object
[Elysia/DEBUG] Address: 0x159904150
[Elysia/DEBUG] Performing: pop 
[Elysia/DEBUG] Popped value: calltmp60
[Elysia/DEBUG] Decreasing refcount of unsigned object
[Elysia/DEBUG] Address: 0x1599042c0
[Elysia/DEBUG] Performing: push_character char(
[Elysia/DEBUG] Performing: load_local localVar#0 
[Elysia/DEBUG] Performing: load_member index(0) 
[Elysia/DEBUG] Entering function array_char[]_gc_refcount_increase
[Elysia/DEBUG] Performing: load_local localVar#0 
[Elysia/DEBUG] Performing: load_member index(1) 
[Elysia/DEBUG] Increasing refcount of unsigned object
[Elysia/DEBUG] Address: 0x159904230
[Elysia/DEBUG] Performing: store_element unknown 
[Elysia/DEBUG] Decreasing refcount of unsigned object
[Elysia/DEBUG] Address: 0x159904230
[Elysia/DEBUG] Entering function array_char[]_gc_refcount_decrease
[Elysia/DEBUG] Performing: load_local localVar#0 
[Elysia/DEBUG] Performing: load_member index(0) 
[Elysia/DEBUG] Entering function array_char[]_gc_refcount_increase
[Elysia/DEBUG] Performing: load_local localVar#0 
[Elysia/DEBUG] Performing: load_member index(1) 
[Elysia/DEBUG] Increasing refcount of unsigned object
[Elysia/DEBUG] Address: 0x159904230
[Elysia/DEBUG] Performing: load_element 
[Elysia/DEBUG] Decreasing refcount of unsigned object
[Elysia/DEBUG] Address: 0x159904230
[Elysia/DEBUG] Entering function array_char[]_gc_refcount_decrease
[Elysia/DEBUG] Performing: pop 
[Elysia/DEBUG] Popped value: loaded_val
[Elysia/DEBUG] Performing: load_local localVar#0 
[Elysia/DEBUG] Performing: ret 
[Elysia/DEBUG] Decreasing refcount of string object
[Elysia/DEBUG] Address: 0x1599042a0
[Elysia/DEBUG] Performing: invoke index(3782547968) index(19) index(2) 
[Elysia/DEBUG] Entering function 1_Str::find_all#struct#1#0
[Elysia/DEBUG] Performing: push_integer int(0) 
[Elysia/DEBUG] Performing: store_local localVar#2 
[Elysia/DEBUG] Performing: push_integer int(0) 
[Elysia/DEBUG] Performing: store_local localVar#3 
[Elysia/DEBUG] Performing: push_integer int(0) 
[Elysia/DEBUG] Performing: store_local localVar#4 
[Elysia/DEBUG] Performing: jump codeBlock#1 
[Elysia/DEBUG] Performing: load_local localVar#3 
[Elysia/DEBUG] Increasing refcount of int object
[Elysia/DEBUG] Address: 0x1599042a0
[Elysia/DEBUG] Performing: push_integer int(-1) 
[Elysia/DEBUG] Performing: not_equal 
[Elysia/DEBUG] Decreasing refcount of int object
[Elysia/DEBUG] Address: 0x1599042a0
[Elysia/DEBUG] Performing: jump_if_true codeBlock#2 
[Elysia/DEBUG] Performing: load_local localVar#0 
[Elysia/DEBUG] Performing: load_local localVar#1 
[Elysia/DEBUG] Performing: load_local localVar#4 
[Elysia/DEBUG] Increasing refcount of int object
[Elysia/DEBUG] Address: 0x159904150
[Elysia/DEBUG] Performing: invoke index(3782547968) index(12) index(3) 
[Elysia/DEBUG] Entering function 1_Str::find#struct#1#0#int
[Elysia/DEBUG] Performing: load_local localVar#1 
[Elysia/DEBUG] Performing: load_member index(1) 
[Elysia/DEBUG] Increasing refcount of unsigned object
[Elysia/DEBUG] Address: 0x159904230
[Elysia/DEBUG] Performing: load_local localVar#0 
[Elysia/DEBUG] Performing: load_member index(1) 
[Elysia/DEBUG] Increasing refcount of unsigned object
[Elysia/DEBUG] Address: 0x159904280
[Elysia/DEBUG] Performing: greater_than 
[Elysia/DEBUG] Decreasing refcount of unsigned object
[Elysia/DEBUG] Address: 0x159904230
[Elysia/DEBUG] Decreasing refcount of unsigned object
[Elysia/DEBUG] Address: 0x159904280
[Elysia/DEBUG] Performing: jump_if_true codeBlock#1 
[Elysia/DEBUG] Performing: jump codeBlock#2 
[Elysia/DEBUG] Performing: push_integer int(0) 
[Elysia/DEBUG] Performing: load_local localVar#1 
[Elysia/DEBUG] Performing: load_member index(1) 
[Elysia/DEBUG] Increasing refcount of unsigned object
[Elysia/DEBUG] Address: 0x159904230
[Elysia/DEBUG] Performing: new_dynamic_array_int index(1) 
[Elysia/DEBUG] Decreasing refcount of unsigned object
[Elysia/DEBUG] Address: 0x159904230
[Elysia/DEBUG] Performing: store_local localVar#3 
[Elysia/DEBUG] Entering function array_int[]_gc_refcount_decrease
[Elysia/DEBUG] Performing: push_integer int(0) 
[Elysia/DEBUG] Performing: store_local localVar#4 
[Elysia/DEBUG] Performing: push_integer int(1) 
[Elysia/DEBUG] Performing: store_local localVar#5 
[Elysia/DEBUG] Performing: jump codeBlock#3 
[Elysia/DEBUG] Performing: load_local localVar#5 
[Elysia/DEBUG] Increasing refcount of int object
[Elysia/DEBUG] Address: 0x159904300
[Elysia/DEBUG] Performing: load_local localVar#1 
[Elysia/DEBUG] Performing: load_member index(1) 
[Elysia/DEBUG] Increasing refcount of unsigned object
[Elysia/DEBUG] Address: 0x159904230
[Elysia/DEBUG] Performing: basic_cast_int 
[Elysia/DEBUG] Decreasing refcount of unsigned object
[Elysia/DEBUG] Address: 0x159904230
[Elysia/DEBUG] Performing: less_than 
[Elysia/DEBUG] Decreasing refcount of int object
[Elysia/DEBUG] Address: 0x159904300
[Elysia/DEBUG] Performing: jump_if_true codeBlock#4 
[Elysia/DEBUG] Performing: load_local localVar#1 
[Elysia/DEBUG] Performing: load_local localVar#5 
[Elysia/DEBUG] Increasing refcount of int object
[Elysia/DEBUG] Address: 0x159904300
[Elysia/DEBUG] Performing: invoke index(3782547968) index(37) index(2) 
[Elysia/DEBUG] Entering function 1_Str::operator[]#struct#1#0#int
[Elysia/DEBUG] Performing: load_local localVar#1 
[Elysia/DEBUG] Increasing refcount of int object
[Elysia/DEBUG] Address: 0x159904300
[Elysia/DEBUG] Performing: push_integer int(0) 
[Elysia/DEBUG] Performing: less_than 
[Elysia/DEBUG] Decreasing refcount of int object
[Elysia/DEBUG] Address: 0x159904300
[Elysia/DEBUG] Performing: jump_if_true codeBlock#1 
[Elysia/DEBUG] Performing: load_local localVar#1 
[Elysia/DEBUG] Increasing refcount of int object
[Elysia/DEBUG] Address: 0x159904300
[Elysia/DEBUG] Performing: load_local localVar#0 
[Elysia/DEBUG] Performing: load_member index(1) 
[Elysia/DEBUG] Increasing refcount of unsigned object
[Elysia/DEBUG] Address: 0x159904230
[Elysia/DEBUG] Performing: basic_cast_int 
[Elysia/DEBUG] Decreasing refcount of unsigned object
[Elysia/DEBUG] Address: 0x159904230
[Elysia/DEBUG] Performing: greater_equal 
[Elysia/DEBUG] Decreasing refcount of int object
[Elysia/DEBUG] Address: 0x159904300
[Elysia/DEBUG] Performing: jump_if_true codeBlock#1 
[Elysia/DEBUG] Performing: jump codeBlock#2 
[Elysia/DEBUG] Performing: push_boolean bool(false) 
[Elysia/DEBUG] Performing: jump codeBlock#3 
[Elysia/DEBUG] Performing: jump_if_true codeBlock#4 
[Elysia/DEBUG] Performing: jump codeBlock#5 
[Elysia/DEBUG] Performing: load_local localVar#0 
[Elysia/DEBUG] Performing: load_member index(0) 
[Elysia/DEBUG] Entering function array_char[]_gc_refcount_increase
[Elysia/DEBUG] Performing: load_local localVar#1 
[Elysia/DEBUG] Increasing refcount of int object
[Elysia/DEBUG] Address: 0x159904300
[Elysia/DEBUG] Performing: basic_cast_unsigned 
[Elysia/DEBUG] Decreasing refcount of int object
[Elysia/DEBUG] Address: 0x159904300
[Elysia/DEBUG] Performing: load_element 
[Elysia/DEBUG] Entering function array_char[]_gc_refcount_decrease
[Elysia/DEBUG] Performing: ret 
[Elysia/DEBUG] Decreasing refcount of int object
[Elysia/DEBUG] Address: 0x159904300
[Elysia/DEBUG] Performing: load_local localVar#1 
[Elysia/DEBUG] Performing: load_local localVar#4 
[Elysia/DEBUG] Performing: invoke index(3782547968) index(37) index(2) 
[Elysia/DEBUG] Entering function 1_Str::operator[]#struct#1#0#int
[Elysia/DEBUG] Performing: load_local localVar#1 
[Elysia/DEBUG] Increasing refcount of int object
[Elysia/DEBUG] Address: 0x159904340
[Elysia/DEBUG] Performing: push_integer int(0) 
[Elysia/DEBUG] Performing: less_than 
[Elysia/DEBUG] Decreasing refcount of int object
[Elysia/DEBUG] Address: 0x159904340
[Elysia/DEBUG] Performing: jump_if_true codeBlock#1 
[Elysia/DEBUG] Performing: load_local localVar#1 
[Elysia/DEBUG] Increasing refcount of int object
[Elysia/DEBUG] Address: 0x159904340
[Elysia/DEBUG] Performing: load_local localVar#0 
[Elysia/DEBUG] Performing: load_member index(1) 
[Elysia/DEBUG] Increasing refcount of unsigned object
[Elysia/DEBUG] Address: 0x159904230
[Elysia/DEBUG] Performing: basic_cast_int 
[Elysia/DEBUG] Decreasing refcount of unsigned object
[Elysia/DEBUG] Address: 0x159904230
[Elysia/DEBUG] Performing: greater_equal 
[Elysia/DEBUG] Decreasing refcount of int object
[Elysia/DEBUG] Address: 0x159904340
[Elysia/DEBUG] Performing: jump_if_true codeBlock#1 
[Elysia/DEBUG] Performing: jump codeBlock#2 
[Elysia/DEBUG] Performing: push_boolean bool(false) 
[Elysia/DEBUG] Performing: jump codeBlock#3 
[Elysia/DEBUG] Performing: jump_if_true codeBlock#4 
[Elysia/DEBUG] Performing: jump codeBlock#5 
[Elysia/DEBUG] Performing: load_local localVar#0 
[Elysia/DEBUG] Performing: load_member index(0) 
[Elysia/DEBUG] Entering function array_char[]_gc_refcount_increase
[Elysia/DEBUG] Performing: load_local localVar#1 
[Elysia/DEBUG] Increasing refcount of int object
[Elysia/DEBUG] Address: 0x159904340
[Elysia/DEBUG] Performing: basic_cast_unsigned 
[Elysia/DEBUG] Decreasing refcount of int object
[Elysia/DEBUG] Address: 0x159904340
[Elysia/DEBUG] Performing: load_element 
[Elysia/DEBUG] Entering function array_char[]_gc_refcount_decrease
[Elysia/DEBUG] Performing: ret 
[Elysia/DEBUG] Decreasing refcount of int object
[Elysia/DEBUG] Address: 0x159904340
[Elysia/DEBUG] Performing: equal 
[Elysia/DEBUG] Decreasing refcount of char object
[Elysia/DEBUG] Address: 0x159904320
[Elysia/DEBUG] Decreasing refcount of char object
[Elysia/DEBUG] Address: 0x159904340
[Elysia/DEBUG] Performing: jump_if_true codeBlock#6 
[Elysia/DEBUG] Performing: jump codeBlock#8 
[Elysia/DEBUG] Performing: load_local localVar#4 
[Elysia/DEBUG] Performing: push_integer int(0) 
[Elysia/DEBUG] Performing: equal 
[Elysia/DEBUG] Performing: jump_if_true codeBlock#9 
[Elysia/DEBUG] Performing: push_integer int(0) 
[Elysia/DEBUG] Performing: load_local localVar#3 
[Elysia/DEBUG] Entering function array_int[]_gc_refcount_increase
[Elysia/DEBUG] Performing: push_unsigned unsigned(0) 
[Elysia/DEBUG] Performing: load_local localVar#5 
[Elysia/DEBUG] Increasing refcount of int object
[Elysia/DEBUG] Address: 0x159904300
[Elysia/DEBUG] Performing: basic_cast_unsigned 
[Elysia/DEBUG] Decreasing refcount of int object
[Elysia/DEBUG] Address: 0x159904300
[Elysia/DEBUG] Performing: push_unsigned unsigned(1) 
[Elysia/DEBUG] Performing: mul 
[Elysia/DEBUG] Performing: add 
[Elysia/DEBUG] Performing: store_element unknown 
[Elysia/DEBUG] Entering function array_int[]_gc_refcount_decrease
[Elysia/DEBUG] Performing: load_local localVar#3 
[Elysia/DEBUG] Entering function array_int[]_gc_refcount_increase
[Elysia/DEBUG] Performing: push_unsigned unsigned(0) 
[Elysia/DEBUG] Performing: load_local localVar#5 
[Elysia/DEBUG] Increasing refcount of int object
[Elysia/DEBUG] Address: 0x159904300
[Elysia/DEBUG] Performing: basic_cast_unsigned 
[Elysia/DEBUG] Decreasing refcount of int object
[Elysia/DEBUG] Address: 0x159904300
[Elysia/DEBUG] Performing: push_unsigned unsigned(1) 
[Elysia/DEBUG] Performing: mul 
[Elysia/DEBUG] Performing: add 
[Elysia/DEBUG] Performing: load_element 
[Elysia/DEBUG] Entering function array_int[]_gc_refcount_decrease
[Elysia/DEBUG] Performing: pop 
[Elysia/DEBUG] Popped value: loaded_val340
[Elysia/DEBUG] Performing: load_local localVar#5 
[Elysia/DEBUG] Increasing refcount of int object
[Elysia/DEBUG] Address: 0x159904300
[Elysia/DEBUG] Performing: push_integer int(1) 
[Elysia/DEBUG] Performing: add 
[Elysia/DEBUG] Decreasing refcount of int object
[Elysia/DEBUG] Address: 0x159904300
[Elysia/DEBUG] Performing: store_local localVar#5 
[Elysia/DEBUG] Decreasing refcount of int object
[Elysia/DEBUG] Address: 0x159904300
[Elysia/DEBUG] Performing: jump codeBlock#10 
[Elysia/DEBUG] Performing: jump codeBlock#7 
[Elysia/DEBUG] Performing: jump codeBlock#3 
[Elysia/DEBUG] Performing: load_local localVar#5 
[Elysia/DEBUG] Increasing refcount of int object
[Elysia/DEBUG] Address: 0x159904300
[Elysia/DEBUG] Performing: load_local localVar#1 
[Elysia/DEBUG] Performing: load_member index(1) 
[Elysia/DEBUG] Increasing refcount of unsigned object
[Elysia/DEBUG] Address: 0x159904230
[Elysia/DEBUG] Performing: basic_cast_int 
[Elysia/DEBUG] Decreasing refcount of unsigned object
[Elysia/DEBUG] Address: 0x159904230
[Elysia/DEBUG] Performing: less_than 
[Elysia/DEBUG] Decreasing refcount of int object
[Elysia/DEBUG] Address: 0x159904300
[Elysia/DEBUG] Performing: jump_if_true codeBlock#4 
[Elysia/DEBUG] Performing: load_local localVar#1 
[Elysia/DEBUG] Performing: load_local localVar#5 
[Elysia/DEBUG] Increasing refcount of int object
[Elysia/DEBUG] Address: 0x159904300
[Elysia/DEBUG] Performing: invoke index(3782547968) index(37) index(2) 
[Elysia/DEBUG] Entering function 1_Str::operator[]#struct#1#0#int
[Elysia/DEBUG] Performing: load_local localVar#1 
[Elysia/DEBUG] Increasing refcount of int object
[Elysia/DEBUG] Address: 0x159904300
[Elysia/DEBUG] Performing: push_integer int(0) 
[Elysia/DEBUG] Performing: less_than 
[Elysia/DEBUG] Decreasing refcount of int object
[Elysia/DEBUG] Address: 0x159904300
[Elysia/DEBUG] Performing: jump_if_true codeBlock#1 
[Elysia/DEBUG] Performing: load_local localVar#1 
[Elysia/DEBUG] Increasing refcount of int object
[Elysia/DEBUG] Address: 0x159904300
[Elysia/DEBUG] Performing: load_local localVar#0 
[Elysia/DEBUG] Performing: load_member index(1) 
[Elysia/DEBUG] Increasing refcount of unsigned object
[Elysia/DEBUG] Address: 0x159904230
[Elysia/DEBUG] Performing: basic_cast_int 
[Elysia/DEBUG] Decreasing refcount of unsigned object
[Elysia/DEBUG] Address: 0x159904230
[Elysia/DEBUG] Performing: greater_equal 
[Elysia/DEBUG] Decreasing refcount of int object
[Elysia/DEBUG] Address: 0x159904300
[Elysia/DEBUG] Performing: jump_if_true codeBlock#1 
[Elysia/DEBUG] Performing: jump codeBlock#2 
[Elysia/DEBUG] Performing: push_boolean bool(false) 
[Elysia/DEBUG] Performing: jump codeBlock#3 
[Elysia/DEBUG] Performing: jump_if_true codeBlock#4 
[Elysia/DEBUG] Performing: jump codeBlock#5 
[Elysia/DEBUG] Performing: load_local localVar#0 
[Elysia/DEBUG] Performing: load_member index(0) 
[Elysia/DEBUG] Entering function array_char[]_gc_refcount_increase
[Elysia/DEBUG] Performing: load_local localVar#1 
[Elysia/DEBUG] Increasing refcount of int object
[Elysia/DEBUG] Address: 0x159904300
[Elysia/DEBUG] Performing: basic_cast_unsigned 
[Elysia/DEBUG] Decreasing refcount of int object
[Elysia/DEBUG] Address: 0x159904300
[Elysia/DEBUG] Performing: load_element 
[Elysia/DEBUG] Entering function array_char[]_gc_refcount_decrease
[Elysia/DEBUG] Performing: ret 
[Elysia/DEBUG] Decreasing refcount of int object
[Elysia/DEBUG] Address: 0x159904300
[Elysia/DEBUG] Performing: load_local localVar#1 
[Elysia/DEBUG] Performing: load_local localVar#4 
[Elysia/DEBUG] Performing: invoke index(3782547968) index(37) index(2) 
[Elysia/DEBUG] Entering function 1_Str::operator[]#struct#1#0#int
[Elysia/DEBUG] Performing: load_local localVar#1 
[Elysia/DEBUG] Increasing refcount of int object
[Elysia/DEBUG] Address: 0x159904340
[Elysia/DEBUG] Performing: push_integer int(0) 
[Elysia/DEBUG] Performing: less_than 
[Elysia/DEBUG] Decreasing refcount of int object
[Elysia/DEBUG] Address: 0x159904340
[Elysia/DEBUG] Performing: jump_if_true codeBlock#1 
[Elysia/DEBUG] Performing: load_local localVar#1 
[Elysia/DEBUG] Increasing refcount of int object
[Elysia/DEBUG] Address: 0x159904340
[Elysia/DEBUG] Performing: load_local localVar#0 
[Elysia/DEBUG] Performing: load_member index(1) 
[Elysia/DEBUG] Increasing refcount of unsigned object
[Elysia/DEBUG] Address: 0x159904230
[Elysia/DEBUG] Performing: basic_cast_int 
[Elysia/DEBUG] Decreasing refcount of unsigned object
[Elysia/DEBUG] Address: 0x159904230
[Elysia/DEBUG] Performing: greater_equal 
[Elysia/DEBUG] Decreasing refcount of int object
[Elysia/DEBUG] Address: 0x159904340
[Elysia/DEBUG] Performing: jump_if_true codeBlock#1 
[Elysia/DEBUG] Performing: jump codeBlock#2 
[Elysia/DEBUG] Performing: push_boolean bool(false) 
[Elysia/DEBUG] Performing: jump codeBlock#3 
[Elysia/DEBUG] Performing: jump_if_true codeBlock#4 
[Elysia/DEBUG] Performing: jump codeBlock#5 
[Elysia/DEBUG] Performing: load_local localVar#0 
[Elysia/DEBUG] Performing: load_member index(0) 
[Elysia/DEBUG] Entering function array_char[]_gc_refcount_increase
[Elysia/DEBUG] Performing: load_local localVar#1 
[Elysia/DEBUG] Increasing refcount of int object
[Elysia/DEBUG] Address: 0x159904340
[Elysia/DEBUG] Performing: basic_cast_unsigned 
[Elysia/DEBUG] Decreasing refcount of int object
[Elysia/DEBUG] Address: 0x159904340
[Elysia/DEBUG] Performing: load_element 
[Elysia/DEBUG] Entering function array_char[]_gc_refcount_decrease
[Elysia/DEBUG] Performing: ret 
[Elysia/DEBUG] Decreasing refcount of int object
[Elysia/DEBUG] Address: 0x159904340
[Elysia/DEBUG] Performing: equal 
[Elysia/DEBUG] Decreasing refcount of char object
[Elysia/DEBUG] Address: 0x159904320
[Elysia/DEBUG] Decreasing refcount of char object
[Elysia/DEBUG] Address: 0x159904340
[Elysia/DEBUG] Performing: jump_if_true codeBlock#6 
[Elysia/DEBUG] Performing: jump codeBlock#8 
[Elysia/DEBUG] Performing: load_local localVar#4 
[Elysia/DEBUG] Performing: push_integer int(0) 
[Elysia/DEBUG] Performing: equal 
[Elysia/DEBUG] Performing: jump_if_true codeBlock#9 
[Elysia/DEBUG] Performing: push_integer int(0) 
[Elysia/DEBUG] Performing: load_local localVar#3 
[Elysia/DEBUG] Entering function array_int[]_gc_refcount_increase
[Elysia/DEBUG] Performing: push_unsigned unsigned(0) 
[Elysia/DEBUG] Performing: load_local localVar#5 
[Elysia/DEBUG] Increasing refcount of int object
[Elysia/DEBUG] Address: 0x159904300
[Elysia/DEBUG] Performing: basic_cast_unsigned 
[Elysia/DEBUG] Decreasing refcount of int object
[Elysia/DEBUG] Address: 0x159904300
[Elysia/DEBUG] Performing: push_unsigned unsigned(1) 
[Elysia/DEBUG] Performing: mul 
[Elysia/DEBUG] Performing: add 
[Elysia/DEBUG] Performing: store_element unknown 
[Elysia/DEBUG] Entering function array_int[]_gc_refcount_decrease
[Elysia/DEBUG] Performing: load_local localVar#3 
[Elysia/DEBUG] Entering function array_int[]_gc_refcount_increase
[Elysia/DEBUG] Performing: push_unsigned unsigned(0) 
[Elysia/DEBUG] Performing: load_local localVar#5 
[Elysia/DEBUG] Increasing refcount of int object
[Elysia/DEBUG] Address: 0x159904300
[Elysia/DEBUG] Performing: basic_cast_unsigned 
[Elysia/DEBUG] Decreasing refcount of int object
[Elysia/DEBUG] Address: 0x159904300
[Elysia/DEBUG] Performing: push_unsigned unsigned(1) 
[Elysia/DEBUG] Performing: mul 
[Elysia/DEBUG] Performing: add 
[Elysia/DEBUG] Performing: load_element 
[Elysia/DEBUG] Entering function array_int[]_gc_refcount_decrease
[Elysia/DEBUG] Performing: pop 
[Elysia/DEBUG] Popped value: loaded_val340
[Elysia/DEBUG] Performing: load_local localVar#5 
[Elysia/DEBUG] Increasing refcount of int object
[Elysia/DEBUG] Address: 0x159904300
[Elysia/DEBUG] Performing: push_integer int(1) 
[Elysia/DEBUG] Performing: add 
[Elysia/DEBUG] Decreasing refcount of int object
[Elysia/DEBUG] Address: 0x159904300
[Elysia/DEBUG] Performing: store_local localVar#5 
[Elysia/DEBUG] Decreasing refcount of int object
[Elysia/DEBUG] Address: 0x159904300
[Elysia/DEBUG] Performing: jump codeBlock#10 
[Elysia/DEBUG] Performing: jump codeBlock#7 
[Elysia/DEBUG] Performing: jump codeBlock#3 
[Elysia/DEBUG] Performing: load_local localVar#5 
[Elysia/DEBUG] Increasing refcount of int object
[Elysia/DEBUG] Address: 0x159904300
[Elysia/DEBUG] Performing: load_local localVar#1 
[Elysia/DEBUG] Performing: load_member index(1) 
[Elysia/DEBUG] Increasing refcount of unsigned object
[Elysia/DEBUG] Address: 0x159904230
[Elysia/DEBUG] Performing: basic_cast_int 
[Elysia/DEBUG] Decreasing refcount of unsigned object
[Elysia/DEBUG] Address: 0x159904230
[Elysia/DEBUG] Performing: less_than 
[Elysia/DEBUG] Decreasing refcount of int object
[Elysia/DEBUG] Address: 0x159904300
[Elysia/DEBUG] Performing: jump_if_true codeBlock#4 
[Elysia/DEBUG] Performing: load_local localVar#1 
[Elysia/DEBUG] Performing: load_local localVar#5 
[Elysia/DEBUG] Increasing refcount of int object
[Elysia/DEBUG] Address: 0x159904300
[Elysia/DEBUG] Performing: invoke index(3782547968) index(37) index(2) 
[Elysia/DEBUG] Entering function 1_Str::operator[]#struct#1#0#int
[Elysia/DEBUG] Performing: load_local localVar#1 
[Elysia/DEBUG] Increasing refcount of int object
[Elysia/DEBUG] Address: 0x159904300
[Elysia/DEBUG] Performing: push_integer int(0) 
[Elysia/DEBUG] Performing: less_than 
[Elysia/DEBUG] Decreasing refcount of int object
[Elysia/DEBUG] Address: 0x159904300
[Elysia/DEBUG] Performing: jump_if_true codeBlock#1 
[Elysia/DEBUG] Performing: load_local localVar#1 
[Elysia/DEBUG] Increasing refcount of int object
[Elysia/DEBUG] Address: 0x159904300
[Elysia/DEBUG] Performing: load_local localVar#0 
[Elysia/DEBUG] Performing: load_member index(1) 
[Elysia/DEBUG] Increasing refcount of unsigned object
[Elysia/DEBUG] Address: 0x159904230
[Elysia/DEBUG] Performing: basic_cast_int 
[Elysia/DEBUG] Decreasing refcount of unsigned object
[Elysia/DEBUG] Address: 0x159904230
[Elysia/DEBUG] Performing: greater_equal 
[Elysia/DEBUG] Decreasing refcount of int object
[Elysia/DEBUG] Address: 0x159904300
[Elysia/DEBUG] Performing: jump_if_true codeBlock#1 
[Elysia/DEBUG] Performing: jump codeBlock#2 
[Elysia/DEBUG] Performing: push_boolean bool(false) 
[Elysia/DEBUG] Performing: jump codeBlock#3 
[Elysia/DEBUG] Performing: jump_if_true codeBlock#4 
[Elysia/DEBUG] Performing: jump codeBlock#5 
[Elysia/DEBUG] Performing: load_local localVar#0 
[Elysia/DEBUG] Performing: load_member index(0) 
[Elysia/DEBUG] Entering function array_char[]_gc_refcount_increase
[Elysia/DEBUG] Performing: load_local localVar#1 
[Elysia/DEBUG] Increasing refcount of int object
[Elysia/DEBUG] Address: 0x159904300
[Elysia/DEBUG] Performing: basic_cast_unsigned 
[Elysia/DEBUG] Decreasing refcount of int object
[Elysia/DEBUG] Address: 0x159904300
[Elysia/DEBUG] Performing: load_element 
[Elysia/DEBUG] Entering function array_char[]_gc_refcount_decrease
[Elysia/DEBUG] Performing: ret 
[Elysia/DEBUG] Decreasing refcount of int object
[Elysia/DEBUG] Address: 0x159904300
[Elysia/DEBUG] Performing: load_local localVar#1 
[Elysia/DEBUG] Performing: load_local localVar#4 
[Elysia/DEBUG] Performing: invoke index(3782547968) index(37) index(2) 
[Elysia/DEBUG] Entering function 1_Str::operator[]#struct#1#0#int
[Elysia/DEBUG] Performing: load_local localVar#1 
[Elysia/DEBUG] Increasing refcount of int object
[Elysia/DEBUG] Address: 0x159904340
[Elysia/DEBUG] Performing: push_integer int(0) 
[Elysia/DEBUG] Performing: less_than 
[Elysia/DEBUG] Decreasing refcount of int object
[Elysia/DEBUG] Address: 0x159904340
[Elysia/DEBUG] Performing: jump_if_true codeBlock#1 
[Elysia/DEBUG] Performing: load_local localVar#1 
[Elysia/DEBUG] Increasing refcount of int object
[Elysia/DEBUG] Address: 0x159904340
[Elysia/DEBUG] Performing: load_local localVar#0 
[Elysia/DEBUG] Performing: load_member index(1) 
[Elysia/DEBUG] Increasing refcount of unsigned object
[Elysia/DEBUG] Address: 0x159904230
[Elysia/DEBUG] Performing: basic_cast_int 
[Elysia/DEBUG] Decreasing refcount of unsigned object
[Elysia/DEBUG] Address: 0x159904230
[Elysia/DEBUG] Performing: greater_equal 
[Elysia/DEBUG] Decreasing refcount of int object
[Elysia/DEBUG] Address: 0x159904340
[Elysia/DEBUG] Performing: jump_if_true codeBlock#1 
[Elysia/DEBUG] Performing: jump codeBlock#2 
[Elysia/DEBUG] Performing: push_boolean bool(false) 
[Elysia/DEBUG] Performing: jump codeBlock#3 
[Elysia/DEBUG] Performing: jump_if_true codeBlock#4 
[Elysia/DEBUG] Performing: jump codeBlock#5 
[Elysia/DEBUG] Performing: load_local localVar#0 
[Elysia/DEBUG] Performing: load_member index(0) 
[Elysia/DEBUG] Entering function array_char[]_gc_refcount_increase
[Elysia/DEBUG] Performing: load_local localVar#1 
[Elysia/DEBUG] Increasing refcount of int object
[Elysia/DEBUG] Address: 0x159904340
[Elysia/DEBUG] Performing: basic_cast_unsigned 
[Elysia/DEBUG] Decreasing refcount of int object
[Elysia/DEBUG] Address: 0x159904340
[Elysia/DEBUG] Performing: load_element 
[Elysia/DEBUG] Entering function array_char[]_gc_refcount_decrease
[Elysia/DEBUG] Performing: ret 
[Elysia/DEBUG] Decreasing refcount of int object
[Elysia/DEBUG] Address: 0x159904340
[Elysia/DEBUG] Performing: equal 
[Elysia/DEBUG] Decreasing refcount of char object
[Elysia/DEBUG] Address: 0x159904320
[Elysia/DEBUG] Decreasing refcount of char object
[Elysia/DEBUG] Address: 0x159904340
[Elysia/DEBUG] Performing: jump_if_true codeBlock#6 
[Elysia/DEBUG] Performing: jump codeBlock#8 
[Elysia/DEBUG] Performing: load_local localVar#4 
[Elysia/DEBUG] Performing: push_integer int(0) 
[Elysia/DEBUG] Performing: equal 
[Elysia/DEBUG] Performing: jump_if_true codeBlock#9 
[Elysia/DEBUG] Performing: push_integer int(0) 
[Elysia/DEBUG] Performing: load_local localVar#3 
[Elysia/DEBUG] Entering function array_int[]_gc_refcount_increase
[Elysia/DEBUG] Performing: push_unsigned unsigned(0) 
[Elysia/DEBUG] Performing: load_local localVar#5 
[Elysia/DEBUG] Increasing refcount of int object
[Elysia/DEBUG] Address: 0x159904300
[Elysia/DEBUG] Performing: basic_cast_unsigned 
[Elysia/DEBUG] Decreasing refcount of int object
[Elysia/DEBUG] Address: 0x159904300
[Elysia/DEBUG] Performing: push_unsigned unsigned(1) 
[Elysia/DEBUG] Performing: mul 
[Elysia/DEBUG] Performing: add 
[Elysia/DEBUG] Performing: store_element unknown 
[Elysia/DEBUG] Entering function array_int[]_gc_refcount_decrease
[Elysia/DEBUG] Performing: load_local localVar#3 
[Elysia/DEBUG] Entering function array_int[]_gc_refcount_increase
[Elysia/DEBUG] Performing: push_unsigned unsigned(0) 
[Elysia/DEBUG] Performing: load_local localVar#5 
[Elysia/DEBUG] Increasing refcount of int object
[Elysia/DEBUG] Address: 0x159904300
[Elysia/DEBUG] Performing: basic_cast_unsigned 
[Elysia/DEBUG] Decreasing refcount of int object
[Elysia/DEBUG] Address: 0x159904300
[Elysia/DEBUG] Performing: push_unsigned unsigned(1) 
[Elysia/DEBUG] Performing: mul 
[Elysia/DEBUG] Performing: add 
[Elysia/DEBUG] Performing: load_element 
[Elysia/DEBUG] Entering function array_int[]_gc_refcount_decrease
[Elysia/DEBUG] Performing: pop 
[Elysia/DEBUG] Popped value: loaded_val340
[Elysia/DEBUG] Performing: load_local localVar#5 
[Elysia/DEBUG] Increasing refcount of int object
[Elysia/DEBUG] Address: 0x159904300
[Elysia/DEBUG] Performing: push_integer int(1) 
[Elysia/DEBUG] Performing: add 
[Elysia/DEBUG] Decreasing refcount of int object
[Elysia/DEBUG] Address: 0x159904300
[Elysia/DEBUG] Performing: store_local localVar#5 
[Elysia/DEBUG] Decreasing refcount of int object
[Elysia/DEBUG] Address: 0x159904300
[Elysia/DEBUG] Performing: jump codeBlock#10 
[Elysia/DEBUG] Performing: jump codeBlock#7 
[Elysia/DEBUG] Performing: jump codeBlock#3 
[Elysia/DEBUG] Performing: load_local localVar#5 
[Elysia/DEBUG] Increasing refcount of int object
[Elysia/DEBUG] Address: 0x159904300
[Elysia/DEBUG] Performing: load_local localVar#1 
[Elysia/DEBUG] Performing: load_member index(1) 
[Elysia/DEBUG] Increasing refcount of unsigned object
[Elysia/DEBUG] Address: 0x159904230
[Elysia/DEBUG] Performing: basic_cast_int 
[Elysia/DEBUG] Decreasing refcount of unsigned object
[Elysia/DEBUG] Address: 0x159904230
[Elysia/DEBUG] Performing: less_than 
[Elysia/DEBUG] Decreasing refcount of int object
[Elysia/DEBUG] Address: 0x159904300
[Elysia/DEBUG] Performing: jump_if_true codeBlock#4 
[Elysia/DEBUG] Performing: jump codeBlock#5 
[Elysia/DEBUG] Performing: load_local localVar#2 
[Elysia/DEBUG] Increasing refcount of int object
[Elysia/DEBUG] Address: 0x159904150
[Elysia/DEBUG] Performing: store_local localVar#5 
[Elysia/DEBUG] Decreasing refcount of int object
[Elysia/DEBUG] Address: 0x159904300
[Elysia/DEBUG] Performing: push_integer int(0) 
[Elysia/DEBUG] Performing: store_local localVar#6 
[Elysia/DEBUG] Performing: jump codeBlock#12 
[Elysia/DEBUG] Performing: load_local localVar#5 
[Elysia/DEBUG] Increasing refcount of int object
[Elysia/DEBUG] Address: 0x159904150
[Elysia/DEBUG] Performing: load_local localVar#0 
[Elysia/DEBUG] Performing: load_member index(1) 
[Elysia/DEBUG] Increasing refcount of unsigned object
[Elysia/DEBUG] Address: 0x159904280
[Elysia/DEBUG] Performing: basic_cast_int 
[Elysia/DEBUG] Decreasing refcount of unsigned object
[Elysia/DEBUG] Address: 0x159904280
[Elysia/DEBUG] Performing: less_than 
[Elysia/DEBUG] Decreasing refcount of int object
[Elysia/DEBUG] Address: 0x159904150
[Elysia/DEBUG] Performing: jump_if_true codeBlock#13 
[Elysia/DEBUG] Performing: load_local localVar#0 
[Elysia/DEBUG] Performing: load_local localVar#5 
[Elysia/DEBUG] Increasing refcount of int object
[Elysia/DEBUG] Address: 0x159904150
[Elysia/DEBUG] Performing: invoke index(3782547968) index(37) index(2) 
[Elysia/DEBUG] Entering function 1_Str::operator[]#struct#1#0#int
[Elysia/DEBUG] Performing: load_local localVar#1 
[Elysia/DEBUG] Increasing refcount of int object
[Elysia/DEBUG] Address: 0x159904150
[Elysia/DEBUG] Performing: push_integer int(0) 
[Elysia/DEBUG] Performing: less_than 
[Elysia/DEBUG] Decreasing refcount of int object
[Elysia/DEBUG] Address: 0x159904150
[Elysia/DEBUG] Performing: jump_if_true codeBlock#1 
[Elysia/DEBUG] Performing: load_local localVar#1 
[Elysia/DEBUG] Increasing refcount of int object
[Elysia/DEBUG] Address: 0x159904150
[Elysia/DEBUG] Performing: load_local localVar#0 
[Elysia/DEBUG] Performing: load_member index(1) 
[Elysia/DEBUG] Increasing refcount of unsigned object
[Elysia/DEBUG] Address: 0x159904280
[Elysia/DEBUG] Performing: basic_cast_int 
[Elysia/DEBUG] Decreasing refcount of unsigned object
[Elysia/DEBUG] Address: 0x159904280
[Elysia/DEBUG] Performing: greater_equal 
[Elysia/DEBUG] Decreasing refcount of int object
[Elysia/DEBUG] Address: 0x159904150
[Elysia/DEBUG] Performing: jump_if_true codeBlock#1 
[Elysia/DEBUG] Performing: jump codeBlock#2 
[Elysia/DEBUG] Performing: push_boolean bool(false) 
[Elysia/DEBUG] Performing: jump codeBlock#3 
[Elysia/DEBUG] Performing: jump_if_true codeBlock#4 
[Elysia/DEBUG] Performing: jump codeBlock#5 
[Elysia/DEBUG] Performing: load_local localVar#0 
[Elysia/DEBUG] Performing: load_member index(0) 
[Elysia/DEBUG] Entering function array_char[]_gc_refcount_increase
[Elysia/DEBUG] Performing: load_local localVar#1 
[Elysia/DEBUG] Increasing refcount of int object
[Elysia/DEBUG] Address: 0x159904150
[Elysia/DEBUG] Performing: basic_cast_unsigned 
[Elysia/DEBUG] Decreasing refcount of int object
[Elysia/DEBUG] Address: 0x159904150
[Elysia/DEBUG] Performing: load_element 
[Elysia/DEBUG] Entering function array_char[]_gc_refcount_decrease
[Elysia/DEBUG] Performing: ret 
[Elysia/DEBUG] Decreasing refcount of int object
[Elysia/DEBUG] Address: 0x159904150
[Elysia/DEBUG] Performing: load_local localVar#1 
[Elysia/DEBUG] Performing: load_local localVar#6 
[Elysia/DEBUG] Performing: invoke index(3782547968) index(37) index(2) 
[Elysia/DEBUG] Entering function 1_Str::operator[]#struct#1#0#int
[Elysia/DEBUG] Performing: load_local localVar#1 
[Elysia/DEBUG] Increasing refcount of int object
[Elysia/DEBUG] Address: 0x159904320
[Elysia/DEBUG] Performing: push_integer int(0) 
[Elysia/DEBUG] Performing: less_than 
[Elysia/DEBUG] Decreasing refcount of int object
[Elysia/DEBUG] Address: 0x159904320
[Elysia/DEBUG] Performing: jump_if_true codeBlock#1 
[Elysia/DEBUG] Performing: load_local localVar#1 
[Elysia/DEBUG] Increasing refcount of int object
[Elysia/DEBUG] Address: 0x159904320
[Elysia/DEBUG] Performing: load_local localVar#0 
[Elysia/DEBUG] Performing: load_member index(1) 
[Elysia/DEBUG] Increasing refcount of unsigned object
[Elysia/DEBUG] Address: 0x159904230
[Elysia/DEBUG] Performing: basic_cast_int 
[Elysia/DEBUG] Decreasing refcount of unsigned object
[Elysia/DEBUG] Address: 0x159904230
[Elysia/DEBUG] Performing: greater_equal 
[Elysia/DEBUG] Decreasing refcount of int object
[Elysia/DEBUG] Address: 0x159904320
[Elysia/DEBUG] Performing: jump_if_true codeBlock#1 
[Elysia/DEBUG] Performing: jump codeBlock#2 
[Elysia/DEBUG] Performing: push_boolean bool(false) 
[Elysia/DEBUG] Performing: jump codeBlock#3 
[Elysia/DEBUG] Performing: jump_if_true codeBlock#4 
[Elysia/DEBUG] Performing: jump codeBlock#5 
[Elysia/DEBUG] Performing: load_local localVar#0 
[Elysia/DEBUG] Performing: load_member index(0) 
[Elysia/DEBUG] Entering function array_char[]_gc_refcount_increase
[Elysia/DEBUG] Performing: load_local localVar#1 
[Elysia/DEBUG] Increasing refcount of int object
[Elysia/DEBUG] Address: 0x159904320
[Elysia/DEBUG] Performing: basic_cast_unsigned 
[Elysia/DEBUG] Decreasing refcount of int object
[Elysia/DEBUG] Address: 0x159904320
[Elysia/DEBUG] Performing: load_element 
[Elysia/DEBUG] Entering function array_char[]_gc_refcount_decrease
[Elysia/DEBUG] Performing: ret 
[Elysia/DEBUG] Decreasing refcount of int object
[Elysia/DEBUG] Address: 0x159904320
[Elysia/DEBUG] Performing: equal 
[Elysia/DEBUG] Decreasing refcount of char object
[Elysia/DEBUG] Address: 0x159904300
[Elysia/DEBUG] Decreasing refcount of char object
[Elysia/DEBUG] Address: 0x159904320
[Elysia/DEBUG] Performing: jump_if_true codeBlock#15 
[Elysia/DEBUG] Performing: load_local localVar#5 
[Elysia/DEBUG] Increasing refcount of int object
[Elysia/DEBUG] Address: 0x159904150
[Elysia/DEBUG] Performing: push_integer int(1) 
[Elysia/DEBUG] Performing: add 
[Elysia/DEBUG] Decreasing refcount of int object
[Elysia/DEBUG] Address: 0x159904150
[Elysia/DEBUG] Performing: store_local localVar#5 
[Elysia/DEBUG] Decreasing refcount of int object
[Elysia/DEBUG] Address: 0x159904150
[Elysia/DEBUG] Performing: load_local localVar#6 
[Elysia/DEBUG] Performing: push_integer int(1) 
[Elysia/DEBUG] Performing: add 
[Elysia/DEBUG] Performing: store_local localVar#6 
[Elysia/DEBUG] Performing: jump codeBlock#16 
[Elysia/DEBUG] Performing: load_local localVar#6 
[Elysia/DEBUG] Performing: load_local localVar#1 
[Elysia/DEBUG] Performing: load_member index(1) 
[Elysia/DEBUG] Increasing refcount of unsigned object
[Elysia/DEBUG] Address: 0x159904230
[Elysia/DEBUG] Performing: basic_cast_int 
[Elysia/DEBUG] Decreasing refcount of unsigned object
[Elysia/DEBUG] Address: 0x159904230
[Elysia/DEBUG] Performing: equal 
[Elysia/DEBUG] Performing: jump_if_true codeBlock#19 
[Elysia/DEBUG] Performing: jump codeBlock#20 
[Elysia/DEBUG] Performing: jump codeBlock#12 
[Elysia/DEBUG] Performing: load_local localVar#5 
[Elysia/DEBUG] Increasing refcount of int object
[Elysia/DEBUG] Address: 0x159904320
[Elysia/DEBUG] Performing: load_local localVar#0 
[Elysia/DEBUG] Performing: load_member index(1) 
[Elysia/DEBUG] Increasing refcount of unsigned object
[Elysia/DEBUG] Address: 0x159904280
[Elysia/DEBUG] Performing: basic_cast_int 
[Elysia/DEBUG] Decreasing refcount of unsigned object
[Elysia/DEBUG] Address: 0x159904280
[Elysia/DEBUG] Performing: less_than 
[Elysia/DEBUG] Decreasing refcount of int object
[Elysia/DEBUG] Address: 0x159904320
[Elysia/DEBUG] Performing: jump_if_true codeBlock#13 
[Elysia/DEBUG] Performing: load_local localVar#0 
[Elysia/DEBUG] Performing: load_local localVar#5 
[Elysia/DEBUG] Increasing refcount of int object
[Elysia/DEBUG] Address: 0x159904320
[Elysia/DEBUG] Performing: invoke index(3782547968) index(37) index(2) 
[Elysia/DEBUG] Entering function 1_Str::operator[]#struct#1#0#int
[Elysia/DEBUG] Performing: load_local localVar#1 
[Elysia/DEBUG] Increasing refcount of int object
[Elysia/DEBUG] Address: 0x159904320
[Elysia/DEBUG] Performing: push_integer int(0) 
[Elysia/DEBUG] Performing: less_than 
[Elysia/DEBUG] Decreasing refcount of int object
[Elysia/DEBUG] Address: 0x159904320
[Elysia/DEBUG] Performing: jump_if_true codeBlock#1 
[Elysia/DEBUG] Performing: load_local localVar#1 
[Elysia/DEBUG] Increasing refcount of int object
[Elysia/DEBUG] Address: 0x159904320
[Elysia/DEBUG] Performing: load_local localVar#0 
[Elysia/DEBUG] Performing: load_member index(1) 
[Elysia/DEBUG] Increasing refcount of unsigned object
[Elysia/DEBUG] Address: 0x159904280
[Elysia/DEBUG] Performing: basic_cast_int 
[Elysia/DEBUG] Decreasing refcount of unsigned object
[Elysia/DEBUG] Address: 0x159904280
[Elysia/DEBUG] Performing: greater_equal 
[Elysia/DEBUG] Decreasing refcount of int object
[Elysia/DEBUG] Address: 0x159904320
[Elysia/DEBUG] Performing: jump_if_true codeBlock#1 
[Elysia/DEBUG] Performing: jump codeBlock#2 
[Elysia/DEBUG] Performing: push_boolean bool(false) 
[Elysia/DEBUG] Performing: jump codeBlock#3 
[Elysia/DEBUG] Performing: jump_if_true codeBlock#4 
[Elysia/DEBUG] Performing: jump codeBlock#5 
[Elysia/DEBUG] Performing: load_local localVar#0 
[Elysia/DEBUG] Performing: load_member index(0) 
[Elysia/DEBUG] Entering function array_char[]_gc_refcount_increase
[Elysia/DEBUG] Performing: load_local localVar#1 
[Elysia/DEBUG] Increasing refcount of int object
[Elysia/DEBUG] Address: 0x159904320
[Elysia/DEBUG] Performing: basic_cast_unsigned 
[Elysia/DEBUG] Decreasing refcount of int object
[Elysia/DEBUG] Address: 0x159904320
[Elysia/DEBUG] Performing: load_element 
[Elysia/DEBUG] Entering function array_char[]_gc_refcount_decrease
[Elysia/DEBUG] Performing: ret 
[Elysia/DEBUG] Decreasing refcount of int object
[Elysia/DEBUG] Address: 0x159904320
[Elysia/DEBUG] Performing: load_local localVar#1 
[Elysia/DEBUG] Performing: load_local localVar#6 
[Elysia/DEBUG] Performing: invoke index(3782547968) index(37) index(2) 
[Elysia/DEBUG] Entering function 1_Str::operator[]#struct#1#0#int
[Elysia/DEBUG] Performing: load_local localVar#1 
[Elysia/DEBUG] Increasing refcount of int object
[Elysia/DEBUG] Address: 0x159904340
[Elysia/DEBUG] Performing: push_integer int(0) 
[Elysia/DEBUG] Performing: less_than 
[Elysia/DEBUG] Decreasing refcount of int object
[Elysia/DEBUG] Address: 0x159904340
[Elysia/DEBUG] Performing: jump_if_true codeBlock#1 
[Elysia/DEBUG] Performing: load_local localVar#1 
[Elysia/DEBUG] Increasing refcount of int object
[Elysia/DEBUG] Address: 0x159904340
[Elysia/DEBUG] Performing: load_local localVar#0 
[Elysia/DEBUG] Performing: load_member index(1) 
[Elysia/DEBUG] Increasing refcount of unsigned object
[Elysia/DEBUG] Address: 0x159904230
[Elysia/DEBUG] Performing: basic_cast_int 
[Elysia/DEBUG] Decreasing refcount of unsigned object
[Elysia/DEBUG] Address: 0x159904230
[Elysia/DEBUG] Performing: greater_equal 
[Elysia/DEBUG] Decreasing refcount of int object
[Elysia/DEBUG] Address: 0x159904340
[Elysia/DEBUG] Performing: jump_if_true codeBlock#1 
[Elysia/DEBUG] Performing: jump codeBlock#2 
[Elysia/DEBUG] Performing: push_boolean bool(false) 
[Elysia/DEBUG] Performing: jump codeBlock#3 
[Elysia/DEBUG] Performing: jump_if_true codeBlock#4 
[Elysia/DEBUG] Performing: jump codeBlock#5 
[Elysia/DEBUG] Performing: load_local localVar#0 
[Elysia/DEBUG] Performing: load_member index(0) 
[Elysia/DEBUG] Entering function array_char[]_gc_refcount_increase
[Elysia/DEBUG] Performing: load_local localVar#1 
[Elysia/DEBUG] Increasing refcount of int object
[Elysia/DEBUG] Address: 0x159904340
[Elysia/DEBUG] Performing: basic_cast_unsigned 
[Elysia/DEBUG] Decreasing refcount of int object
[Elysia/DEBUG] Address: 0x159904340
[Elysia/DEBUG] Performing: load_element 
[Elysia/DEBUG] Entering function array_char[]_gc_refcount_decrease
[Elysia/DEBUG] Performing: ret 
[Elysia/DEBUG] Decreasing refcount of int object
[Elysia/DEBUG] Address: 0x159904340
[Elysia/DEBUG] Performing: equal 
[Elysia/DEBUG] Decreasing refcount of char object
[Elysia/DEBUG] Address: 0x159904300
[Elysia/DEBUG] Decreasing refcount of char object
[Elysia/DEBUG] Address: 0x159904340
[Elysia/DEBUG] Performing: jump_if_true codeBlock#15 
[Elysia/DEBUG] Performing: load_local localVar#5 
[Elysia/DEBUG] Increasing refcount of int object
[Elysia/DEBUG] Address: 0x159904320
[Elysia/DEBUG] Performing: push_integer int(1) 
[Elysia/DEBUG] Performing: add 
[Elysia/DEBUG] Decreasing refcount of int object
[Elysia/DEBUG] Address: 0x159904320
[Elysia/DEBUG] Performing: store_local localVar#5 
[Elysia/DEBUG] Decreasing refcount of int object
[Elysia/DEBUG] Address: 0x159904320
[Elysia/DEBUG] Performing: load_local localVar#6 
[Elysia/DEBUG] Performing: push_integer int(1) 
[Elysia/DEBUG] Performing: add 
[Elysia/DEBUG] Performing: store_local localVar#6 
[Elysia/DEBUG] Performing: jump codeBlock#16 
[Elysia/DEBUG] Performing: load_local localVar#6 
[Elysia/DEBUG] Performing: load_local localVar#1 
[Elysia/DEBUG] Performing: load_member index(1) 
[Elysia/DEBUG] Increasing refcount of unsigned object
[Elysia/DEBUG] Address: 0x159904230
[Elysia/DEBUG] Performing: basic_cast_int 
[Elysia/DEBUG] Decreasing refcount of unsigned object
[Elysia/DEBUG] Address: 0x159904230
[Elysia/DEBUG] Performing: equal 
[Elysia/DEBUG] Performing: jump_if_true codeBlock#19 
[Elysia/DEBUG] Performing: jump codeBlock#20 
[Elysia/DEBUG] Performing: jump codeBlock#12 
[Elysia/DEBUG] Performing: load_local localVar#5 
[Elysia/DEBUG] Increasing refcount of int object
[Elysia/DEBUG] Address: 0x159904320
[Elysia/DEBUG] Performing: load_local localVar#0 
[Elysia/DEBUG] Performing: load_member index(1) 
[Elysia/DEBUG] Increasing refcount of unsigned object
[Elysia/DEBUG] Address: 0x159904280
[Elysia/DEBUG] Performing: basic_cast_int 
[Elysia/DEBUG] Decreasing refcount of unsigned object
[Elysia/DEBUG] Address: 0x159904280
[Elysia/DEBUG] Performing: less_than 
[Elysia/DEBUG] Decreasing refcount of int object
[Elysia/DEBUG] Address: 0x159904320
[Elysia/DEBUG] Performing: jump_if_true codeBlock#13 
[Elysia/DEBUG] Performing: load_local localVar#0 
[Elysia/DEBUG] Performing: load_local localVar#5 
[Elysia/DEBUG] Increasing refcount of int object
[Elysia/DEBUG] Address: 0x159904320
[Elysia/DEBUG] Performing: invoke index(3782547968) index(37) index(2) 
[Elysia/DEBUG] Entering function 1_Str::operator[]#struct#1#0#int
[Elysia/DEBUG] Performing: load_local localVar#1 
[Elysia/DEBUG] Increasing refcount of int object
[Elysia/DEBUG] Address: 0x159904320
[Elysia/DEBUG] Performing: push_integer int(0) 
[Elysia/DEBUG] Performing: less_than 
[Elysia/DEBUG] Decreasing refcount of int object
[Elysia/DEBUG] Address: 0x159904320
[Elysia/DEBUG] Performing: jump_if_true codeBlock#1 
[Elysia/DEBUG] Performing: load_local localVar#1 
[Elysia/DEBUG] Increasing refcount of int object
[Elysia/DEBUG] Address: 0x159904320
[Elysia/DEBUG] Performing: load_local localVar#0 
[Elysia/DEBUG] Performing: load_member index(1) 
[Elysia/DEBUG] Increasing refcount of unsigned object
[Elysia/DEBUG] Address: 0x159904280
[Elysia/DEBUG] Performing: basic_cast_int 
[Elysia/DEBUG] Decreasing refcount of unsigned object
[Elysia/DEBUG] Address: 0x159904280
[Elysia/DEBUG] Performing: greater_equal 
[Elysia/DEBUG] Decreasing refcount of int object
[Elysia/DEBUG] Address: 0x159904320
[Elysia/DEBUG] Performing: jump_if_true codeBlock#1 
[Elysia/DEBUG] Performing: jump codeBlock#2 
[Elysia/DEBUG] Performing: push_boolean bool(false) 
[Elysia/DEBUG] Performing: jump codeBlock#3 
[Elysia/DEBUG] Performing: jump_if_true codeBlock#4 
[Elysia/DEBUG] Performing: jump codeBlock#5 
[Elysia/DEBUG] Performing: load_local localVar#0 
[Elysia/DEBUG] Performing: load_member index(0) 
[Elysia/DEBUG] Entering function array_char[]_gc_refcount_increase
[Elysia/DEBUG] Performing: load_local localVar#1 
[Elysia/DEBUG] Increasing refcount of int object
[Elysia/DEBUG] Address: 0x159904320
[Elysia/DEBUG] Performing: basic_cast_unsigned 
[Elysia/DEBUG] Decreasing refcount of int object
[Elysia/DEBUG] Address: 0x159904320
[Elysia/DEBUG] Performing: load_element 
[Elysia/DEBUG] Entering function array_char[]_gc_refcount_decrease
[Elysia/DEBUG] Performing: ret 
[Elysia/DEBUG] Decreasing refcount of int object
[Elysia/DEBUG] Address: 0x159904320
[Elysia/DEBUG] Performing: load_local localVar#1 
[Elysia/DEBUG] Performing: load_local localVar#6 
[Elysia/DEBUG] Performing: invoke index(3782547968) index(37) index(2) 
[Elysia/DEBUG] Entering function 1_Str::operator[]#struct#1#0#int
[Elysia/DEBUG] Performing: load_local localVar#1 
[Elysia/DEBUG] Increasing refcount of int object
[Elysia/DEBUG] Address: 0x159904340
[Elysia/DEBUG] Performing: push_integer int(0) 
[Elysia/DEBUG] Performing: less_than 
[Elysia/DEBUG] Decreasing refcount of int object
[Elysia/DEBUG] Address: 0x159904340
[Elysia/DEBUG] Performing: jump_if_true codeBlock#1 
[Elysia/DEBUG] Performing: load_local localVar#1 
[Elysia/DEBUG] Increasing refcount of int object
[Elysia/DEBUG] Address: 0x159904340
[Elysia/DEBUG] Performing: load_local localVar#0 
[Elysia/DEBUG] Performing: load_member index(1) 
[Elysia/DEBUG] Increasing refcount of unsigned object
[Elysia/DEBUG] Address: 0x159904230
[Elysia/DEBUG] Performing: basic_cast_int 
[Elysia/DEBUG] Decreasing refcount of unsigned object
[Elysia/DEBUG] Address: 0x159904230
[Elysia/DEBUG] Performing: greater_equal 
[Elysia/DEBUG] Decreasing refcount of int object
[Elysia/DEBUG] Address: 0x159904340
[Elysia/DEBUG] Performing: jump_if_true codeBlock#1 
[Elysia/DEBUG] Performing: jump codeBlock#2 
[Elysia/DEBUG] Performing: push_boolean bool(false) 
[Elysia/DEBUG] Performing: jump codeBlock#3 
[Elysia/DEBUG] Performing: jump_if_true codeBlock#4 
[Elysia/DEBUG] Performing: jump codeBlock#5 
[Elysia/DEBUG] Performing: load_local localVar#0 
[Elysia/DEBUG] Performing: load_member index(0) 
[Elysia/DEBUG] Entering function array_char[]_gc_refcount_increase
[Elysia/DEBUG] Performing: load_local localVar#1 
[Elysia/DEBUG] Increasing refcount of int object
[Elysia/DEBUG] Address: 0x159904340
[Elysia/DEBUG] Performing: basic_cast_unsigned 
[Elysia/DEBUG] Decreasing refcount of int object
[Elysia/DEBUG] Address: 0x159904340
[Elysia/DEBUG] Performing: load_element 
[Elysia/DEBUG] Entering function array_char[]_gc_refcount_decrease
[Elysia/DEBUG] Performing: ret 
[Elysia/DEBUG] Decreasing refcount of int object
[Elysia/DEBUG] Address: 0x159904340
[Elysia/DEBUG] Performing: equal 
[Elysia/DEBUG] Decreasing refcount of char object
[Elysia/DEBUG] Address: 0x159904300
[Elysia/DEBUG] Decreasing refcount of char object
[Elysia/DEBUG] Address: 0x159904340
[Elysia/DEBUG] Performing: jump_if_true codeBlock#15 
[Elysia/DEBUG] Performing: load_local localVar#5 
[Elysia/DEBUG] Increasing refcount of int object
[Elysia/DEBUG] Address: 0x159904320
[Elysia/DEBUG] Performing: push_integer int(1) 
[Elysia/DEBUG] Performing: add 
[Elysia/DEBUG] Decreasing refcount of int object
[Elysia/DEBUG] Address: 0x159904320
[Elysia/DEBUG] Performing: store_local localVar#5 
[Elysia/DEBUG] Decreasing refcount of int object
[Elysia/DEBUG] Address: 0x159904320
[Elysia/DEBUG] Performing: load_local localVar#6 
[Elysia/DEBUG] Performing: push_integer int(1) 
[Elysia/DEBUG] Performing: add 
[Elysia/DEBUG] Performing: store_local localVar#6 
[Elysia/DEBUG] Performing: jump codeBlock#16 
[Elysia/DEBUG] Performing: load_local localVar#6 
[Elysia/DEBUG] Performing: load_local localVar#1 
[Elysia/DEBUG] Performing: load_member index(1) 
[Elysia/DEBUG] Increasing refcount of unsigned object
[Elysia/DEBUG] Address: 0x159904230
[Elysia/DEBUG] Performing: basic_cast_int 
[Elysia/DEBUG] Decreasing refcount of unsigned object
[Elysia/DEBUG] Address: 0x159904230
[Elysia/DEBUG] Performing: equal 
[Elysia/DEBUG] Performing: jump_if_true codeBlock#19 
[Elysia/DEBUG] Performing: jump codeBlock#20 
[Elysia/DEBUG] Performing: jump codeBlock#12 
[Elysia/DEBUG] Performing: load_local localVar#5 
[Elysia/DEBUG] Increasing refcount of int object
[Elysia/DEBUG] Address: 0x159904320
[Elysia/DEBUG] Performing: load_local localVar#0 
[Elysia/DEBUG] Performing: load_member index(1) 
[Elysia/DEBUG] Increasing refcount of unsigned object
[Elysia/DEBUG] Address: 0x159904280
[Elysia/DEBUG] Performing: basic_cast_int 
[Elysia/DEBUG] Decreasing refcount of unsigned object
[Elysia/DEBUG] Address: 0x159904280
[Elysia/DEBUG] Performing: less_than 
[Elysia/DEBUG] Decreasing refcount of int object
[Elysia/DEBUG] Address: 0x159904320
[Elysia/DEBUG] Performing: jump_if_true codeBlock#13 
[Elysia/DEBUG] Performing: load_local localVar#0 
[Elysia/DEBUG] Performing: load_local localVar#5 
[Elysia/DEBUG] Increasing refcount of int object
[Elysia/DEBUG] Address: 0x159904320
[Elysia/DEBUG] Performing: invoke index(3782547968) index(37) index(2) 
[Elysia/DEBUG] Entering function 1_Str::operator[]#struct#1#0#int
[Elysia/DEBUG] Performing: load_local localVar#1 
[Elysia/DEBUG] Increasing refcount of int object
[Elysia/DEBUG] Address: 0x159904320
[Elysia/DEBUG] Performing: push_integer int(0) 
[Elysia/DEBUG] Performing: less_than 
[Elysia/DEBUG] Decreasing refcount of int object
[Elysia/DEBUG] Address: 0x159904320
[Elysia/DEBUG] Performing: jump_if_true codeBlock#1 
[Elysia/DEBUG] Performing: load_local localVar#1 
[Elysia/DEBUG] Increasing refcount of int object
[Elysia/DEBUG] Address: 0x159904320
[Elysia/DEBUG] Performing: load_local localVar#0 
[Elysia/DEBUG] Performing: load_member index(1) 
[Elysia/DEBUG] Increasing refcount of unsigned object
[Elysia/DEBUG] Address: 0x159904280
[Elysia/DEBUG] Performing: basic_cast_int 
[Elysia/DEBUG] Decreasing refcount of unsigned object
[Elysia/DEBUG] Address: 0x159904280
[Elysia/DEBUG] Performing: greater_equal 
[Elysia/DEBUG] Decreasing refcount of int object
[Elysia/DEBUG] Address: 0x159904320
[Elysia/DEBUG] Performing: jump_if_true codeBlock#1 
[Elysia/DEBUG] Performing: jump codeBlock#2 
[Elysia/DEBUG] Performing: push_boolean bool(false) 
[Elysia/DEBUG] Performing: jump codeBlock#3 
[Elysia/DEBUG] Performing: jump_if_true codeBlock#4 
[Elysia/DEBUG] Performing: jump codeBlock#5 
[Elysia/DEBUG] Performing: load_local localVar#0 
[Elysia/DEBUG] Performing: load_member index(0) 
[Elysia/DEBUG] Entering function array_char[]_gc_refcount_increase
[Elysia/DEBUG] Performing: load_local localVar#1 
[Elysia/DEBUG] Increasing refcount of int object
[Elysia/DEBUG] Address: 0x159904320
[Elysia/DEBUG] Performing: basic_cast_unsigned 
[Elysia/DEBUG] Decreasing refcount of int object
[Elysia/DEBUG] Address: 0x159904320
[Elysia/DEBUG] Performing: load_element 
[Elysia/DEBUG] Entering function array_char[]_gc_refcount_decrease
[Elysia/DEBUG] Performing: ret 
[Elysia/DEBUG] Decreasing refcount of int object
[Elysia/DEBUG] Address: 0x159904320
[Elysia/DEBUG] Performing: load_local localVar#1 
[Elysia/DEBUG] Performing: load_local localVar#6 
[Elysia/DEBUG] Performing: invoke index(3782547968) index(37) index(2) 
[Elysia/DEBUG] Entering function 1_Str::operator[]#struct#1#0#int
[Elysia/DEBUG] Performing: load_local localVar#1 
[Elysia/DEBUG] Increasing refcount of int object
[Elysia/DEBUG] Address: 0x159904340
[Elysia/DEBUG] Performing: push_integer int(0) 
[Elysia/DEBUG] Performing: less_than 
[Elysia/DEBUG] Decreasing refcount of int object
[Elysia/DEBUG] Address: 0x159904340
[Elysia/DEBUG] Performing: jump_if_true codeBlock#1 
[Elysia/DEBUG] Performing: load_local localVar#1 
[Elysia/DEBUG] Increasing refcount of int object
[Elysia/DEBUG] Address: 0x159904340
[Elysia/DEBUG] Performing: load_local localVar#0 
[Elysia/DEBUG] Performing: load_member index(1) 
[Elysia/DEBUG] Increasing refcount of unsigned object
[Elysia/DEBUG] Address: 0x159904230
[Elysia/DEBUG] Performing: basic_cast_int 
[Elysia/DEBUG] Decreasing refcount of unsigned object
[Elysia/DEBUG] Address: 0x159904230
[Elysia/DEBUG] Performing: greater_equal 
[Elysia/DEBUG] Decreasing refcount of int object
[Elysia/DEBUG] Address: 0x159904340
[Elysia/DEBUG] Performing: jump_if_true codeBlock#1 
[Elysia/DEBUG] Performing: jump codeBlock#2 
[Elysia/DEBUG] Performing: push_boolean bool(false) 
[Elysia/DEBUG] Performing: jump codeBlock#3 
[Elysia/DEBUG] Performing: jump_if_true codeBlock#4 
[Elysia/DEBUG] Performing: jump codeBlock#5 
[Elysia/DEBUG] Performing: load_local localVar#0 
[Elysia/DEBUG] Performing: load_member index(0) 
[Elysia/DEBUG] Entering function array_char[]_gc_refcount_increase
[Elysia/DEBUG] Performing: load_local localVar#1 
[Elysia/DEBUG] Increasing refcount of int object
[Elysia/DEBUG] Address: 0x159904340
[Elysia/DEBUG] Performing: basic_cast_unsigned 
[Elysia/DEBUG] Decreasing refcount of int object
[Elysia/DEBUG] Address: 0x159904340
[Elysia/DEBUG] Performing: load_element 
[Elysia/DEBUG] Entering function array_char[]_gc_refcount_decrease
[Elysia/DEBUG] Performing: ret 
[Elysia/DEBUG] Decreasing refcount of int object
[Elysia/DEBUG] Address: 0x159904340
[Elysia/DEBUG] Performing: equal 
[Elysia/DEBUG] Decreasing refcount of char object
[Elysia/DEBUG] Address: 0x159904300
[Elysia/DEBUG] Decreasing refcount of char object
[Elysia/DEBUG] Address: 0x159904340
[Elysia/DEBUG] Performing: jump_if_true codeBlock#15 
[Elysia/DEBUG] Performing: load_local localVar#5 
[Elysia/DEBUG] Increasing refcount of int object
[Elysia/DEBUG] Address: 0x159904320
[Elysia/DEBUG] Performing: push_integer int(1) 
[Elysia/DEBUG] Performing: add 
[Elysia/DEBUG] Decreasing refcount of int object
[Elysia/DEBUG] Address: 0x159904320
[Elysia/DEBUG] Performing: store_local localVar#5 
[Elysia/DEBUG] Decreasing refcount of int object
[Elysia/DEBUG] Address: 0x159904320
[Elysia/DEBUG] Performing: load_local localVar#6 
[Elysia/DEBUG] Performing: push_integer int(1) 
[Elysia/DEBUG] Performing: add 
[Elysia/DEBUG] Performing: store_local localVar#6 
[Elysia/DEBUG] Performing: jump codeBlock#16 
[Elysia/DEBUG] Performing: load_local localVar#6 
[Elysia/DEBUG] Performing: load_local localVar#1 
[Elysia/DEBUG] Performing: load_member index(1) 
[Elysia/DEBUG] Increasing refcount of unsigned object
[Elysia/DEBUG] Address: 0x159904230
[Elysia/DEBUG] Performing: basic_cast_int 
[Elysia/DEBUG] Decreasing refcount of unsigned object
[Elysia/DEBUG] Address: 0x159904230
[Elysia/DEBUG] Performing: equal 
[Elysia/DEBUG] Performing: jump_if_true codeBlock#19 
[Elysia/DEBUG] Performing: load_local localVar#5 
[Elysia/DEBUG] Increasing refcount of int object
[Elysia/DEBUG] Address: 0x159904320
[Elysia/DEBUG] Performing: load_local localVar#6 
[Elysia/DEBUG] Performing: sub 
[Elysia/DEBUG] Decreasing refcount of int object
[Elysia/DEBUG] Address: 0x159904320
[Elysia/DEBUG] Performing: ret 
[Elysia/DEBUG] Decreasing refcount of int object
[Elysia/DEBUG] Address: 0x159904150
[Elysia/DEBUG] Entering function array_int[]_gc_refcount_decrease
[Elysia/DEBUG] Decreasing refcount of int object
[Elysia/DEBUG] Address: 0x159904320
[Elysia/DEBUG] Performing: store_local localVar#3 
[Elysia/DEBUG] Decreasing refcount of int object
[Elysia/DEBUG] Address: 0x1599042a0
[Elysia/DEBUG] Performing: load_local localVar#3 
[Elysia/DEBUG] Increasing refcount of int object
[Elysia/DEBUG] Address: 0x159904320
[Elysia/DEBUG] Performing: push_integer int(-1) 
[Elysia/DEBUG] Performing: not_equal 
[Elysia/DEBUG] Decreasing refcount of int object
[Elysia/DEBUG] Address: 0x159904320
[Elysia/DEBUG] Performing: jump_if_true codeBlock#4 
[Elysia/DEBUG] Performing: load_local localVar#2 
[Elysia/DEBUG] Performing: push_integer int(1) 
[Elysia/DEBUG] Performing: add 
[Elysia/DEBUG] Performing: store_local localVar#2 
[Elysia/DEBUG] Performing: load_local localVar#3 
[Elysia/DEBUG] Increasing refcount of int object
[Elysia/DEBUG] Address: 0x159904320
[Elysia/DEBUG] Performing: load_local localVar#1 
[Elysia/DEBUG] Performing: load_member index(1) 
[Elysia/DEBUG] Increasing refcount of unsigned object
[Elysia/DEBUG] Address: 0x159904230
[Elysia/DEBUG] Performing: basic_cast_int 
[Elysia/DEBUG] Decreasing refcount of unsigned object
[Elysia/DEBUG] Address: 0x159904230
[Elysia/DEBUG] Performing: add 
[Elysia/DEBUG] Decreasing refcount of int object
[Elysia/DEBUG] Address: 0x159904320
[Elysia/DEBUG] Performing: store_local localVar#4 
[Elysia/DEBUG] Decreasing refcount of int object
[Elysia/DEBUG] Address: 0x159904150
[Elysia/DEBUG] Performing: jump codeBlock#5 
[Elysia/DEBUG] Performing: jump codeBlock#1 
[Elysia/DEBUG] Performing: load_local localVar#3 
[Elysia/DEBUG] Increasing refcount of int object
[Elysia/DEBUG] Address: 0x159904320
[Elysia/DEBUG] Performing: push_integer int(-1) 
[Elysia/DEBUG] Performing: not_equal 
[Elysia/DEBUG] Decreasing refcount of int object
[Elysia/DEBUG] Address: 0x159904320
[Elysia/DEBUG] Performing: jump_if_true codeBlock#2 
[Elysia/DEBUG] Performing: load_local localVar#0 
[Elysia/DEBUG] Performing: load_local localVar#1 
[Elysia/DEBUG] Performing: load_local localVar#4 
[Elysia/DEBUG] Increasing refcount of int object
[Elysia/DEBUG] Address: 0x159904150
[Elysia/DEBUG] Performing: invoke index(3782547968) index(12) index(3) 
[Elysia/DEBUG] Entering function 1_Str::find#struct#1#0#int
[Elysia/DEBUG] Performing: load_local localVar#1 
[Elysia/DEBUG] Performing: load_member index(1) 
[Elysia/DEBUG] Increasing refcount of unsigned object
[Elysia/DEBUG] Address: 0x159904230
[Elysia/DEBUG] Performing: load_local localVar#0 
[Elysia/DEBUG] Performing: load_member index(1) 
[Elysia/DEBUG] Increasing refcount of unsigned object
[Elysia/DEBUG] Address: 0x159904280
[Elysia/DEBUG] Performing: greater_than 
[Elysia/DEBUG] Decreasing refcount of unsigned object
[Elysia/DEBUG] Address: 0x159904230
[Elysia/DEBUG] Decreasing refcount of unsigned object
[Elysia/DEBUG] Address: 0x159904280
[Elysia/DEBUG] Performing: jump_if_true codeBlock#1 
[Elysia/DEBUG] Performing: jump codeBlock#2 
[Elysia/DEBUG] Performing: push_integer int(0) 
[Elysia/DEBUG] Performing: load_local localVar#1 
[Elysia/DEBUG] Performing: load_member index(1) 
[Elysia/DEBUG] Increasing refcount of unsigned object
[Elysia/DEBUG] Address: 0x159904230
[Elysia/DEBUG] Performing: new_dynamic_array_int index(1) 
[Elysia/DEBUG] Decreasing refcount of unsigned object
[Elysia/DEBUG] Address: 0x159904230
[Elysia/DEBUG] Performing: store_local localVar#3 
[Elysia/DEBUG] Entering function array_int[]_gc_refcount_decrease
[Elysia/DEBUG] Performing: push_integer int(0) 
[Elysia/DEBUG] Performing: store_local localVar#4 
[Elysia/DEBUG] Performing: push_integer int(1) 
[Elysia/DEBUG] Performing: store_local localVar#5 
[Elysia/DEBUG] Performing: jump codeBlock#3 
[Elysia/DEBUG] Performing: load_local localVar#5 
[Elysia/DEBUG] Increasing refcount of int object
[Elysia/DEBUG] Address: 0x1599042a0
[Elysia/DEBUG] Performing: load_local localVar#1 
[Elysia/DEBUG] Performing: load_member index(1) 
[Elysia/DEBUG] Increasing refcount of unsigned object
[Elysia/DEBUG] Address: 0x159904230
[Elysia/DEBUG] Performing: basic_cast_int 
[Elysia/DEBUG] Decreasing refcount of unsigned object
[Elysia/DEBUG] Address: 0x159904230
[Elysia/DEBUG] Performing: less_than 
[Elysia/DEBUG] Decreasing refcount of int object
[Elysia/DEBUG] Address: 0x1599042a0
[Elysia/DEBUG] Performing: jump_if_true codeBlock#4 
[Elysia/DEBUG] Performing: load_local localVar#1 
[Elysia/DEBUG] Performing: load_local localVar#5 
[Elysia/DEBUG] Increasing refcount of int object
[Elysia/DEBUG] Address: 0x1599042a0
[Elysia/DEBUG] Performing: invoke index(3782547968) index(37) index(2) 
[Elysia/DEBUG] Entering function 1_Str::operator[]#struct#1#0#int
[Elysia/DEBUG] Performing: load_local localVar#1 
[Elysia/DEBUG] Increasing refcount of int object
[Elysia/DEBUG] Address: 0x1599042a0
[Elysia/DEBUG] Performing: push_integer int(0) 
[Elysia/DEBUG] Performing: less_than 
[Elysia/DEBUG] Decreasing refcount of int object
[Elysia/DEBUG] Address: 0x1599042a0
[Elysia/DEBUG] Performing: jump_if_true codeBlock#1 
[Elysia/DEBUG] Performing: load_local localVar#1 
[Elysia/DEBUG] Increasing refcount of int object
[Elysia/DEBUG] Address: 0x1599042a0
[Elysia/DEBUG] Performing: load_local localVar#0 
[Elysia/DEBUG] Performing: load_member index(1) 
[Elysia/DEBUG] Increasing refcount of unsigned object
[Elysia/DEBUG] Address: 0x159904230
[Elysia/DEBUG] Performing: basic_cast_int 
[Elysia/DEBUG] Decreasing refcount of unsigned object
[Elysia/DEBUG] Address: 0x159904230
[Elysia/DEBUG] Performing: greater_equal 
[Elysia/DEBUG] Decreasing refcount of int object
[Elysia/DEBUG] Address: 0x1599042a0
[Elysia/DEBUG] Performing: jump_if_true codeBlock#1 
[Elysia/DEBUG] Performing: jump codeBlock#2 
[Elysia/DEBUG] Performing: push_boolean bool(false) 
[Elysia/DEBUG] Performing: jump codeBlock#3 
[Elysia/DEBUG] Performing: jump_if_true codeBlock#4 
[Elysia/DEBUG] Performing: jump codeBlock#5 
[Elysia/DEBUG] Performing: load_local localVar#0 
[Elysia/DEBUG] Performing: load_member index(0) 
[Elysia/DEBUG] Entering function array_char[]_gc_refcount_increase
[Elysia/DEBUG] Performing: load_local localVar#1 
[Elysia/DEBUG] Increasing refcount of int object
[Elysia/DEBUG] Address: 0x1599042a0
[Elysia/DEBUG] Performing: basic_cast_unsigned 
[Elysia/DEBUG] Decreasing refcount of int object
[Elysia/DEBUG] Address: 0x1599042a0
[Elysia/DEBUG] Performing: load_element 
[Elysia/DEBUG] Entering function array_char[]_gc_refcount_decrease
[Elysia/DEBUG] Performing: ret 
[Elysia/DEBUG] Decreasing refcount of int object
[Elysia/DEBUG] Address: 0x1599042a0
[Elysia/DEBUG] Performing: load_local localVar#1 
[Elysia/DEBUG] Performing: load_local localVar#4 
[Elysia/DEBUG] Performing: invoke index(3782547968) index(37) index(2) 
[Elysia/DEBUG] Entering function 1_Str::operator[]#struct#1#0#int
[Elysia/DEBUG] Performing: load_local localVar#1 
[Elysia/DEBUG] Increasing refcount of int object
[Elysia/DEBUG] Address: 0x1599042e0
[Elysia/DEBUG] Performing: push_integer int(0) 
[Elysia/DEBUG] Performing: less_than 
[Elysia/DEBUG] Decreasing refcount of int object
[Elysia/DEBUG] Address: 0x1599042e0
[Elysia/DEBUG] Performing: jump_if_true codeBlock#1 
[Elysia/DEBUG] Performing: load_local localVar#1 
[Elysia/DEBUG] Increasing refcount of int object
[Elysia/DEBUG] Address: 0x1599042e0
[Elysia/DEBUG] Performing: load_local localVar#0 
[Elysia/DEBUG] Performing: load_member index(1) 
[Elysia/DEBUG] Increasing refcount of unsigned object
[Elysia/DEBUG] Address: 0x159904230
[Elysia/DEBUG] Performing: basic_cast_int 
[Elysia/DEBUG] Decreasing refcount of unsigned object
[Elysia/DEBUG] Address: 0x159904230
[Elysia/DEBUG] Performing: greater_equal 
[Elysia/DEBUG] Decreasing refcount of int object
[Elysia/DEBUG] Address: 0x1599042e0
[Elysia/DEBUG] Performing: jump_if_true codeBlock#1 
[Elysia/DEBUG] Performing: jump codeBlock#2 
[Elysia/DEBUG] Performing: push_boolean bool(false) 
[Elysia/DEBUG] Performing: jump codeBlock#3 
[Elysia/DEBUG] Performing: jump_if_true codeBlock#4 
[Elysia/DEBUG] Performing: jump codeBlock#5 
[Elysia/DEBUG] Performing: load_local localVar#0 
[Elysia/DEBUG] Performing: load_member index(0) 
[Elysia/DEBUG] Entering function array_char[]_gc_refcount_increase
[Elysia/DEBUG] Performing: load_local localVar#1 
[Elysia/DEBUG] Increasing refcount of int object
[Elysia/DEBUG] Address: 0x1599042e0
[Elysia/DEBUG] Performing: basic_cast_unsigned 
[Elysia/DEBUG] Decreasing refcount of int object
[Elysia/DEBUG] Address: 0x1599042e0
[Elysia/DEBUG] Performing: load_element 
[Elysia/DEBUG] Entering function array_char[]_gc_refcount_decrease
[Elysia/DEBUG] Performing: ret 
[Elysia/DEBUG] Decreasing refcount of int object
[Elysia/DEBUG] Address: 0x1599042e0
[Elysia/DEBUG] Performing: equal 
[Elysia/DEBUG] Decreasing refcount of char object
[Elysia/DEBUG] Address: 0x1599042c0
[Elysia/DEBUG] Decreasing refcount of char object
[Elysia/DEBUG] Address: 0x1599042e0
[Elysia/DEBUG] Performing: jump_if_true codeBlock#6 
[Elysia/DEBUG] Performing: jump codeBlock#8 
[Elysia/DEBUG] Performing: load_local localVar#4 
[Elysia/DEBUG] Performing: push_integer int(0) 
[Elysia/DEBUG] Performing: equal 
[Elysia/DEBUG] Performing: jump_if_true codeBlock#9 
[Elysia/DEBUG] Performing: push_integer int(0) 
[Elysia/DEBUG] Performing: load_local localVar#3 
[Elysia/DEBUG] Entering function array_int[]_gc_refcount_increase
[Elysia/DEBUG] Performing: push_unsigned unsigned(0) 
[Elysia/DEBUG] Performing: load_local localVar#5 
[Elysia/DEBUG] Increasing refcount of int object
[Elysia/DEBUG] Address: 0x1599042a0
[Elysia/DEBUG] Performing: basic_cast_unsigned 
[Elysia/DEBUG] Decreasing refcount of int object
[Elysia/DEBUG] Address: 0x1599042a0
[Elysia/DEBUG] Performing: push_unsigned unsigned(1) 
[Elysia/DEBUG] Performing: mul 
[Elysia/DEBUG] Performing: add 
[Elysia/DEBUG] Performing: store_element unknown 
[Elysia/DEBUG] Entering function array_int[]_gc_refcount_decrease
[Elysia/DEBUG] Performing: load_local localVar#3 
[Elysia/DEBUG] Entering function array_int[]_gc_refcount_increase
[Elysia/DEBUG] Performing: push_unsigned unsigned(0) 
[Elysia/DEBUG] Performing: load_local localVar#5 
[Elysia/DEBUG] Increasing refcount of int object
[Elysia/DEBUG] Address: 0x1599042a0
[Elysia/DEBUG] Performing: basic_cast_unsigned 
[Elysia/DEBUG] Decreasing refcount of int object
[Elysia/DEBUG] Address: 0x1599042a0
[Elysia/DEBUG] Performing: push_unsigned unsigned(1) 
[Elysia/DEBUG] Performing: mul 
[Elysia/DEBUG] Performing: add 
[Elysia/DEBUG] Performing: load_element 
[Elysia/DEBUG] Entering function array_int[]_gc_refcount_decrease
[Elysia/DEBUG] Performing: pop 
[Elysia/DEBUG] Popped value: loaded_val340
[Elysia/DEBUG] Performing: load_local localVar#5 
[Elysia/DEBUG] Increasing refcount of int object
[Elysia/DEBUG] Address: 0x1599042a0
[Elysia/DEBUG] Performing: push_integer int(1) 
[Elysia/DEBUG] Performing: add 
[Elysia/DEBUG] Decreasing refcount of int object
[Elysia/DEBUG] Address: 0x1599042a0
[Elysia/DEBUG] Performing: store_local localVar#5 
[Elysia/DEBUG] Decreasing refcount of int object
[Elysia/DEBUG] Address: 0x1599042a0
[Elysia/DEBUG] Performing: jump codeBlock#10 
[Elysia/DEBUG] Performing: jump codeBlock#7 
[Elysia/DEBUG] Performing: jump codeBlock#3 
[Elysia/DEBUG] Performing: load_local localVar#5 
[Elysia/DEBUG] Increasing refcount of int object
[Elysia/DEBUG] Address: 0x1599042a0
[Elysia/DEBUG] Performing: load_local localVar#1 
[Elysia/DEBUG] Performing: load_member index(1) 
[Elysia/DEBUG] Increasing refcount of unsigned object
[Elysia/DEBUG] Address: 0x159904230
[Elysia/DEBUG] Performing: basic_cast_int 
[Elysia/DEBUG] Decreasing refcount of unsigned object
[Elysia/DEBUG] Address: 0x159904230
[Elysia/DEBUG] Performing: less_than 
[Elysia/DEBUG] Decreasing refcount of int object
[Elysia/DEBUG] Address: 0x1599042a0
[Elysia/DEBUG] Performing: jump_if_true codeBlock#4 
[Elysia/DEBUG] Performing: load_local localVar#1 
[Elysia/DEBUG] Performing: load_local localVar#5 
[Elysia/DEBUG] Increasing refcount of int object
[Elysia/DEBUG] Address: 0x1599042a0
[Elysia/DEBUG] Performing: invoke index(3782547968) index(37) index(2) 
[Elysia/DEBUG] Entering function 1_Str::operator[]#struct#1#0#int
[Elysia/DEBUG] Performing: load_local localVar#1 
[Elysia/DEBUG] Increasing refcount of int object
[Elysia/DEBUG] Address: 0x1599042a0
[Elysia/DEBUG] Performing: push_integer int(0) 
[Elysia/DEBUG] Performing: less_than 
[Elysia/DEBUG] Decreasing refcount of int object
[Elysia/DEBUG] Address: 0x1599042a0
[Elysia/DEBUG] Performing: jump_if_true codeBlock#1 
[Elysia/DEBUG] Performing: load_local localVar#1 
[Elysia/DEBUG] Increasing refcount of int object
[Elysia/DEBUG] Address: 0x1599042a0
[Elysia/DEBUG] Performing: load_local localVar#0 
[Elysia/DEBUG] Performing: load_member index(1) 
[Elysia/DEBUG] Increasing refcount of unsigned object
[Elysia/DEBUG] Address: 0x159904230
[Elysia/DEBUG] Performing: basic_cast_int 
[Elysia/DEBUG] Decreasing refcount of unsigned object
[Elysia/DEBUG] Address: 0x159904230
[Elysia/DEBUG] Performing: greater_equal 
[Elysia/DEBUG] Decreasing refcount of int object
[Elysia/DEBUG] Address: 0x1599042a0
[Elysia/DEBUG] Performing: jump_if_true codeBlock#1 
[Elysia/DEBUG] Performing: jump codeBlock#2 
[Elysia/DEBUG] Performing: push_boolean bool(false) 
[Elysia/DEBUG] Performing: jump codeBlock#3 
[Elysia/DEBUG] Performing: jump_if_true codeBlock#4 
[Elysia/DEBUG] Performing: jump codeBlock#5 
[Elysia/DEBUG] Performing: load_local localVar#0 
[Elysia/DEBUG] Performing: load_member index(0) 
[Elysia/DEBUG] Entering function array_char[]_gc_refcount_increase
[Elysia/DEBUG] Performing: load_local localVar#1 
[Elysia/DEBUG] Increasing refcount of int object
[Elysia/DEBUG] Address: 0x1599042a0
[Elysia/DEBUG] Performing: basic_cast_unsigned 
[Elysia/DEBUG] Decreasing refcount of int object
[Elysia/DEBUG] Address: 0x1599042a0
[Elysia/DEBUG] Performing: load_element 
[Elysia/DEBUG] Entering function array_char[]_gc_refcount_decrease
[Elysia/DEBUG] Performing: ret 
[Elysia/DEBUG] Decreasing refcount of int object
[Elysia/DEBUG] Address: 0x1599042a0
[Elysia/DEBUG] Performing: load_local localVar#1 
[Elysia/DEBUG] Performing: load_local localVar#4 
[Elysia/DEBUG] Performing: invoke index(3782547968) index(37) index(2) 
[Elysia/DEBUG] Entering function 1_Str::operator[]#struct#1#0#int
[Elysia/DEBUG] Performing: load_local localVar#1 
[Elysia/DEBUG] Increasing refcount of int object
[Elysia/DEBUG] Address: 0x1599042e0
[Elysia/DEBUG] Performing: push_integer int(0) 
[Elysia/DEBUG] Performing: less_than 
[Elysia/DEBUG] Decreasing refcount of int object
[Elysia/DEBUG] Address: 0x1599042e0
[Elysia/DEBUG] Performing: jump_if_true codeBlock#1 
[Elysia/DEBUG] Performing: load_local localVar#1 
[Elysia/DEBUG] Increasing refcount of int object
[Elysia/DEBUG] Address: 0x1599042e0
[Elysia/DEBUG] Performing: load_local localVar#0 
[Elysia/DEBUG] Performing: load_member index(1) 
[Elysia/DEBUG] Increasing refcount of unsigned object
[Elysia/DEBUG] Address: 0x159904230
[Elysia/DEBUG] Performing: basic_cast_int 
[Elysia/DEBUG] Decreasing refcount of unsigned object
[Elysia/DEBUG] Address: 0x159904230
[Elysia/DEBUG] Performing: greater_equal 
[Elysia/DEBUG] Decreasing refcount of int object
[Elysia/DEBUG] Address: 0x1599042e0
[Elysia/DEBUG] Performing: jump_if_true codeBlock#1 
[Elysia/DEBUG] Performing: jump codeBlock#2 
[Elysia/DEBUG] Performing: push_boolean bool(false) 
[Elysia/DEBUG] Performing: jump codeBlock#3 
[Elysia/DEBUG] Performing: jump_if_true codeBlock#4 
[Elysia/DEBUG] Performing: jump codeBlock#5 
[Elysia/DEBUG] Performing: load_local localVar#0 
[Elysia/DEBUG] Performing: load_member index(0) 
[Elysia/DEBUG] Entering function array_char[]_gc_refcount_increase
[Elysia/DEBUG] Performing: load_local localVar#1 
[Elysia/DEBUG] Increasing refcount of int object
[Elysia/DEBUG] Address: 0x1599042e0
[Elysia/DEBUG] Performing: basic_cast_unsigned 
[Elysia/DEBUG] Decreasing refcount of int object
[Elysia/DEBUG] Address: 0x1599042e0
[Elysia/DEBUG] Performing: load_element 
[Elysia/DEBUG] Entering function array_char[]_gc_refcount_decrease
[Elysia/DEBUG] Performing: ret 
[Elysia/DEBUG] Decreasing refcount of int object
[Elysia/DEBUG] Address: 0x1599042e0
[Elysia/DEBUG] Performing: equal 
[Elysia/DEBUG] Decreasing refcount of char object
[Elysia/DEBUG] Address: 0x1599042c0
[Elysia/DEBUG] Decreasing refcount of char object
[Elysia/DEBUG] Address: 0x1599042e0
[Elysia/DEBUG] Performing: jump_if_true codeBlock#6 
[Elysia/DEBUG] Performing: jump codeBlock#8 
[Elysia/DEBUG] Performing: load_local localVar#4 
[Elysia/DEBUG] Performing: push_integer int(0) 
[Elysia/DEBUG] Performing: equal 
[Elysia/DEBUG] Performing: jump_if_true codeBlock#9 
[Elysia/DEBUG] Performing: push_integer int(0) 
[Elysia/DEBUG] Performing: load_local localVar#3 
[Elysia/DEBUG] Entering function array_int[]_gc_refcount_increase
[Elysia/DEBUG] Performing: push_unsigned unsigned(0) 
[Elysia/DEBUG] Performing: load_local localVar#5 
[Elysia/DEBUG] Increasing refcount of int object
[Elysia/DEBUG] Address: 0x1599042a0
[Elysia/DEBUG] Performing: basic_cast_unsigned 
[Elysia/DEBUG] Decreasing refcount of int object
[Elysia/DEBUG] Address: 0x1599042a0
[Elysia/DEBUG] Performing: push_unsigned unsigned(1) 
[Elysia/DEBUG] Performing: mul 
[Elysia/DEBUG] Performing: add 
[Elysia/DEBUG] Performing: store_element unknown 
[Elysia/DEBUG] Entering function array_int[]_gc_refcount_decrease
[Elysia/DEBUG] Performing: load_local localVar#3 
[Elysia/DEBUG] Entering function array_int[]_gc_refcount_increase
[Elysia/DEBUG] Performing: push_unsigned unsigned(0) 
[Elysia/DEBUG] Performing: load_local localVar#5 
[Elysia/DEBUG] Increasing refcount of int object
[Elysia/DEBUG] Address: 0x1599042a0
[Elysia/DEBUG] Performing: basic_cast_unsigned 
[Elysia/DEBUG] Decreasing refcount of int object
[Elysia/DEBUG] Address: 0x1599042a0
[Elysia/DEBUG] Performing: push_unsigned unsigned(1) 
[Elysia/DEBUG] Performing: mul 
[Elysia/DEBUG] Performing: add 
[Elysia/DEBUG] Performing: load_element 
[Elysia/DEBUG] Entering function array_int[]_gc_refcount_decrease
[Elysia/DEBUG] Performing: pop 
[Elysia/DEBUG] Popped value: loaded_val340
[Elysia/DEBUG] Performing: load_local localVar#5 
[Elysia/DEBUG] Increasing refcount of int object
[Elysia/DEBUG] Address: 0x1599042a0
[Elysia/DEBUG] Performing: push_integer int(1) 
[Elysia/DEBUG] Performing: add 
[Elysia/DEBUG] Decreasing refcount of int object
[Elysia/DEBUG] Address: 0x1599042a0
[Elysia/DEBUG] Performing: store_local localVar#5 
[Elysia/DEBUG] Decreasing refcount of int object
[Elysia/DEBUG] Address: 0x1599042a0
[Elysia/DEBUG] Performing: jump codeBlock#10 
[Elysia/DEBUG] Performing: jump codeBlock#7 
[Elysia/DEBUG] Performing: jump codeBlock#3 
[Elysia/DEBUG] Performing: load_local localVar#5 
[Elysia/DEBUG] Increasing refcount of int object
[Elysia/DEBUG] Address: 0x1599042a0
[Elysia/DEBUG] Performing: load_local localVar#1 
[Elysia/DEBUG] Performing: load_member index(1) 
[Elysia/DEBUG] Increasing refcount of unsigned object
[Elysia/DEBUG] Address: 0x159904230
[Elysia/DEBUG] Performing: basic_cast_int 
[Elysia/DEBUG] Decreasing refcount of unsigned object
[Elysia/DEBUG] Address: 0x159904230
[Elysia/DEBUG] Performing: less_than 
[Elysia/DEBUG] Decreasing refcount of int object
[Elysia/DEBUG] Address: 0x1599042a0
[Elysia/DEBUG] Performing: jump_if_true codeBlock#4 
[Elysia/DEBUG] Performing: load_local localVar#1 
[Elysia/DEBUG] Performing: load_local localVar#5 
[Elysia/DEBUG] Increasing refcount of int object
[Elysia/DEBUG] Address: 0x1599042a0
[Elysia/DEBUG] Performing: invoke index(3782547968) index(37) index(2) 
[Elysia/DEBUG] Entering function 1_Str::operator[]#struct#1#0#int
[Elysia/DEBUG] Performing: load_local localVar#1 
[Elysia/DEBUG] Increasing refcount of int object
[Elysia/DEBUG] Address: 0x1599042a0
[Elysia/DEBUG] Performing: push_integer int(0) 
[Elysia/DEBUG] Performing: less_than 
[Elysia/DEBUG] Decreasing refcount of int object
[Elysia/DEBUG] Address: 0x1599042a0
[Elysia/DEBUG] Performing: jump_if_true codeBlock#1 
[Elysia/DEBUG] Performing: load_local localVar#1 
[Elysia/DEBUG] Increasing refcount of int object
[Elysia/DEBUG] Address: 0x1599042a0
[Elysia/DEBUG] Performing: load_local localVar#0 
[Elysia/DEBUG] Performing: load_member index(1) 
[Elysia/DEBUG] Increasing refcount of unsigned object
[Elysia/DEBUG] Address: 0x159904230
[Elysia/DEBUG] Performing: basic_cast_int 
[Elysia/DEBUG] Decreasing refcount of unsigned object
[Elysia/DEBUG] Address: 0x159904230
[Elysia/DEBUG] Performing: greater_equal 
[Elysia/DEBUG] Decreasing refcount of int object
[Elysia/DEBUG] Address: 0x1599042a0
[Elysia/DEBUG] Performing: jump_if_true codeBlock#1 
[Elysia/DEBUG] Performing: jump codeBlock#2 
[Elysia/DEBUG] Performing: push_boolean bool(false) 
[Elysia/DEBUG] Performing: jump codeBlock#3 
[Elysia/DEBUG] Performing: jump_if_true codeBlock#4 
[Elysia/DEBUG] Performing: jump codeBlock#5 
[Elysia/DEBUG] Performing: load_local localVar#0 
[Elysia/DEBUG] Performing: load_member index(0) 
[Elysia/DEBUG] Entering function array_char[]_gc_refcount_increase
[Elysia/DEBUG] Performing: load_local localVar#1 
[Elysia/DEBUG] Increasing refcount of int object
[Elysia/DEBUG] Address: 0x1599042a0
[Elysia/DEBUG] Performing: basic_cast_unsigned 
[Elysia/DEBUG] Decreasing refcount of int object
[Elysia/DEBUG] Address: 0x1599042a0
[Elysia/DEBUG] Performing: load_element 
[Elysia/DEBUG] Entering function array_char[]_gc_refcount_decrease
[Elysia/DEBUG] Performing: ret 
[Elysia/DEBUG] Decreasing refcount of int object
[Elysia/DEBUG] Address: 0x1599042a0
[Elysia/DEBUG] Performing: load_local localVar#1 
[Elysia/DEBUG] Performing: load_local localVar#4 
[Elysia/DEBUG] Performing: invoke index(3782547968) index(37) index(2) 
[Elysia/DEBUG] Entering function 1_Str::operator[]#struct#1#0#int
[Elysia/DEBUG] Performing: load_local localVar#1 
[Elysia/DEBUG] Increasing refcount of int object
[Elysia/DEBUG] Address: 0x1599042e0
[Elysia/DEBUG] Performing: push_integer int(0) 
[Elysia/DEBUG] Performing: less_than 
[Elysia/DEBUG] Decreasing refcount of int object
[Elysia/DEBUG] Address: 0x1599042e0
[Elysia/DEBUG] Performing: jump_if_true codeBlock#1 
[Elysia/DEBUG] Performing: load_local localVar#1 
[Elysia/DEBUG] Increasing refcount of int object
[Elysia/DEBUG] Address: 0x1599042e0
[Elysia/DEBUG] Performing: load_local localVar#0 
[Elysia/DEBUG] Performing: load_member index(1) 
[Elysia/DEBUG] Increasing refcount of unsigned object
[Elysia/DEBUG] Address: 0x159904230
[Elysia/DEBUG] Performing: basic_cast_int 
[Elysia/DEBUG] Decreasing refcount of unsigned object
[Elysia/DEBUG] Address: 0x159904230
[Elysia/DEBUG] Performing: greater_equal 
[Elysia/DEBUG] Decreasing refcount of int object
[Elysia/DEBUG] Address: 0x1599042e0
[Elysia/DEBUG] Performing: jump_if_true codeBlock#1 
[Elysia/DEBUG] Performing: jump codeBlock#2 
[Elysia/DEBUG] Performing: push_boolean bool(false) 
[Elysia/DEBUG] Performing: jump codeBlock#3 
[Elysia/DEBUG] Performing: jump_if_true codeBlock#4 
[Elysia/DEBUG] Performing: jump codeBlock#5 
[Elysia/DEBUG] Performing: load_local localVar#0 
[Elysia/DEBUG] Performing: load_member index(0) 
[Elysia/DEBUG] Entering function array_char[]_gc_refcount_increase
[Elysia/DEBUG] Performing: load_local localVar#1 
[Elysia/DEBUG] Increasing refcount of int object
[Elysia/DEBUG] Address: 0x1599042e0
[Elysia/DEBUG] Performing: basic_cast_unsigned 
[Elysia/DEBUG] Decreasing refcount of int object
[Elysia/DEBUG] Address: 0x1599042e0
[Elysia/DEBUG] Performing: load_element 
[Elysia/DEBUG] Entering function array_char[]_gc_refcount_decrease
[Elysia/DEBUG] Performing: ret 
[Elysia/DEBUG] Decreasing refcount of int object
[Elysia/DEBUG] Address: 0x1599042e0
[Elysia/DEBUG] Performing: equal 
[Elysia/DEBUG] Decreasing refcount of char object
[Elysia/DEBUG] Address: 0x1599042c0
[Elysia/DEBUG] Decreasing refcount of char object
[Elysia/DEBUG] Address: 0x1599042e0
[Elysia/DEBUG] Performing: jump_if_true codeBlock#6 
[Elysia/DEBUG] Performing: jump codeBlock#8 
[Elysia/DEBUG] Performing: load_local localVar#4 
[Elysia/DEBUG] Performing: push_integer int(0) 
[Elysia/DEBUG] Performing: equal 
[Elysia/DEBUG] Performing: jump_if_true codeBlock#9 
[Elysia/DEBUG] Performing: push_integer int(0) 
[Elysia/DEBUG] Performing: load_local localVar#3 
[Elysia/DEBUG] Entering function array_int[]_gc_refcount_increase
[Elysia/DEBUG] Performing: push_unsigned unsigned(0) 
[Elysia/DEBUG] Performing: load_local localVar#5 
[Elysia/DEBUG] Increasing refcount of int object
[Elysia/DEBUG] Address: 0x1599042a0
[Elysia/DEBUG] Performing: basic_cast_unsigned 
[Elysia/DEBUG] Decreasing refcount of int object
[Elysia/DEBUG] Address: 0x1599042a0
[Elysia/DEBUG] Performing: push_unsigned unsigned(1) 
[Elysia/DEBUG] Performing: mul 
[Elysia/DEBUG] Performing: add 
[Elysia/DEBUG] Performing: store_element unknown 
[Elysia/DEBUG] Entering function array_int[]_gc_refcount_decrease
[Elysia/DEBUG] Performing: load_local localVar#3 
[Elysia/DEBUG] Entering function array_int[]_gc_refcount_increase
[Elysia/DEBUG] Performing: push_unsigned unsigned(0) 
[Elysia/DEBUG] Performing: load_local localVar#5 
[Elysia/DEBUG] Increasing refcount of int object
[Elysia/DEBUG] Address: 0x1599042a0
[Elysia/DEBUG] Performing: basic_cast_unsigned 
[Elysia/DEBUG] Decreasing refcount of int object
[Elysia/DEBUG] Address: 0x1599042a0
[Elysia/DEBUG] Performing: push_unsigned unsigned(1) 
[Elysia/DEBUG] Performing: mul 
[Elysia/DEBUG] Performing: add 
[Elysia/DEBUG] Performing: load_element 
[Elysia/DEBUG] Entering function array_int[]_gc_refcount_decrease
[Elysia/DEBUG] Performing: pop 
[Elysia/DEBUG] Popped value: loaded_val340
[Elysia/DEBUG] Performing: load_local localVar#5 
[Elysia/DEBUG] Increasing refcount of int object
[Elysia/DEBUG] Address: 0x1599042a0
[Elysia/DEBUG] Performing: push_integer int(1) 
[Elysia/DEBUG] Performing: add 
[Elysia/DEBUG] Decreasing refcount of int object
[Elysia/DEBUG] Address: 0x1599042a0
[Elysia/DEBUG] Performing: store_local localVar#5 
[Elysia/DEBUG] Decreasing refcount of int object
[Elysia/DEBUG] Address: 0x1599042a0
[Elysia/DEBUG] Performing: jump codeBlock#10 
[Elysia/DEBUG] Performing: jump codeBlock#7 
[Elysia/DEBUG] Performing: jump codeBlock#3 
[Elysia/DEBUG] Performing: load_local localVar#5 
[Elysia/DEBUG] Increasing refcount of int object
[Elysia/DEBUG] Address: 0x1599042a0
[Elysia/DEBUG] Performing: load_local localVar#1 
[Elysia/DEBUG] Performing: load_member index(1) 
[Elysia/DEBUG] Increasing refcount of unsigned object
[Elysia/DEBUG] Address: 0x159904230
[Elysia/DEBUG] Performing: basic_cast_int 
[Elysia/DEBUG] Decreasing refcount of unsigned object
[Elysia/DEBUG] Address: 0x159904230
[Elysia/DEBUG] Performing: less_than 
[Elysia/DEBUG] Decreasing refcount of int object
[Elysia/DEBUG] Address: 0x1599042a0
[Elysia/DEBUG] Performing: jump_if_true codeBlock#4 
[Elysia/DEBUG] Performing: jump codeBlock#5 
[Elysia/DEBUG] Performing: load_local localVar#2 
[Elysia/DEBUG] Increasing refcount of int object
[Elysia/DEBUG] Address: 0x159904150
[Elysia/DEBUG] Performing: store_local localVar#5 
[Elysia/DEBUG] Decreasing refcount of int object
[Elysia/DEBUG] Address: 0x1599042a0
[Elysia/DEBUG] Performing: push_integer int(0) 
[Elysia/DEBUG] Performing: store_local localVar#6 
[Elysia/DEBUG] Performing: jump codeBlock#12 
[Elysia/DEBUG] Performing: load_local localVar#5 
[Elysia/DEBUG] Increasing refcount of int object
[Elysia/DEBUG] Address: 0x159904150
[Elysia/DEBUG] Performing: load_local localVar#0 
[Elysia/DEBUG] Performing: load_member index(1) 
[Elysia/DEBUG] Increasing refcount of unsigned object
[Elysia/DEBUG] Address: 0x159904280
[Elysia/DEBUG] Performing: basic_cast_int 
[Elysia/DEBUG] Decreasing refcount of unsigned object
[Elysia/DEBUG] Address: 0x159904280
[Elysia/DEBUG] Performing: less_than 
[Elysia/DEBUG] Decreasing refcount of int object
[Elysia/DEBUG] Address: 0x159904150
[Elysia/DEBUG] Performing: jump_if_true codeBlock#13 
[Elysia/DEBUG] Performing: load_local localVar#0 
[Elysia/DEBUG] Performing: load_local localVar#5 
[Elysia/DEBUG] Increasing refcount of int object
[Elysia/DEBUG] Address: 0x159904150
[Elysia/DEBUG] Performing: invoke index(3782547968) index(37) index(2) 
[Elysia/DEBUG] Entering function 1_Str::operator[]#struct#1#0#int
[Elysia/DEBUG] Performing: load_local localVar#1 
[Elysia/DEBUG] Increasing refcount of int object
[Elysia/DEBUG] Address: 0x159904150
[Elysia/DEBUG] Performing: push_integer int(0) 
[Elysia/DEBUG] Performing: less_than 
[Elysia/DEBUG] Decreasing refcount of int object
[Elysia/DEBUG] Address: 0x159904150
[Elysia/DEBUG] Performing: jump_if_true codeBlock#1 
[Elysia/DEBUG] Performing: load_local localVar#1 
[Elysia/DEBUG] Increasing refcount of int object
[Elysia/DEBUG] Address: 0x159904150
[Elysia/DEBUG] Performing: load_local localVar#0 
[Elysia/DEBUG] Performing: load_member index(1) 
[Elysia/DEBUG] Increasing refcount of unsigned object
[Elysia/DEBUG] Address: 0x159904280
[Elysia/DEBUG] Performing: basic_cast_int 
[Elysia/DEBUG] Decreasing refcount of unsigned object
[Elysia/DEBUG] Address: 0x159904280
[Elysia/DEBUG] Performing: greater_equal 
[Elysia/DEBUG] Decreasing refcount of int object
[Elysia/DEBUG] Address: 0x159904150
[Elysia/DEBUG] Performing: jump_if_true codeBlock#1 
[Elysia/DEBUG] Performing: jump codeBlock#2 
[Elysia/DEBUG] Performing: push_boolean bool(false) 
[Elysia/DEBUG] Performing: jump codeBlock#3 
[Elysia/DEBUG] Performing: jump_if_true codeBlock#4 
[Elysia/DEBUG] Performing: jump codeBlock#5 
[Elysia/DEBUG] Performing: load_local localVar#0 
[Elysia/DEBUG] Performing: load_member index(0) 
[Elysia/DEBUG] Entering function array_char[]_gc_refcount_increase
[Elysia/DEBUG] Performing: load_local localVar#1 
[Elysia/DEBUG] Increasing refcount of int object
[Elysia/DEBUG] Address: 0x159904150
[Elysia/DEBUG] Performing: basic_cast_unsigned 
[Elysia/DEBUG] Decreasing refcount of int object
[Elysia/DEBUG] Address: 0x159904150
[Elysia/DEBUG] Performing: load_element 
[Elysia/DEBUG] Entering function array_char[]_gc_refcount_decrease
[Elysia/DEBUG] Performing: ret 
[Elysia/DEBUG] Decreasing refcount of int object
[Elysia/DEBUG] Address: 0x159904150
[Elysia/DEBUG] Performing: load_local localVar#1 
[Elysia/DEBUG] Performing: load_local localVar#6 
[Elysia/DEBUG] Performing: invoke index(3782547968) index(37) index(2) 
[Elysia/DEBUG] Entering function 1_Str::operator[]#struct#1#0#int
[Elysia/DEBUG] Performing: load_local localVar#1 
[Elysia/DEBUG] Increasing refcount of int object
[Elysia/DEBUG] Address: 0x1599042c0
[Elysia/DEBUG] Performing: push_integer int(0) 
[Elysia/DEBUG] Performing: less_than 
[Elysia/DEBUG] Decreasing refcount of int object
[Elysia/DEBUG] Address: 0x1599042c0
[Elysia/DEBUG] Performing: jump_if_true codeBlock#1 
[Elysia/DEBUG] Performing: load_local localVar#1 
[Elysia/DEBUG] Increasing refcount of int object
[Elysia/DEBUG] Address: 0x1599042c0
[Elysia/DEBUG] Performing: load_local localVar#0 
[Elysia/DEBUG] Performing: load_member index(1) 
[Elysia/DEBUG] Increasing refcount of unsigned object
[Elysia/DEBUG] Address: 0x159904230
[Elysia/DEBUG] Performing: basic_cast_int 
[Elysia/DEBUG] Decreasing refcount of unsigned object
[Elysia/DEBUG] Address: 0x159904230
[Elysia/DEBUG] Performing: greater_equal 
[Elysia/DEBUG] Decreasing refcount of int object
[Elysia/DEBUG] Address: 0x1599042c0
[Elysia/DEBUG] Performing: jump_if_true codeBlock#1 
[Elysia/DEBUG] Performing: jump codeBlock#2 
[Elysia/DEBUG] Performing: push_boolean bool(false) 
[Elysia/DEBUG] Performing: jump codeBlock#3 
[Elysia/DEBUG] Performing: jump_if_true codeBlock#4 
[Elysia/DEBUG] Performing: jump codeBlock#5 
[Elysia/DEBUG] Performing: load_local localVar#0 
[Elysia/DEBUG] Performing: load_member index(0) 
[Elysia/DEBUG] Entering function array_char[]_gc_refcount_increase
[Elysia/DEBUG] Performing: load_local localVar#1 
[Elysia/DEBUG] Increasing refcount of int object
[Elysia/DEBUG] Address: 0x1599042c0
[Elysia/DEBUG] Performing: basic_cast_unsigned 
[Elysia/DEBUG] Decreasing refcount of int object
[Elysia/DEBUG] Address: 0x1599042c0
[Elysia/DEBUG] Performing: load_element 
[Elysia/DEBUG] Entering function array_char[]_gc_refcount_decrease
[Elysia/DEBUG] Performing: ret 
[Elysia/DEBUG] Decreasing refcount of int object
[Elysia/DEBUG] Address: 0x1599042c0
[Elysia/DEBUG] Performing: equal 
[Elysia/DEBUG] Decreasing refcount of char object
[Elysia/DEBUG] Address: 0x1599042a0
[Elysia/DEBUG] Decreasing refcount of char object
[Elysia/DEBUG] Address: 0x1599042c0
[Elysia/DEBUG] Performing: jump_if_true codeBlock#15 
[Elysia/DEBUG] Performing: load_local localVar#6 
[Elysia/DEBUG] Performing: push_integer int(0) 
[Elysia/DEBUG] Performing: greater_than 
[Elysia/DEBUG] Performing: jump_if_true codeBlock#17 
[Elysia/DEBUG] Performing: jump codeBlock#18 
[Elysia/DEBUG] Performing: load_local localVar#5 
[Elysia/DEBUG] Increasing refcount of int object
[Elysia/DEBUG] Address: 0x159904150
[Elysia/DEBUG] Performing: push_integer int(1) 
[Elysia/DEBUG] Performing: add 
[Elysia/DEBUG] Decreasing refcount of int object
[Elysia/DEBUG] Address: 0x159904150
[Elysia/DEBUG] Performing: store_local localVar#5 
[Elysia/DEBUG] Decreasing refcount of int object
[Elysia/DEBUG] Address: 0x159904150
[Elysia/DEBUG] Performing: jump codeBlock#16 
[Elysia/DEBUG] Performing: load_local localVar#6 
[Elysia/DEBUG] Performing: load_local localVar#1 
[Elysia/DEBUG] Performing: load_member index(1) 
[Elysia/DEBUG] Increasing refcount of unsigned object
[Elysia/DEBUG] Address: 0x159904230
[Elysia/DEBUG] Performing: basic_cast_int 
[Elysia/DEBUG] Decreasing refcount of unsigned object
[Elysia/DEBUG] Address: 0x159904230
[Elysia/DEBUG] Performing: equal 
[Elysia/DEBUG] Performing: jump_if_true codeBlock#19 
[Elysia/DEBUG] Performing: jump codeBlock#20 
[Elysia/DEBUG] Performing: jump codeBlock#12 
[Elysia/DEBUG] Performing: load_local localVar#5 
[Elysia/DEBUG] Increasing refcount of int object
[Elysia/DEBUG] Address: 0x1599042c0
[Elysia/DEBUG] Performing: load_local localVar#0 
[Elysia/DEBUG] Performing: load_member index(1) 
[Elysia/DEBUG] Increasing refcount of unsigned object
[Elysia/DEBUG] Address: 0x159904280
[Elysia/DEBUG] Performing: basic_cast_int 
[Elysia/DEBUG] Decreasing refcount of unsigned object
[Elysia/DEBUG] Address: 0x159904280
[Elysia/DEBUG] Performing: less_than 
[Elysia/DEBUG] Decreasing refcount of int object
[Elysia/DEBUG] Address: 0x1599042c0
[Elysia/DEBUG] Performing: jump_if_true codeBlock#13 
[Elysia/DEBUG] Performing: load_local localVar#0 
[Elysia/DEBUG] Performing: load_local localVar#5 
[Elysia/DEBUG] Increasing refcount of int object
[Elysia/DEBUG] Address: 0x1599042c0
[Elysia/DEBUG] Performing: invoke index(3782547968) index(37) index(2) 
[Elysia/DEBUG] Entering function 1_Str::operator[]#struct#1#0#int
[Elysia/DEBUG] Performing: load_local localVar#1 
[Elysia/DEBUG] Increasing refcount of int object
[Elysia/DEBUG] Address: 0x1599042c0
[Elysia/DEBUG] Performing: push_integer int(0) 
[Elysia/DEBUG] Performing: less_than 
[Elysia/DEBUG] Decreasing refcount of int object
[Elysia/DEBUG] Address: 0x1599042c0
[Elysia/DEBUG] Performing: jump_if_true codeBlock#1 
[Elysia/DEBUG] Performing: load_local localVar#1 
[Elysia/DEBUG] Increasing refcount of int object
[Elysia/DEBUG] Address: 0x1599042c0
[Elysia/DEBUG] Performing: load_local localVar#0 
[Elysia/DEBUG] Performing: load_member index(1) 
[Elysia/DEBUG] Increasing refcount of unsigned object
[Elysia/DEBUG] Address: 0x159904280
[Elysia/DEBUG] Performing: basic_cast_int 
[Elysia/DEBUG] Decreasing refcount of unsigned object
[Elysia/DEBUG] Address: 0x159904280
[Elysia/DEBUG] Performing: greater_equal 
[Elysia/DEBUG] Decreasing refcount of int object
[Elysia/DEBUG] Address: 0x1599042c0
[Elysia/DEBUG] Performing: jump_if_true codeBlock#1 
[Elysia/DEBUG] Performing: jump codeBlock#2 
[Elysia/DEBUG] Performing: push_boolean bool(false) 
[Elysia/DEBUG] Performing: jump codeBlock#3 
[Elysia/DEBUG] Performing: jump_if_true codeBlock#4 
[Elysia/DEBUG] Performing: jump codeBlock#5 
[Elysia/DEBUG] Performing: load_local localVar#0 
[Elysia/DEBUG] Performing: load_member index(0) 
[Elysia/DEBUG] Entering function array_char[]_gc_refcount_increase
[Elysia/DEBUG] Performing: load_local localVar#1 
[Elysia/DEBUG] Increasing refcount of int object
[Elysia/DEBUG] Address: 0x1599042c0
[Elysia/DEBUG] Performing: basic_cast_unsigned 
[Elysia/DEBUG] Decreasing refcount of int object
[Elysia/DEBUG] Address: 0x1599042c0
[Elysia/DEBUG] Performing: load_element 
[Elysia/DEBUG] Entering function array_char[]_gc_refcount_decrease
[Elysia/DEBUG] Performing: ret 
[Elysia/DEBUG] Decreasing refcount of int object
[Elysia/DEBUG] Address: 0x1599042c0
[Elysia/DEBUG] Performing: load_local localVar#1 
[Elysia/DEBUG] Performing: load_local localVar#6 
[Elysia/DEBUG] Performing: invoke index(3782547968) index(37) index(2) 
[Elysia/DEBUG] Entering function 1_Str::operator[]#struct#1#0#int
[Elysia/DEBUG] Performing: load_local localVar#1 
[Elysia/DEBUG] Increasing refcount of int object
[Elysia/DEBUG] Address: 0x1599042e0
[Elysia/DEBUG] Performing: push_integer int(0) 
[Elysia/DEBUG] Performing: less_than 
[Elysia/DEBUG] Decreasing refcount of int object
[Elysia/DEBUG] Address: 0x1599042e0
[Elysia/DEBUG] Performing: jump_if_true codeBlock#1 
[Elysia/DEBUG] Performing: load_local localVar#1 
[Elysia/DEBUG] Increasing refcount of int object
[Elysia/DEBUG] Address: 0x1599042e0
[Elysia/DEBUG] Performing: load_local localVar#0 
[Elysia/DEBUG] Performing: load_member index(1) 
[Elysia/DEBUG] Increasing refcount of unsigned object
[Elysia/DEBUG] Address: 0x159904230
[Elysia/DEBUG] Performing: basic_cast_int 
[Elysia/DEBUG] Decreasing refcount of unsigned object
[Elysia/DEBUG] Address: 0x159904230
[Elysia/DEBUG] Performing: greater_equal 
[Elysia/DEBUG] Decreasing refcount of int object
[Elysia/DEBUG] Address: 0x1599042e0
[Elysia/DEBUG] Performing: jump_if_true codeBlock#1 
[Elysia/DEBUG] Performing: jump codeBlock#2 
[Elysia/DEBUG] Performing: push_boolean bool(false) 
[Elysia/DEBUG] Performing: jump codeBlock#3 
[Elysia/DEBUG] Performing: jump_if_true codeBlock#4 
[Elysia/DEBUG] Performing: jump codeBlock#5 
[Elysia/DEBUG] Performing: load_local localVar#0 
[Elysia/DEBUG] Performing: load_member index(0) 
[Elysia/DEBUG] Entering function array_char[]_gc_refcount_increase
[Elysia/DEBUG] Performing: load_local localVar#1 
[Elysia/DEBUG] Increasing refcount of int object
[Elysia/DEBUG] Address: 0x1599042e0
[Elysia/DEBUG] Performing: basic_cast_unsigned 
[Elysia/DEBUG] Decreasing refcount of int object
[Elysia/DEBUG] Address: 0x1599042e0
[Elysia/DEBUG] Performing: load_element 
[Elysia/DEBUG] Entering function array_char[]_gc_refcount_decrease
[Elysia/DEBUG] Performing: ret 
[Elysia/DEBUG] Decreasing refcount of int object
[Elysia/DEBUG] Address: 0x1599042e0
[Elysia/DEBUG] Performing: equal 
[Elysia/DEBUG] Decreasing refcount of char object
[Elysia/DEBUG] Address: 0x1599042a0
[Elysia/DEBUG] Decreasing refcount of char object
[Elysia/DEBUG] Address: 0x1599042e0
[Elysia/DEBUG] Performing: jump_if_true codeBlock#15 
[Elysia/DEBUG] Performing: load_local localVar#6 
[Elysia/DEBUG] Performing: push_integer int(0) 
[Elysia/DEBUG] Performing: greater_than 
[Elysia/DEBUG] Performing: jump_if_true codeBlock#17 
[Elysia/DEBUG] Performing: jump codeBlock#18 
[Elysia/DEBUG] Performing: load_local localVar#5 
[Elysia/DEBUG] Increasing refcount of int object
[Elysia/DEBUG] Address: 0x1599042c0
[Elysia/DEBUG] Performing: push_integer int(1) 
[Elysia/DEBUG] Performing: add 
[Elysia/DEBUG] Decreasing refcount of int object
[Elysia/DEBUG] Address: 0x1599042c0
[Elysia/DEBUG] Performing: store_local localVar#5 
[Elysia/DEBUG] Decreasing refcount of int object
[Elysia/DEBUG] Address: 0x1599042c0
[Elysia/DEBUG] Performing: jump codeBlock#16 
[Elysia/DEBUG] Performing: load_local localVar#6 
[Elysia/DEBUG] Performing: load_local localVar#1 
[Elysia/DEBUG] Performing: load_member index(1) 
[Elysia/DEBUG] Increasing refcount of unsigned object
[Elysia/DEBUG] Address: 0x159904230
[Elysia/DEBUG] Performing: basic_cast_int 
[Elysia/DEBUG] Decreasing refcount of unsigned object
[Elysia/DEBUG] Address: 0x159904230
[Elysia/DEBUG] Performing: equal 
[Elysia/DEBUG] Performing: jump_if_true codeBlock#19 
[Elysia/DEBUG] Performing: jump codeBlock#20 
[Elysia/DEBUG] Performing: jump codeBlock#12 
[Elysia/DEBUG] Performing: load_local localVar#5 
[Elysia/DEBUG] Increasing refcount of int object
[Elysia/DEBUG] Address: 0x1599042c0
[Elysia/DEBUG] Performing: load_local localVar#0 
[Elysia/DEBUG] Performing: load_member index(1) 
[Elysia/DEBUG] Increasing refcount of unsigned object
[Elysia/DEBUG] Address: 0x159904280
[Elysia/DEBUG] Performing: basic_cast_int 
[Elysia/DEBUG] Decreasing refcount of unsigned object
[Elysia/DEBUG] Address: 0x159904280
[Elysia/DEBUG] Performing: less_than 
[Elysia/DEBUG] Decreasing refcount of int object
[Elysia/DEBUG] Address: 0x1599042c0
[Elysia/DEBUG] Performing: jump_if_true codeBlock#13 
[Elysia/DEBUG] Performing: load_local localVar#0 
[Elysia/DEBUG] Performing: load_local localVar#5 
[Elysia/DEBUG] Increasing refcount of int object
[Elysia/DEBUG] Address: 0x1599042c0
[Elysia/DEBUG] Performing: invoke index(3782547968) index(37) index(2) 
[Elysia/DEBUG] Entering function 1_Str::operator[]#struct#1#0#int
[Elysia/DEBUG] Performing: load_local localVar#1 
[Elysia/DEBUG] Increasing refcount of int object
[Elysia/DEBUG] Address: 0x1599042c0
[Elysia/DEBUG] Performing: push_integer int(0) 
[Elysia/DEBUG] Performing: less_than 
[Elysia/DEBUG] Decreasing refcount of int object
[Elysia/DEBUG] Address: 0x1599042c0
[Elysia/DEBUG] Performing: jump_if_true codeBlock#1 
[Elysia/DEBUG] Performing: load_local localVar#1 
[Elysia/DEBUG] Increasing refcount of int object
[Elysia/DEBUG] Address: 0x1599042c0
[Elysia/DEBUG] Performing: load_local localVar#0 
[Elysia/DEBUG] Performing: load_member index(1) 
[Elysia/DEBUG] Increasing refcount of unsigned object
[Elysia/DEBUG] Address: 0x159904280
[Elysia/DEBUG] Performing: basic_cast_int 
[Elysia/DEBUG] Decreasing refcount of unsigned object
[Elysia/DEBUG] Address: 0x159904280
[Elysia/DEBUG] Performing: greater_equal 
[Elysia/DEBUG] Decreasing refcount of int object
[Elysia/DEBUG] Address: 0x1599042c0
[Elysia/DEBUG] Performing: jump_if_true codeBlock#1 
[Elysia/DEBUG] Performing: jump codeBlock#2 
[Elysia/DEBUG] Performing: push_boolean bool(false) 
[Elysia/DEBUG] Performing: jump codeBlock#3 
[Elysia/DEBUG] Performing: jump_if_true codeBlock#4 
[Elysia/DEBUG] Performing: jump codeBlock#5 
[Elysia/DEBUG] Performing: load_local localVar#0 
[Elysia/DEBUG] Performing: load_member index(0) 
[Elysia/DEBUG] Entering function array_char[]_gc_refcount_increase
[Elysia/DEBUG] Performing: load_local localVar#1 
[Elysia/DEBUG] Increasing refcount of int object
[Elysia/DEBUG] Address: 0x1599042c0
[Elysia/DEBUG] Performing: basic_cast_unsigned 
[Elysia/DEBUG] Decreasing refcount of int object
[Elysia/DEBUG] Address: 0x1599042c0
[Elysia/DEBUG] Performing: load_element 
[Elysia/DEBUG] Entering function array_char[]_gc_refcount_decrease
[Elysia/DEBUG] Performing: ret 
[Elysia/DEBUG] Decreasing refcount of int object
[Elysia/DEBUG] Address: 0x1599042c0
[Elysia/DEBUG] Performing: load_local localVar#1 
[Elysia/DEBUG] Performing: load_local localVar#6 
[Elysia/DEBUG] Performing: invoke index(3782547968) index(37) index(2) 
[Elysia/DEBUG] Entering function 1_Str::operator[]#struct#1#0#int
[Elysia/DEBUG] Performing: load_local localVar#1 
[Elysia/DEBUG] Increasing refcount of int object
[Elysia/DEBUG] Address: 0x1599042e0
[Elysia/DEBUG] Performing: push_integer int(0) 
[Elysia/DEBUG] Performing: less_than 
[Elysia/DEBUG] Decreasing refcount of int object
[Elysia/DEBUG] Address: 0x1599042e0
[Elysia/DEBUG] Performing: jump_if_true codeBlock#1 
[Elysia/DEBUG] Performing: load_local localVar#1 
[Elysia/DEBUG] Increasing refcount of int object
[Elysia/DEBUG] Address: 0x1599042e0
[Elysia/DEBUG] Performing: load_local localVar#0 
[Elysia/DEBUG] Performing: load_member index(1) 
[Elysia/DEBUG] Increasing refcount of unsigned object
[Elysia/DEBUG] Address: 0x159904230
[Elysia/DEBUG] Performing: basic_cast_int 
[Elysia/DEBUG] Decreasing refcount of unsigned object
[Elysia/DEBUG] Address: 0x159904230
[Elysia/DEBUG] Performing: greater_equal 
[Elysia/DEBUG] Decreasing refcount of int object
[Elysia/DEBUG] Address: 0x1599042e0
[Elysia/DEBUG] Performing: jump_if_true codeBlock#1 
[Elysia/DEBUG] Performing: jump codeBlock#2 
[Elysia/DEBUG] Performing: push_boolean bool(false) 
[Elysia/DEBUG] Performing: jump codeBlock#3 
[Elysia/DEBUG] Performing: jump_if_true codeBlock#4 
[Elysia/DEBUG] Performing: jump codeBlock#5 
[Elysia/DEBUG] Performing: load_local localVar#0 
[Elysia/DEBUG] Performing: load_member index(0) 
[Elysia/DEBUG] Entering function array_char[]_gc_refcount_increase
[Elysia/DEBUG] Performing: load_local localVar#1 
[Elysia/DEBUG] Increasing refcount of int object
[Elysia/DEBUG] Address: 0x1599042e0
[Elysia/DEBUG] Performing: basic_cast_unsigned 
[Elysia/DEBUG] Decreasing refcount of int object
[Elysia/DEBUG] Address: 0x1599042e0
[Elysia/DEBUG] Performing: load_element 
[Elysia/DEBUG] Entering function array_char[]_gc_refcount_decrease
[Elysia/DEBUG] Performing: ret 
[Elysia/DEBUG] Decreasing refcount of int object
[Elysia/DEBUG] Address: 0x1599042e0
[Elysia/DEBUG] Performing: equal 
[Elysia/DEBUG] Decreasing refcount of char object
[Elysia/DEBUG] Address: 0x1599042a0
[Elysia/DEBUG] Decreasing refcount of char object
[Elysia/DEBUG] Address: 0x1599042e0
[Elysia/DEBUG] Performing: jump_if_true codeBlock#15 
[Elysia/DEBUG] Performing: load_local localVar#6 
[Elysia/DEBUG] Performing: push_integer int(0) 
[Elysia/DEBUG] Performing: greater_than 
[Elysia/DEBUG] Performing: jump_if_true codeBlock#17 
[Elysia/DEBUG] Performing: jump codeBlock#18 
[Elysia/DEBUG] Performing: load_local localVar#5 
[Elysia/DEBUG] Increasing refcount of int object
[Elysia/DEBUG] Address: 0x1599042c0
[Elysia/DEBUG] Performing: push_integer int(1) 
[Elysia/DEBUG] Performing: add 
[Elysia/DEBUG] Decreasing refcount of int object
[Elysia/DEBUG] Address: 0x1599042c0
[Elysia/DEBUG] Performing: store_local localVar#5 
[Elysia/DEBUG] Decreasing refcount of int object
[Elysia/DEBUG] Address: 0x1599042c0
[Elysia/DEBUG] Performing: jump codeBlock#16 
[Elysia/DEBUG] Performing: load_local localVar#6 
[Elysia/DEBUG] Performing: load_local localVar#1 
[Elysia/DEBUG] Performing: load_member index(1) 
[Elysia/DEBUG] Increasing refcount of unsigned object
[Elysia/DEBUG] Address: 0x159904230
[Elysia/DEBUG] Performing: basic_cast_int 
[Elysia/DEBUG] Decreasing refcount of unsigned object
[Elysia/DEBUG] Address: 0x159904230
[Elysia/DEBUG] Performing: equal 
[Elysia/DEBUG] Performing: jump_if_true codeBlock#19 
[Elysia/DEBUG] Performing: jump codeBlock#20 
[Elysia/DEBUG] Performing: jump codeBlock#12 
[Elysia/DEBUG] Performing: load_local localVar#5 
[Elysia/DEBUG] Increasing refcount of int object
[Elysia/DEBUG] Address: 0x1599042c0
[Elysia/DEBUG] Performing: load_local localVar#0 
[Elysia/DEBUG] Performing: load_member index(1) 
[Elysia/DEBUG] Increasing refcount of unsigned object
[Elysia/DEBUG] Address: 0x159904280
[Elysia/DEBUG] Performing: basic_cast_int 
[Elysia/DEBUG] Decreasing refcount of unsigned object
[Elysia/DEBUG] Address: 0x159904280
[Elysia/DEBUG] Performing: less_than 
[Elysia/DEBUG] Decreasing refcount of int object
[Elysia/DEBUG] Address: 0x1599042c0
[Elysia/DEBUG] Performing: jump_if_true codeBlock#13 
[Elysia/DEBUG] Performing: load_local localVar#0 
[Elysia/DEBUG] Performing: load_local localVar#5 
[Elysia/DEBUG] Increasing refcount of int object
[Elysia/DEBUG] Address: 0x1599042c0
[Elysia/DEBUG] Performing: invoke index(3782547968) index(37) index(2) 
[Elysia/DEBUG] Entering function 1_Str::operator[]#struct#1#0#int
[Elysia/DEBUG] Performing: load_local localVar#1 
[Elysia/DEBUG] Increasing refcount of int object
[Elysia/DEBUG] Address: 0x1599042c0
[Elysia/DEBUG] Performing: push_integer int(0) 
[Elysia/DEBUG] Performing: less_than 
[Elysia/DEBUG] Decreasing refcount of int object
[Elysia/DEBUG] Address: 0x1599042c0
[Elysia/DEBUG] Performing: jump_if_true codeBlock#1 
[Elysia/DEBUG] Performing: load_local localVar#1 
[Elysia/DEBUG] Increasing refcount of int object
[Elysia/DEBUG] Address: 0x1599042c0
[Elysia/DEBUG] Performing: load_local localVar#0 
[Elysia/DEBUG] Performing: load_member index(1) 
[Elysia/DEBUG] Increasing refcount of unsigned object
[Elysia/DEBUG] Address: 0x159904280
[Elysia/DEBUG] Performing: basic_cast_int 
[Elysia/DEBUG] Decreasing refcount of unsigned object
[Elysia/DEBUG] Address: 0x159904280
[Elysia/DEBUG] Performing: greater_equal 
[Elysia/DEBUG] Decreasing refcount of int object
[Elysia/DEBUG] Address: 0x1599042c0
[Elysia/DEBUG] Performing: jump_if_true codeBlock#1 
[Elysia/DEBUG] Performing: jump codeBlock#2 
[Elysia/DEBUG] Performing: push_boolean bool(false) 
[Elysia/DEBUG] Performing: jump codeBlock#3 
[Elysia/DEBUG] Performing: jump_if_true codeBlock#4 
[Elysia/DEBUG] Performing: jump codeBlock#5 
[Elysia/DEBUG] Performing: load_local localVar#0 
[Elysia/DEBUG] Performing: load_member index(0) 
[Elysia/DEBUG] Entering function array_char[]_gc_refcount_increase
[Elysia/DEBUG] Performing: load_local localVar#1 
[Elysia/DEBUG] Increasing refcount of int object
[Elysia/DEBUG] Address: 0x1599042c0
[Elysia/DEBUG] Performing: basic_cast_unsigned 
[Elysia/DEBUG] Decreasing refcount of int object
[Elysia/DEBUG] Address: 0x1599042c0
[Elysia/DEBUG] Performing: load_element 
[Elysia/DEBUG] Entering function array_char[]_gc_refcount_decrease
[Elysia/DEBUG] Performing: ret 
[Elysia/DEBUG] Decreasing refcount of int object
[Elysia/DEBUG] Address: 0x1599042c0
[Elysia/DEBUG] Performing: load_local localVar#1 
[Elysia/DEBUG] Performing: load_local localVar#6 
[Elysia/DEBUG] Performing: invoke index(3782547968) index(37) index(2) 
[Elysia/DEBUG] Entering function 1_Str::operator[]#struct#1#0#int
[Elysia/DEBUG] Performing: load_local localVar#1 
[Elysia/DEBUG] Increasing refcount of int object
[Elysia/DEBUG] Address: 0x1599042e0
[Elysia/DEBUG] Performing: push_integer int(0) 
[Elysia/DEBUG] Performing: less_than 
[Elysia/DEBUG] Decreasing refcount of int object
[Elysia/DEBUG] Address: 0x1599042e0
[Elysia/DEBUG] Performing: jump_if_true codeBlock#1 
[Elysia/DEBUG] Performing: load_local localVar#1 
[Elysia/DEBUG] Increasing refcount of int object
[Elysia/DEBUG] Address: 0x1599042e0
[Elysia/DEBUG] Performing: load_local localVar#0 
[Elysia/DEBUG] Performing: load_member index(1) 
[Elysia/DEBUG] Increasing refcount of unsigned object
[Elysia/DEBUG] Address: 0x159904230
[Elysia/DEBUG] Performing: basic_cast_int 
[Elysia/DEBUG] Decreasing refcount of unsigned object
[Elysia/DEBUG] Address: 0x159904230
[Elysia/DEBUG] Performing: greater_equal 
[Elysia/DEBUG] Decreasing refcount of int object
[Elysia/DEBUG] Address: 0x1599042e0
[Elysia/DEBUG] Performing: jump_if_true codeBlock#1 
[Elysia/DEBUG] Performing: jump codeBlock#2 
[Elysia/DEBUG] Performing: push_boolean bool(false) 
[Elysia/DEBUG] Performing: jump codeBlock#3 
[Elysia/DEBUG] Performing: jump_if_true codeBlock#4 
[Elysia/DEBUG] Performing: jump codeBlock#5 
[Elysia/DEBUG] Performing: load_local localVar#0 
[Elysia/DEBUG] Performing: load_member index(0) 
[Elysia/DEBUG] Entering function array_char[]_gc_refcount_increase
[Elysia/DEBUG] Performing: load_local localVar#1 
[Elysia/DEBUG] Increasing refcount of int object
[Elysia/DEBUG] Address: 0x1599042e0
[Elysia/DEBUG] Performing: basic_cast_unsigned 
[Elysia/DEBUG] Decreasing refcount of int object
[Elysia/DEBUG] Address: 0x1599042e0
[Elysia/DEBUG] Performing: load_element 
[Elysia/DEBUG] Entering function array_char[]_gc_refcount_decrease
[Elysia/DEBUG] Performing: ret 
[Elysia/DEBUG] Decreasing refcount of int object
[Elysia/DEBUG] Address: 0x1599042e0
[Elysia/DEBUG] Performing: equal 
[Elysia/DEBUG] Decreasing refcount of char object
[Elysia/DEBUG] Address: 0x1599042a0
[Elysia/DEBUG] Decreasing refcount of char object
[Elysia/DEBUG] Address: 0x1599042e0
[Elysia/DEBUG] Performing: jump_if_true codeBlock#15 
[Elysia/DEBUG] Performing: load_local localVar#6 
[Elysia/DEBUG] Performing: push_integer int(0) 
[Elysia/DEBUG] Performing: greater_than 
[Elysia/DEBUG] Performing: jump_if_true codeBlock#17 
[Elysia/DEBUG] Performing: jump codeBlock#18 
[Elysia/DEBUG] Performing: load_local localVar#5 
[Elysia/DEBUG] Increasing refcount of int object
[Elysia/DEBUG] Address: 0x1599042c0
[Elysia/DEBUG] Performing: push_integer int(1) 
[Elysia/DEBUG] Performing: add 
[Elysia/DEBUG] Decreasing refcount of int object
[Elysia/DEBUG] Address: 0x1599042c0
[Elysia/DEBUG] Performing: store_local localVar#5 
[Elysia/DEBUG] Decreasing refcount of int object
[Elysia/DEBUG] Address: 0x1599042c0
[Elysia/DEBUG] Performing: jump codeBlock#16 
[Elysia/DEBUG] Performing: load_local localVar#6 
[Elysia/DEBUG] Performing: load_local localVar#1 
[Elysia/DEBUG] Performing: load_member index(1) 
[Elysia/DEBUG] Increasing refcount of unsigned object
[Elysia/DEBUG] Address: 0x159904230
[Elysia/DEBUG] Performing: basic_cast_int 
[Elysia/DEBUG] Decreasing refcount of unsigned object
[Elysia/DEBUG] Address: 0x159904230
[Elysia/DEBUG] Performing: equal 
[Elysia/DEBUG] Performing: jump_if_true codeBlock#19 
[Elysia/DEBUG] Performing: jump codeBlock#20 
[Elysia/DEBUG] Performing: jump codeBlock#12 
[Elysia/DEBUG] Performing: load_local localVar#5 
[Elysia/DEBUG] Increasing refcount of int object
[Elysia/DEBUG] Address: 0x1599042c0
[Elysia/DEBUG] Performing: load_local localVar#0 
[Elysia/DEBUG] Performing: load_member index(1) 
[Elysia/DEBUG] Increasing refcount of unsigned object
[Elysia/DEBUG] Address: 0x159904280
[Elysia/DEBUG] Performing: basic_cast_int 
[Elysia/DEBUG] Decreasing refcount of unsigned object
[Elysia/DEBUG] Address: 0x159904280
[Elysia/DEBUG] Performing: less_than 
[Elysia/DEBUG] Decreasing refcount of int object
[Elysia/DEBUG] Address: 0x1599042c0
[Elysia/DEBUG] Performing: jump_if_true codeBlock#13 
[Elysia/DEBUG] Performing: load_local localVar#0 
[Elysia/DEBUG] Performing: load_local localVar#5 
[Elysia/DEBUG] Increasing refcount of int object
[Elysia/DEBUG] Address: 0x1599042c0
[Elysia/DEBUG] Performing: invoke index(3782547968) index(37) index(2) 
[Elysia/DEBUG] Entering function 1_Str::operator[]#struct#1#0#int
[Elysia/DEBUG] Performing: load_local localVar#1 
[Elysia/DEBUG] Increasing refcount of int object
[Elysia/DEBUG] Address: 0x1599042c0
[Elysia/DEBUG] Performing: push_integer int(0) 
[Elysia/DEBUG] Performing: less_than 
[Elysia/DEBUG] Decreasing refcount of int object
[Elysia/DEBUG] Address: 0x1599042c0
[Elysia/DEBUG] Performing: jump_if_true codeBlock#1 
[Elysia/DEBUG] Performing: load_local localVar#1 
[Elysia/DEBUG] Increasing refcount of int object
[Elysia/DEBUG] Address: 0x1599042c0
[Elysia/DEBUG] Performing: load_local localVar#0 
[Elysia/DEBUG] Performing: load_member index(1) 
[Elysia/DEBUG] Increasing refcount of unsigned object
[Elysia/DEBUG] Address: 0x159904280
[Elysia/DEBUG] Performing: basic_cast_int 
[Elysia/DEBUG] Decreasing refcount of unsigned object
[Elysia/DEBUG] Address: 0x159904280
[Elysia/DEBUG] Performing: greater_equal 
[Elysia/DEBUG] Decreasing refcount of int object
[Elysia/DEBUG] Address: 0x1599042c0
[Elysia/DEBUG] Performing: jump_if_true codeBlock#1 
[Elysia/DEBUG] Performing: jump codeBlock#2 
[Elysia/DEBUG] Performing: push_boolean bool(false) 
[Elysia/DEBUG] Performing: jump codeBlock#3 
[Elysia/DEBUG] Performing: jump_if_true codeBlock#4 
[Elysia/DEBUG] Performing: jump codeBlock#5 
[Elysia/DEBUG] Performing: load_local localVar#0 
[Elysia/DEBUG] Performing: load_member index(0) 
[Elysia/DEBUG] Entering function array_char[]_gc_refcount_increase
[Elysia/DEBUG] Performing: load_local localVar#1 
[Elysia/DEBUG] Increasing refcount of int object
[Elysia/DEBUG] Address: 0x1599042c0
[Elysia/DEBUG] Performing: basic_cast_unsigned 
[Elysia/DEBUG] Decreasing refcount of int object
[Elysia/DEBUG] Address: 0x1599042c0
[Elysia/DEBUG] Performing: load_element 
[Elysia/DEBUG] Entering function array_char[]_gc_refcount_decrease
[Elysia/DEBUG] Performing: ret 
[Elysia/DEBUG] Decreasing refcount of int object
[Elysia/DEBUG] Address: 0x1599042c0
[Elysia/DEBUG] Performing: load_local localVar#1 
[Elysia/DEBUG] Performing: load_local localVar#6 
[Elysia/DEBUG] Performing: invoke index(3782547968) index(37) index(2) 
[Elysia/DEBUG] Entering function 1_Str::operator[]#struct#1#0#int
[Elysia/DEBUG] Performing: load_local localVar#1 
[Elysia/DEBUG] Increasing refcount of int object
[Elysia/DEBUG] Address: 0x1599042e0
[Elysia/DEBUG] Performing: push_integer int(0) 
[Elysia/DEBUG] Performing: less_than 
[Elysia/DEBUG] Decreasing refcount of int object
[Elysia/DEBUG] Address: 0x1599042e0
[Elysia/DEBUG] Performing: jump_if_true codeBlock#1 
[Elysia/DEBUG] Performing: load_local localVar#1 
[Elysia/DEBUG] Increasing refcount of int object
[Elysia/DEBUG] Address: 0x1599042e0
[Elysia/DEBUG] Performing: load_local localVar#0 
[Elysia/DEBUG] Performing: load_member index(1) 
[Elysia/DEBUG] Increasing refcount of unsigned object
[Elysia/DEBUG] Address: 0x159904230
[Elysia/DEBUG] Performing: basic_cast_int 
[Elysia/DEBUG] Decreasing refcount of unsigned object
[Elysia/DEBUG] Address: 0x159904230
[Elysia/DEBUG] Performing: greater_equal 
[Elysia/DEBUG] Decreasing refcount of int object
[Elysia/DEBUG] Address: 0x1599042e0
[Elysia/DEBUG] Performing: jump_if_true codeBlock#1 
[Elysia/DEBUG] Performing: jump codeBlock#2 
[Elysia/DEBUG] Performing: push_boolean bool(false) 
[Elysia/DEBUG] Performing: jump codeBlock#3 
[Elysia/DEBUG] Performing: jump_if_true codeBlock#4 
[Elysia/DEBUG] Performing: jump codeBlock#5 
[Elysia/DEBUG] Performing: load_local localVar#0 
[Elysia/DEBUG] Performing: load_member index(0) 
[Elysia/DEBUG] Entering function array_char[]_gc_refcount_increase
[Elysia/DEBUG] Performing: load_local localVar#1 
[Elysia/DEBUG] Increasing refcount of int object
[Elysia/DEBUG] Address: 0x1599042e0
[Elysia/DEBUG] Performing: basic_cast_unsigned 
[Elysia/DEBUG] Decreasing refcount of int object
[Elysia/DEBUG] Address: 0x1599042e0
[Elysia/DEBUG] Performing: load_element 
[Elysia/DEBUG] Entering function array_char[]_gc_refcount_decrease
[Elysia/DEBUG] Performing: ret 
[Elysia/DEBUG] Decreasing refcount of int object
[Elysia/DEBUG] Address: 0x1599042e0
[Elysia/DEBUG] Performing: equal 
[Elysia/DEBUG] Decreasing refcount of char object
[Elysia/DEBUG] Address: 0x1599042a0
[Elysia/DEBUG] Decreasing refcount of char object
[Elysia/DEBUG] Address: 0x1599042e0
[Elysia/DEBUG] Performing: jump_if_true codeBlock#15 
[Elysia/DEBUG] Performing: load_local localVar#6 
[Elysia/DEBUG] Performing: push_integer int(0) 
[Elysia/DEBUG] Performing: greater_than 
[Elysia/DEBUG] Performing: jump_if_true codeBlock#17 
[Elysia/DEBUG] Performing: jump codeBlock#18 
[Elysia/DEBUG] Performing: load_local localVar#5 
[Elysia/DEBUG] Increasing refcount of int object
[Elysia/DEBUG] Address: 0x1599042c0
[Elysia/DEBUG] Performing: push_integer int(1) 
[Elysia/DEBUG] Performing: add 
[Elysia/DEBUG] Decreasing refcount of int object
[Elysia/DEBUG] Address: 0x1599042c0
[Elysia/DEBUG] Performing: store_local localVar#5 
[Elysia/DEBUG] Decreasing refcount of int object
[Elysia/DEBUG] Address: 0x1599042c0
[Elysia/DEBUG] Performing: jump codeBlock#16 
[Elysia/DEBUG] Performing: load_local localVar#6 
[Elysia/DEBUG] Performing: load_local localVar#1 
[Elysia/DEBUG] Performing: load_member index(1) 
[Elysia/DEBUG] Increasing refcount of unsigned object
[Elysia/DEBUG] Address: 0x159904230
[Elysia/DEBUG] Performing: basic_cast_int 
[Elysia/DEBUG] Decreasing refcount of unsigned object
[Elysia/DEBUG] Address: 0x159904230
[Elysia/DEBUG] Performing: equal 
[Elysia/DEBUG] Performing: jump_if_true codeBlock#19 
[Elysia/DEBUG] Performing: jump codeBlock#20 
[Elysia/DEBUG] Performing: jump codeBlock#12 
[Elysia/DEBUG] Performing: load_local localVar#5 
[Elysia/DEBUG] Increasing refcount of int object
[Elysia/DEBUG] Address: 0x1599042c0
[Elysia/DEBUG] Performing: load_local localVar#0 
[Elysia/DEBUG] Performing: load_member index(1) 
[Elysia/DEBUG] Increasing refcount of unsigned object
[Elysia/DEBUG] Address: 0x159904280
[Elysia/DEBUG] Performing: basic_cast_int 
[Elysia/DEBUG] Decreasing refcount of unsigned object
[Elysia/DEBUG] Address: 0x159904280
[Elysia/DEBUG] Performing: less_than 
[Elysia/DEBUG] Decreasing refcount of int object
[Elysia/DEBUG] Address: 0x1599042c0
[Elysia/DEBUG] Performing: jump_if_true codeBlock#13 
[Elysia/DEBUG] Performing: load_local localVar#0 
[Elysia/DEBUG] Performing: load_local localVar#5 
[Elysia/DEBUG] Increasing refcount of int object
[Elysia/DEBUG] Address: 0x1599042c0
[Elysia/DEBUG] Performing: invoke index(3782547968) index(37) index(2) 
[Elysia/DEBUG] Entering function 1_Str::operator[]#struct#1#0#int
[Elysia/DEBUG] Performing: load_local localVar#1 
[Elysia/DEBUG] Increasing refcount of int object
[Elysia/DEBUG] Address: 0x1599042c0
[Elysia/DEBUG] Performing: push_integer int(0) 
[Elysia/DEBUG] Performing: less_than 
[Elysia/DEBUG] Decreasing refcount of int object
[Elysia/DEBUG] Address: 0x1599042c0
[Elysia/DEBUG] Performing: jump_if_true codeBlock#1 
[Elysia/DEBUG] Performing: load_local localVar#1 
[Elysia/DEBUG] Increasing refcount of int object
[Elysia/DEBUG] Address: 0x1599042c0
[Elysia/DEBUG] Performing: load_local localVar#0 
[Elysia/DEBUG] Performing: load_member index(1) 
[Elysia/DEBUG] Increasing refcount of unsigned object
[Elysia/DEBUG] Address: 0x159904280
[Elysia/DEBUG] Performing: basic_cast_int 
[Elysia/DEBUG] Decreasing refcount of unsigned object
[Elysia/DEBUG] Address: 0x159904280
[Elysia/DEBUG] Performing: greater_equal 
[Elysia/DEBUG] Decreasing refcount of int object
[Elysia/DEBUG] Address: 0x1599042c0
[Elysia/DEBUG] Performing: jump_if_true codeBlock#1 
[Elysia/DEBUG] Performing: jump codeBlock#2 
[Elysia/DEBUG] Performing: push_boolean bool(false) 
[Elysia/DEBUG] Performing: jump codeBlock#3 
[Elysia/DEBUG] Performing: jump_if_true codeBlock#4 
[Elysia/DEBUG] Performing: jump codeBlock#5 
[Elysia/DEBUG] Performing: load_local localVar#0 
[Elysia/DEBUG] Performing: load_member index(0) 
[Elysia/DEBUG] Entering function array_char[]_gc_refcount_increase
[Elysia/DEBUG] Performing: load_local localVar#1 
[Elysia/DEBUG] Increasing refcount of int object
[Elysia/DEBUG] Address: 0x1599042c0
[Elysia/DEBUG] Performing: basic_cast_unsigned 
[Elysia/DEBUG] Decreasing refcount of int object
[Elysia/DEBUG] Address: 0x1599042c0
[Elysia/DEBUG] Performing: load_element 
[Elysia/DEBUG] Entering function array_char[]_gc_refcount_decrease
[Elysia/DEBUG] Performing: ret 
[Elysia/DEBUG] Decreasing refcount of int object
[Elysia/DEBUG] Address: 0x1599042c0
[Elysia/DEBUG] Performing: load_local localVar#1 
[Elysia/DEBUG] Performing: load_local localVar#6 
[Elysia/DEBUG] Performing: invoke index(3782547968) index(37) index(2) 
[Elysia/DEBUG] Entering function 1_Str::operator[]#struct#1#0#int
[Elysia/DEBUG] Performing: load_local localVar#1 
[Elysia/DEBUG] Increasing refcount of int object
[Elysia/DEBUG] Address: 0x1599042e0
[Elysia/DEBUG] Performing: push_integer int(0) 
[Elysia/DEBUG] Performing: less_than 
[Elysia/DEBUG] Decreasing refcount of int object
[Elysia/DEBUG] Address: 0x1599042e0
[Elysia/DEBUG] Performing: jump_if_true codeBlock#1 
[Elysia/DEBUG] Performing: load_local localVar#1 
[Elysia/DEBUG] Increasing refcount of int object
[Elysia/DEBUG] Address: 0x1599042e0
[Elysia/DEBUG] Performing: load_local localVar#0 
[Elysia/DEBUG] Performing: load_member index(1) 
[Elysia/DEBUG] Increasing refcount of unsigned object
[Elysia/DEBUG] Address: 0x159904230
[Elysia/DEBUG] Performing: basic_cast_int 
[Elysia/DEBUG] Decreasing refcount of unsigned object
[Elysia/DEBUG] Address: 0x159904230
[Elysia/DEBUG] Performing: greater_equal 
[Elysia/DEBUG] Decreasing refcount of int object
[Elysia/DEBUG] Address: 0x1599042e0
[Elysia/DEBUG] Performing: jump_if_true codeBlock#1 
[Elysia/DEBUG] Performing: jump codeBlock#2 
[Elysia/DEBUG] Performing: push_boolean bool(false) 
[Elysia/DEBUG] Performing: jump codeBlock#3 
[Elysia/DEBUG] Performing: jump_if_true codeBlock#4 
[Elysia/DEBUG] Performing: jump codeBlock#5 
[Elysia/DEBUG] Performing: load_local localVar#0 
[Elysia/DEBUG] Performing: load_member index(0) 
[Elysia/DEBUG] Entering function array_char[]_gc_refcount_increase
[Elysia/DEBUG] Performing: load_local localVar#1 
[Elysia/DEBUG] Increasing refcount of int object
[Elysia/DEBUG] Address: 0x1599042e0
[Elysia/DEBUG] Performing: basic_cast_unsigned 
[Elysia/DEBUG] Decreasing refcount of int object
[Elysia/DEBUG] Address: 0x1599042e0
[Elysia/DEBUG] Performing: load_element 
[Elysia/DEBUG] Entering function array_char[]_gc_refcount_decrease
[Elysia/DEBUG] Performing: ret 
[Elysia/DEBUG] Decreasing refcount of int object
[Elysia/DEBUG] Address: 0x1599042e0
[Elysia/DEBUG] Performing: equal 
[Elysia/DEBUG] Decreasing refcount of char object
[Elysia/DEBUG] Address: 0x1599042a0
[Elysia/DEBUG] Decreasing refcount of char object
[Elysia/DEBUG] Address: 0x1599042e0
[Elysia/DEBUG] Performing: jump_if_true codeBlock#15 
[Elysia/DEBUG] Performing: load_local localVar#6 
[Elysia/DEBUG] Performing: push_integer int(0) 
[Elysia/DEBUG] Performing: greater_than 
[Elysia/DEBUG] Performing: jump_if_true codeBlock#17 
[Elysia/DEBUG] Performing: jump codeBlock#18 
[Elysia/DEBUG] Performing: load_local localVar#5 
[Elysia/DEBUG] Increasing refcount of int object
[Elysia/DEBUG] Address: 0x1599042c0
[Elysia/DEBUG] Performing: push_integer int(1) 
[Elysia/DEBUG] Performing: add 
[Elysia/DEBUG] Decreasing refcount of int object
[Elysia/DEBUG] Address: 0x1599042c0
[Elysia/DEBUG] Performing: store_local localVar#5 
[Elysia/DEBUG] Decreasing refcount of int object
[Elysia/DEBUG] Address: 0x1599042c0
[Elysia/DEBUG] Performing: jump codeBlock#16 
[Elysia/DEBUG] Performing: load_local localVar#6 
[Elysia/DEBUG] Performing: load_local localVar#1 
[Elysia/DEBUG] Performing: load_member index(1) 
[Elysia/DEBUG] Increasing refcount of unsigned object
[Elysia/DEBUG] Address: 0x159904230
[Elysia/DEBUG] Performing: basic_cast_int 
[Elysia/DEBUG] Decreasing refcount of unsigned object
[Elysia/DEBUG] Address: 0x159904230
[Elysia/DEBUG] Performing: equal 
[Elysia/DEBUG] Performing: jump_if_true codeBlock#19 
[Elysia/DEBUG] Performing: jump codeBlock#20 
[Elysia/DEBUG] Performing: jump codeBlock#12 
[Elysia/DEBUG] Performing: load_local localVar#5 
[Elysia/DEBUG] Increasing refcount of int object
[Elysia/DEBUG] Address: 0x1599042c0
[Elysia/DEBUG] Performing: load_local localVar#0 
[Elysia/DEBUG] Performing: load_member index(1) 
[Elysia/DEBUG] Increasing refcount of unsigned object
[Elysia/DEBUG] Address: 0x159904280
[Elysia/DEBUG] Performing: basic_cast_int 
[Elysia/DEBUG] Decreasing refcount of unsigned object
[Elysia/DEBUG] Address: 0x159904280
[Elysia/DEBUG] Performing: less_than 
[Elysia/DEBUG] Decreasing refcount of int object
[Elysia/DEBUG] Address: 0x1599042c0
[Elysia/DEBUG] Performing: jump_if_true codeBlock#13 
[Elysia/DEBUG] Performing: load_local localVar#0 
[Elysia/DEBUG] Performing: load_local localVar#5 
[Elysia/DEBUG] Increasing refcount of int object
[Elysia/DEBUG] Address: 0x1599042c0
[Elysia/DEBUG] Performing: invoke index(3782547968) index(37) index(2) 
[Elysia/DEBUG] Entering function 1_Str::operator[]#struct#1#0#int
[Elysia/DEBUG] Performing: load_local localVar#1 
[Elysia/DEBUG] Increasing refcount of int object
[Elysia/DEBUG] Address: 0x1599042c0
[Elysia/DEBUG] Performing: push_integer int(0) 
[Elysia/DEBUG] Performing: less_than 
[Elysia/DEBUG] Decreasing refcount of int object
[Elysia/DEBUG] Address: 0x1599042c0
[Elysia/DEBUG] Performing: jump_if_true codeBlock#1 
[Elysia/DEBUG] Performing: load_local localVar#1 
[Elysia/DEBUG] Increasing refcount of int object
[Elysia/DEBUG] Address: 0x1599042c0
[Elysia/DEBUG] Performing: load_local localVar#0 
[Elysia/DEBUG] Performing: load_member index(1) 
[Elysia/DEBUG] Increasing refcount of unsigned object
[Elysia/DEBUG] Address: 0x159904280
[Elysia/DEBUG] Performing: basic_cast_int 
[Elysia/DEBUG] Decreasing refcount of unsigned object
[Elysia/DEBUG] Address: 0x159904280
[Elysia/DEBUG] Performing: greater_equal 
[Elysia/DEBUG] Decreasing refcount of int object
[Elysia/DEBUG] Address: 0x1599042c0
[Elysia/DEBUG] Performing: jump_if_true codeBlock#1 
[Elysia/DEBUG] Performing: jump codeBlock#2 
[Elysia/DEBUG] Performing: push_boolean bool(false) 
[Elysia/DEBUG] Performing: jump codeBlock#3 
[Elysia/DEBUG] Performing: jump_if_true codeBlock#4 
[Elysia/DEBUG] Performing: jump codeBlock#5 
[Elysia/DEBUG] Performing: load_local localVar#0 
[Elysia/DEBUG] Performing: load_member index(0) 
[Elysia/DEBUG] Entering function array_char[]_gc_refcount_increase
[Elysia/DEBUG] Performing: load_local localVar#1 
[Elysia/DEBUG] Increasing refcount of int object
[Elysia/DEBUG] Address: 0x1599042c0
[Elysia/DEBUG] Performing: basic_cast_unsigned 
[Elysia/DEBUG] Decreasing refcount of int object
[Elysia/DEBUG] Address: 0x1599042c0
[Elysia/DEBUG] Performing: load_element 
[Elysia/DEBUG] Entering function array_char[]_gc_refcount_decrease
[Elysia/DEBUG] Performing: ret 
[Elysia/DEBUG] Decreasing refcount of int object
[Elysia/DEBUG] Address: 0x1599042c0
[Elysia/DEBUG] Performing: load_local localVar#1 
[Elysia/DEBUG] Performing: load_local localVar#6 
[Elysia/DEBUG] Performing: invoke index(3782547968) index(37) index(2) 
[Elysia/DEBUG] Entering function 1_Str::operator[]#struct#1#0#int
[Elysia/DEBUG] Performing: load_local localVar#1 
[Elysia/DEBUG] Increasing refcount of int object
[Elysia/DEBUG] Address: 0x1599042e0
[Elysia/DEBUG] Performing: push_integer int(0) 
[Elysia/DEBUG] Performing: less_than 
[Elysia/DEBUG] Decreasing refcount of int object
[Elysia/DEBUG] Address: 0x1599042e0
[Elysia/DEBUG] Performing: jump_if_true codeBlock#1 
[Elysia/DEBUG] Performing: load_local localVar#1 
[Elysia/DEBUG] Increasing refcount of int object
[Elysia/DEBUG] Address: 0x1599042e0
[Elysia/DEBUG] Performing: load_local localVar#0 
[Elysia/DEBUG] Performing: load_member index(1) 
[Elysia/DEBUG] Increasing refcount of unsigned object
[Elysia/DEBUG] Address: 0x159904230
[Elysia/DEBUG] Performing: basic_cast_int 
[Elysia/DEBUG] Decreasing refcount of unsigned object
[Elysia/DEBUG] Address: 0x159904230
[Elysia/DEBUG] Performing: greater_equal 
[Elysia/DEBUG] Decreasing refcount of int object
[Elysia/DEBUG] Address: 0x1599042e0
[Elysia/DEBUG] Performing: jump_if_true codeBlock#1 
[Elysia/DEBUG] Performing: jump codeBlock#2 
[Elysia/DEBUG] Performing: push_boolean bool(false) 
[Elysia/DEBUG] Performing: jump codeBlock#3 
[Elysia/DEBUG] Performing: jump_if_true codeBlock#4 
[Elysia/DEBUG] Performing: jump codeBlock#5 
[Elysia/DEBUG] Performing: load_local localVar#0 
[Elysia/DEBUG] Performing: load_member index(0) 
[Elysia/DEBUG] Entering function array_char[]_gc_refcount_increase
[Elysia/DEBUG] Performing: load_local localVar#1 
[Elysia/DEBUG] Increasing refcount of int object
[Elysia/DEBUG] Address: 0x1599042e0
[Elysia/DEBUG] Performing: basic_cast_unsigned 
[Elysia/DEBUG] Decreasing refcount of int object
[Elysia/DEBUG] Address: 0x1599042e0
[Elysia/DEBUG] Performing: load_element 
[Elysia/DEBUG] Entering function array_char[]_gc_refcount_decrease
[Elysia/DEBUG] Performing: ret 
[Elysia/DEBUG] Decreasing refcount of int object
[Elysia/DEBUG] Address: 0x1599042e0
[Elysia/DEBUG] Performing: equal 
[Elysia/DEBUG] Decreasing refcount of char object
[Elysia/DEBUG] Address: 0x1599042a0
[Elysia/DEBUG] Decreasing refcount of char object
[Elysia/DEBUG] Address: 0x1599042e0
[Elysia/DEBUG] Performing: jump_if_true codeBlock#15 
[Elysia/DEBUG] Performing: load_local localVar#6 
[Elysia/DEBUG] Performing: push_integer int(0) 
[Elysia/DEBUG] Performing: greater_than 
[Elysia/DEBUG] Performing: jump_if_true codeBlock#17 
[Elysia/DEBUG] Performing: jump codeBlock#18 
[Elysia/DEBUG] Performing: load_local localVar#5 
[Elysia/DEBUG] Increasing refcount of int object
[Elysia/DEBUG] Address: 0x1599042c0
[Elysia/DEBUG] Performing: push_integer int(1) 
[Elysia/DEBUG] Performing: add 
[Elysia/DEBUG] Decreasing refcount of int object
[Elysia/DEBUG] Address: 0x1599042c0
[Elysia/DEBUG] Performing: store_local localVar#5 
[Elysia/DEBUG] Decreasing refcount of int object
[Elysia/DEBUG] Address: 0x1599042c0
[Elysia/DEBUG] Performing: jump codeBlock#16 
[Elysia/DEBUG] Performing: load_local localVar#6 
[Elysia/DEBUG] Performing: load_local localVar#1 
[Elysia/DEBUG] Performing: load_member index(1) 
[Elysia/DEBUG] Increasing refcount of unsigned object
[Elysia/DEBUG] Address: 0x159904230
[Elysia/DEBUG] Performing: basic_cast_int 
[Elysia/DEBUG] Decreasing refcount of unsigned object
[Elysia/DEBUG] Address: 0x159904230
[Elysia/DEBUG] Performing: equal 
[Elysia/DEBUG] Performing: jump_if_true codeBlock#19 
[Elysia/DEBUG] Performing: jump codeBlock#20 
[Elysia/DEBUG] Performing: jump codeBlock#12 
[Elysia/DEBUG] Performing: load_local localVar#5 
[Elysia/DEBUG] Increasing refcount of int object
[Elysia/DEBUG] Address: 0x1599042c0
[Elysia/DEBUG] Performing: load_local localVar#0 
[Elysia/DEBUG] Performing: load_member index(1) 
[Elysia/DEBUG] Increasing refcount of unsigned object
[Elysia/DEBUG] Address: 0x159904280
[Elysia/DEBUG] Performing: basic_cast_int 
[Elysia/DEBUG] Decreasing refcount of unsigned object
[Elysia/DEBUG] Address: 0x159904280
[Elysia/DEBUG] Performing: less_than 
[Elysia/DEBUG] Decreasing refcount of int object
[Elysia/DEBUG] Address: 0x1599042c0
[Elysia/DEBUG] Performing: jump_if_true codeBlock#13 
[Elysia/DEBUG] Performing: load_local localVar#0 
[Elysia/DEBUG] Performing: load_local localVar#5 
[Elysia/DEBUG] Increasing refcount of int object
[Elysia/DEBUG] Address: 0x1599042c0
[Elysia/DEBUG] Performing: invoke index(3782547968) index(37) index(2) 
[Elysia/DEBUG] Entering function 1_Str::operator[]#struct#1#0#int
[Elysia/DEBUG] Performing: load_local localVar#1 
[Elysia/DEBUG] Increasing refcount of int object
[Elysia/DEBUG] Address: 0x1599042c0
[Elysia/DEBUG] Performing: push_integer int(0) 
[Elysia/DEBUG] Performing: less_than 
[Elysia/DEBUG] Decreasing refcount of int object
[Elysia/DEBUG] Address: 0x1599042c0
[Elysia/DEBUG] Performing: jump_if_true codeBlock#1 
[Elysia/DEBUG] Performing: load_local localVar#1 
[Elysia/DEBUG] Increasing refcount of int object
[Elysia/DEBUG] Address: 0x1599042c0
[Elysia/DEBUG] Performing: load_local localVar#0 
[Elysia/DEBUG] Performing: load_member index(1) 
[Elysia/DEBUG] Increasing refcount of unsigned object
[Elysia/DEBUG] Address: 0x159904280
[Elysia/DEBUG] Performing: basic_cast_int 
[Elysia/DEBUG] Decreasing refcount of unsigned object
[Elysia/DEBUG] Address: 0x159904280
[Elysia/DEBUG] Performing: greater_equal 
[Elysia/DEBUG] Decreasing refcount of int object
[Elysia/DEBUG] Address: 0x1599042c0
[Elysia/DEBUG] Performing: jump_if_true codeBlock#1 
[Elysia/DEBUG] Performing: jump codeBlock#2 
[Elysia/DEBUG] Performing: push_boolean bool(false) 
[Elysia/DEBUG] Performing: jump codeBlock#3 
[Elysia/DEBUG] Performing: jump_if_true codeBlock#4 
[Elysia/DEBUG] Performing: jump codeBlock#5 
[Elysia/DEBUG] Performing: load_local localVar#0 
[Elysia/DEBUG] Performing: load_member index(0) 
[Elysia/DEBUG] Entering function array_char[]_gc_refcount_increase
[Elysia/DEBUG] Performing: load_local localVar#1 
[Elysia/DEBUG] Increasing refcount of int object
[Elysia/DEBUG] Address: 0x1599042c0
[Elysia/DEBUG] Performing: basic_cast_unsigned 
[Elysia/DEBUG] Decreasing refcount of int object
[Elysia/DEBUG] Address: 0x1599042c0
[Elysia/DEBUG] Performing: load_element 
[Elysia/DEBUG] Entering function array_char[]_gc_refcount_decrease
[Elysia/DEBUG] Performing: ret 
[Elysia/DEBUG] Decreasing refcount of int object
[Elysia/DEBUG] Address: 0x1599042c0
[Elysia/DEBUG] Performing: load_local localVar#1 
[Elysia/DEBUG] Performing: load_local localVar#6 
[Elysia/DEBUG] Performing: invoke index(3782547968) index(37) index(2) 
[Elysia/DEBUG] Entering function 1_Str::operator[]#struct#1#0#int
[Elysia/DEBUG] Performing: load_local localVar#1 
[Elysia/DEBUG] Increasing refcount of int object
[Elysia/DEBUG] Address: 0x1599042e0
[Elysia/DEBUG] Performing: push_integer int(0) 
[Elysia/DEBUG] Performing: less_than 
[Elysia/DEBUG] Decreasing refcount of int object
[Elysia/DEBUG] Address: 0x1599042e0
[Elysia/DEBUG] Performing: jump_if_true codeBlock#1 
[Elysia/DEBUG] Performing: load_local localVar#1 
[Elysia/DEBUG] Increasing refcount of int object
[Elysia/DEBUG] Address: 0x1599042e0
[Elysia/DEBUG] Performing: load_local localVar#0 
[Elysia/DEBUG] Performing: load_member index(1) 
[Elysia/DEBUG] Increasing refcount of unsigned object
[Elysia/DEBUG] Address: 0x159904230
[Elysia/DEBUG] Performing: basic_cast_int 
[Elysia/DEBUG] Decreasing refcount of unsigned object
[Elysia/DEBUG] Address: 0x159904230
[Elysia/DEBUG] Performing: greater_equal 
[Elysia/DEBUG] Decreasing refcount of int object
[Elysia/DEBUG] Address: 0x1599042e0
[Elysia/DEBUG] Performing: jump_if_true codeBlock#1 
[Elysia/DEBUG] Performing: jump codeBlock#2 
[Elysia/DEBUG] Performing: push_boolean bool(false) 
[Elysia/DEBUG] Performing: jump codeBlock#3 
[Elysia/DEBUG] Performing: jump_if_true codeBlock#4 
[Elysia/DEBUG] Performing: jump codeBlock#5 
[Elysia/DEBUG] Performing: load_local localVar#0 
[Elysia/DEBUG] Performing: load_member index(0) 
[Elysia/DEBUG] Entering function array_char[]_gc_refcount_increase
[Elysia/DEBUG] Performing: load_local localVar#1 
[Elysia/DEBUG] Increasing refcount of int object
[Elysia/DEBUG] Address: 0x1599042e0
[Elysia/DEBUG] Performing: basic_cast_unsigned 
[Elysia/DEBUG] Decreasing refcount of int object
[Elysia/DEBUG] Address: 0x1599042e0
[Elysia/DEBUG] Performing: load_element 
[Elysia/DEBUG] Entering function array_char[]_gc_refcount_decrease
[Elysia/DEBUG] Performing: ret 
[Elysia/DEBUG] Decreasing refcount of int object
[Elysia/DEBUG] Address: 0x1599042e0
[Elysia/DEBUG] Performing: equal 
[Elysia/DEBUG] Decreasing refcount of char object
[Elysia/DEBUG] Address: 0x1599042a0
[Elysia/DEBUG] Decreasing refcount of char object
[Elysia/DEBUG] Address: 0x1599042e0
[Elysia/DEBUG] Performing: jump_if_true codeBlock#15 
[Elysia/DEBUG] Performing: load_local localVar#6 
[Elysia/DEBUG] Performing: push_integer int(0) 
[Elysia/DEBUG] Performing: greater_than 
[Elysia/DEBUG] Performing: jump_if_true codeBlock#17 
[Elysia/DEBUG] Performing: jump codeBlock#18 
[Elysia/DEBUG] Performing: load_local localVar#5 
[Elysia/DEBUG] Increasing refcount of int object
[Elysia/DEBUG] Address: 0x1599042c0
[Elysia/DEBUG] Performing: push_integer int(1) 
[Elysia/DEBUG] Performing: add 
[Elysia/DEBUG] Decreasing refcount of int object
[Elysia/DEBUG] Address: 0x1599042c0
[Elysia/DEBUG] Performing: store_local localVar#5 
[Elysia/DEBUG] Decreasing refcount of int object
[Elysia/DEBUG] Address: 0x1599042c0
[Elysia/DEBUG] Performing: jump codeBlock#16 
[Elysia/DEBUG] Performing: load_local localVar#6 
[Elysia/DEBUG] Performing: load_local localVar#1 
[Elysia/DEBUG] Performing: load_member index(1) 
[Elysia/DEBUG] Increasing refcount of unsigned object
[Elysia/DEBUG] Address: 0x159904230
[Elysia/DEBUG] Performing: basic_cast_int 
[Elysia/DEBUG] Decreasing refcount of unsigned object
[Elysia/DEBUG] Address: 0x159904230
[Elysia/DEBUG] Performing: equal 
[Elysia/DEBUG] Performing: jump_if_true codeBlock#19 
[Elysia/DEBUG] Performing: jump codeBlock#20 
[Elysia/DEBUG] Performing: jump codeBlock#12 
[Elysia/DEBUG] Performing: load_local localVar#5 
[Elysia/DEBUG] Increasing refcount of int object
[Elysia/DEBUG] Address: 0x1599042c0
[Elysia/DEBUG] Performing: load_local localVar#0 
[Elysia/DEBUG] Performing: load_member index(1) 
[Elysia/DEBUG] Increasing refcount of unsigned object
[Elysia/DEBUG] Address: 0x159904280
[Elysia/DEBUG] Performing: basic_cast_int 
[Elysia/DEBUG] Decreasing refcount of unsigned object
[Elysia/DEBUG] Address: 0x159904280
[Elysia/DEBUG] Performing: less_than 
[Elysia/DEBUG] Decreasing refcount of int object
[Elysia/DEBUG] Address: 0x1599042c0
[Elysia/DEBUG] Performing: jump_if_true codeBlock#13 
[Elysia/DEBUG] Performing: load_local localVar#0 
[Elysia/DEBUG] Performing: load_local localVar#5 
[Elysia/DEBUG] Increasing refcount of int object
[Elysia/DEBUG] Address: 0x1599042c0
[Elysia/DEBUG] Performing: invoke index(3782547968) index(37) index(2) 
[Elysia/DEBUG] Entering function 1_Str::operator[]#struct#1#0#int
[Elysia/DEBUG] Performing: load_local localVar#1 
[Elysia/DEBUG] Increasing refcount of int object
[Elysia/DEBUG] Address: 0x1599042c0
[Elysia/DEBUG] Performing: push_integer int(0) 
[Elysia/DEBUG] Performing: less_than 
[Elysia/DEBUG] Decreasing refcount of int object
[Elysia/DEBUG] Address: 0x1599042c0
[Elysia/DEBUG] Performing: jump_if_true codeBlock#1 
[Elysia/DEBUG] Performing: load_local localVar#1 
[Elysia/DEBUG] Increasing refcount of int object
[Elysia/DEBUG] Address: 0x1599042c0
[Elysia/DEBUG] Performing: load_local localVar#0 
[Elysia/DEBUG] Performing: load_member index(1) 
[Elysia/DEBUG] Increasing refcount of unsigned object
[Elysia/DEBUG] Address: 0x159904280
[Elysia/DEBUG] Performing: basic_cast_int 
[Elysia/DEBUG] Decreasing refcount of unsigned object
[Elysia/DEBUG] Address: 0x159904280
[Elysia/DEBUG] Performing: greater_equal 
[Elysia/DEBUG] Decreasing refcount of int object
[Elysia/DEBUG] Address: 0x1599042c0
[Elysia/DEBUG] Performing: jump_if_true codeBlock#1 
[Elysia/DEBUG] Performing: jump codeBlock#2 
[Elysia/DEBUG] Performing: push_boolean bool(false) 
[Elysia/DEBUG] Performing: jump codeBlock#3 
[Elysia/DEBUG] Performing: jump_if_true codeBlock#4 
[Elysia/DEBUG] Performing: jump codeBlock#5 
[Elysia/DEBUG] Performing: load_local localVar#0 
[Elysia/DEBUG] Performing: load_member index(0) 
[Elysia/DEBUG] Entering function array_char[]_gc_refcount_increase
[Elysia/DEBUG] Performing: load_local localVar#1 
[Elysia/DEBUG] Increasing refcount of int object
[Elysia/DEBUG] Address: 0x1599042c0
[Elysia/DEBUG] Performing: basic_cast_unsigned 
[Elysia/DEBUG] Decreasing refcount of int object
[Elysia/DEBUG] Address: 0x1599042c0
[Elysia/DEBUG] Performing: load_element 
[Elysia/DEBUG] Entering function array_char[]_gc_refcount_decrease
[Elysia/DEBUG] Performing: ret 
[Elysia/DEBUG] Decreasing refcount of int object
[Elysia/DEBUG] Address: 0x1599042c0
[Elysia/DEBUG] Performing: load_local localVar#1 
[Elysia/DEBUG] Performing: load_local localVar#6 
[Elysia/DEBUG] Performing: invoke index(3782547968) index(37) index(2) 
[Elysia/DEBUG] Entering function 1_Str::operator[]#struct#1#0#int
[Elysia/DEBUG] Performing: load_local localVar#1 
[Elysia/DEBUG] Increasing refcount of int object
[Elysia/DEBUG] Address: 0x1599042e0
[Elysia/DEBUG] Performing: push_integer int(0) 
[Elysia/DEBUG] Performing: less_than 
[Elysia/DEBUG] Decreasing refcount of int object
[Elysia/DEBUG] Address: 0x1599042e0
[Elysia/DEBUG] Performing: jump_if_true codeBlock#1 
[Elysia/DEBUG] Performing: load_local localVar#1 
[Elysia/DEBUG] Increasing refcount of int object
[Elysia/DEBUG] Address: 0x1599042e0
[Elysia/DEBUG] Performing: load_local localVar#0 
[Elysia/DEBUG] Performing: load_member index(1) 
[Elysia/DEBUG] Increasing refcount of unsigned object
[Elysia/DEBUG] Address: 0x159904230
[Elysia/DEBUG] Performing: basic_cast_int 
[Elysia/DEBUG] Decreasing refcount of unsigned object
[Elysia/DEBUG] Address: 0x159904230
[Elysia/DEBUG] Performing: greater_equal 
[Elysia/DEBUG] Decreasing refcount of int object
[Elysia/DEBUG] Address: 0x1599042e0
[Elysia/DEBUG] Performing: jump_if_true codeBlock#1 
[Elysia/DEBUG] Performing: jump codeBlock#2 
[Elysia/DEBUG] Performing: push_boolean bool(false) 
[Elysia/DEBUG] Performing: jump codeBlock#3 
[Elysia/DEBUG] Performing: jump_if_true codeBlock#4 
[Elysia/DEBUG] Performing: jump codeBlock#5 
[Elysia/DEBUG] Performing: load_local localVar#0 
[Elysia/DEBUG] Performing: load_member index(0) 
[Elysia/DEBUG] Entering function array_char[]_gc_refcount_increase
[Elysia/DEBUG] Performing: load_local localVar#1 
[Elysia/DEBUG] Increasing refcount of int object
[Elysia/DEBUG] Address: 0x1599042e0
[Elysia/DEBUG] Performing: basic_cast_unsigned 
[Elysia/DEBUG] Decreasing refcount of int object
[Elysia/DEBUG] Address: 0x1599042e0
[Elysia/DEBUG] Performing: load_element 
[Elysia/DEBUG] Entering function array_char[]_gc_refcount_decrease
[Elysia/DEBUG] Performing: ret 
[Elysia/DEBUG] Decreasing refcount of int object
[Elysia/DEBUG] Address: 0x1599042e0
[Elysia/DEBUG] Performing: equal 
[Elysia/DEBUG] Decreasing refcount of char object
[Elysia/DEBUG] Address: 0x1599042a0
[Elysia/DEBUG] Decreasing refcount of char object
[Elysia/DEBUG] Address: 0x1599042e0
[Elysia/DEBUG] Performing: jump_if_true codeBlock#15 
[Elysia/DEBUG] Performing: load_local localVar#6 
[Elysia/DEBUG] Performing: push_integer int(0) 
[Elysia/DEBUG] Performing: greater_than 
[Elysia/DEBUG] Performing: jump_if_true codeBlock#17 
[Elysia/DEBUG] Performing: jump codeBlock#18 
[Elysia/DEBUG] Performing: load_local localVar#5 
[Elysia/DEBUG] Increasing refcount of int object
[Elysia/DEBUG] Address: 0x1599042c0
[Elysia/DEBUG] Performing: push_integer int(1) 
[Elysia/DEBUG] Performing: add 
[Elysia/DEBUG] Decreasing refcount of int object
[Elysia/DEBUG] Address: 0x1599042c0
[Elysia/DEBUG] Performing: store_local localVar#5 
[Elysia/DEBUG] Decreasing refcount of int object
[Elysia/DEBUG] Address: 0x1599042c0
[Elysia/DEBUG] Performing: jump codeBlock#16 
[Elysia/DEBUG] Performing: load_local localVar#6 
[Elysia/DEBUG] Performing: load_local localVar#1 
[Elysia/DEBUG] Performing: load_member index(1) 
[Elysia/DEBUG] Increasing refcount of unsigned object
[Elysia/DEBUG] Address: 0x159904230
[Elysia/DEBUG] Performing: basic_cast_int 
[Elysia/DEBUG] Decreasing refcount of unsigned object
[Elysia/DEBUG] Address: 0x159904230
[Elysia/DEBUG] Performing: equal 
[Elysia/DEBUG] Performing: jump_if_true codeBlock#19 
[Elysia/DEBUG] Performing: jump codeBlock#20 
[Elysia/DEBUG] Performing: jump codeBlock#12 
[Elysia/DEBUG] Performing: load_local localVar#5 
[Elysia/DEBUG] Increasing refcount of int object
[Elysia/DEBUG] Address: 0x1599042c0
[Elysia/DEBUG] Performing: load_local localVar#0 
[Elysia/DEBUG] Performing: load_member index(1) 
[Elysia/DEBUG] Increasing refcount of unsigned object
[Elysia/DEBUG] Address: 0x159904280
[Elysia/DEBUG] Performing: basic_cast_int 
[Elysia/DEBUG] Decreasing refcount of unsigned object
[Elysia/DEBUG] Address: 0x159904280
[Elysia/DEBUG] Performing: less_than 
[Elysia/DEBUG] Decreasing refcount of int object
[Elysia/DEBUG] Address: 0x1599042c0
[Elysia/DEBUG] Performing: jump_if_true codeBlock#13 
[Elysia/DEBUG] Performing: load_local localVar#0 
[Elysia/DEBUG] Performing: load_local localVar#5 
[Elysia/DEBUG] Increasing refcount of int object
[Elysia/DEBUG] Address: 0x1599042c0
[Elysia/DEBUG] Performing: invoke index(3782547968) index(37) index(2) 
[Elysia/DEBUG] Entering function 1_Str::operator[]#struct#1#0#int
[Elysia/DEBUG] Performing: load_local localVar#1 
[Elysia/DEBUG] Increasing refcount of int object
[Elysia/DEBUG] Address: 0x1599042c0
[Elysia/DEBUG] Performing: push_integer int(0) 
[Elysia/DEBUG] Performing: less_than 
[Elysia/DEBUG] Decreasing refcount of int object
[Elysia/DEBUG] Address: 0x1599042c0
[Elysia/DEBUG] Performing: jump_if_true codeBlock#1 
[Elysia/DEBUG] Performing: load_local localVar#1 
[Elysia/DEBUG] Increasing refcount of int object
[Elysia/DEBUG] Address: 0x1599042c0
[Elysia/DEBUG] Performing: load_local localVar#0 
[Elysia/DEBUG] Performing: load_member index(1) 
[Elysia/DEBUG] Increasing refcount of unsigned object
[Elysia/DEBUG] Address: 0x159904280
[Elysia/DEBUG] Performing: basic_cast_int 
[Elysia/DEBUG] Decreasing refcount of unsigned object
[Elysia/DEBUG] Address: 0x159904280
[Elysia/DEBUG] Performing: greater_equal 
[Elysia/DEBUG] Decreasing refcount of int object
[Elysia/DEBUG] Address: 0x1599042c0
[Elysia/DEBUG] Performing: jump_if_true codeBlock#1 
[Elysia/DEBUG] Performing: jump codeBlock#2 
[Elysia/DEBUG] Performing: push_boolean bool(false) 
[Elysia/DEBUG] Performing: jump codeBlock#3 
[Elysia/DEBUG] Performing: jump_if_true codeBlock#4 
[Elysia/DEBUG] Performing: jump codeBlock#5 
[Elysia/DEBUG] Performing: load_local localVar#0 
[Elysia/DEBUG] Performing: load_member index(0) 
[Elysia/DEBUG] Entering function array_char[]_gc_refcount_increase
[Elysia/DEBUG] Performing: load_local localVar#1 
[Elysia/DEBUG] Increasing refcount of int object
[Elysia/DEBUG] Address: 0x1599042c0
[Elysia/DEBUG] Performing: basic_cast_unsigned 
[Elysia/DEBUG] Decreasing refcount of int object
[Elysia/DEBUG] Address: 0x1599042c0
[Elysia/DEBUG] Performing: load_element 
[Elysia/DEBUG] Entering function array_char[]_gc_refcount_decrease
[Elysia/DEBUG] Performing: ret 
[Elysia/DEBUG] Decreasing refcount of int object
[Elysia/DEBUG] Address: 0x1599042c0
[Elysia/DEBUG] Performing: load_local localVar#1 
[Elysia/DEBUG] Performing: load_local localVar#6 
[Elysia/DEBUG] Performing: invoke index(3782547968) index(37) index(2) 
[Elysia/DEBUG] Entering function 1_Str::operator[]#struct#1#0#int
[Elysia/DEBUG] Performing: load_local localVar#1 
[Elysia/DEBUG] Increasing refcount of int object
[Elysia/DEBUG] Address: 0x1599042e0
[Elysia/DEBUG] Performing: push_integer int(0) 
[Elysia/DEBUG] Performing: less_than 
[Elysia/DEBUG] Decreasing refcount of int object
[Elysia/DEBUG] Address: 0x1599042e0
[Elysia/DEBUG] Performing: jump_if_true codeBlock#1 
[Elysia/DEBUG] Performing: load_local localVar#1 
[Elysia/DEBUG] Increasing refcount of int object
[Elysia/DEBUG] Address: 0x1599042e0
[Elysia/DEBUG] Performing: load_local localVar#0 
[Elysia/DEBUG] Performing: load_member index(1) 
[Elysia/DEBUG] Increasing refcount of unsigned object
[Elysia/DEBUG] Address: 0x159904230
[Elysia/DEBUG] Performing: basic_cast_int 
[Elysia/DEBUG] Decreasing refcount of unsigned object
[Elysia/DEBUG] Address: 0x159904230
[Elysia/DEBUG] Performing: greater_equal 
[Elysia/DEBUG] Decreasing refcount of int object
[Elysia/DEBUG] Address: 0x1599042e0
[Elysia/DEBUG] Performing: jump_if_true codeBlock#1 
[Elysia/DEBUG] Performing: jump codeBlock#2 
[Elysia/DEBUG] Performing: push_boolean bool(false) 
[Elysia/DEBUG] Performing: jump codeBlock#3 
[Elysia/DEBUG] Performing: jump_if_true codeBlock#4 
[Elysia/DEBUG] Performing: jump codeBlock#5 
[Elysia/DEBUG] Performing: load_local localVar#0 
[Elysia/DEBUG] Performing: load_member index(0) 
[Elysia/DEBUG] Entering function array_char[]_gc_refcount_increase
[Elysia/DEBUG] Performing: load_local localVar#1 
[Elysia/DEBUG] Increasing refcount of int object
[Elysia/DEBUG] Address: 0x1599042e0
[Elysia/DEBUG] Performing: basic_cast_unsigned 
[Elysia/DEBUG] Decreasing refcount of int object
[Elysia/DEBUG] Address: 0x1599042e0
[Elysia/DEBUG] Performing: load_element 
[Elysia/DEBUG] Entering function array_char[]_gc_refcount_decrease
[Elysia/DEBUG] Performing: ret 
[Elysia/DEBUG] Decreasing refcount of int object
[Elysia/DEBUG] Address: 0x1599042e0
[Elysia/DEBUG] Performing: equal 
[Elysia/DEBUG] Decreasing refcount of char object
[Elysia/DEBUG] Address: 0x1599042a0
[Elysia/DEBUG] Decreasing refcount of char object
[Elysia/DEBUG] Address: 0x1599042e0
[Elysia/DEBUG] Performing: jump_if_true codeBlock#15 
[Elysia/DEBUG] Performing: load_local localVar#6 
[Elysia/DEBUG] Performing: push_integer int(0) 
[Elysia/DEBUG] Performing: greater_than 
[Elysia/DEBUG] Performing: jump_if_true codeBlock#17 
[Elysia/DEBUG] Performing: jump codeBlock#18 
[Elysia/DEBUG] Performing: load_local localVar#5 
[Elysia/DEBUG] Increasing refcount of int object
[Elysia/DEBUG] Address: 0x1599042c0
[Elysia/DEBUG] Performing: push_integer int(1) 
[Elysia/DEBUG] Performing: add 
[Elysia/DEBUG] Decreasing refcount of int object
[Elysia/DEBUG] Address: 0x1599042c0
[Elysia/DEBUG] Performing: store_local localVar#5 
[Elysia/DEBUG] Decreasing refcount of int object
[Elysia/DEBUG] Address: 0x1599042c0
[Elysia/DEBUG] Performing: jump codeBlock#16 
[Elysia/DEBUG] Performing: load_local localVar#6 
[Elysia/DEBUG] Performing: load_local localVar#1 
[Elysia/DEBUG] Performing: load_member index(1) 
[Elysia/DEBUG] Increasing refcount of unsigned object
[Elysia/DEBUG] Address: 0x159904230
[Elysia/DEBUG] Performing: basic_cast_int 
[Elysia/DEBUG] Decreasing refcount of unsigned object
[Elysia/DEBUG] Address: 0x159904230
[Elysia/DEBUG] Performing: equal 
[Elysia/DEBUG] Performing: jump_if_true codeBlock#19 
[Elysia/DEBUG] Performing: jump codeBlock#20 
[Elysia/DEBUG] Performing: jump codeBlock#12 
[Elysia/DEBUG] Performing: load_local localVar#5 
[Elysia/DEBUG] Increasing refcount of int object
[Elysia/DEBUG] Address: 0x1599042c0
[Elysia/DEBUG] Performing: load_local localVar#0 
[Elysia/DEBUG] Performing: load_member index(1) 
[Elysia/DEBUG] Increasing refcount of unsigned object
[Elysia/DEBUG] Address: 0x159904280
[Elysia/DEBUG] Performing: basic_cast_int 
[Elysia/DEBUG] Decreasing refcount of unsigned object
[Elysia/DEBUG] Address: 0x159904280
[Elysia/DEBUG] Performing: less_than 
[Elysia/DEBUG] Decreasing refcount of int object
[Elysia/DEBUG] Address: 0x1599042c0
[Elysia/DEBUG] Performing: jump_if_true codeBlock#13 
[Elysia/DEBUG] Performing: load_local localVar#0 
[Elysia/DEBUG] Performing: load_local localVar#5 
[Elysia/DEBUG] Increasing refcount of int object
[Elysia/DEBUG] Address: 0x1599042c0
[Elysia/DEBUG] Performing: invoke index(3782547968) index(37) index(2) 
[Elysia/DEBUG] Entering function 1_Str::operator[]#struct#1#0#int
[Elysia/DEBUG] Performing: load_local localVar#1 
[Elysia/DEBUG] Increasing refcount of int object
[Elysia/DEBUG] Address: 0x1599042c0
[Elysia/DEBUG] Performing: push_integer int(0) 
[Elysia/DEBUG] Performing: less_than 
[Elysia/DEBUG] Decreasing refcount of int object
[Elysia/DEBUG] Address: 0x1599042c0
[Elysia/DEBUG] Performing: jump_if_true codeBlock#1 
[Elysia/DEBUG] Performing: load_local localVar#1 
[Elysia/DEBUG] Increasing refcount of int object
[Elysia/DEBUG] Address: 0x1599042c0
[Elysia/DEBUG] Performing: load_local localVar#0 
[Elysia/DEBUG] Performing: load_member index(1) 
[Elysia/DEBUG] Increasing refcount of unsigned object
[Elysia/DEBUG] Address: 0x159904280
[Elysia/DEBUG] Performing: basic_cast_int 
[Elysia/DEBUG] Decreasing refcount of unsigned object
[Elysia/DEBUG] Address: 0x159904280
[Elysia/DEBUG] Performing: greater_equal 
[Elysia/DEBUG] Decreasing refcount of int object
[Elysia/DEBUG] Address: 0x1599042c0
[Elysia/DEBUG] Performing: jump_if_true codeBlock#1 
[Elysia/DEBUG] Performing: jump codeBlock#2 
[Elysia/DEBUG] Performing: push_boolean bool(false) 
[Elysia/DEBUG] Performing: jump codeBlock#3 
[Elysia/DEBUG] Performing: jump_if_true codeBlock#4 
[Elysia/DEBUG] Performing: jump codeBlock#5 
[Elysia/DEBUG] Performing: load_local localVar#0 
[Elysia/DEBUG] Performing: load_member index(0) 
[Elysia/DEBUG] Entering function array_char[]_gc_refcount_increase
[Elysia/DEBUG] Performing: load_local localVar#1 
[Elysia/DEBUG] Increasing refcount of int object
[Elysia/DEBUG] Address: 0x1599042c0
[Elysia/DEBUG] Performing: basic_cast_unsigned 
[Elysia/DEBUG] Decreasing refcount of int object
[Elysia/DEBUG] Address: 0x1599042c0
[Elysia/DEBUG] Performing: load_element 
[Elysia/DEBUG] Entering function array_char[]_gc_refcount_decrease
[Elysia/DEBUG] Performing: ret 
[Elysia/DEBUG] Decreasing refcount of int object
[Elysia/DEBUG] Address: 0x1599042c0
[Elysia/DEBUG] Performing: load_local localVar#1 
[Elysia/DEBUG] Performing: load_local localVar#6 
[Elysia/DEBUG] Performing: invoke index(3782547968) index(37) index(2) 
[Elysia/DEBUG] Entering function 1_Str::operator[]#struct#1#0#int
[Elysia/DEBUG] Performing: load_local localVar#1 
[Elysia/DEBUG] Increasing refcount of int object
[Elysia/DEBUG] Address: 0x1599042e0
[Elysia/DEBUG] Performing: push_integer int(0) 
[Elysia/DEBUG] Performing: less_than 
[Elysia/DEBUG] Decreasing refcount of int object
[Elysia/DEBUG] Address: 0x1599042e0
[Elysia/DEBUG] Performing: jump_if_true codeBlock#1 
[Elysia/DEBUG] Performing: load_local localVar#1 
[Elysia/DEBUG] Increasing refcount of int object
[Elysia/DEBUG] Address: 0x1599042e0
[Elysia/DEBUG] Performing: load_local localVar#0 
[Elysia/DEBUG] Performing: load_member index(1) 
[Elysia/DEBUG] Increasing refcount of unsigned object
[Elysia/DEBUG] Address: 0x159904230
[Elysia/DEBUG] Performing: basic_cast_int 
[Elysia/DEBUG] Decreasing refcount of unsigned object
[Elysia/DEBUG] Address: 0x159904230
[Elysia/DEBUG] Performing: greater_equal 
[Elysia/DEBUG] Decreasing refcount of int object
[Elysia/DEBUG] Address: 0x1599042e0
[Elysia/DEBUG] Performing: jump_if_true codeBlock#1 
[Elysia/DEBUG] Performing: jump codeBlock#2 
[Elysia/DEBUG] Performing: push_boolean bool(false) 
[Elysia/DEBUG] Performing: jump codeBlock#3 
[Elysia/DEBUG] Performing: jump_if_true codeBlock#4 
[Elysia/DEBUG] Performing: jump codeBlock#5 
[Elysia/DEBUG] Performing: load_local localVar#0 
[Elysia/DEBUG] Performing: load_member index(0) 
[Elysia/DEBUG] Entering function array_char[]_gc_refcount_increase
[Elysia/DEBUG] Performing: load_local localVar#1 
[Elysia/DEBUG] Increasing refcount of int object
[Elysia/DEBUG] Address: 0x1599042e0
[Elysia/DEBUG] Performing: basic_cast_unsigned 
[Elysia/DEBUG] Decreasing refcount of int object
[Elysia/DEBUG] Address: 0x1599042e0
[Elysia/DEBUG] Performing: load_element 
[Elysia/DEBUG] Entering function array_char[]_gc_refcount_decrease
[Elysia/DEBUG] Performing: ret 
[Elysia/DEBUG] Decreasing refcount of int object
[Elysia/DEBUG] Address: 0x1599042e0
[Elysia/DEBUG] Performing: equal 
[Elysia/DEBUG] Decreasing refcount of char object
[Elysia/DEBUG] Address: 0x1599042a0
[Elysia/DEBUG] Decreasing refcount of char object
[Elysia/DEBUG] Address: 0x1599042e0
[Elysia/DEBUG] Performing: jump_if_true codeBlock#15 
[Elysia/DEBUG] Performing: load_local localVar#6 
[Elysia/DEBUG] Performing: push_integer int(0) 
[Elysia/DEBUG] Performing: greater_than 
[Elysia/DEBUG] Performing: jump_if_true codeBlock#17 
[Elysia/DEBUG] Performing: jump codeBlock#18 
[Elysia/DEBUG] Performing: load_local localVar#5 
[Elysia/DEBUG] Increasing refcount of int object
[Elysia/DEBUG] Address: 0x1599042c0
[Elysia/DEBUG] Performing: push_integer int(1) 
[Elysia/DEBUG] Performing: add 
[Elysia/DEBUG] Decreasing refcount of int object
[Elysia/DEBUG] Address: 0x1599042c0
[Elysia/DEBUG] Performing: store_local localVar#5 
[Elysia/DEBUG] Decreasing refcount of int object
[Elysia/DEBUG] Address: 0x1599042c0
[Elysia/DEBUG] Performing: jump codeBlock#16 
[Elysia/DEBUG] Performing: load_local localVar#6 
[Elysia/DEBUG] Performing: load_local localVar#1 
[Elysia/DEBUG] Performing: load_member index(1) 
[Elysia/DEBUG] Increasing refcount of unsigned object
[Elysia/DEBUG] Address: 0x159904230
[Elysia/DEBUG] Performing: basic_cast_int 
[Elysia/DEBUG] Decreasing refcount of unsigned object
[Elysia/DEBUG] Address: 0x159904230
[Elysia/DEBUG] Performing: equal 
[Elysia/DEBUG] Performing: jump_if_true codeBlock#19 
[Elysia/DEBUG] Performing: jump codeBlock#20 
[Elysia/DEBUG] Performing: jump codeBlock#12 
[Elysia/DEBUG] Performing: load_local localVar#5 
[Elysia/DEBUG] Increasing refcount of int object
[Elysia/DEBUG] Address: 0x1599042c0
[Elysia/DEBUG] Performing: load_local localVar#0 
[Elysia/DEBUG] Performing: load_member index(1) 
[Elysia/DEBUG] Increasing refcount of unsigned object
[Elysia/DEBUG] Address: 0x159904280
[Elysia/DEBUG] Performing: basic_cast_int 
[Elysia/DEBUG] Decreasing refcount of unsigned object
[Elysia/DEBUG] Address: 0x159904280
[Elysia/DEBUG] Performing: less_than 
[Elysia/DEBUG] Decreasing refcount of int object
[Elysia/DEBUG] Address: 0x1599042c0
[Elysia/DEBUG] Performing: jump_if_true codeBlock#13 
[Elysia/DEBUG] Performing: load_local localVar#0 
[Elysia/DEBUG] Performing: load_local localVar#5 
[Elysia/DEBUG] Increasing refcount of int object
[Elysia/DEBUG] Address: 0x1599042c0
[Elysia/DEBUG] Performing: invoke index(3782547968) index(37) index(2) 
[Elysia/DEBUG] Entering function 1_Str::operator[]#struct#1#0#int
[Elysia/DEBUG] Performing: load_local localVar#1 
[Elysia/DEBUG] Increasing refcount of int object
[Elysia/DEBUG] Address: 0x1599042c0
[Elysia/DEBUG] Performing: push_integer int(0) 
[Elysia/DEBUG] Performing: less_than 
[Elysia/DEBUG] Decreasing refcount of int object
[Elysia/DEBUG] Address: 0x1599042c0
[Elysia/DEBUG] Performing: jump_if_true codeBlock#1 
[Elysia/DEBUG] Performing: load_local localVar#1 
[Elysia/DEBUG] Increasing refcount of int object
[Elysia/DEBUG] Address: 0x1599042c0
[Elysia/DEBUG] Performing: load_local localVar#0 
[Elysia/DEBUG] Performing: load_member index(1) 
[Elysia/DEBUG] Increasing refcount of unsigned object
[Elysia/DEBUG] Address: 0x159904280
[Elysia/DEBUG] Performing: basic_cast_int 
[Elysia/DEBUG] Decreasing refcount of unsigned object
[Elysia/DEBUG] Address: 0x159904280
[Elysia/DEBUG] Performing: greater_equal 
[Elysia/DEBUG] Decreasing refcount of int object
[Elysia/DEBUG] Address: 0x1599042c0
[Elysia/DEBUG] Performing: jump_if_true codeBlock#1 
[Elysia/DEBUG] Performing: jump codeBlock#2 
[Elysia/DEBUG] Performing: push_boolean bool(false) 
[Elysia/DEBUG] Performing: jump codeBlock#3 
[Elysia/DEBUG] Performing: jump_if_true codeBlock#4 
[Elysia/DEBUG] Performing: jump codeBlock#5 
[Elysia/DEBUG] Performing: load_local localVar#0 
[Elysia/DEBUG] Performing: load_member index(0) 
[Elysia/DEBUG] Entering function array_char[]_gc_refcount_increase
[Elysia/DEBUG] Performing: load_local localVar#1 
[Elysia/DEBUG] Increasing refcount of int object
[Elysia/DEBUG] Address: 0x1599042c0
[Elysia/DEBUG] Performing: basic_cast_unsigned 
[Elysia/DEBUG] Decreasing refcount of int object
[Elysia/DEBUG] Address: 0x1599042c0
[Elysia/DEBUG] Performing: load_element 
[Elysia/DEBUG] Entering function array_char[]_gc_refcount_decrease
[Elysia/DEBUG] Performing: ret 
[Elysia/DEBUG] Decreasing refcount of int object
[Elysia/DEBUG] Address: 0x1599042c0
[Elysia/DEBUG] Performing: load_local localVar#1 
[Elysia/DEBUG] Performing: load_local localVar#6 
[Elysia/DEBUG] Performing: invoke index(3782547968) index(37) index(2) 
[Elysia/DEBUG] Entering function 1_Str::operator[]#struct#1#0#int
[Elysia/DEBUG] Performing: load_local localVar#1 
[Elysia/DEBUG] Increasing refcount of int object
[Elysia/DEBUG] Address: 0x1599042e0
[Elysia/DEBUG] Performing: push_integer int(0) 
[Elysia/DEBUG] Performing: less_than 
[Elysia/DEBUG] Decreasing refcount of int object
[Elysia/DEBUG] Address: 0x1599042e0
[Elysia/DEBUG] Performing: jump_if_true codeBlock#1 
[Elysia/DEBUG] Performing: load_local localVar#1 
[Elysia/DEBUG] Increasing refcount of int object
[Elysia/DEBUG] Address: 0x1599042e0
[Elysia/DEBUG] Performing: load_local localVar#0 
[Elysia/DEBUG] Performing: load_member index(1) 
[Elysia/DEBUG] Increasing refcount of unsigned object
[Elysia/DEBUG] Address: 0x159904230
[Elysia/DEBUG] Performing: basic_cast_int 
[Elysia/DEBUG] Decreasing refcount of unsigned object
[Elysia/DEBUG] Address: 0x159904230
[Elysia/DEBUG] Performing: greater_equal 
[Elysia/DEBUG] Decreasing refcount of int object
[Elysia/DEBUG] Address: 0x1599042e0
[Elysia/DEBUG] Performing: jump_if_true codeBlock#1 
[Elysia/DEBUG] Performing: jump codeBlock#2 
[Elysia/DEBUG] Performing: push_boolean bool(false) 
[Elysia/DEBUG] Performing: jump codeBlock#3 
[Elysia/DEBUG] Performing: jump_if_true codeBlock#4 
[Elysia/DEBUG] Performing: jump codeBlock#5 
[Elysia/DEBUG] Performing: load_local localVar#0 
[Elysia/DEBUG] Performing: load_member index(0) 
[Elysia/DEBUG] Entering function array_char[]_gc_refcount_increase
[Elysia/DEBUG] Performing: load_local localVar#1 
[Elysia/DEBUG] Increasing refcount of int object
[Elysia/DEBUG] Address: 0x1599042e0
[Elysia/DEBUG] Performing: basic_cast_unsigned 
[Elysia/DEBUG] Decreasing refcount of int object
[Elysia/DEBUG] Address: 0x1599042e0
[Elysia/DEBUG] Performing: load_element 
[Elysia/DEBUG] Entering function array_char[]_gc_refcount_decrease
[Elysia/DEBUG] Performing: ret 
[Elysia/DEBUG] Decreasing refcount of int object
[Elysia/DEBUG] Address: 0x1599042e0
[Elysia/DEBUG] Performing: equal 
[Elysia/DEBUG] Decreasing refcount of char object
[Elysia/DEBUG] Address: 0x1599042a0
[Elysia/DEBUG] Decreasing refcount of char object
[Elysia/DEBUG] Address: 0x1599042e0
[Elysia/DEBUG] Performing: jump_if_true codeBlock#15 
[Elysia/DEBUG] Performing: load_local localVar#6 
[Elysia/DEBUG] Performing: push_integer int(0) 
[Elysia/DEBUG] Performing: greater_than 
[Elysia/DEBUG] Performing: jump_if_true codeBlock#17 
[Elysia/DEBUG] Performing: jump codeBlock#18 
[Elysia/DEBUG] Performing: load_local localVar#5 
[Elysia/DEBUG] Increasing refcount of int object
[Elysia/DEBUG] Address: 0x1599042c0
[Elysia/DEBUG] Performing: push_integer int(1) 
[Elysia/DEBUG] Performing: add 
[Elysia/DEBUG] Decreasing refcount of int object
[Elysia/DEBUG] Address: 0x1599042c0
[Elysia/DEBUG] Performing: store_local localVar#5 
[Elysia/DEBUG] Decreasing refcount of int object
[Elysia/DEBUG] Address: 0x1599042c0
[Elysia/DEBUG] Performing: jump codeBlock#16 
[Elysia/DEBUG] Performing: load_local localVar#6 
[Elysia/DEBUG] Performing: load_local localVar#1 
[Elysia/DEBUG] Performing: load_member index(1) 
[Elysia/DEBUG] Increasing refcount of unsigned object
[Elysia/DEBUG] Address: 0x159904230
[Elysia/DEBUG] Performing: basic_cast_int 
[Elysia/DEBUG] Decreasing refcount of unsigned object
[Elysia/DEBUG] Address: 0x159904230
[Elysia/DEBUG] Performing: equal 
[Elysia/DEBUG] Performing: jump_if_true codeBlock#19 
[Elysia/DEBUG] Performing: jump codeBlock#20 
[Elysia/DEBUG] Performing: jump codeBlock#12 
[Elysia/DEBUG] Performing: load_local localVar#5 
[Elysia/DEBUG] Increasing refcount of int object
[Elysia/DEBUG] Address: 0x1599042c0
[Elysia/DEBUG] Performing: load_local localVar#0 
[Elysia/DEBUG] Performing: load_member index(1) 
[Elysia/DEBUG] Increasing refcount of unsigned object
[Elysia/DEBUG] Address: 0x159904280
[Elysia/DEBUG] Performing: basic_cast_int 
[Elysia/DEBUG] Decreasing refcount of unsigned object
[Elysia/DEBUG] Address: 0x159904280
[Elysia/DEBUG] Performing: less_than 
[Elysia/DEBUG] Decreasing refcount of int object
[Elysia/DEBUG] Address: 0x1599042c0
[Elysia/DEBUG] Performing: jump_if_true codeBlock#13 
[Elysia/DEBUG] Performing: load_local localVar#0 
[Elysia/DEBUG] Performing: load_local localVar#5 
[Elysia/DEBUG] Increasing refcount of int object
[Elysia/DEBUG] Address: 0x1599042c0
[Elysia/DEBUG] Performing: invoke index(3782547968) index(37) index(2) 
[Elysia/DEBUG] Entering function 1_Str::operator[]#struct#1#0#int
[Elysia/DEBUG] Performing: load_local localVar#1 
[Elysia/DEBUG] Increasing refcount of int object
[Elysia/DEBUG] Address: 0x1599042c0
[Elysia/DEBUG] Performing: push_integer int(0) 
[Elysia/DEBUG] Performing: less_than 
[Elysia/DEBUG] Decreasing refcount of int object
[Elysia/DEBUG] Address: 0x1599042c0
[Elysia/DEBUG] Performing: jump_if_true codeBlock#1 
[Elysia/DEBUG] Performing: load_local localVar#1 
[Elysia/DEBUG] Increasing refcount of int object
[Elysia/DEBUG] Address: 0x1599042c0
[Elysia/DEBUG] Performing: load_local localVar#0 
[Elysia/DEBUG] Performing: load_member index(1) 
[Elysia/DEBUG] Increasing refcount of unsigned object
[Elysia/DEBUG] Address: 0x159904280
[Elysia/DEBUG] Performing: basic_cast_int 
[Elysia/DEBUG] Decreasing refcount of unsigned object
[Elysia/DEBUG] Address: 0x159904280
[Elysia/DEBUG] Performing: greater_equal 
[Elysia/DEBUG] Decreasing refcount of int object
[Elysia/DEBUG] Address: 0x1599042c0
[Elysia/DEBUG] Performing: jump_if_true codeBlock#1 
[Elysia/DEBUG] Performing: jump codeBlock#2 
[Elysia/DEBUG] Performing: push_boolean bool(false) 
[Elysia/DEBUG] Performing: jump codeBlock#3 
[Elysia/DEBUG] Performing: jump_if_true codeBlock#4 
[Elysia/DEBUG] Performing: jump codeBlock#5 
[Elysia/DEBUG] Performing: load_local localVar#0 
[Elysia/DEBUG] Performing: load_member index(0) 
[Elysia/DEBUG] Entering function array_char[]_gc_refcount_increase
[Elysia/DEBUG] Performing: load_local localVar#1 
[Elysia/DEBUG] Increasing refcount of int object
[Elysia/DEBUG] Address: 0x1599042c0
[Elysia/DEBUG] Performing: basic_cast_unsigned 
[Elysia/DEBUG] Decreasing refcount of int object
[Elysia/DEBUG] Address: 0x1599042c0
[Elysia/DEBUG] Performing: load_element 
[Elysia/DEBUG] Entering function array_char[]_gc_refcount_decrease
[Elysia/DEBUG] Performing: ret 
[Elysia/DEBUG] Decreasing refcount of int object
[Elysia/DEBUG] Address: 0x1599042c0
[Elysia/DEBUG] Performing: load_local localVar#1 
[Elysia/DEBUG] Performing: load_local localVar#6 
[Elysia/DEBUG] Performing: invoke index(3782547968) index(37) index(2) 
[Elysia/DEBUG] Entering function 1_Str::operator[]#struct#1#0#int
[Elysia/DEBUG] Performing: load_local localVar#1 
[Elysia/DEBUG] Increasing refcount of int object
[Elysia/DEBUG] Address: 0x1599042e0
[Elysia/DEBUG] Performing: push_integer int(0) 
[Elysia/DEBUG] Performing: less_than 
[Elysia/DEBUG] Decreasing refcount of int object
[Elysia/DEBUG] Address: 0x1599042e0
[Elysia/DEBUG] Performing: jump_if_true codeBlock#1 
[Elysia/DEBUG] Performing: load_local localVar#1 
[Elysia/DEBUG] Increasing refcount of int object
[Elysia/DEBUG] Address: 0x1599042e0
[Elysia/DEBUG] Performing: load_local localVar#0 
[Elysia/DEBUG] Performing: load_member index(1) 
[Elysia/DEBUG] Increasing refcount of unsigned object
[Elysia/DEBUG] Address: 0x159904230
[Elysia/DEBUG] Performing: basic_cast_int 
[Elysia/DEBUG] Decreasing refcount of unsigned object
[Elysia/DEBUG] Address: 0x159904230
[Elysia/DEBUG] Performing: greater_equal 
[Elysia/DEBUG] Decreasing refcount of int object
[Elysia/DEBUG] Address: 0x1599042e0
[Elysia/DEBUG] Performing: jump_if_true codeBlock#1 
[Elysia/DEBUG] Performing: jump codeBlock#2 
[Elysia/DEBUG] Performing: push_boolean bool(false) 
[Elysia/DEBUG] Performing: jump codeBlock#3 
[Elysia/DEBUG] Performing: jump_if_true codeBlock#4 
[Elysia/DEBUG] Performing: jump codeBlock#5 
[Elysia/DEBUG] Performing: load_local localVar#0 
[Elysia/DEBUG] Performing: load_member index(0) 
[Elysia/DEBUG] Entering function array_char[]_gc_refcount_increase
[Elysia/DEBUG] Performing: load_local localVar#1 
[Elysia/DEBUG] Increasing refcount of int object
[Elysia/DEBUG] Address: 0x1599042e0
[Elysia/DEBUG] Performing: basic_cast_unsigned 
[Elysia/DEBUG] Decreasing refcount of int object
[Elysia/DEBUG] Address: 0x1599042e0
[Elysia/DEBUG] Performing: load_element 
[Elysia/DEBUG] Entering function array_char[]_gc_refcount_decrease
[Elysia/DEBUG] Performing: ret 
[Elysia/DEBUG] Decreasing refcount of int object
[Elysia/DEBUG] Address: 0x1599042e0
[Elysia/DEBUG] Performing: equal 
[Elysia/DEBUG] Decreasing refcount of char object
[Elysia/DEBUG] Address: 0x1599042a0
[Elysia/DEBUG] Decreasing refcount of char object
[Elysia/DEBUG] Address: 0x1599042e0
[Elysia/DEBUG] Performing: jump_if_true codeBlock#15 
[Elysia/DEBUG] Performing: load_local localVar#6 
[Elysia/DEBUG] Performing: push_integer int(0) 
[Elysia/DEBUG] Performing: greater_than 
[Elysia/DEBUG] Performing: jump_if_true codeBlock#17 
[Elysia/DEBUG] Performing: jump codeBlock#18 
[Elysia/DEBUG] Performing: load_local localVar#5 
[Elysia/DEBUG] Increasing refcount of int object
[Elysia/DEBUG] Address: 0x1599042c0
[Elysia/DEBUG] Performing: push_integer int(1) 
[Elysia/DEBUG] Performing: add 
[Elysia/DEBUG] Decreasing refcount of int object
[Elysia/DEBUG] Address: 0x1599042c0
[Elysia/DEBUG] Performing: store_local localVar#5 
[Elysia/DEBUG] Decreasing refcount of int object
[Elysia/DEBUG] Address: 0x1599042c0
[Elysia/DEBUG] Performing: jump codeBlock#16 
[Elysia/DEBUG] Performing: load_local localVar#6 
[Elysia/DEBUG] Performing: load_local localVar#1 
[Elysia/DEBUG] Performing: load_member index(1) 
[Elysia/DEBUG] Increasing refcount of unsigned object
[Elysia/DEBUG] Address: 0x159904230
[Elysia/DEBUG] Performing: basic_cast_int 
[Elysia/DEBUG] Decreasing refcount of unsigned object
[Elysia/DEBUG] Address: 0x159904230
[Elysia/DEBUG] Performing: equal 
[Elysia/DEBUG] Performing: jump_if_true codeBlock#19 
[Elysia/DEBUG] Performing: jump codeBlock#20 
[Elysia/DEBUG] Performing: jump codeBlock#12 
[Elysia/DEBUG] Performing: load_local localVar#5 
[Elysia/DEBUG] Increasing refcount of int object
[Elysia/DEBUG] Address: 0x1599042c0
[Elysia/DEBUG] Performing: load_local localVar#0 
[Elysia/DEBUG] Performing: load_member index(1) 
[Elysia/DEBUG] Increasing refcount of unsigned object
[Elysia/DEBUG] Address: 0x159904280
[Elysia/DEBUG] Performing: basic_cast_int 
[Elysia/DEBUG] Decreasing refcount of unsigned object
[Elysia/DEBUG] Address: 0x159904280
[Elysia/DEBUG] Performing: less_than 
[Elysia/DEBUG] Decreasing refcount of int object
[Elysia/DEBUG] Address: 0x1599042c0
[Elysia/DEBUG] Performing: jump_if_true codeBlock#13 
[Elysia/DEBUG] Performing: load_local localVar#0 
[Elysia/DEBUG] Performing: load_local localVar#5 
[Elysia/DEBUG] Increasing refcount of int object
[Elysia/DEBUG] Address: 0x1599042c0
[Elysia/DEBUG] Performing: invoke index(3782547968) index(37) index(2) 
[Elysia/DEBUG] Entering function 1_Str::operator[]#struct#1#0#int
[Elysia/DEBUG] Performing: load_local localVar#1 
[Elysia/DEBUG] Increasing refcount of int object
[Elysia/DEBUG] Address: 0x1599042c0
[Elysia/DEBUG] Performing: push_integer int(0) 
[Elysia/DEBUG] Performing: less_than 
[Elysia/DEBUG] Decreasing refcount of int object
[Elysia/DEBUG] Address: 0x1599042c0
[Elysia/DEBUG] Performing: jump_if_true codeBlock#1 
[Elysia/DEBUG] Performing: load_local localVar#1 
[Elysia/DEBUG] Increasing refcount of int object
[Elysia/DEBUG] Address: 0x1599042c0
[Elysia/DEBUG] Performing: load_local localVar#0 
[Elysia/DEBUG] Performing: load_member index(1) 
[Elysia/DEBUG] Increasing refcount of unsigned object
[Elysia/DEBUG] Address: 0x159904280
[Elysia/DEBUG] Performing: basic_cast_int 
[Elysia/DEBUG] Decreasing refcount of unsigned object
[Elysia/DEBUG] Address: 0x159904280
[Elysia/DEBUG] Performing: greater_equal 
[Elysia/DEBUG] Decreasing refcount of int object
[Elysia/DEBUG] Address: 0x1599042c0
[Elysia/DEBUG] Performing: jump_if_true codeBlock#1 
[Elysia/DEBUG] Performing: jump codeBlock#2 
[Elysia/DEBUG] Performing: push_boolean bool(false) 
[Elysia/DEBUG] Performing: jump codeBlock#3 
[Elysia/DEBUG] Performing: jump_if_true codeBlock#4 
[Elysia/DEBUG] Performing: jump codeBlock#5 
[Elysia/DEBUG] Performing: load_local localVar#0 
[Elysia/DEBUG] Performing: load_member index(0) 
[Elysia/DEBUG] Entering function array_char[]_gc_refcount_increase
[Elysia/DEBUG] Performing: load_local localVar#1 
[Elysia/DEBUG] Increasing refcount of int object
[Elysia/DEBUG] Address: 0x1599042c0
[Elysia/DEBUG] Performing: basic_cast_unsigned 
[Elysia/DEBUG] Decreasing refcount of int object
[Elysia/DEBUG] Address: 0x1599042c0
[Elysia/DEBUG] Performing: load_element 
[Elysia/DEBUG] Entering function array_char[]_gc_refcount_decrease
[Elysia/DEBUG] Performing: ret 
[Elysia/DEBUG] Decreasing refcount of int object
[Elysia/DEBUG] Address: 0x1599042c0
[Elysia/DEBUG] Performing: load_local localVar#1 
[Elysia/DEBUG] Performing: load_local localVar#6 
[Elysia/DEBUG] Performing: invoke index(3782547968) index(37) index(2) 
[Elysia/DEBUG] Entering function 1_Str::operator[]#struct#1#0#int
[Elysia/DEBUG] Performing: load_local localVar#1 
[Elysia/DEBUG] Increasing refcount of int object
[Elysia/DEBUG] Address: 0x1599042e0
[Elysia/DEBUG] Performing: push_integer int(0) 
[Elysia/DEBUG] Performing: less_than 
[Elysia/DEBUG] Decreasing refcount of int object
[Elysia/DEBUG] Address: 0x1599042e0
[Elysia/DEBUG] Performing: jump_if_true codeBlock#1 
[Elysia/DEBUG] Performing: load_local localVar#1 
[Elysia/DEBUG] Increasing refcount of int object
[Elysia/DEBUG] Address: 0x1599042e0
[Elysia/DEBUG] Performing: load_local localVar#0 
[Elysia/DEBUG] Performing: load_member index(1) 
[Elysia/DEBUG] Increasing refcount of unsigned object
[Elysia/DEBUG] Address: 0x159904230
[Elysia/DEBUG] Performing: basic_cast_int 
[Elysia/DEBUG] Decreasing refcount of unsigned object
[Elysia/DEBUG] Address: 0x159904230
[Elysia/DEBUG] Performing: greater_equal 
[Elysia/DEBUG] Decreasing refcount of int object
[Elysia/DEBUG] Address: 0x1599042e0
[Elysia/DEBUG] Performing: jump_if_true codeBlock#1 
[Elysia/DEBUG] Performing: jump codeBlock#2 
[Elysia/DEBUG] Performing: push_boolean bool(false) 
[Elysia/DEBUG] Performing: jump codeBlock#3 
[Elysia/DEBUG] Performing: jump_if_true codeBlock#4 
[Elysia/DEBUG] Performing: jump codeBlock#5 
[Elysia/DEBUG] Performing: load_local localVar#0 
[Elysia/DEBUG] Performing: load_member index(0) 
[Elysia/DEBUG] Entering function array_char[]_gc_refcount_increase
[Elysia/DEBUG] Performing: load_local localVar#1 
[Elysia/DEBUG] Increasing refcount of int object
[Elysia/DEBUG] Address: 0x1599042e0
[Elysia/DEBUG] Performing: basic_cast_unsigned 
[Elysia/DEBUG] Decreasing refcount of int object
[Elysia/DEBUG] Address: 0x1599042e0
[Elysia/DEBUG] Performing: load_element 
[Elysia/DEBUG] Entering function array_char[]_gc_refcount_decrease
[Elysia/DEBUG] Performing: ret 
[Elysia/DEBUG] Decreasing refcount of int object
[Elysia/DEBUG] Address: 0x1599042e0
[Elysia/DEBUG] Performing: equal 
[Elysia/DEBUG] Decreasing refcount of char object
[Elysia/DEBUG] Address: 0x1599042a0
[Elysia/DEBUG] Decreasing refcount of char object
[Elysia/DEBUG] Address: 0x1599042e0
[Elysia/DEBUG] Performing: jump_if_true codeBlock#15 
[Elysia/DEBUG] Performing: load_local localVar#6 
[Elysia/DEBUG] Performing: push_integer int(0) 
[Elysia/DEBUG] Performing: greater_than 
[Elysia/DEBUG] Performing: jump_if_true codeBlock#17 
[Elysia/DEBUG] Performing: jump codeBlock#18 
[Elysia/DEBUG] Performing: load_local localVar#5 
[Elysia/DEBUG] Increasing refcount of int object
[Elysia/DEBUG] Address: 0x1599042c0
[Elysia/DEBUG] Performing: push_integer int(1) 
[Elysia/DEBUG] Performing: add 
[Elysia/DEBUG] Decreasing refcount of int object
[Elysia/DEBUG] Address: 0x1599042c0
[Elysia/DEBUG] Performing: store_local localVar#5 
[Elysia/DEBUG] Decreasing refcount of int object
[Elysia/DEBUG] Address: 0x1599042c0
[Elysia/DEBUG] Performing: jump codeBlock#16 
[Elysia/DEBUG] Performing: load_local localVar#6 
[Elysia/DEBUG] Performing: load_local localVar#1 
[Elysia/DEBUG] Performing: load_member index(1) 
[Elysia/DEBUG] Increasing refcount of unsigned object
[Elysia/DEBUG] Address: 0x159904230
[Elysia/DEBUG] Performing: basic_cast_int 
[Elysia/DEBUG] Decreasing refcount of unsigned object
[Elysia/DEBUG] Address: 0x159904230
[Elysia/DEBUG] Performing: equal 
[Elysia/DEBUG] Performing: jump_if_true codeBlock#19 
[Elysia/DEBUG] Performing: jump codeBlock#20 
[Elysia/DEBUG] Performing: jump codeBlock#12 
[Elysia/DEBUG] Performing: load_local localVar#5 
[Elysia/DEBUG] Increasing refcount of int object
[Elysia/DEBUG] Address: 0x1599042c0
[Elysia/DEBUG] Performing: load_local localVar#0 
[Elysia/DEBUG] Performing: load_member index(1) 
[Elysia/DEBUG] Increasing refcount of unsigned object
[Elysia/DEBUG] Address: 0x159904280
[Elysia/DEBUG] Performing: basic_cast_int 
[Elysia/DEBUG] Decreasing refcount of unsigned object
[Elysia/DEBUG] Address: 0x159904280
[Elysia/DEBUG] Performing: less_than 
[Elysia/DEBUG] Decreasing refcount of int object
[Elysia/DEBUG] Address: 0x1599042c0
[Elysia/DEBUG] Performing: jump_if_true codeBlock#13 
[Elysia/DEBUG] Performing: load_local localVar#0 
[Elysia/DEBUG] Performing: load_local localVar#5 
[Elysia/DEBUG] Increasing refcount of int object
[Elysia/DEBUG] Address: 0x1599042c0
[Elysia/DEBUG] Performing: invoke index(3782547968) index(37) index(2) 
[Elysia/DEBUG] Entering function 1_Str::operator[]#struct#1#0#int
[Elysia/DEBUG] Performing: load_local localVar#1 
[Elysia/DEBUG] Increasing refcount of int object
[Elysia/DEBUG] Address: 0x1599042c0
[Elysia/DEBUG] Performing: push_integer int(0) 
[Elysia/DEBUG] Performing: less_than 
[Elysia/DEBUG] Decreasing refcount of int object
[Elysia/DEBUG] Address: 0x1599042c0
[Elysia/DEBUG] Performing: jump_if_true codeBlock#1 
[Elysia/DEBUG] Performing: load_local localVar#1 
[Elysia/DEBUG] Increasing refcount of int object
[Elysia/DEBUG] Address: 0x1599042c0
[Elysia/DEBUG] Performing: load_local localVar#0 
[Elysia/DEBUG] Performing: load_member index(1) 
[Elysia/DEBUG] Increasing refcount of unsigned object
[Elysia/DEBUG] Address: 0x159904280
[Elysia/DEBUG] Performing: basic_cast_int 
[Elysia/DEBUG] Decreasing refcount of unsigned object
[Elysia/DEBUG] Address: 0x159904280
[Elysia/DEBUG] Performing: greater_equal 
[Elysia/DEBUG] Decreasing refcount of int object
[Elysia/DEBUG] Address: 0x1599042c0
[Elysia/DEBUG] Performing: jump_if_true codeBlock#1 
[Elysia/DEBUG] Performing: jump codeBlock#2 
[Elysia/DEBUG] Performing: push_boolean bool(false) 
[Elysia/DEBUG] Performing: jump codeBlock#3 
[Elysia/DEBUG] Performing: jump_if_true codeBlock#4 
[Elysia/DEBUG] Performing: jump codeBlock#5 
[Elysia/DEBUG] Performing: load_local localVar#0 
[Elysia/DEBUG] Performing: load_member index(0) 
[Elysia/DEBUG] Entering function array_char[]_gc_refcount_increase
[Elysia/DEBUG] Performing: load_local localVar#1 
[Elysia/DEBUG] Increasing refcount of int object
[Elysia/DEBUG] Address: 0x1599042c0
[Elysia/DEBUG] Performing: basic_cast_unsigned 
[Elysia/DEBUG] Decreasing refcount of int object
[Elysia/DEBUG] Address: 0x1599042c0
[Elysia/DEBUG] Performing: load_element 
[Elysia/DEBUG] Entering function array_char[]_gc_refcount_decrease
[Elysia/DEBUG] Performing: ret 
[Elysia/DEBUG] Decreasing refcount of int object
[Elysia/DEBUG] Address: 0x1599042c0
[Elysia/DEBUG] Performing: load_local localVar#1 
[Elysia/DEBUG] Performing: load_local localVar#6 
[Elysia/DEBUG] Performing: invoke index(3782547968) index(37) index(2) 
[Elysia/DEBUG] Entering function 1_Str::operator[]#struct#1#0#int
[Elysia/DEBUG] Performing: load_local localVar#1 
[Elysia/DEBUG] Increasing refcount of int object
[Elysia/DEBUG] Address: 0x1599042e0
[Elysia/DEBUG] Performing: push_integer int(0) 
[Elysia/DEBUG] Performing: less_than 
[Elysia/DEBUG] Decreasing refcount of int object
[Elysia/DEBUG] Address: 0x1599042e0
[Elysia/DEBUG] Performing: jump_if_true codeBlock#1 
[Elysia/DEBUG] Performing: load_local localVar#1 
[Elysia/DEBUG] Increasing refcount of int object
[Elysia/DEBUG] Address: 0x1599042e0
[Elysia/DEBUG] Performing: load_local localVar#0 
[Elysia/DEBUG] Performing: load_member index(1) 
[Elysia/DEBUG] Increasing refcount of unsigned object
[Elysia/DEBUG] Address: 0x159904230
[Elysia/DEBUG] Performing: basic_cast_int 
[Elysia/DEBUG] Decreasing refcount of unsigned object
[Elysia/DEBUG] Address: 0x159904230
[Elysia/DEBUG] Performing: greater_equal 
[Elysia/DEBUG] Decreasing refcount of int object
[Elysia/DEBUG] Address: 0x1599042e0
[Elysia/DEBUG] Performing: jump_if_true codeBlock#1 
[Elysia/DEBUG] Performing: jump codeBlock#2 
[Elysia/DEBUG] Performing: push_boolean bool(false) 
[Elysia/DEBUG] Performing: jump codeBlock#3 
[Elysia/DEBUG] Performing: jump_if_true codeBlock#4 
[Elysia/DEBUG] Performing: jump codeBlock#5 
[Elysia/DEBUG] Performing: load_local localVar#0 
[Elysia/DEBUG] Performing: load_member index(0) 
[Elysia/DEBUG] Entering function array_char[]_gc_refcount_increase
[Elysia/DEBUG] Performing: load_local localVar#1 
[Elysia/DEBUG] Increasing refcount of int object
[Elysia/DEBUG] Address: 0x1599042e0
[Elysia/DEBUG] Performing: basic_cast_unsigned 
[Elysia/DEBUG] Decreasing refcount of int object
[Elysia/DEBUG] Address: 0x1599042e0
[Elysia/DEBUG] Performing: load_element 
[Elysia/DEBUG] Entering function array_char[]_gc_refcount_decrease
[Elysia/DEBUG] Performing: ret 
[Elysia/DEBUG] Decreasing refcount of int object
[Elysia/DEBUG] Address: 0x1599042e0
[Elysia/DEBUG] Performing: equal 
[Elysia/DEBUG] Decreasing refcount of char object
[Elysia/DEBUG] Address: 0x1599042a0
[Elysia/DEBUG] Decreasing refcount of char object
[Elysia/DEBUG] Address: 0x1599042e0
[Elysia/DEBUG] Performing: jump_if_true codeBlock#15 
[Elysia/DEBUG] Performing: load_local localVar#6 
[Elysia/DEBUG] Performing: push_integer int(0) 
[Elysia/DEBUG] Performing: greater_than 
[Elysia/DEBUG] Performing: jump_if_true codeBlock#17 
[Elysia/DEBUG] Performing: jump codeBlock#18 
[Elysia/DEBUG] Performing: load_local localVar#5 
[Elysia/DEBUG] Increasing refcount of int object
[Elysia/DEBUG] Address: 0x1599042c0
[Elysia/DEBUG] Performing: push_integer int(1) 
[Elysia/DEBUG] Performing: add 
[Elysia/DEBUG] Decreasing refcount of int object
[Elysia/DEBUG] Address: 0x1599042c0
[Elysia/DEBUG] Performing: store_local localVar#5 
[Elysia/DEBUG] Decreasing refcount of int object
[Elysia/DEBUG] Address: 0x1599042c0
[Elysia/DEBUG] Performing: jump codeBlock#16 
[Elysia/DEBUG] Performing: load_local localVar#6 
[Elysia/DEBUG] Performing: load_local localVar#1 
[Elysia/DEBUG] Performing: load_member index(1) 
[Elysia/DEBUG] Increasing refcount of unsigned object
[Elysia/DEBUG] Address: 0x159904230
[Elysia/DEBUG] Performing: basic_cast_int 
[Elysia/DEBUG] Decreasing refcount of unsigned object
[Elysia/DEBUG] Address: 0x159904230
[Elysia/DEBUG] Performing: equal 
[Elysia/DEBUG] Performing: jump_if_true codeBlock#19 
[Elysia/DEBUG] Performing: jump codeBlock#20 
[Elysia/DEBUG] Performing: jump codeBlock#12 
[Elysia/DEBUG] Performing: load_local localVar#5 
[Elysia/DEBUG] Increasing refcount of int object
[Elysia/DEBUG] Address: 0x1599042c0
[Elysia/DEBUG] Performing: load_local localVar#0 
[Elysia/DEBUG] Performing: load_member index(1) 
[Elysia/DEBUG] Increasing refcount of unsigned object
[Elysia/DEBUG] Address: 0x159904280
[Elysia/DEBUG] Performing: basic_cast_int 
[Elysia/DEBUG] Decreasing refcount of unsigned object
[Elysia/DEBUG] Address: 0x159904280
[Elysia/DEBUG] Performing: less_than 
[Elysia/DEBUG] Decreasing refcount of int object
[Elysia/DEBUG] Address: 0x1599042c0
[Elysia/DEBUG] Performing: jump_if_true codeBlock#13 
[Elysia/DEBUG] Performing: load_local localVar#0 
[Elysia/DEBUG] Performing: load_local localVar#5 
[Elysia/DEBUG] Increasing refcount of int object
[Elysia/DEBUG] Address: 0x1599042c0
[Elysia/DEBUG] Performing: invoke index(3782547968) index(37) index(2) 
[Elysia/DEBUG] Entering function 1_Str::operator[]#struct#1#0#int
[Elysia/DEBUG] Performing: load_local localVar#1 
[Elysia/DEBUG] Increasing refcount of int object
[Elysia/DEBUG] Address: 0x1599042c0
[Elysia/DEBUG] Performing: push_integer int(0) 
[Elysia/DEBUG] Performing: less_than 
[Elysia/DEBUG] Decreasing refcount of int object
[Elysia/DEBUG] Address: 0x1599042c0
[Elysia/DEBUG] Performing: jump_if_true codeBlock#1 
[Elysia/DEBUG] Performing: load_local localVar#1 
[Elysia/DEBUG] Increasing refcount of int object
[Elysia/DEBUG] Address: 0x1599042c0
[Elysia/DEBUG] Performing: load_local localVar#0 
[Elysia/DEBUG] Performing: load_member index(1) 
[Elysia/DEBUG] Increasing refcount of unsigned object
[Elysia/DEBUG] Address: 0x159904280
[Elysia/DEBUG] Performing: basic_cast_int 
[Elysia/DEBUG] Decreasing refcount of unsigned object
[Elysia/DEBUG] Address: 0x159904280
[Elysia/DEBUG] Performing: greater_equal 
[Elysia/DEBUG] Decreasing refcount of int object
[Elysia/DEBUG] Address: 0x1599042c0
[Elysia/DEBUG] Performing: jump_if_true codeBlock#1 
[Elysia/DEBUG] Performing: jump codeBlock#2 
[Elysia/DEBUG] Performing: push_boolean bool(false) 
[Elysia/DEBUG] Performing: jump codeBlock#3 
[Elysia/DEBUG] Performing: jump_if_true codeBlock#4 
[Elysia/DEBUG] Performing: jump codeBlock#5 
[Elysia/DEBUG] Performing: load_local localVar#0 
[Elysia/DEBUG] Performing: load_member index(0) 
[Elysia/DEBUG] Entering function array_char[]_gc_refcount_increase
[Elysia/DEBUG] Performing: load_local localVar#1 
[Elysia/DEBUG] Increasing refcount of int object
[Elysia/DEBUG] Address: 0x1599042c0
[Elysia/DEBUG] Performing: basic_cast_unsigned 
[Elysia/DEBUG] Decreasing refcount of int object
[Elysia/DEBUG] Address: 0x1599042c0
[Elysia/DEBUG] Performing: load_element 
[Elysia/DEBUG] Entering function array_char[]_gc_refcount_decrease
[Elysia/DEBUG] Performing: ret 
[Elysia/DEBUG] Decreasing refcount of int object
[Elysia/DEBUG] Address: 0x1599042c0
[Elysia/DEBUG] Performing: load_local localVar#1 
[Elysia/DEBUG] Performing: load_local localVar#6 
[Elysia/DEBUG] Performing: invoke index(3782547968) index(37) index(2) 
[Elysia/DEBUG] Entering function 1_Str::operator[]#struct#1#0#int
[Elysia/DEBUG] Performing: load_local localVar#1 
[Elysia/DEBUG] Increasing refcount of int object
[Elysia/DEBUG] Address: 0x1599042e0
[Elysia/DEBUG] Performing: push_integer int(0) 
[Elysia/DEBUG] Performing: less_than 
[Elysia/DEBUG] Decreasing refcount of int object
[Elysia/DEBUG] Address: 0x1599042e0
[Elysia/DEBUG] Performing: jump_if_true codeBlock#1 
[Elysia/DEBUG] Performing: load_local localVar#1 
[Elysia/DEBUG] Increasing refcount of int object
[Elysia/DEBUG] Address: 0x1599042e0
[Elysia/DEBUG] Performing: load_local localVar#0 
[Elysia/DEBUG] Performing: load_member index(1) 
[Elysia/DEBUG] Increasing refcount of unsigned object
[Elysia/DEBUG] Address: 0x159904230
[Elysia/DEBUG] Performing: basic_cast_int 
[Elysia/DEBUG] Decreasing refcount of unsigned object
[Elysia/DEBUG] Address: 0x159904230
[Elysia/DEBUG] Performing: greater_equal 
[Elysia/DEBUG] Decreasing refcount of int object
[Elysia/DEBUG] Address: 0x1599042e0
[Elysia/DEBUG] Performing: jump_if_true codeBlock#1 
[Elysia/DEBUG] Performing: jump codeBlock#2 
[Elysia/DEBUG] Performing: push_boolean bool(false) 
[Elysia/DEBUG] Performing: jump codeBlock#3 
[Elysia/DEBUG] Performing: jump_if_true codeBlock#4 
[Elysia/DEBUG] Performing: jump codeBlock#5 
[Elysia/DEBUG] Performing: load_local localVar#0 
[Elysia/DEBUG] Performing: load_member index(0) 
[Elysia/DEBUG] Entering function array_char[]_gc_refcount_increase
[Elysia/DEBUG] Performing: load_local localVar#1 
[Elysia/DEBUG] Increasing refcount of int object
[Elysia/DEBUG] Address: 0x1599042e0
[Elysia/DEBUG] Performing: basic_cast_unsigned 
[Elysia/DEBUG] Decreasing refcount of int object
[Elysia/DEBUG] Address: 0x1599042e0
[Elysia/DEBUG] Performing: load_element 
[Elysia/DEBUG] Entering function array_char[]_gc_refcount_decrease
[Elysia/DEBUG] Performing: ret 
[Elysia/DEBUG] Decreasing refcount of int object
[Elysia/DEBUG] Address: 0x1599042e0
[Elysia/DEBUG] Performing: equal 
[Elysia/DEBUG] Decreasing refcount of char object
[Elysia/DEBUG] Address: 0x1599042a0
[Elysia/DEBUG] Decreasing refcount of char object
[Elysia/DEBUG] Address: 0x1598040a0
[Elysia/DEBUG] Performing: jump_if_true codeBlock#15 
[Elysia/DEBUG] Performing: load_local localVar#6 
[Elysia/DEBUG] Performing: push_integer int(0) 
[Elysia/DEBUG] Performing: greater_than 
[Elysia/DEBUG] Performing: jump_if_true codeBlock#17 
[Elysia/DEBUG] Performing: jump codeBlock#18 
[Elysia/DEBUG] Performing: load_local localVar#5 
[Elysia/DEBUG] Increasing refcount of int object
[Elysia/DEBUG] Address: 0x1599042c0
[Elysia/DEBUG] Performing: push_integer int(1) 
[Elysia/DEBUG] Performing: add 
[Elysia/DEBUG] Decreasing refcount of int object
[Elysia/DEBUG] Address: 0x1599042c0
[Elysia/DEBUG] Performing: store_local localVar#5 
[Elysia/DEBUG] Decreasing refcount of int object
[Elysia/DEBUG] Address: 0x1599042c0
[Elysia/DEBUG] Performing: jump codeBlock#16 
[Elysia/DEBUG] Performing: load_local localVar#6 
[Elysia/DEBUG] Performing: load_local localVar#1 
[Elysia/DEBUG] Performing: load_member index(1) 
[Elysia/DEBUG] Increasing refcount of unsigned object
[Elysia/DEBUG] Address: 0x159904230
[Elysia/DEBUG] Performing: basic_cast_int 
[Elysia/DEBUG] Decreasing refcount of unsigned object
[Elysia/DEBUG] Address: 0x159904230
[Elysia/DEBUG] Performing: equal 
[Elysia/DEBUG] Performing: jump_if_true codeBlock#19 
[Elysia/DEBUG] Performing: jump codeBlock#20 
[Elysia/DEBUG] Performing: jump codeBlock#12 
[Elysia/DEBUG] Performing: load_local localVar#5 
[Elysia/DEBUG] Increasing refcount of int object
[Elysia/DEBUG] Address: 0x1598040a0
[Elysia/DEBUG] Performing: load_local localVar#0 
[Elysia/DEBUG] Performing: load_member index(1) 
[Elysia/DEBUG] Increasing refcount of unsigned object
[Elysia/DEBUG] Address: 0x159904280
[Elysia/DEBUG] Performing: basic_cast_int 
[Elysia/DEBUG] Decreasing refcount of unsigned object
[Elysia/DEBUG] Address: 0x159904280
[Elysia/DEBUG] Performing: less_than 
[Elysia/DEBUG] Decreasing refcount of int object
[Elysia/DEBUG] Address: 0x1598040a0
[Elysia/DEBUG] Performing: jump_if_true codeBlock#13 
[Elysia/DEBUG] Performing: load_local localVar#0 
[Elysia/DEBUG] Performing: load_local localVar#5 
[Elysia/DEBUG] Increasing refcount of int object
[Elysia/DEBUG] Address: 0x1598040a0
[Elysia/DEBUG] Performing: invoke index(3782547968) index(37) index(2) 
[Elysia/DEBUG] Entering function 1_Str::operator[]#struct#1#0#int
[Elysia/DEBUG] Performing: load_local localVar#1 
[Elysia/DEBUG] Increasing refcount of int object
[Elysia/DEBUG] Address: 0x1598040a0
[Elysia/DEBUG] Performing: push_integer int(0) 
[Elysia/DEBUG] Performing: less_than 
[Elysia/DEBUG] Decreasing refcount of int object
[Elysia/DEBUG] Address: 0x1598040a0
[Elysia/DEBUG] Performing: jump_if_true codeBlock#1 
[Elysia/DEBUG] Performing: load_local localVar#1 
[Elysia/DEBUG] Increasing refcount of int object
[Elysia/DEBUG] Address: 0x1598040a0
[Elysia/DEBUG] Performing: load_local localVar#0 
[Elysia/DEBUG] Performing: load_member index(1) 
[Elysia/DEBUG] Increasing refcount of unsigned object
[Elysia/DEBUG] Address: 0x159904280
[Elysia/DEBUG] Performing: basic_cast_int 
[Elysia/DEBUG] Decreasing refcount of unsigned object
[Elysia/DEBUG] Address: 0x159904280
[Elysia/DEBUG] Performing: greater_equal 
[Elysia/DEBUG] Decreasing refcount of int object
[Elysia/DEBUG] Address: 0x1598040a0
[Elysia/DEBUG] Performing: jump_if_true codeBlock#1 
[Elysia/DEBUG] Performing: jump codeBlock#2 
[Elysia/DEBUG] Performing: push_boolean bool(false) 
[Elysia/DEBUG] Performing: jump codeBlock#3 
[Elysia/DEBUG] Performing: jump_if_true codeBlock#4 
[Elysia/DEBUG] Performing: jump codeBlock#5 
[Elysia/DEBUG] Performing: load_local localVar#0 
[Elysia/DEBUG] Performing: load_member index(0) 
[Elysia/DEBUG] Entering function array_char[]_gc_refcount_increase
[Elysia/DEBUG] Performing: load_local localVar#1 
[Elysia/DEBUG] Increasing refcount of int object
[Elysia/DEBUG] Address: 0x1598040a0
[Elysia/DEBUG] Performing: basic_cast_unsigned 
[Elysia/DEBUG] Decreasing refcount of int object
[Elysia/DEBUG] Address: 0x1598040a0
[Elysia/DEBUG] Performing: load_element 
[Elysia/DEBUG] Entering function array_char[]_gc_refcount_decrease
[Elysia/DEBUG] Performing: ret 
[Elysia/DEBUG] Decreasing refcount of int object
[Elysia/DEBUG] Address: 0x1598040a0
[Elysia/DEBUG] Performing: load_local localVar#1 
[Elysia/DEBUG] Performing: load_local localVar#6 
[Elysia/DEBUG] Performing: invoke index(3782547968) index(37) index(2) 
[Elysia/DEBUG] Entering function 1_Str::operator[]#struct#1#0#int
[Elysia/DEBUG] Performing: load_local localVar#1 
[Elysia/DEBUG] Increasing refcount of int object
[Elysia/DEBUG] Address: 0x1599042a0
[Elysia/DEBUG] Performing: push_integer int(0) 
[Elysia/DEBUG] Performing: less_than 
[Elysia/DEBUG] Decreasing refcount of int object
[Elysia/DEBUG] Address: 0x1599042a0
[Elysia/DEBUG] Performing: jump_if_true codeBlock#1 
[Elysia/DEBUG] Performing: load_local localVar#1 
[Elysia/DEBUG] Increasing refcount of int object
[Elysia/DEBUG] Address: 0x1599042a0
[Elysia/DEBUG] Performing: load_local localVar#0 
[Elysia/DEBUG] Performing: load_member index(1) 
[Elysia/DEBUG] Increasing refcount of unsigned object
[Elysia/DEBUG] Address: 0x159904230
[Elysia/DEBUG] Performing: basic_cast_int 
[Elysia/DEBUG] Decreasing refcount of unsigned object
[Elysia/DEBUG] Address: 0x159904230
[Elysia/DEBUG] Performing: greater_equal 
[Elysia/DEBUG] Decreasing refcount of int object
[Elysia/DEBUG] Address: 0x1599042a0
[Elysia/DEBUG] Performing: jump_if_true codeBlock#1 
[Elysia/DEBUG] Performing: jump codeBlock#2 
[Elysia/DEBUG] Performing: push_boolean bool(false) 
[Elysia/DEBUG] Performing: jump codeBlock#3 
[Elysia/DEBUG] Performing: jump_if_true codeBlock#4 
[Elysia/DEBUG] Performing: jump codeBlock#5 
[Elysia/DEBUG] Performing: load_local localVar#0 
[Elysia/DEBUG] Performing: load_member index(0) 
[Elysia/DEBUG] Entering function array_char[]_gc_refcount_increase
[Elysia/DEBUG] Performing: load_local localVar#1 
[Elysia/DEBUG] Increasing refcount of int object
[Elysia/DEBUG] Address: 0x1599042a0
[Elysia/DEBUG] Performing: basic_cast_unsigned 
[Elysia/DEBUG] Decreasing refcount of int object
[Elysia/DEBUG] Address: 0x1599042a0
[Elysia/DEBUG] Performing: load_element 
[Elysia/DEBUG] Entering function array_char[]_gc_refcount_decrease
[Elysia/DEBUG] Performing: ret 
[Elysia/DEBUG] Decreasing refcount of int object
[Elysia/DEBUG] Address: 0x1599042a0
[Elysia/DEBUG] Performing: equal 
[Elysia/DEBUG] Decreasing refcount of char object
[Elysia/DEBUG] Address: 0x1599042c0
[Elysia/DEBUG] Decreasing refcount of char object
[Elysia/DEBUG] Address: 0x159804080
[Elysia/DEBUG] Performing: jump_if_true codeBlock#15 
[Elysia/DEBUG] Performing: load_local localVar#5 
[Elysia/DEBUG] Increasing refcount of int object
[Elysia/DEBUG] Address: 0x1598040a0
[Elysia/DEBUG] Performing: push_integer int(1) 
[Elysia/DEBUG] Performing: add 
[Elysia/DEBUG] Decreasing refcount of int object
[Elysia/DEBUG] Address: 0x1598040a0
[Elysia/DEBUG] Performing: store_local localVar#5 
[Elysia/DEBUG] Decreasing refcount of int object
[Elysia/DEBUG] Address: 0x1598040a0
[Elysia/DEBUG] Performing: load_local localVar#6 
[Elysia/DEBUG] Performing: push_integer int(1) 
[Elysia/DEBUG] Performing: add 
[Elysia/DEBUG] Performing: store_local localVar#6 
[Elysia/DEBUG] Performing: jump codeBlock#16 
[Elysia/DEBUG] Performing: load_local localVar#6 
[Elysia/DEBUG] Performing: load_local localVar#1 
[Elysia/DEBUG] Performing: load_member index(1) 
[Elysia/DEBUG] Increasing refcount of unsigned object
[Elysia/DEBUG] Address: 0x159904230
[Elysia/DEBUG] Performing: basic_cast_int 
[Elysia/DEBUG] Decreasing refcount of unsigned object
[Elysia/DEBUG] Address: 0x159904230
[Elysia/DEBUG] Performing: equal 
[Elysia/DEBUG] Performing: jump_if_true codeBlock#19 
[Elysia/DEBUG] Performing: jump codeBlock#20 
[Elysia/DEBUG] Performing: jump codeBlock#12 
[Elysia/DEBUG] Performing: load_local localVar#5 
[Elysia/DEBUG] Increasing refcount of int object
[Elysia/DEBUG] Address: 0x1598040a0
[Elysia/DEBUG] Performing: load_local localVar#0 
[Elysia/DEBUG] Performing: load_member index(1) 
[Elysia/DEBUG] Increasing refcount of unsigned object
[Elysia/DEBUG] Address: 0x159904280
[Elysia/DEBUG] Performing: basic_cast_int 
[Elysia/DEBUG] Decreasing refcount of unsigned object
[Elysia/DEBUG] Address: 0x159904280
[Elysia/DEBUG] Performing: less_than 
[Elysia/DEBUG] Decreasing refcount of int object
[Elysia/DEBUG] Address: 0x1598040a0
[Elysia/DEBUG] Performing: jump_if_true codeBlock#13 
[Elysia/DEBUG] Performing: load_local localVar#0 
[Elysia/DEBUG] Performing: load_local localVar#5 
[Elysia/DEBUG] Increasing refcount of int object
[Elysia/DEBUG] Address: 0x1598040a0
[Elysia/DEBUG] Performing: invoke index(3782547968) index(37) index(2) 
[Elysia/DEBUG] Entering function 1_Str::operator[]#struct#1#0#int
[Elysia/DEBUG] Performing: load_local localVar#1 
[Elysia/DEBUG] Increasing refcount of int object
[Elysia/DEBUG] Address: 0x1598040a0
[Elysia/DEBUG] Performing: push_integer int(0) 
[Elysia/DEBUG] Performing: less_than 
[Elysia/DEBUG] Decreasing refcount of int object
[Elysia/DEBUG] Address: 0x1598040a0
[Elysia/DEBUG] Performing: jump_if_true codeBlock#1 
[Elysia/DEBUG] Performing: load_local localVar#1 
[Elysia/DEBUG] Increasing refcount of int object
[Elysia/DEBUG] Address: 0x1598040a0
[Elysia/DEBUG] Performing: load_local localVar#0 
[Elysia/DEBUG] Performing: load_member index(1) 
[Elysia/DEBUG] Increasing refcount of unsigned object
[Elysia/DEBUG] Address: 0x159904280
[Elysia/DEBUG] Performing: basic_cast_int 
[Elysia/DEBUG] Decreasing refcount of unsigned object
[Elysia/DEBUG] Address: 0x159904280
[Elysia/DEBUG] Performing: greater_equal 
[Elysia/DEBUG] Decreasing refcount of int object
[Elysia/DEBUG] Address: 0x1598040a0
[Elysia/DEBUG] Performing: jump_if_true codeBlock#1 
[Elysia/DEBUG] Performing: jump codeBlock#2 
[Elysia/DEBUG] Performing: push_boolean bool(false) 
[Elysia/DEBUG] Performing: jump codeBlock#3 
[Elysia/DEBUG] Performing: jump_if_true codeBlock#4 
[Elysia/DEBUG] Performing: jump codeBlock#5 
[Elysia/DEBUG] Performing: load_local localVar#0 
[Elysia/DEBUG] Performing: load_member index(0) 
[Elysia/DEBUG] Entering function array_char[]_gc_refcount_increase
[Elysia/DEBUG] Performing: load_local localVar#1 
[Elysia/DEBUG] Increasing refcount of int object
[Elysia/DEBUG] Address: 0x1598040a0
[Elysia/DEBUG] Performing: basic_cast_unsigned 
[Elysia/DEBUG] Decreasing refcount of int object
[Elysia/DEBUG] Address: 0x1598040a0
[Elysia/DEBUG] Performing: load_element 
[Elysia/DEBUG] Entering function array_char[]_gc_refcount_decrease
[Elysia/DEBUG] Performing: ret 
[Elysia/DEBUG] Decreasing refcount of int object
[Elysia/DEBUG] Address: 0x1598040a0
[Elysia/DEBUG] Performing: load_local localVar#1 
[Elysia/DEBUG] Performing: load_local localVar#6 
[Elysia/DEBUG] Performing: invoke index(3782547968) index(37) index(2) 
[Elysia/DEBUG] Entering function 1_Str::operator[]#struct#1#0#int
[Elysia/DEBUG] Performing: load_local localVar#1 
[Elysia/DEBUG] Increasing refcount of int object
[Elysia/DEBUG] Address: 0x1598040c0
[Elysia/DEBUG] Performing: push_integer int(0) 
[Elysia/DEBUG] Performing: less_than 
[Elysia/DEBUG] Decreasing refcount of int object
[Elysia/DEBUG] Address: 0x1598040c0
[Elysia/DEBUG] Performing: jump_if_true codeBlock#1 
[Elysia/DEBUG] Performing: load_local localVar#1 
[Elysia/DEBUG] Increasing refcount of int object
[Elysia/DEBUG] Address: 0x1598040c0
[Elysia/DEBUG] Performing: load_local localVar#0 
[Elysia/DEBUG] Performing: load_member index(1) 
[Elysia/DEBUG] Increasing refcount of unsigned object
[Elysia/DEBUG] Address: 0x159904230
[Elysia/DEBUG] Performing: basic_cast_int 
[Elysia/DEBUG] Decreasing refcount of unsigned object
[Elysia/DEBUG] Address: 0x159904230
[Elysia/DEBUG] Performing: greater_equal 
[Elysia/DEBUG] Decreasing refcount of int object
[Elysia/DEBUG] Address: 0x1598040c0
[Elysia/DEBUG] Performing: jump_if_true codeBlock#1 
[Elysia/DEBUG] Performing: jump codeBlock#2 
[Elysia/DEBUG] Performing: push_boolean bool(false) 
[Elysia/DEBUG] Performing: jump codeBlock#3 
[Elysia/DEBUG] Performing: jump_if_true codeBlock#4 
[Elysia/DEBUG] Performing: jump codeBlock#5 
[Elysia/DEBUG] Performing: load_local localVar#0 
[Elysia/DEBUG] Performing: load_member index(0) 
[Elysia/DEBUG] Entering function array_char[]_gc_refcount_increase
[Elysia/DEBUG] Performing: load_local localVar#1 
[Elysia/DEBUG] Increasing refcount of int object
[Elysia/DEBUG] Address: 0x1598040c0
[Elysia/DEBUG] Performing: basic_cast_unsigned 
[Elysia/DEBUG] Decreasing refcount of int object
[Elysia/DEBUG] Address: 0x1598040c0
[Elysia/DEBUG] Performing: load_element 
[Elysia/DEBUG] Entering function array_char[]_gc_refcount_decrease
[Elysia/DEBUG] Performing: ret 
[Elysia/DEBUG] Decreasing refcount of int object
[Elysia/DEBUG] Address: 0x1598040c0
[Elysia/DEBUG] Performing: equal 
[Elysia/DEBUG] Decreasing refcount of char object
[Elysia/DEBUG] Address: 0x159804080
[Elysia/DEBUG] Decreasing refcount of char object
[Elysia/DEBUG] Address: 0x159a04080
[Elysia/DEBUG] Performing: jump_if_true codeBlock#15 
[Elysia/DEBUG] Performing: load_local localVar#5 
[Elysia/DEBUG] Increasing refcount of int object
[Elysia/DEBUG] Address: 0x1598040a0
[Elysia/DEBUG] Performing: push_integer int(1) 
[Elysia/DEBUG] Performing: add 
[Elysia/DEBUG] Decreasing refcount of int object
[Elysia/DEBUG] Address: 0x1598040a0
[Elysia/DEBUG] Performing: store_local localVar#5 
[Elysia/DEBUG] Decreasing refcount of int object
[Elysia/DEBUG] Address: 0x1598040a0
[Elysia/DEBUG] Performing: load_local localVar#6 
[Elysia/DEBUG] Performing: push_integer int(1) 
[Elysia/DEBUG] Performing: add 
[Elysia/DEBUG] Performing: store_local localVar#6 
[Elysia/DEBUG] Performing: jump codeBlock#16 
[Elysia/DEBUG] Performing: load_local localVar#6 
[Elysia/DEBUG] Performing: load_local localVar#1 
[Elysia/DEBUG] Performing: load_member index(1) 
[Elysia/DEBUG] Increasing refcount of unsigned object
[Elysia/DEBUG] Address: 0x159904230
[Elysia/DEBUG] Performing: basic_cast_int 
[Elysia/DEBUG] Decreasing refcount of unsigned object
[Elysia/DEBUG] Address: 0x159904230
[Elysia/DEBUG] Performing: equal 
[Elysia/DEBUG] Performing: jump_if_true codeBlock#19 
[Elysia/DEBUG] Performing: jump codeBlock#20 
[Elysia/DEBUG] Performing: jump codeBlock#12 
[Elysia/DEBUG] Performing: load_local localVar#5 
[Elysia/DEBUG] Increasing refcount of int object
[Elysia/DEBUG] Address: 0x159a04080
[Elysia/DEBUG] Performing: load_local localVar#0 
[Elysia/DEBUG] Performing: load_member index(1) 
[Elysia/DEBUG] Increasing refcount of unsigned object
[Elysia/DEBUG] Address: 0x159904280
[Elysia/DEBUG] Performing: basic_cast_int 
[Elysia/DEBUG] Decreasing refcount of unsigned object
[Elysia/DEBUG] Address: 0x159904280
[Elysia/DEBUG] Performing: less_than 
[Elysia/DEBUG] Decreasing refcount of int object
[Elysia/DEBUG] Address: 0x159a04080
[Elysia/DEBUG] Performing: jump_if_true codeBlock#13 
[Elysia/DEBUG] Performing: load_local localVar#0 
[Elysia/DEBUG] Performing: load_local localVar#5 
[Elysia/DEBUG] Increasing refcount of int object
[Elysia/DEBUG] Address: 0x159a04080
[Elysia/DEBUG] Performing: invoke index(3782547968) index(37) index(2) 
[Elysia/DEBUG] Entering function 1_Str::operator[]#struct#1#0#int
[Elysia/DEBUG] Performing: load_local localVar#1 
[Elysia/DEBUG] Increasing refcount of int object
[Elysia/DEBUG] Address: 0x159a04080
[Elysia/DEBUG] Performing: push_integer int(0) 
[Elysia/DEBUG] Performing: less_than 
[Elysia/DEBUG] Decreasing refcount of int object
[Elysia/DEBUG] Address: 0x159a04080
[Elysia/DEBUG] Performing: jump_if_true codeBlock#1 
[Elysia/DEBUG] Performing: load_local localVar#1 
[Elysia/DEBUG] Increasing refcount of int object
[Elysia/DEBUG] Address: 0x159a04080
[Elysia/DEBUG] Performing: load_local localVar#0 
[Elysia/DEBUG] Performing: load_member index(1) 
[Elysia/DEBUG] Increasing refcount of unsigned object
[Elysia/DEBUG] Address: 0x159904280
[Elysia/DEBUG] Performing: basic_cast_int 
[Elysia/DEBUG] Decreasing refcount of unsigned object
[Elysia/DEBUG] Address: 0x159904280
[Elysia/DEBUG] Performing: greater_equal 
[Elysia/DEBUG] Decreasing refcount of int object
[Elysia/DEBUG] Address: 0x159a04080
[Elysia/DEBUG] Performing: jump_if_true codeBlock#1 
[Elysia/DEBUG] Performing: jump codeBlock#2 
[Elysia/DEBUG] Performing: push_boolean bool(false) 
[Elysia/DEBUG] Performing: jump codeBlock#3 
[Elysia/DEBUG] Performing: jump_if_true codeBlock#4 
[Elysia/DEBUG] Performing: jump codeBlock#5 
[Elysia/DEBUG] Performing: load_local localVar#0 
[Elysia/DEBUG] Performing: load_member index(0) 
[Elysia/DEBUG] Entering function array_char[]_gc_refcount_increase
[Elysia/DEBUG] Performing: load_local localVar#1 
[Elysia/DEBUG] Increasing refcount of int object
[Elysia/DEBUG] Address: 0x159a04080
[Elysia/DEBUG] Performing: basic_cast_unsigned 
[Elysia/DEBUG] Decreasing refcount of int object
[Elysia/DEBUG] Address: 0x159a04080
[Elysia/DEBUG] Performing: load_element 
[Elysia/DEBUG] Entering function array_char[]_gc_refcount_decrease
[Elysia/DEBUG] Performing: ret 
[Elysia/DEBUG] Decreasing refcount of int object
[Elysia/DEBUG] Address: 0x159a04080
[Elysia/DEBUG] Performing: load_local localVar#1 
[Elysia/DEBUG] Performing: load_local localVar#6 
[Elysia/DEBUG] Performing: invoke index(3782547968) index(37) index(2) 
[Elysia/DEBUG] Entering function 1_Str::operator[]#struct#1#0#int
[Elysia/DEBUG] Performing: load_local localVar#1 
[Elysia/DEBUG] Increasing refcount of int object
[Elysia/DEBUG] Address: 0x159804080
[Elysia/DEBUG] Performing: push_integer int(0) 
[Elysia/DEBUG] Performing: less_than 
[Elysia/DEBUG] Decreasing refcount of int object
[Elysia/DEBUG] Address: 0x159804080
[Elysia/DEBUG] Performing: jump_if_true codeBlock#1 
[Elysia/DEBUG] Performing: load_local localVar#1 
[Elysia/DEBUG] Increasing refcount of int object
[Elysia/DEBUG] Address: 0x159804080
[Elysia/DEBUG] Performing: load_local localVar#0 
[Elysia/DEBUG] Performing: load_member index(1) 
[Elysia/DEBUG] Increasing refcount of unsigned object
[Elysia/DEBUG] Address: 0x159904230
[Elysia/DEBUG] Performing: basic_cast_int 
[Elysia/DEBUG] Decreasing refcount of unsigned object
[Elysia/DEBUG] Address: 0x159904230
[Elysia/DEBUG] Performing: greater_equal 
[Elysia/DEBUG] Decreasing refcount of int object
[Elysia/DEBUG] Address: 0x159804080
[Elysia/DEBUG] Performing: jump_if_true codeBlock#1 
[Elysia/DEBUG] Performing: jump codeBlock#2 
[Elysia/DEBUG] Performing: push_boolean bool(false) 
[Elysia/DEBUG] Performing: jump codeBlock#3 
[Elysia/DEBUG] Performing: jump_if_true codeBlock#4 
[Elysia/DEBUG] Performing: jump codeBlock#5 
[Elysia/DEBUG] Performing: load_local localVar#0 
[Elysia/DEBUG] Performing: load_member index(0) 
[Elysia/DEBUG] Entering function array_char[]_gc_refcount_increase
[Elysia/DEBUG] Performing: load_local localVar#1 
[Elysia/DEBUG] Increasing refcount of int object
[Elysia/DEBUG] Address: 0x159804080
[Elysia/DEBUG] Performing: basic_cast_unsigned 
[Elysia/DEBUG] Decreasing refcount of int object
[Elysia/DEBUG] Address: 0x159804080
[Elysia/DEBUG] Performing: load_element 
[Elysia/DEBUG] Entering function array_char[]_gc_refcount_decrease
[Elysia/DEBUG] Performing: ret 
[Elysia/DEBUG] Decreasing refcount of int object
[Elysia/DEBUG] Address: 0x159804080
[Elysia/DEBUG] Performing: equal 
[Elysia/DEBUG] Decreasing refcount of char object
[Elysia/DEBUG] Address: 0x1598040a0
[Elysia/DEBUG] Decreasing refcount of char object
[Elysia/DEBUG] Address: 0x159804080
[Elysia/DEBUG] Performing: jump_if_true codeBlock#15 
[Elysia/DEBUG] Performing: load_local localVar#5 
[Elysia/DEBUG] Increasing refcount of int object
[Elysia/DEBUG] Address: 0x159a04080
[Elysia/DEBUG] Performing: push_integer int(1) 
[Elysia/DEBUG] Performing: add 
[Elysia/DEBUG] Decreasing refcount of int object
[Elysia/DEBUG] Address: 0x159a04080
[Elysia/DEBUG] Performing: store_local localVar#5 
[Elysia/DEBUG] Decreasing refcount of int object
[Elysia/DEBUG] Address: 0x159a04080
[Elysia/DEBUG] Performing: load_local localVar#6 
[Elysia/DEBUG] Performing: push_integer int(1) 
[Elysia/DEBUG] Performing: add 
[Elysia/DEBUG] Performing: store_local localVar#6 
[Elysia/DEBUG] Performing: jump codeBlock#16 
[Elysia/DEBUG] Performing: load_local localVar#6 
[Elysia/DEBUG] Performing: load_local localVar#1 
[Elysia/DEBUG] Performing: load_member index(1) 
[Elysia/DEBUG] Increasing refcount of unsigned object
[Elysia/DEBUG] Address: 0x159904230
[Elysia/DEBUG] Performing: basic_cast_int 
[Elysia/DEBUG] Decreasing refcount of unsigned object
[Elysia/DEBUG] Address: 0x159904230
[Elysia/DEBUG] Performing: equal 
[Elysia/DEBUG] Performing: jump_if_true codeBlock#19 
[Elysia/DEBUG] Performing: jump codeBlock#20 
[Elysia/DEBUG] Performing: jump codeBlock#12 
[Elysia/DEBUG] Performing: load_local localVar#5 
[Elysia/DEBUG] Increasing refcount of int object
[Elysia/DEBUG] Address: 0x159804080
[Elysia/DEBUG] Performing: load_local localVar#0 
[Elysia/DEBUG] Performing: load_member index(1) 
[Elysia/DEBUG] Increasing refcount of unsigned object
[Elysia/DEBUG] Address: 0x159904280
[Elysia/DEBUG] Performing: basic_cast_int 
[Elysia/DEBUG] Decreasing refcount of unsigned object
[Elysia/DEBUG] Address: 0x159904280
[Elysia/DEBUG] Performing: less_than 
[Elysia/DEBUG] Decreasing refcount of int object
[Elysia/DEBUG] Address: 0x159804080
[Elysia/DEBUG] Performing: jump_if_true codeBlock#13 
[Elysia/DEBUG] Performing: load_local localVar#0 
[Elysia/DEBUG] Performing: load_local localVar#5 
[Elysia/DEBUG] Increasing refcount of int object
[Elysia/DEBUG] Address: 0x159804080
[Elysia/DEBUG] Performing: invoke index(3782547968) index(37) index(2) 
[Elysia/DEBUG] Entering function 1_Str::operator[]#struct#1#0#int
[Elysia/DEBUG] Performing: load_local localVar#1 
[Elysia/DEBUG] Increasing refcount of int object
[Elysia/DEBUG] Address: 0x159804080
[Elysia/DEBUG] Performing: push_integer int(0) 
[Elysia/DEBUG] Performing: less_than 
[Elysia/DEBUG] Decreasing refcount of int object
[Elysia/DEBUG] Address: 0x159804080
[Elysia/DEBUG] Performing: jump_if_true codeBlock#1 
[Elysia/DEBUG] Performing: load_local localVar#1 
[Elysia/DEBUG] Increasing refcount of int object
[Elysia/DEBUG] Address: 0x159804080
[Elysia/DEBUG] Performing: load_local localVar#0 
[Elysia/DEBUG] Performing: load_member index(1) 
[Elysia/DEBUG] Increasing refcount of unsigned object
[Elysia/DEBUG] Address: 0x159904280
[Elysia/DEBUG] Performing: basic_cast_int 
[Elysia/DEBUG] Decreasing refcount of unsigned object
[Elysia/DEBUG] Address: 0x159904280
[Elysia/DEBUG] Performing: greater_equal 
[Elysia/DEBUG] Decreasing refcount of int object
[Elysia/DEBUG] Address: 0x159804080
[Elysia/DEBUG] Performing: jump_if_true codeBlock#1 
[Elysia/DEBUG] Performing: jump codeBlock#2 
[Elysia/DEBUG] Performing: push_boolean bool(false) 
[Elysia/DEBUG] Performing: jump codeBlock#3 
[Elysia/DEBUG] Performing: jump_if_true codeBlock#4 
[Elysia/DEBUG] Performing: jump codeBlock#5 
[Elysia/DEBUG] Performing: load_local localVar#0 
[Elysia/DEBUG] Performing: load_member index(0) 
[Elysia/DEBUG] Entering function array_char[]_gc_refcount_increase
[Elysia/DEBUG] Performing: load_local localVar#1 
[Elysia/DEBUG] Increasing refcount of int object
[Elysia/DEBUG] Address: 0x159804080
[Elysia/DEBUG] Performing: basic_cast_unsigned 
[Elysia/DEBUG] Decreasing refcount of int object
[Elysia/DEBUG] Address: 0x159804080
[Elysia/DEBUG] Performing: load_element 
[Elysia/DEBUG] Entering function array_char[]_gc_refcount_decrease
[Elysia/DEBUG] Performing: ret 
[Elysia/DEBUG] Decreasing refcount of int object
[Elysia/DEBUG] Address: 0x159804080
[Elysia/DEBUG] Performing: load_local localVar#1 
[Elysia/DEBUG] Performing: load_local localVar#6 
[Elysia/DEBUG] Performing: invoke index(3782547968) index(37) index(2) 
[Elysia/DEBUG] Entering function 1_Str::operator[]#struct#1#0#int
[Elysia/DEBUG] Performing: load_local localVar#1 
[Elysia/DEBUG] Increasing refcount of int object
[Elysia/DEBUG] Address: 0x1598040c0
[Elysia/DEBUG] Performing: push_integer int(0) 
[Elysia/DEBUG] Performing: less_than 
[Elysia/DEBUG] Decreasing refcount of int object
[Elysia/DEBUG] Address: 0x1598040c0
[Elysia/DEBUG] Performing: jump_if_true codeBlock#1 
[Elysia/DEBUG] Performing: load_local localVar#1 
[Elysia/DEBUG] Increasing refcount of int object
[Elysia/DEBUG] Address: 0x1598040c0
[Elysia/DEBUG] Performing: load_local localVar#0 
[Elysia/DEBUG] Performing: load_member index(1) 
[Elysia/DEBUG] Increasing refcount of unsigned object
[Elysia/DEBUG] Address: 0x159904230
[Elysia/DEBUG] Performing: basic_cast_int 
[Elysia/DEBUG] Decreasing refcount of unsigned object
[Elysia/DEBUG] Address: 0x159904230
[Elysia/DEBUG] Performing: greater_equal 
[Elysia/DEBUG] Decreasing refcount of int object
[Elysia/DEBUG] Address: 0x1598040c0
[Elysia/DEBUG] Performing: jump_if_true codeBlock#1 
[Elysia/DEBUG] Performing: jump codeBlock#2 
[Elysia/DEBUG] Performing: push_boolean bool(false) 
[Elysia/DEBUG] Performing: jump codeBlock#3 
[Elysia/DEBUG] Performing: jump_if_true codeBlock#4 
[Elysia/DEBUG] Performing: jump codeBlock#5 
[Elysia/DEBUG] Performing: load_local localVar#0 
[Elysia/DEBUG] Performing: load_member index(0) 
[Elysia/DEBUG] Entering function array_char[]_gc_refcount_increase
[Elysia/DEBUG] Performing: load_local localVar#1 
[Elysia/DEBUG] Increasing refcount of int object
[Elysia/DEBUG] Address: 0x1598040c0
[Elysia/DEBUG] Performing: basic_cast_unsigned 
[Elysia/DEBUG] Decreasing refcount of int object
[Elysia/DEBUG] Address: 0x1598040c0
[Elysia/DEBUG] Performing: load_element 
[Elysia/DEBUG] Entering function array_char[]_gc_refcount_decrease
[Elysia/DEBUG] Performing: ret 
[Elysia/DEBUG] Decreasing refcount of int object
[Elysia/DEBUG] Address: 0x1598040c0
[Elysia/DEBUG] Performing: equal 
[Elysia/DEBUG] Decreasing refcount of char object
[Elysia/DEBUG] Address: 0x1598040a0
[Elysia/DEBUG] Decreasing refcount of char object
[Elysia/DEBUG] Address: 0x1598040c0
[Elysia/DEBUG] Performing: jump_if_true codeBlock#15 
[Elysia/DEBUG] Performing: load_local localVar#5 
[Elysia/DEBUG] Increasing refcount of int object
[Elysia/DEBUG] Address: 0x159804080
[Elysia/DEBUG] Performing: push_integer int(1) 
[Elysia/DEBUG] Performing: add 
[Elysia/DEBUG] Decreasing refcount of int object
[Elysia/DEBUG] Address: 0x159804080
[Elysia/DEBUG] Performing: store_local localVar#5 
[Elysia/DEBUG] Decreasing refcount of int object
[Elysia/DEBUG] Address: 0x159804080
[Elysia/DEBUG] Performing: load_local localVar#6 
[Elysia/DEBUG] Performing: push_integer int(1) 
[Elysia/DEBUG] Performing: add 
[Elysia/DEBUG] Performing: store_local localVar#6 
[Elysia/DEBUG] Performing: jump codeBlock#16 
[Elysia/DEBUG] Performing: load_local localVar#6 
[Elysia/DEBUG] Performing: load_local localVar#1 
[Elysia/DEBUG] Performing: load_member index(1) 
[Elysia/DEBUG] Increasing refcount of unsigned object
[Elysia/DEBUG] Address: 0x159904230
[Elysia/DEBUG] Performing: basic_cast_int 
[Elysia/DEBUG] Decreasing refcount of unsigned object
[Elysia/DEBUG] Address: 0x159904230
[Elysia/DEBUG] Performing: equal 
[Elysia/DEBUG] Performing: jump_if_true codeBlock#19 
[Elysia/DEBUG] Performing: load_local localVar#5 
[Elysia/DEBUG] Increasing refcount of int object
[Elysia/DEBUG] Address: 0x159804080
[Elysia/DEBUG] Performing: load_local localVar#6 
[Elysia/DEBUG] Performing: sub 
[Elysia/DEBUG] Decreasing refcount of int object
[Elysia/DEBUG] Address: 0x159804080
[Elysia/DEBUG] Performing: ret 
[Elysia/DEBUG] Decreasing refcount of int object
[Elysia/DEBUG] Address: 0x159904150
[Elysia/DEBUG] Entering function array_int[]_gc_refcount_decrease
[Elysia/DEBUG] Decreasing refcount of int object
[Elysia/DEBUG] Address: 0x159804080
[Elysia/DEBUG] Performing: store_local localVar#3 
[Elysia/DEBUG] Decreasing refcount of int object
[Elysia/DEBUG] Address: 0x159904320
[Elysia/DEBUG] Performing: load_local localVar#3 
[Elysia/DEBUG] Increasing refcount of int object
[Elysia/DEBUG] Address: 0x159804080
[Elysia/DEBUG] Performing: push_integer int(-1) 
[Elysia/DEBUG] Performing: not_equal 
[Elysia/DEBUG] Decreasing refcount of int object
[Elysia/DEBUG] Address: 0x159804080
[Elysia/DEBUG] Performing: jump_if_true codeBlock#4 
[Elysia/DEBUG] Performing: load_local localVar#2 
[Elysia/DEBUG] Performing: push_integer int(1) 
[Elysia/DEBUG] Performing: add 
[Elysia/DEBUG] Performing: store_local localVar#2 
[Elysia/DEBUG] Performing: load_local localVar#3 
[Elysia/DEBUG] Increasing refcount of int object
[Elysia/DEBUG] Address: 0x159804080
[Elysia/DEBUG] Performing: load_local localVar#1 
[Elysia/DEBUG] Performing: load_member index(1) 
[Elysia/DEBUG] Increasing refcount of unsigned object
[Elysia/DEBUG] Address: 0x159904230
[Elysia/DEBUG] Performing: basic_cast_int 
[Elysia/DEBUG] Decreasing refcount of unsigned object
[Elysia/DEBUG] Address: 0x159904230
[Elysia/DEBUG] Performing: add 
[Elysia/DEBUG] Decreasing refcount of int object
[Elysia/DEBUG] Address: 0x159804080
[Elysia/DEBUG] Performing: store_local localVar#4 
[Elysia/DEBUG] Decreasing refcount of int object
[Elysia/DEBUG] Address: 0x159904150
[Elysia/DEBUG] Performing: jump codeBlock#5 
[Elysia/DEBUG] Performing: jump codeBlock#1 
[Elysia/DEBUG] Performing: load_local localVar#3 
[Elysia/DEBUG] Increasing refcount of int object
[Elysia/DEBUG] Address: 0x159804080
[Elysia/DEBUG] Performing: push_integer int(-1) 
[Elysia/DEBUG] Performing: not_equal 
[Elysia/DEBUG] Decreasing refcount of int object
[Elysia/DEBUG] Address: 0x159804080
[Elysia/DEBUG] Performing: jump_if_true codeBlock#2 
[Elysia/DEBUG] Performing: load_local localVar#0 
[Elysia/DEBUG] Performing: load_local localVar#1 
[Elysia/DEBUG] Performing: load_local localVar#4 
[Elysia/DEBUG] Increasing refcount of int object
[Elysia/DEBUG] Address: 0x1598040a0
[Elysia/DEBUG] Performing: invoke index(3782547968) index(12) index(3) 
[Elysia/DEBUG] Entering function 1_Str::find#struct#1#0#int
[Elysia/DEBUG] Performing: load_local localVar#1 
[Elysia/DEBUG] Performing: load_member index(1) 
[Elysia/DEBUG] Increasing refcount of unsigned object
[Elysia/DEBUG] Address: 0x159904230
[Elysia/DEBUG] Performing: load_local localVar#0 
[Elysia/DEBUG] Performing: load_member index(1) 
[Elysia/DEBUG] Increasing refcount of unsigned object
[Elysia/DEBUG] Address: 0x159904280
[Elysia/DEBUG] Performing: greater_than 
[Elysia/DEBUG] Decreasing refcount of unsigned object
[Elysia/DEBUG] Address: 0x159904230
[Elysia/DEBUG] Decreasing refcount of unsigned object
[Elysia/DEBUG] Address: 0x159904280
[Elysia/DEBUG] Performing: jump_if_true codeBlock#1 
[Elysia/DEBUG] Performing: jump codeBlock#2 
[Elysia/DEBUG] Performing: push_integer int(0) 
[Elysia/DEBUG] Performing: load_local localVar#1 
[Elysia/DEBUG] Performing: load_member index(1) 
[Elysia/DEBUG] Increasing refcount of unsigned object
[Elysia/DEBUG] Address: 0x159904230
[Elysia/DEBUG] Performing: new_dynamic_array_int index(1) 
[Elysia/DEBUG] Decreasing refcount of unsigned object
[Elysia/DEBUG] Address: 0x159904230
[Elysia/DEBUG] Performing: store_local localVar#3 
[Elysia/DEBUG] Entering function array_int[]_gc_refcount_decrease
[Elysia/DEBUG] Performing: push_integer int(0) 
[Elysia/DEBUG] Performing: store_local localVar#4 
[Elysia/DEBUG] Performing: push_integer int(1) 
[Elysia/DEBUG] Performing: store_local localVar#5 
[Elysia/DEBUG] Performing: jump codeBlock#3 
[Elysia/DEBUG] Performing: load_local localVar#5 
[Elysia/DEBUG] Increasing refcount of int object
[Elysia/DEBUG] Address: 0x159804100
[Elysia/DEBUG] Performing: load_local localVar#1 
[Elysia/DEBUG] Performing: load_member index(1) 
[Elysia/DEBUG] Increasing refcount of unsigned object
[Elysia/DEBUG] Address: 0x159904230
[Elysia/DEBUG] Performing: basic_cast_int 
[Elysia/DEBUG] Decreasing refcount of unsigned object
[Elysia/DEBUG] Address: 0x159904230
[Elysia/DEBUG] Performing: less_than 
[Elysia/DEBUG] Decreasing refcount of int object
[Elysia/DEBUG] Address: 0x159804100
[Elysia/DEBUG] Performing: jump_if_true codeBlock#4 
[Elysia/DEBUG] Performing: load_local localVar#1 
[Elysia/DEBUG] Performing: load_local localVar#5 
[Elysia/DEBUG] Increasing refcount of int object
[Elysia/DEBUG] Address: 0x159804100
[Elysia/DEBUG] Performing: invoke index(3782547968) index(37) index(2) 
[Elysia/DEBUG] Entering function 1_Str::operator[]#struct#1#0#int
[Elysia/DEBUG] Performing: load_local localVar#1 
[Elysia/DEBUG] Increasing refcount of int object
[Elysia/DEBUG] Address: 0x159804100
[Elysia/DEBUG] Performing: push_integer int(0) 
[Elysia/DEBUG] Performing: less_than 
[Elysia/DEBUG] Decreasing refcount of int object
[Elysia/DEBUG] Address: 0x159804100
[Elysia/DEBUG] Performing: jump_if_true codeBlock#1 
[Elysia/DEBUG] Performing: load_local localVar#1 
[Elysia/DEBUG] Increasing refcount of int object
[Elysia/DEBUG] Address: 0x159804100
[Elysia/DEBUG] Performing: load_local localVar#0 
[Elysia/DEBUG] Performing: load_member index(1) 
[Elysia/DEBUG] Increasing refcount of unsigned object
[Elysia/DEBUG] Address: 0x159904230
[Elysia/DEBUG] Performing: basic_cast_int 
[Elysia/DEBUG] Decreasing refcount of unsigned object
[Elysia/DEBUG] Address: 0x159904230
[Elysia/DEBUG] Performing: greater_equal 
[Elysia/DEBUG] Decreasing refcount of int object
[Elysia/DEBUG] Address: 0x159804100
[Elysia/DEBUG] Performing: jump_if_true codeBlock#1 
[Elysia/DEBUG] Performing: jump codeBlock#2 
[Elysia/DEBUG] Performing: push_boolean bool(false) 
[Elysia/DEBUG] Performing: jump codeBlock#3 
[Elysia/DEBUG] Performing: jump_if_true codeBlock#4 
[Elysia/DEBUG] Performing: jump codeBlock#5 
[Elysia/DEBUG] Performing: load_local localVar#0 
[Elysia/DEBUG] Performing: load_member index(0) 
[Elysia/DEBUG] Entering function array_char[]_gc_refcount_increase
[Elysia/DEBUG] Performing: load_local localVar#1 
[Elysia/DEBUG] Increasing refcount of int object
[Elysia/DEBUG] Address: 0x159804100
[Elysia/DEBUG] Performing: basic_cast_unsigned 
[Elysia/DEBUG] Decreasing refcount of int object
[Elysia/DEBUG] Address: 0x159804100
[Elysia/DEBUG] Performing: load_element 
[Elysia/DEBUG] Entering function array_char[]_gc_refcount_decrease
[Elysia/DEBUG] Performing: ret 
[Elysia/DEBUG] Decreasing refcount of int object
[Elysia/DEBUG] Address: 0x159804100
[Elysia/DEBUG] Performing: load_local localVar#1 
[Elysia/DEBUG] Performing: load_local localVar#4 
[Elysia/DEBUG] Performing: invoke index(3782547968) index(37) index(2) 
[Elysia/DEBUG] Entering function 1_Str::operator[]#struct#1#0#int
[Elysia/DEBUG] Performing: load_local localVar#1 
[Elysia/DEBUG] Increasing refcount of int object
[Elysia/DEBUG] Address: 0x159804140
[Elysia/DEBUG] Performing: push_integer int(0) 
[Elysia/DEBUG] Performing: less_than 
[Elysia/DEBUG] Decreasing refcount of int object
[Elysia/DEBUG] Address: 0x159804140
[Elysia/DEBUG] Performing: jump_if_true codeBlock#1 
[Elysia/DEBUG] Performing: load_local localVar#1 
[Elysia/DEBUG] Increasing refcount of int object
[Elysia/DEBUG] Address: 0x159804140
[Elysia/DEBUG] Performing: load_local localVar#0 
[Elysia/DEBUG] Performing: load_member index(1) 
[Elysia/DEBUG] Increasing refcount of unsigned object
[Elysia/DEBUG] Address: 0x159904230
[Elysia/DEBUG] Performing: basic_cast_int 
[Elysia/DEBUG] Decreasing refcount of unsigned object
[Elysia/DEBUG] Address: 0x159904230
[Elysia/DEBUG] Performing: greater_equal 
[Elysia/DEBUG] Decreasing refcount of int object
[Elysia/DEBUG] Address: 0x159804140
[Elysia/DEBUG] Performing: jump_if_true codeBlock#1 
[Elysia/DEBUG] Performing: jump codeBlock#2 
[Elysia/DEBUG] Performing: push_boolean bool(false) 
[Elysia/DEBUG] Performing: jump codeBlock#3 
[Elysia/DEBUG] Performing: jump_if_true codeBlock#4 
[Elysia/DEBUG] Performing: jump codeBlock#5 
[Elysia/DEBUG] Performing: load_local localVar#0 
[Elysia/DEBUG] Performing: load_member index(0) 
[Elysia/DEBUG] Entering function array_char[]_gc_refcount_increase
[Elysia/DEBUG] Performing: load_local localVar#1 
[Elysia/DEBUG] Increasing refcount of int object
[Elysia/DEBUG] Address: 0x159804140
[Elysia/DEBUG] Performing: basic_cast_unsigned 
[Elysia/DEBUG] Decreasing refcount of int object
[Elysia/DEBUG] Address: 0x159804140
[Elysia/DEBUG] Performing: load_element 
[Elysia/DEBUG] Entering function array_char[]_gc_refcount_decrease
[Elysia/DEBUG] Performing: ret 
[Elysia/DEBUG] Decreasing refcount of int object
[Elysia/DEBUG] Address: 0x159804140
[Elysia/DEBUG] Performing: equal 
[Elysia/DEBUG] Decreasing refcount of char object
[Elysia/DEBUG] Address: 0x159804120
[Elysia/DEBUG] Decreasing refcount of char object
[Elysia/DEBUG] Address: 0x159804140
[Elysia/DEBUG] Performing: jump_if_true codeBlock#6 
[Elysia/DEBUG] Performing: jump codeBlock#8 
[Elysia/DEBUG] Performing: load_local localVar#4 
[Elysia/DEBUG] Performing: push_integer int(0) 
[Elysia/DEBUG] Performing: equal 
[Elysia/DEBUG] Performing: jump_if_true codeBlock#9 
[Elysia/DEBUG] Performing: push_integer int(0) 
[Elysia/DEBUG] Performing: load_local localVar#3 
[Elysia/DEBUG] Entering function array_int[]_gc_refcount_increase
[Elysia/DEBUG] Performing: push_unsigned unsigned(0) 
[Elysia/DEBUG] Performing: load_local localVar#5 
[Elysia/DEBUG] Increasing refcount of int object
[Elysia/DEBUG] Address: 0x159804100
[Elysia/DEBUG] Performing: basic_cast_unsigned 
[Elysia/DEBUG] Decreasing refcount of int object
[Elysia/DEBUG] Address: 0x159804100
[Elysia/DEBUG] Performing: push_unsigned unsigned(1) 
[Elysia/DEBUG] Performing: mul 
[Elysia/DEBUG] Performing: add 
[Elysia/DEBUG] Performing: store_element unknown 
[Elysia/DEBUG] Entering function array_int[]_gc_refcount_decrease
[Elysia/DEBUG] Performing: load_local localVar#3 
[Elysia/DEBUG] Entering function array_int[]_gc_refcount_increase
[Elysia/DEBUG] Performing: push_unsigned unsigned(0) 
[Elysia/DEBUG] Performing: load_local localVar#5 
[Elysia/DEBUG] Increasing refcount of int object
[Elysia/DEBUG] Address: 0x159804100
[Elysia/DEBUG] Performing: basic_cast_unsigned 
[Elysia/DEBUG] Decreasing refcount of int object
[Elysia/DEBUG] Address: 0x159804100
[Elysia/DEBUG] Performing: push_unsigned unsigned(1) 
[Elysia/DEBUG] Performing: mul 
[Elysia/DEBUG] Performing: add 
[Elysia/DEBUG] Performing: load_element 
[Elysia/DEBUG] Entering function array_int[]_gc_refcount_decrease
[Elysia/DEBUG] Performing: pop 
[Elysia/DEBUG] Popped value: loaded_val340
[Elysia/DEBUG] Performing: load_local localVar#5 
[Elysia/DEBUG] Increasing refcount of int object
[Elysia/DEBUG] Address: 0x159804100
[Elysia/DEBUG] Performing: push_integer int(1) 
[Elysia/DEBUG] Performing: add 
[Elysia/DEBUG] Decreasing refcount of int object
[Elysia/DEBUG] Address: 0x159804100
[Elysia/DEBUG] Performing: store_local localVar#5 
[Elysia/DEBUG] Decreasing refcount of int object
[Elysia/DEBUG] Address: 0x159804100
[Elysia/DEBUG] Performing: jump codeBlock#10 
[Elysia/DEBUG] Performing: jump codeBlock#7 
[Elysia/DEBUG] Performing: jump codeBlock#3 
[Elysia/DEBUG] Performing: load_local localVar#5 
[Elysia/DEBUG] Increasing refcount of int object
[Elysia/DEBUG] Address: 0x159804100
[Elysia/DEBUG] Performing: load_local localVar#1 
[Elysia/DEBUG] Performing: load_member index(1) 
[Elysia/DEBUG] Increasing refcount of unsigned object
[Elysia/DEBUG] Address: 0x159904230
[Elysia/DEBUG] Performing: basic_cast_int 
[Elysia/DEBUG] Decreasing refcount of unsigned object
[Elysia/DEBUG] Address: 0x159904230
[Elysia/DEBUG] Performing: less_than 
[Elysia/DEBUG] Decreasing refcount of int object
[Elysia/DEBUG] Address: 0x159804100
[Elysia/DEBUG] Performing: jump_if_true codeBlock#4 
[Elysia/DEBUG] Performing: load_local localVar#1 
[Elysia/DEBUG] Performing: load_local localVar#5 
[Elysia/DEBUG] Increasing refcount of int object
[Elysia/DEBUG] Address: 0x159804100
[Elysia/DEBUG] Performing: invoke index(3782547968) index(37) index(2) 
[Elysia/DEBUG] Entering function 1_Str::operator[]#struct#1#0#int
[Elysia/DEBUG] Performing: load_local localVar#1 
[Elysia/DEBUG] Increasing refcount of int object
[Elysia/DEBUG] Address: 0x159804100
[Elysia/DEBUG] Performing: push_integer int(0) 
[Elysia/DEBUG] Performing: less_than 
[Elysia/DEBUG] Decreasing refcount of int object
[Elysia/DEBUG] Address: 0x159804100
[Elysia/DEBUG] Performing: jump_if_true codeBlock#1 
[Elysia/DEBUG] Performing: load_local localVar#1 
[Elysia/DEBUG] Increasing refcount of int object
[Elysia/DEBUG] Address: 0x159804100
[Elysia/DEBUG] Performing: load_local localVar#0 
[Elysia/DEBUG] Performing: load_member index(1) 
[Elysia/DEBUG] Increasing refcount of unsigned object
[Elysia/DEBUG] Address: 0x159904230
[Elysia/DEBUG] Performing: basic_cast_int 
[Elysia/DEBUG] Decreasing refcount of unsigned object
[Elysia/DEBUG] Address: 0x159904230
[Elysia/DEBUG] Performing: greater_equal 
[Elysia/DEBUG] Decreasing refcount of int object
[Elysia/DEBUG] Address: 0x159804100
[Elysia/DEBUG] Performing: jump_if_true codeBlock#1 
[Elysia/DEBUG] Performing: jump codeBlock#2 
[Elysia/DEBUG] Performing: push_boolean bool(false) 
[Elysia/DEBUG] Performing: jump codeBlock#3 
[Elysia/DEBUG] Performing: jump_if_true codeBlock#4 
[Elysia/DEBUG] Performing: jump codeBlock#5 
[Elysia/DEBUG] Performing: load_local localVar#0 
[Elysia/DEBUG] Performing: load_member index(0) 
[Elysia/DEBUG] Entering function array_char[]_gc_refcount_increase
[Elysia/DEBUG] Performing: load_local localVar#1 
[Elysia/DEBUG] Increasing refcount of int object
[Elysia/DEBUG] Address: 0x159804100
[Elysia/DEBUG] Performing: basic_cast_unsigned 
[Elysia/DEBUG] Decreasing refcount of int object
[Elysia/DEBUG] Address: 0x159804100
[Elysia/DEBUG] Performing: load_element 
[Elysia/DEBUG] Entering function array_char[]_gc_refcount_decrease
[Elysia/DEBUG] Performing: ret 
[Elysia/DEBUG] Decreasing refcount of int object
[Elysia/DEBUG] Address: 0x159804100
[Elysia/DEBUG] Performing: load_local localVar#1 
[Elysia/DEBUG] Performing: load_local localVar#4 
[Elysia/DEBUG] Performing: invoke index(3782547968) index(37) index(2) 
[Elysia/DEBUG] Entering function 1_Str::operator[]#struct#1#0#int
[Elysia/DEBUG] Performing: load_local localVar#1 
[Elysia/DEBUG] Increasing refcount of int object
[Elysia/DEBUG] Address: 0x159804140
[Elysia/DEBUG] Performing: push_integer int(0) 
[Elysia/DEBUG] Performing: less_than 
[Elysia/DEBUG] Decreasing refcount of int object
[Elysia/DEBUG] Address: 0x159804140
[Elysia/DEBUG] Performing: jump_if_true codeBlock#1 
[Elysia/DEBUG] Performing: load_local localVar#1 
[Elysia/DEBUG] Increasing refcount of int object
[Elysia/DEBUG] Address: 0x159804140
[Elysia/DEBUG] Performing: load_local localVar#0 
[Elysia/DEBUG] Performing: load_member index(1) 
[Elysia/DEBUG] Increasing refcount of unsigned object
[Elysia/DEBUG] Address: 0x159904230
[Elysia/DEBUG] Performing: basic_cast_int 
[Elysia/DEBUG] Decreasing refcount of unsigned object
[Elysia/DEBUG] Address: 0x159904230
[Elysia/DEBUG] Performing: greater_equal 
[Elysia/DEBUG] Decreasing refcount of int object
[Elysia/DEBUG] Address: 0x159804140
[Elysia/DEBUG] Performing: jump_if_true codeBlock#1 
[Elysia/DEBUG] Performing: jump codeBlock#2 
[Elysia/DEBUG] Performing: push_boolean bool(false) 
[Elysia/DEBUG] Performing: jump codeBlock#3 
[Elysia/DEBUG] Performing: jump_if_true codeBlock#4 
[Elysia/DEBUG] Performing: jump codeBlock#5 
[Elysia/DEBUG] Performing: load_local localVar#0 
[Elysia/DEBUG] Performing: load_member index(0) 
[Elysia/DEBUG] Entering function array_char[]_gc_refcount_increase
[Elysia/DEBUG] Performing: load_local localVar#1 
[Elysia/DEBUG] Increasing refcount of int object
[Elysia/DEBUG] Address: 0x159804140
[Elysia/DEBUG] Performing: basic_cast_unsigned 
[Elysia/DEBUG] Decreasing refcount of int object
[Elysia/DEBUG] Address: 0x159804140
[Elysia/DEBUG] Performing: load_element 
[Elysia/DEBUG] Entering function array_char[]_gc_refcount_decrease
[Elysia/DEBUG] Performing: ret 
[Elysia/DEBUG] Decreasing refcount of int object
[Elysia/DEBUG] Address: 0x159804140
[Elysia/DEBUG] Performing: equal 
[Elysia/DEBUG] Decreasing refcount of char object
[Elysia/DEBUG] Address: 0x159804120
[Elysia/DEBUG] Decreasing refcount of char object
[Elysia/DEBUG] Address: 0x159804140
[Elysia/DEBUG] Performing: jump_if_true codeBlock#6 
[Elysia/DEBUG] Performing: jump codeBlock#8 
[Elysia/DEBUG] Performing: load_local localVar#4 
[Elysia/DEBUG] Performing: push_integer int(0) 
[Elysia/DEBUG] Performing: equal 
[Elysia/DEBUG] Performing: jump_if_true codeBlock#9 
[Elysia/DEBUG] Performing: push_integer int(0) 
[Elysia/DEBUG] Performing: load_local localVar#3 
[Elysia/DEBUG] Entering function array_int[]_gc_refcount_increase
[Elysia/DEBUG] Performing: push_unsigned unsigned(0) 
[Elysia/DEBUG] Performing: load_local localVar#5 
[Elysia/DEBUG] Increasing refcount of int object
[Elysia/DEBUG] Address: 0x159804100
[Elysia/DEBUG] Performing: basic_cast_unsigned 
[Elysia/DEBUG] Decreasing refcount of int object
[Elysia/DEBUG] Address: 0x159804100
[Elysia/DEBUG] Performing: push_unsigned unsigned(1) 
[Elysia/DEBUG] Performing: mul 
[Elysia/DEBUG] Performing: add 
[Elysia/DEBUG] Performing: store_element unknown 
[Elysia/DEBUG] Entering function array_int[]_gc_refcount_decrease
[Elysia/DEBUG] Performing: load_local localVar#3 
[Elysia/DEBUG] Entering function array_int[]_gc_refcount_increase
[Elysia/DEBUG] Performing: push_unsigned unsigned(0) 
[Elysia/DEBUG] Performing: load_local localVar#5 
[Elysia/DEBUG] Increasing refcount of int object
[Elysia/DEBUG] Address: 0x159804100
[Elysia/DEBUG] Performing: basic_cast_unsigned 
[Elysia/DEBUG] Decreasing refcount of int object
[Elysia/DEBUG] Address: 0x159804100
[Elysia/DEBUG] Performing: push_unsigned unsigned(1) 
[Elysia/DEBUG] Performing: mul 
[Elysia/DEBUG] Performing: add 
[Elysia/DEBUG] Performing: load_element 
[Elysia/DEBUG] Entering function array_int[]_gc_refcount_decrease
[Elysia/DEBUG] Performing: pop 
[Elysia/DEBUG] Popped value: loaded_val340
[Elysia/DEBUG] Performing: load_local localVar#5 
[Elysia/DEBUG] Increasing refcount of int object
[Elysia/DEBUG] Address: 0x159804100
[Elysia/DEBUG] Performing: push_integer int(1) 
[Elysia/DEBUG] Performing: add 
[Elysia/DEBUG] Decreasing refcount of int object
[Elysia/DEBUG] Address: 0x159804100
[Elysia/DEBUG] Performing: store_local localVar#5 
[Elysia/DEBUG] Decreasing refcount of int object
[Elysia/DEBUG] Address: 0x159804100
[Elysia/DEBUG] Performing: jump codeBlock#10 
[Elysia/DEBUG] Performing: jump codeBlock#7 
[Elysia/DEBUG] Performing: jump codeBlock#3 
[Elysia/DEBUG] Performing: load_local localVar#5 
[Elysia/DEBUG] Increasing refcount of int object
[Elysia/DEBUG] Address: 0x159804100
[Elysia/DEBUG] Performing: load_local localVar#1 
[Elysia/DEBUG] Performing: load_member index(1) 
[Elysia/DEBUG] Increasing refcount of unsigned object
[Elysia/DEBUG] Address: 0x159904230
[Elysia/DEBUG] Performing: basic_cast_int 
[Elysia/DEBUG] Decreasing refcount of unsigned object
[Elysia/DEBUG] Address: 0x159904230
[Elysia/DEBUG] Performing: less_than 
[Elysia/DEBUG] Decreasing refcount of int object
[Elysia/DEBUG] Address: 0x159804100
[Elysia/DEBUG] Performing: jump_if_true codeBlock#4 
[Elysia/DEBUG] Performing: load_local localVar#1 
[Elysia/DEBUG] Performing: load_local localVar#5 
[Elysia/DEBUG] Increasing refcount of int object
[Elysia/DEBUG] Address: 0x159804100
[Elysia/DEBUG] Performing: invoke index(3782547968) index(37) index(2) 
[Elysia/DEBUG] Entering function 1_Str::operator[]#struct#1#0#int
[Elysia/DEBUG] Performing: load_local localVar#1 
[Elysia/DEBUG] Increasing refcount of int object
[Elysia/DEBUG] Address: 0x159804100
[Elysia/DEBUG] Performing: push_integer int(0) 
[Elysia/DEBUG] Performing: less_than 
[Elysia/DEBUG] Decreasing refcount of int object
[Elysia/DEBUG] Address: 0x159804100
[Elysia/DEBUG] Performing: jump_if_true codeBlock#1 
[Elysia/DEBUG] Performing: load_local localVar#1 
[Elysia/DEBUG] Increasing refcount of int object
[Elysia/DEBUG] Address: 0x159804100
[Elysia/DEBUG] Performing: load_local localVar#0 
[Elysia/DEBUG] Performing: load_member index(1) 
[Elysia/DEBUG] Increasing refcount of unsigned object
[Elysia/DEBUG] Address: 0x159904230
[Elysia/DEBUG] Performing: basic_cast_int 
[Elysia/DEBUG] Decreasing refcount of unsigned object
[Elysia/DEBUG] Address: 0x159904230
[Elysia/DEBUG] Performing: greater_equal 
[Elysia/DEBUG] Decreasing refcount of int object
[Elysia/DEBUG] Address: 0x159804100
[Elysia/DEBUG] Performing: jump_if_true codeBlock#1 
[Elysia/DEBUG] Performing: jump codeBlock#2 
[Elysia/DEBUG] Performing: push_boolean bool(false) 
[Elysia/DEBUG] Performing: jump codeBlock#3 
[Elysia/DEBUG] Performing: jump_if_true codeBlock#4 
[Elysia/DEBUG] Performing: jump codeBlock#5 
[Elysia/DEBUG] Performing: load_local localVar#0 
[Elysia/DEBUG] Performing: load_member index(0) 
[Elysia/DEBUG] Entering function array_char[]_gc_refcount_increase
[Elysia/DEBUG] Performing: load_local localVar#1 
[Elysia/DEBUG] Increasing refcount of int object
[Elysia/DEBUG] Address: 0x159804100
[Elysia/DEBUG] Performing: basic_cast_unsigned 
[Elysia/DEBUG] Decreasing refcount of int object
[Elysia/DEBUG] Address: 0x159804100
[Elysia/DEBUG] Performing: load_element 
[Elysia/DEBUG] Entering function array_char[]_gc_refcount_decrease
[Elysia/DEBUG] Performing: ret 
[Elysia/DEBUG] Decreasing refcount of int object
[Elysia/DEBUG] Address: 0x159804100
[Elysia/DEBUG] Performing: load_local localVar#1 
[Elysia/DEBUG] Performing: load_local localVar#4 
[Elysia/DEBUG] Performing: invoke index(3782547968) index(37) index(2) 
[Elysia/DEBUG] Entering function 1_Str::operator[]#struct#1#0#int
[Elysia/DEBUG] Performing: load_local localVar#1 
[Elysia/DEBUG] Increasing refcount of int object
[Elysia/DEBUG] Address: 0x159804140
[Elysia/DEBUG] Performing: push_integer int(0) 
[Elysia/DEBUG] Performing: less_than 
[Elysia/DEBUG] Decreasing refcount of int object
[Elysia/DEBUG] Address: 0x159804140
[Elysia/DEBUG] Performing: jump_if_true codeBlock#1 
[Elysia/DEBUG] Performing: load_local localVar#1 
[Elysia/DEBUG] Increasing refcount of int object
[Elysia/DEBUG] Address: 0x159804140
[Elysia/DEBUG] Performing: load_local localVar#0 
[Elysia/DEBUG] Performing: load_member index(1) 
[Elysia/DEBUG] Increasing refcount of unsigned object
[Elysia/DEBUG] Address: 0x159904230
[Elysia/DEBUG] Performing: basic_cast_int 
[Elysia/DEBUG] Decreasing refcount of unsigned object
[Elysia/DEBUG] Address: 0x159904230
[Elysia/DEBUG] Performing: greater_equal 
[Elysia/DEBUG] Decreasing refcount of int object
[Elysia/DEBUG] Address: 0x159804140
[Elysia/DEBUG] Performing: jump_if_true codeBlock#1 
[Elysia/DEBUG] Performing: jump codeBlock#2 
[Elysia/DEBUG] Performing: push_boolean bool(false) 
[Elysia/DEBUG] Performing: jump codeBlock#3 
[Elysia/DEBUG] Performing: jump_if_true codeBlock#4 
[Elysia/DEBUG] Performing: jump codeBlock#5 
[Elysia/DEBUG] Performing: load_local localVar#0 
[Elysia/DEBUG] Performing: load_member index(0) 
[Elysia/DEBUG] Entering function array_char[]_gc_refcount_increase
[Elysia/DEBUG] Performing: load_local localVar#1 
[Elysia/DEBUG] Increasing refcount of int object
[Elysia/DEBUG] Address: 0x159804140
[Elysia/DEBUG] Performing: basic_cast_unsigned 
[Elysia/DEBUG] Decreasing refcount of int object
[Elysia/DEBUG] Address: 0x159804140
[Elysia/DEBUG] Performing: load_element 
[Elysia/DEBUG] Entering function array_char[]_gc_refcount_decrease
[Elysia/DEBUG] Performing: ret 
[Elysia/DEBUG] Decreasing refcount of int object
[Elysia/DEBUG] Address: 0x159804140
[Elysia/DEBUG] Performing: equal 
[Elysia/DEBUG] Decreasing refcount of char object
[Elysia/DEBUG] Address: 0x159804120
[Elysia/DEBUG] Decreasing refcount of char object
[Elysia/DEBUG] Address: 0x159804140
[Elysia/DEBUG] Performing: jump_if_true codeBlock#6 
[Elysia/DEBUG] Performing: jump codeBlock#8 
[Elysia/DEBUG] Performing: load_local localVar#4 
[Elysia/DEBUG] Performing: push_integer int(0) 
[Elysia/DEBUG] Performing: equal 
[Elysia/DEBUG] Performing: jump_if_true codeBlock#9 
[Elysia/DEBUG] Performing: push_integer int(0) 
[Elysia/DEBUG] Performing: load_local localVar#3 
[Elysia/DEBUG] Entering function array_int[]_gc_refcount_increase
[Elysia/DEBUG] Performing: push_unsigned unsigned(0) 
[Elysia/DEBUG] Performing: load_local localVar#5 
[Elysia/DEBUG] Increasing refcount of int object
[Elysia/DEBUG] Address: 0x159804100
[Elysia/DEBUG] Performing: basic_cast_unsigned 
[Elysia/DEBUG] Decreasing refcount of int object
[Elysia/DEBUG] Address: 0x159804100
[Elysia/DEBUG] Performing: push_unsigned unsigned(1) 
[Elysia/DEBUG] Performing: mul 
[Elysia/DEBUG] Performing: add 
[Elysia/DEBUG] Performing: store_element unknown 
[Elysia/DEBUG] Entering function array_int[]_gc_refcount_decrease
[Elysia/DEBUG] Performing: load_local localVar#3 
[Elysia/DEBUG] Entering function array_int[]_gc_refcount_increase
[Elysia/DEBUG] Performing: push_unsigned unsigned(0) 
[Elysia/DEBUG] Performing: load_local localVar#5 
[Elysia/DEBUG] Increasing refcount of int object
[Elysia/DEBUG] Address: 0x159804100
[Elysia/DEBUG] Performing: basic_cast_unsigned 
[Elysia/DEBUG] Decreasing refcount of int object
[Elysia/DEBUG] Address: 0x159804100
[Elysia/DEBUG] Performing: push_unsigned unsigned(1) 
[Elysia/DEBUG] Performing: mul 
[Elysia/DEBUG] Performing: add 
[Elysia/DEBUG] Performing: load_element 
[Elysia/DEBUG] Entering function array_int[]_gc_refcount_decrease
[Elysia/DEBUG] Performing: pop 
[Elysia/DEBUG] Popped value: loaded_val340
[Elysia/DEBUG] Performing: load_local localVar#5 
[Elysia/DEBUG] Increasing refcount of int object
[Elysia/DEBUG] Address: 0x159804100
[Elysia/DEBUG] Performing: push_integer int(1) 
[Elysia/DEBUG] Performing: add 
[Elysia/DEBUG] Decreasing refcount of int object
[Elysia/DEBUG] Address: 0x159804100
[Elysia/DEBUG] Performing: store_local localVar#5 
[Elysia/DEBUG] Decreasing refcount of int object
[Elysia/DEBUG] Address: 0x159804100
[Elysia/DEBUG] Performing: jump codeBlock#10 
[Elysia/DEBUG] Performing: jump codeBlock#7 
[Elysia/DEBUG] Performing: jump codeBlock#3 
[Elysia/DEBUG] Performing: load_local localVar#5 
[Elysia/DEBUG] Increasing refcount of int object
[Elysia/DEBUG] Address: 0x159804100
[Elysia/DEBUG] Performing: load_local localVar#1 
[Elysia/DEBUG] Performing: load_member index(1) 
[Elysia/DEBUG] Increasing refcount of unsigned object
[Elysia/DEBUG] Address: 0x159904230
[Elysia/DEBUG] Performing: basic_cast_int 
[Elysia/DEBUG] Decreasing refcount of unsigned object
[Elysia/DEBUG] Address: 0x159904230
[Elysia/DEBUG] Performing: less_than 
[Elysia/DEBUG] Decreasing refcount of int object
[Elysia/DEBUG] Address: 0x159804100
[Elysia/DEBUG] Performing: jump_if_true codeBlock#4 
[Elysia/DEBUG] Performing: jump codeBlock#5 
[Elysia/DEBUG] Performing: load_local localVar#2 
[Elysia/DEBUG] Increasing refcount of int object
[Elysia/DEBUG] Address: 0x1598040a0
[Elysia/DEBUG] Performing: store_local localVar#5 
[Elysia/DEBUG] Decreasing refcount of int object
[Elysia/DEBUG] Address: 0x159804100
[Elysia/DEBUG] Performing: push_integer int(0) 
[Elysia/DEBUG] Performing: store_local localVar#6 
[Elysia/DEBUG] Performing: jump codeBlock#12 
[Elysia/DEBUG] Performing: load_local localVar#5 
[Elysia/DEBUG] Increasing refcount of int object
[Elysia/DEBUG] Address: 0x1598040a0
[Elysia/DEBUG] Performing: load_local localVar#0 
[Elysia/DEBUG] Performing: load_member index(1) 
[Elysia/DEBUG] Increasing refcount of unsigned object
[Elysia/DEBUG] Address: 0x159904280
[Elysia/DEBUG] Performing: basic_cast_int 
[Elysia/DEBUG] Decreasing refcount of unsigned object
[Elysia/DEBUG] Address: 0x159904280
[Elysia/DEBUG] Performing: less_than 
[Elysia/DEBUG] Decreasing refcount of int object
[Elysia/DEBUG] Address: 0x1598040a0
[Elysia/DEBUG] Performing: jump_if_true codeBlock#13 
[Elysia/DEBUG] Performing: jump codeBlock#14 
[Elysia/DEBUG] Performing: push_integer int(-1) 
[Elysia/DEBUG] Performing: ret 
[Elysia/DEBUG] Decreasing refcount of int object
[Elysia/DEBUG] Address: 0x1598040a0
[Elysia/DEBUG] Entering function array_int[]_gc_refcount_decrease
[Elysia/DEBUG] Decreasing refcount of int object
[Elysia/DEBUG] Address: 0x1598040a0
[Elysia/DEBUG] Performing: store_local localVar#3 
[Elysia/DEBUG] Decreasing refcount of int object
[Elysia/DEBUG] Address: 0x159804080
[Elysia/DEBUG] Performing: load_local localVar#3 
[Elysia/DEBUG] Increasing refcount of int object
[Elysia/DEBUG] Address: 0x159804100
[Elysia/DEBUG] Performing: push_integer int(-1) 
[Elysia/DEBUG] Performing: not_equal 
[Elysia/DEBUG] Decreasing refcount of int object
[Elysia/DEBUG] Address: 0x159804100
[Elysia/DEBUG] Performing: jump_if_true codeBlock#4 
[Elysia/DEBUG] Performing: jump codeBlock#5 
[Elysia/DEBUG] Performing: jump codeBlock#1 
[Elysia/DEBUG] Performing: load_local localVar#3 
[Elysia/DEBUG] Increasing refcount of int object
[Elysia/DEBUG] Address: 0x159804100
[Elysia/DEBUG] Performing: push_integer int(-1) 
[Elysia/DEBUG] Performing: not_equal 
[Elysia/DEBUG] Decreasing refcount of int object
[Elysia/DEBUG] Address: 0x159804100
[Elysia/DEBUG] Performing: jump_if_true codeBlock#2 
[Elysia/DEBUG] Performing: jump codeBlock#3 
[Elysia/DEBUG] Performing: load_local localVar#2 
[Elysia/DEBUG] Performing: ret 
[Elysia/DEBUG] Entering function array_char[]_gc_refcount_decrease
[Elysia/DEBUG] Decreasing refcount of unsigned object
[Elysia/DEBUG] Address: 0x159904230
[Elysia/DEBUG] Decreasing refcount of unsigned object
[Elysia/DEBUG] Address: 0x159904110
[Elysia/DEBUG] Decreasing refcount of int object
[Elysia/DEBUG] Address: 0x159804100
[Elysia/DEBUG] Decreasing refcount of int object
[Elysia/DEBUG] Address: 0x1598040a0
[Elysia/DEBUG] Performing: push_integer int(2) 
[Elysia/DEBUG] Performing: not_equal 
[Elysia/DEBUG] Decreasing refcount of int object
[Elysia/DEBUG] Address: 0x1598040a0
[Elysia/DEBUG] Performing: jump_if_true codeBlock#11 
[Elysia/DEBUG] Performing: jump codeBlock#12 
[Elysia/DEBUG] Performing: push_boolean bool(false) 
[Elysia/DEBUG] Performing: jump codeBlock#13 
[Elysia/DEBUG] Performing: jump_if_true codeBlock#14 
[Elysia/DEBUG] Performing: jump codeBlock#15 
[Elysia/DEBUG] Performing: push_string index(21) string_const#21 
[Elysia/DEBUG] Performing: invoke_imported index(0) index(6) index(1) 
[Elysia/DEBUG] Entering function puts
string valiation passed: find_all('Raiden') == 1 && find_all('K423') == 2
[Elysia/DEBUG] Decreasing refcount of string object
[Elysia/DEBUG] Address: 0x1598040a0
[Elysia/DEBUG] Performing: pop 
[Elysia/DEBUG] Popped value: calltmp276
[Elysia/DEBUG] Decreasing refcount of int object
[Elysia/DEBUG] Address: 0x159804080
[Elysia/DEBUG] Performing: load_local localVar#2 
[Elysia/DEBUG] Performing: new_struct index(3782547968) index(0) 
[Elysia/DEBUG] Performing: push_string index(19) string_const#19 
[Elysia/DEBUG] Performing: invoke index(3782547968) index(24) index(2) 
[Elysia/DEBUG] Entering function 1_Str::constructor#str
[Elysia/DEBUG] Performing: load_local localVar#1 
[Elysia/DEBUG] Increasing refcount of string object
[Elysia/DEBUG] Address: 0x159804080
[Elysia/DEBUG] Performing: invoke_imported index(0) index(3) index(1) 
[Elysia/DEBUG] Entering function strlen
[Elysia/DEBUG] Decreasing refcount of string object
[Elysia/DEBUG] Address: 0x159804080
[Elysia/DEBUG] Performing: load_local localVar#0 
[Elysia/DEBUG] Performing: store_member index(1) 
[Elysia/DEBUG] Performing: load_local localVar#0 
[Elysia/DEBUG] Performing: load_member index(1) 
[Elysia/DEBUG] Increasing refcount of unsigned object
[Elysia/DEBUG] Address: 0x1598040d0
[Elysia/DEBUG] Performing: basic_cast_int 
[Elysia/DEBUG] Decreasing refcount of unsigned object
[Elysia/DEBUG] Address: 0x1598040d0
[Elysia/DEBUG] Performing: push_integer int(1) 
[Elysia/DEBUG] Performing: add 
[Elysia/DEBUG] Performing: basic_cast_unsigned 
[Elysia/DEBUG] Performing: load_local localVar#0 
[Elysia/DEBUG] Performing: store_member index(2) 
[Elysia/DEBUG] Performing: load_local localVar#0 
[Elysia/DEBUG] Performing: load_member index(2) 
[Elysia/DEBUG] Increasing refcount of unsigned object
[Elysia/DEBUG] Address: 0x1598040f0
[Elysia/DEBUG] Performing: new_dynamic_array_char index(0) 
[Elysia/DEBUG] Decreasing refcount of unsigned object
[Elysia/DEBUG] Address: 0x1598040f0
[Elysia/DEBUG] Performing: load_local localVar#0 
[Elysia/DEBUG] Performing: store_member index(0) 
[Elysia/DEBUG] Entering function array_char[]_gc_refcount_decrease
[Elysia/DEBUG] Performing: load_local localVar#0 
[Elysia/DEBUG] Performing: load_member index(0) 
[Elysia/DEBUG] Entering function array_char[]_gc_refcount_increase
[Elysia/DEBUG] Performing: invoke_imported index(0) index(2) index(1) 
[Elysia/DEBUG] Performing: load_local localVar#1 
[Elysia/DEBUG] Increasing refcount of string object
[Elysia/DEBUG] Address: 0x159804080
[Elysia/DEBUG] Performing: load_local localVar#0 
[Elysia/DEBUG] Performing: load_member index(1) 
[Elysia/DEBUG] Increasing refcount of unsigned object
[Elysia/DEBUG] Address: 0x1598040d0
[Elysia/DEBUG] Performing: invoke_imported index(0) index(5) index(3) 
[Elysia/DEBUG] Entering function memcpy
[Elysia/DEBUG] Decreasing refcount of unsigned object
[Elysia/DEBUG] Address: 0x1598040d0
[Elysia/DEBUG] Decreasing refcount of string object
[Elysia/DEBUG] Address: 0x159804080
[Elysia/DEBUG] Decreasing refcount of int object
[Elysia/DEBUG] Address: 0x159804130
[Elysia/DEBUG] Performing: pop 
[Elysia/DEBUG] Popped value: calltmp60
[Elysia/DEBUG] Decreasing refcount of unsigned object
[Elysia/DEBUG] Address: 0x159804150
[Elysia/DEBUG] Performing: push_character char(
[Elysia/DEBUG] Performing: load_local localVar#0 
[Elysia/DEBUG] Performing: load_member index(0) 
[Elysia/DEBUG] Entering function array_char[]_gc_refcount_increase
[Elysia/DEBUG] Performing: load_local localVar#0 
[Elysia/DEBUG] Performing: load_member index(1) 
[Elysia/DEBUG] Increasing refcount of unsigned object
[Elysia/DEBUG] Address: 0x1598040d0
[Elysia/DEBUG] Performing: store_element unknown 
[Elysia/DEBUG] Decreasing refcount of unsigned object
[Elysia/DEBUG] Address: 0x1598040d0
[Elysia/DEBUG] Entering function array_char[]_gc_refcount_decrease
[Elysia/DEBUG] Performing: load_local localVar#0 
[Elysia/DEBUG] Performing: load_member index(0) 
[Elysia/DEBUG] Entering function array_char[]_gc_refcount_increase
[Elysia/DEBUG] Performing: load_local localVar#0 
[Elysia/DEBUG] Performing: load_member index(1) 
[Elysia/DEBUG] Increasing refcount of unsigned object
[Elysia/DEBUG] Address: 0x1598040d0
[Elysia/DEBUG] Performing: load_element 
[Elysia/DEBUG] Decreasing refcount of unsigned object
[Elysia/DEBUG] Address: 0x1598040d0
[Elysia/DEBUG] Entering function array_char[]_gc_refcount_decrease
[Elysia/DEBUG] Performing: pop 
[Elysia/DEBUG] Popped value: loaded_val
[Elysia/DEBUG] Performing: load_local localVar#0 
[Elysia/DEBUG] Performing: ret 
[Elysia/DEBUG] Decreasing refcount of string object
[Elysia/DEBUG] Address: 0x159804080
[Elysia/DEBUG] Performing: new_struct index(3782547968) index(0) 
[Elysia/DEBUG] Performing: push_string index(22) string_const#22 
[Elysia/DEBUG] Performing: invoke index(3782547968) index(24) index(2) 
[Elysia/DEBUG] Entering function 1_Str::constructor#str
[Elysia/DEBUG] Performing: load_local localVar#1 
[Elysia/DEBUG] Increasing refcount of string object
[Elysia/DEBUG] Address: 0x159804080
[Elysia/DEBUG] Performing: invoke_imported index(0) index(3) index(1) 
[Elysia/DEBUG] Entering function strlen
[Elysia/DEBUG] Decreasing refcount of string object
[Elysia/DEBUG] Address: 0x159804080
[Elysia/DEBUG] Performing: load_local localVar#0 
[Elysia/DEBUG] Performing: store_member index(1) 
[Elysia/DEBUG] Performing: load_local localVar#0 
[Elysia/DEBUG] Performing: load_member index(1) 
[Elysia/DEBUG] Increasing refcount of unsigned object
[Elysia/DEBUG] Address: 0x159804160
[Elysia/DEBUG] Performing: basic_cast_int 
[Elysia/DEBUG] Decreasing refcount of unsigned object
[Elysia/DEBUG] Address: 0x159804160
[Elysia/DEBUG] Performing: push_integer int(1) 
[Elysia/DEBUG] Performing: add 
[Elysia/DEBUG] Performing: basic_cast_unsigned 
[Elysia/DEBUG] Performing: load_local localVar#0 
[Elysia/DEBUG] Performing: store_member index(2) 
[Elysia/DEBUG] Performing: load_local localVar#0 
[Elysia/DEBUG] Performing: load_member index(2) 
[Elysia/DEBUG] Increasing refcount of unsigned object
[Elysia/DEBUG] Address: 0x159804180
[Elysia/DEBUG] Performing: new_dynamic_array_char index(0) 
[Elysia/DEBUG] Decreasing refcount of unsigned object
[Elysia/DEBUG] Address: 0x159804180
[Elysia/DEBUG] Performing: load_local localVar#0 
[Elysia/DEBUG] Performing: store_member index(0) 
[Elysia/DEBUG] Entering function array_char[]_gc_refcount_decrease
[Elysia/DEBUG] Performing: load_local localVar#0 
[Elysia/DEBUG] Performing: load_member index(0) 
[Elysia/DEBUG] Entering function array_char[]_gc_refcount_increase
[Elysia/DEBUG] Performing: invoke_imported index(0) index(2) index(1) 
[Elysia/DEBUG] Performing: load_local localVar#1 
[Elysia/DEBUG] Increasing refcount of string object
[Elysia/DEBUG] Address: 0x159804080
[Elysia/DEBUG] Performing: load_local localVar#0 
[Elysia/DEBUG] Performing: load_member index(1) 
[Elysia/DEBUG] Increasing refcount of unsigned object
[Elysia/DEBUG] Address: 0x159804160
[Elysia/DEBUG] Performing: invoke_imported index(0) index(5) index(3) 
[Elysia/DEBUG] Entering function memcpy
[Elysia/DEBUG] Decreasing refcount of unsigned object
[Elysia/DEBUG] Address: 0x159804160
[Elysia/DEBUG] Decreasing refcount of string object
[Elysia/DEBUG] Address: 0x159804080
[Elysia/DEBUG] Decreasing refcount of int object
[Elysia/DEBUG] Address: 0x1598041d0
[Elysia/DEBUG] Performing: pop 
[Elysia/DEBUG] Popped value: calltmp60
[Elysia/DEBUG] Decreasing refcount of unsigned object
[Elysia/DEBUG] Address: 0x1598041f0
[Elysia/DEBUG] Performing: push_character char(
[Elysia/DEBUG] Performing: load_local localVar#0 
[Elysia/DEBUG] Performing: load_member index(0) 
[Elysia/DEBUG] Entering function array_char[]_gc_refcount_increase
[Elysia/DEBUG] Performing: load_local localVar#0 
[Elysia/DEBUG] Performing: load_member index(1) 
[Elysia/DEBUG] Increasing refcount of unsigned object
[Elysia/DEBUG] Address: 0x159804160
[Elysia/DEBUG] Performing: store_element unknown 
[Elysia/DEBUG] Decreasing refcount of unsigned object
[Elysia/DEBUG] Address: 0x159804160
[Elysia/DEBUG] Entering function array_char[]_gc_refcount_decrease
[Elysia/DEBUG] Performing: load_local localVar#0 
[Elysia/DEBUG] Performing: load_member index(0) 
[Elysia/DEBUG] Entering function array_char[]_gc_refcount_increase
[Elysia/DEBUG] Performing: load_local localVar#0 
[Elysia/DEBUG] Performing: load_member index(1) 
[Elysia/DEBUG] Increasing refcount of unsigned object
[Elysia/DEBUG] Address: 0x159804160
[Elysia/DEBUG] Performing: load_element 
[Elysia/DEBUG] Decreasing refcount of unsigned object
[Elysia/DEBUG] Address: 0x159804160
[Elysia/DEBUG] Entering function array_char[]_gc_refcount_decrease
[Elysia/DEBUG] Performing: pop 
[Elysia/DEBUG] Popped value: loaded_val
[Elysia/DEBUG] Performing: load_local localVar#0 
[Elysia/DEBUG] Performing: ret 
[Elysia/DEBUG] Decreasing refcount of string object
[Elysia/DEBUG] Address: 0x159804080
[Elysia/DEBUG] Performing: invoke index(3782547968) index(16) index(3) 
[Elysia/DEBUG] Entering function 1_Str::replace#struct#1#0#struct#1#0
[Elysia/DEBUG] Performing: load_local localVar#0 
[Elysia/DEBUG] Performing: load_local localVar#1 
[Elysia/DEBUG] Performing: invoke index(3782547968) index(19) index(2) 
[Elysia/DEBUG] Entering function 1_Str::find_all#struct#1#0
[Elysia/DEBUG] Performing: push_integer int(0) 
[Elysia/DEBUG] Performing: store_local localVar#2 
[Elysia/DEBUG] Performing: push_integer int(0) 
[Elysia/DEBUG] Performing: store_local localVar#3 
[Elysia/DEBUG] Performing: push_integer int(0) 
[Elysia/DEBUG] Performing: store_local localVar#4 
[Elysia/DEBUG] Performing: jump codeBlock#1 
[Elysia/DEBUG] Performing: load_local localVar#3 
[Elysia/DEBUG] Increasing refcount of int object
[Elysia/DEBUG] Address: 0x159804080
[Elysia/DEBUG] Performing: push_integer int(-1) 
[Elysia/DEBUG] Performing: not_equal 
[Elysia/DEBUG] Decreasing refcount of int object
[Elysia/DEBUG] Address: 0x159804080
[Elysia/DEBUG] Performing: jump_if_true codeBlock#2 
[Elysia/DEBUG] Performing: load_local localVar#0 
[Elysia/DEBUG] Performing: load_local localVar#1 
[Elysia/DEBUG] Performing: load_local localVar#4 
[Elysia/DEBUG] Increasing refcount of int object
[Elysia/DEBUG] Address: 0x1598041d0
[Elysia/DEBUG] Performing: invoke index(3782547968) index(12) index(3) 
[Elysia/DEBUG] Entering function 1_Str::find#struct#1#0#int
[Elysia/DEBUG] Performing: load_local localVar#1 
[Elysia/DEBUG] Performing: load_member index(1) 
[Elysia/DEBUG] Increasing refcount of unsigned object
[Elysia/DEBUG] Address: 0x1598040d0
[Elysia/DEBUG] Performing: load_local localVar#0 
[Elysia/DEBUG] Performing: load_member index(1) 
[Elysia/DEBUG] Increasing refcount of unsigned object
[Elysia/DEBUG] Address: 0x159904280
[Elysia/DEBUG] Performing: greater_than 
[Elysia/DEBUG] Decreasing refcount of unsigned object
[Elysia/DEBUG] Address: 0x1598040d0
[Elysia/DEBUG] Decreasing refcount of unsigned object
[Elysia/DEBUG] Address: 0x159904280
[Elysia/DEBUG] Performing: jump_if_true codeBlock#1 
[Elysia/DEBUG] Performing: jump codeBlock#2 
[Elysia/DEBUG] Performing: push_integer int(0) 
[Elysia/DEBUG] Performing: load_local localVar#1 
[Elysia/DEBUG] Performing: load_member index(1) 
[Elysia/DEBUG] Increasing refcount of unsigned object
[Elysia/DEBUG] Address: 0x1598040d0
[Elysia/DEBUG] Performing: new_dynamic_array_int index(1) 
[Elysia/DEBUG] Decreasing refcount of unsigned object
[Elysia/DEBUG] Address: 0x1598040d0
[Elysia/DEBUG] Performing: store_local localVar#3 
[Elysia/DEBUG] Entering function array_int[]_gc_refcount_decrease
[Elysia/DEBUG] Performing: push_integer int(0) 
[Elysia/DEBUG] Performing: store_local localVar#4 
[Elysia/DEBUG] Performing: push_integer int(1) 
[Elysia/DEBUG] Performing: store_local localVar#5 
[Elysia/DEBUG] Performing: jump codeBlock#3 
[Elysia/DEBUG] Performing: load_local localVar#5 
[Elysia/DEBUG] Increasing refcount of int object
[Elysia/DEBUG] Address: 0x1598041f0
[Elysia/DEBUG] Performing: load_local localVar#1 
[Elysia/DEBUG] Performing: load_member index(1) 
[Elysia/DEBUG] Increasing refcount of unsigned object
[Elysia/DEBUG] Address: 0x1598040d0
[Elysia/DEBUG] Performing: basic_cast_int 
[Elysia/DEBUG] Decreasing refcount of unsigned object
[Elysia/DEBUG] Address: 0x1598040d0
[Elysia/DEBUG] Performing: less_than 
[Elysia/DEBUG] Decreasing refcount of int object
[Elysia/DEBUG] Address: 0x1598041f0
[Elysia/DEBUG] Performing: jump_if_true codeBlock#4 
[Elysia/DEBUG] Performing: load_local localVar#1 
[Elysia/DEBUG] Performing: load_local localVar#5 
[Elysia/DEBUG] Increasing refcount of int object
[Elysia/DEBUG] Address: 0x1598041f0
[Elysia/DEBUG] Performing: invoke index(3782547968) index(37) index(2) 
[Elysia/DEBUG] Entering function 1_Str::operator[]#struct#1#0#int
[Elysia/DEBUG] Performing: load_local localVar#1 
[Elysia/DEBUG] Increasing refcount of int object
[Elysia/DEBUG] Address: 0x1598041f0
[Elysia/DEBUG] Performing: push_integer int(0) 
[Elysia/DEBUG] Performing: less_than 
[Elysia/DEBUG] Decreasing refcount of int object
[Elysia/DEBUG] Address: 0x1598041f0
[Elysia/DEBUG] Performing: jump_if_true codeBlock#1 
[Elysia/DEBUG] Performing: load_local localVar#1 
[Elysia/DEBUG] Increasing refcount of int object
[Elysia/DEBUG] Address: 0x1598041f0
[Elysia/DEBUG] Performing: load_local localVar#0 
[Elysia/DEBUG] Performing: load_member index(1) 
[Elysia/DEBUG] Increasing refcount of unsigned object
[Elysia/DEBUG] Address: 0x1598040d0
[Elysia/DEBUG] Performing: basic_cast_int 
[Elysia/DEBUG] Decreasing refcount of unsigned object
[Elysia/DEBUG] Address: 0x1598040d0
[Elysia/DEBUG] Performing: greater_equal 
[Elysia/DEBUG] Decreasing refcount of int object
[Elysia/DEBUG] Address: 0x1598041f0
[Elysia/DEBUG] Performing: jump_if_true codeBlock#1 
[Elysia/DEBUG] Performing: jump codeBlock#2 
[Elysia/DEBUG] Performing: push_boolean bool(false) 
[Elysia/DEBUG] Performing: jump codeBlock#3 
[Elysia/DEBUG] Performing: jump_if_true codeBlock#4 
[Elysia/DEBUG] Performing: jump codeBlock#5 
[Elysia/DEBUG] Performing: load_local localVar#0 
[Elysia/DEBUG] Performing: load_member index(0) 
[Elysia/DEBUG] Entering function array_char[]_gc_refcount_increase
[Elysia/DEBUG] Performing: load_local localVar#1 
[Elysia/DEBUG] Increasing refcount of int object
[Elysia/DEBUG] Address: 0x1598041f0
[Elysia/DEBUG] Performing: basic_cast_unsigned 
[Elysia/DEBUG] Decreasing refcount of int object
[Elysia/DEBUG] Address: 0x1598041f0
[Elysia/DEBUG] Performing: load_element 
[Elysia/DEBUG] Entering function array_char[]_gc_refcount_decrease
[Elysia/DEBUG] Performing: ret 
[Elysia/DEBUG] Decreasing refcount of int object
[Elysia/DEBUG] Address: 0x1598041f0
[Elysia/DEBUG] Performing: load_local localVar#1 
[Elysia/DEBUG] Performing: load_local localVar#4 
[Elysia/DEBUG] Performing: invoke index(3782547968) index(37) index(2) 
[Elysia/DEBUG] Entering function 1_Str::operator[]#struct#1#0#int
[Elysia/DEBUG] Performing: load_local localVar#1 
[Elysia/DEBUG] Increasing refcount of int object
[Elysia/DEBUG] Address: 0x159804270
[Elysia/DEBUG] Performing: push_integer int(0) 
[Elysia/DEBUG] Performing: less_than 
[Elysia/DEBUG] Decreasing refcount of int object
[Elysia/DEBUG] Address: 0x159804270
[Elysia/DEBUG] Performing: jump_if_true codeBlock#1 
[Elysia/DEBUG] Performing: load_local localVar#1 
[Elysia/DEBUG] Increasing refcount of int object
[Elysia/DEBUG] Address: 0x159804270
[Elysia/DEBUG] Performing: load_local localVar#0 
[Elysia/DEBUG] Performing: load_member index(1) 
[Elysia/DEBUG] Increasing refcount of unsigned object
[Elysia/DEBUG] Address: 0x1598040d0
[Elysia/DEBUG] Performing: basic_cast_int 
[Elysia/DEBUG] Decreasing refcount of unsigned object
[Elysia/DEBUG] Address: 0x1598040d0
[Elysia/DEBUG] Performing: greater_equal 
[Elysia/DEBUG] Decreasing refcount of int object
[Elysia/DEBUG] Address: 0x159804270
[Elysia/DEBUG] Performing: jump_if_true codeBlock#1 
[Elysia/DEBUG] Performing: jump codeBlock#2 
[Elysia/DEBUG] Performing: push_boolean bool(false) 
[Elysia/DEBUG] Performing: jump codeBlock#3 
[Elysia/DEBUG] Performing: jump_if_true codeBlock#4 
[Elysia/DEBUG] Performing: jump codeBlock#5 
[Elysia/DEBUG] Performing: load_local localVar#0 
[Elysia/DEBUG] Performing: load_member index(0) 
[Elysia/DEBUG] Entering function array_char[]_gc_refcount_increase
[Elysia/DEBUG] Performing: load_local localVar#1 
[Elysia/DEBUG] Increasing refcount of int object
[Elysia/DEBUG] Address: 0x159804270
[Elysia/DEBUG] Performing: basic_cast_unsigned 
[Elysia/DEBUG] Decreasing refcount of int object
[Elysia/DEBUG] Address: 0x159804270
[Elysia/DEBUG] Performing: load_element 
[Elysia/DEBUG] Entering function array_char[]_gc_refcount_decrease
[Elysia/DEBUG] Performing: ret 
[Elysia/DEBUG] Decreasing refcount of int object
[Elysia/DEBUG] Address: 0x159804270
[Elysia/DEBUG] Performing: equal 
[Elysia/DEBUG] Decreasing refcount of char object
[Elysia/DEBUG] Address: 0x159804250
[Elysia/DEBUG] Decreasing refcount of char object
[Elysia/DEBUG] Address: 0x159804270
[Elysia/DEBUG] Performing: jump_if_true codeBlock#6 
[Elysia/DEBUG] Performing: jump codeBlock#8 
[Elysia/DEBUG] Performing: load_local localVar#4 
[Elysia/DEBUG] Performing: push_integer int(0) 
[Elysia/DEBUG] Performing: equal 
[Elysia/DEBUG] Performing: jump_if_true codeBlock#9 
[Elysia/DEBUG] Performing: push_integer int(0) 
[Elysia/DEBUG] Performing: load_local localVar#3 
[Elysia/DEBUG] Entering function array_int[]_gc_refcount_increase
[Elysia/DEBUG] Performing: push_unsigned unsigned(0) 
[Elysia/DEBUG] Performing: load_local localVar#5 
[Elysia/DEBUG] Increasing refcount of int object
[Elysia/DEBUG] Address: 0x1598041f0
[Elysia/DEBUG] Performing: basic_cast_unsigned 
[Elysia/DEBUG] Decreasing refcount of int object
[Elysia/DEBUG] Address: 0x1598041f0
[Elysia/DEBUG] Performing: push_unsigned unsigned(1) 
[Elysia/DEBUG] Performing: mul 
[Elysia/DEBUG] Performing: add 
[Elysia/DEBUG] Performing: store_element unknown 
[Elysia/DEBUG] Entering function array_int[]_gc_refcount_decrease
[Elysia/DEBUG] Performing: load_local localVar#3 
[Elysia/DEBUG] Entering function array_int[]_gc_refcount_increase
[Elysia/DEBUG] Performing: push_unsigned unsigned(0) 
[Elysia/DEBUG] Performing: load_local localVar#5 
[Elysia/DEBUG] Increasing refcount of int object
[Elysia/DEBUG] Address: 0x1598041f0
[Elysia/DEBUG] Performing: basic_cast_unsigned 
[Elysia/DEBUG] Decreasing refcount of int object
[Elysia/DEBUG] Address: 0x1598041f0
[Elysia/DEBUG] Performing: push_unsigned unsigned(1) 
[Elysia/DEBUG] Performing: mul 
[Elysia/DEBUG] Performing: add 
[Elysia/DEBUG] Performing: load_element 
[Elysia/DEBUG] Entering function array_int[]_gc_refcount_decrease
[Elysia/DEBUG] Performing: pop 
[Elysia/DEBUG] Popped value: loaded_val340
[Elysia/DEBUG] Performing: load_local localVar#5 
[Elysia/DEBUG] Increasing refcount of int object
[Elysia/DEBUG] Address: 0x1598041f0
[Elysia/DEBUG] Performing: push_integer int(1) 
[Elysia/DEBUG] Performing: add 
[Elysia/DEBUG] Decreasing refcount of int object
[Elysia/DEBUG] Address: 0x1598041f0
[Elysia/DEBUG] Performing: store_local localVar#5 
[Elysia/DEBUG] Decreasing refcount of int object
[Elysia/DEBUG] Address: 0x1598041f0
[Elysia/DEBUG] Performing: jump codeBlock#10 
[Elysia/DEBUG] Performing: jump codeBlock#7 
[Elysia/DEBUG] Performing: jump codeBlock#3 
[Elysia/DEBUG] Performing: load_local localVar#5 
[Elysia/DEBUG] Increasing refcount of int object
[Elysia/DEBUG] Address: 0x1598041f0
[Elysia/DEBUG] Performing: load_local localVar#1 
[Elysia/DEBUG] Performing: load_member index(1) 
[Elysia/DEBUG] Increasing refcount of unsigned object
[Elysia/DEBUG] Address: 0x1598040d0
[Elysia/DEBUG] Performing: basic_cast_int 
[Elysia/DEBUG] Decreasing refcount of unsigned object
[Elysia/DEBUG] Address: 0x1598040d0
[Elysia/DEBUG] Performing: less_than 
[Elysia/DEBUG] Decreasing refcount of int object
[Elysia/DEBUG] Address: 0x1598041f0
[Elysia/DEBUG] Performing: jump_if_true codeBlock#4 
[Elysia/DEBUG] Performing: load_local localVar#1 
[Elysia/DEBUG] Performing: load_local localVar#5 
[Elysia/DEBUG] Increasing refcount of int object
[Elysia/DEBUG] Address: 0x1598041f0
[Elysia/DEBUG] Performing: invoke index(3782547968) index(37) index(2) 
[Elysia/DEBUG] Entering function 1_Str::operator[]#struct#1#0#int
[Elysia/DEBUG] Performing: load_local localVar#1 
[Elysia/DEBUG] Increasing refcount of int object
[Elysia/DEBUG] Address: 0x1598041f0
[Elysia/DEBUG] Performing: push_integer int(0) 
[Elysia/DEBUG] Performing: less_than 
[Elysia/DEBUG] Decreasing refcount of int object
[Elysia/DEBUG] Address: 0x1598041f0
[Elysia/DEBUG] Performing: jump_if_true codeBlock#1 
[Elysia/DEBUG] Performing: load_local localVar#1 
[Elysia/DEBUG] Increasing refcount of int object
[Elysia/DEBUG] Address: 0x1598041f0
[Elysia/DEBUG] Performing: load_local localVar#0 
[Elysia/DEBUG] Performing: load_member index(1) 
[Elysia/DEBUG] Increasing refcount of unsigned object
[Elysia/DEBUG] Address: 0x1598040d0
[Elysia/DEBUG] Performing: basic_cast_int 
[Elysia/DEBUG] Decreasing refcount of unsigned object
[Elysia/DEBUG] Address: 0x1598040d0
[Elysia/DEBUG] Performing: greater_equal 
[Elysia/DEBUG] Decreasing refcount of int object
[Elysia/DEBUG] Address: 0x1598041f0
[Elysia/DEBUG] Performing: jump_if_true codeBlock#1 
[Elysia/DEBUG] Performing: jump codeBlock#2 
[Elysia/DEBUG] Performing: push_boolean bool(false) 
[Elysia/DEBUG] Performing: jump codeBlock#3 
[Elysia/DEBUG] Performing: jump_if_true codeBlock#4 
[Elysia/DEBUG] Performing: jump codeBlock#5 
[Elysia/DEBUG] Performing: load_local localVar#0 
[Elysia/DEBUG] Performing: load_member index(0) 
[Elysia/DEBUG] Entering function array_char[]_gc_refcount_increase
[Elysia/DEBUG] Performing: load_local localVar#1 
[Elysia/DEBUG] Increasing refcount of int object
[Elysia/DEBUG] Address: 0x1598041f0
[Elysia/DEBUG] Performing: basic_cast_unsigned 
[Elysia/DEBUG] Decreasing refcount of int object
[Elysia/DEBUG] Address: 0x1598041f0
[Elysia/DEBUG] Performing: load_element 
[Elysia/DEBUG] Entering function array_char[]_gc_refcount_decrease
[Elysia/DEBUG] Performing: ret 
[Elysia/DEBUG] Decreasing refcount of int object
[Elysia/DEBUG] Address: 0x1598041f0
[Elysia/DEBUG] Performing: load_local localVar#1 
[Elysia/DEBUG] Performing: load_local localVar#4 
[Elysia/DEBUG] Performing: invoke index(3782547968) index(37) index(2) 
[Elysia/DEBUG] Entering function 1_Str::operator[]#struct#1#0#int
[Elysia/DEBUG] Performing: load_local localVar#1 
[Elysia/DEBUG] Increasing refcount of int object
[Elysia/DEBUG] Address: 0x159804270
[Elysia/DEBUG] Performing: push_integer int(0) 
[Elysia/DEBUG] Performing: less_than 
[Elysia/DEBUG] Decreasing refcount of int object
[Elysia/DEBUG] Address: 0x159804270
[Elysia/DEBUG] Performing: jump_if_true codeBlock#1 
[Elysia/DEBUG] Performing: load_local localVar#1 
[Elysia/DEBUG] Increasing refcount of int object
[Elysia/DEBUG] Address: 0x159804270
[Elysia/DEBUG] Performing: load_local localVar#0 
[Elysia/DEBUG] Performing: load_member index(1) 
[Elysia/DEBUG] Increasing refcount of unsigned object
[Elysia/DEBUG] Address: 0x1598040d0
[Elysia/DEBUG] Performing: basic_cast_int 
[Elysia/DEBUG] Decreasing refcount of unsigned object
[Elysia/DEBUG] Address: 0x1598040d0
[Elysia/DEBUG] Performing: greater_equal 
[Elysia/DEBUG] Decreasing refcount of int object
[Elysia/DEBUG] Address: 0x159804270
[Elysia/DEBUG] Performing: jump_if_true codeBlock#1 
[Elysia/DEBUG] Performing: jump codeBlock#2 
[Elysia/DEBUG] Performing: push_boolean bool(false) 
[Elysia/DEBUG] Performing: jump codeBlock#3 
[Elysia/DEBUG] Performing: jump_if_true codeBlock#4 
[Elysia/DEBUG] Performing: jump codeBlock#5 
[Elysia/DEBUG] Performing: load_local localVar#0 
[Elysia/DEBUG] Performing: load_member index(0) 
[Elysia/DEBUG] Entering function array_char[]_gc_refcount_increase
[Elysia/DEBUG] Performing: load_local localVar#1 
[Elysia/DEBUG] Increasing refcount of int object
[Elysia/DEBUG] Address: 0x159804270
[Elysia/DEBUG] Performing: basic_cast_unsigned 
[Elysia/DEBUG] Decreasing refcount of int object
[Elysia/DEBUG] Address: 0x159804270
[Elysia/DEBUG] Performing: load_element 
[Elysia/DEBUG] Entering function array_char[]_gc_refcount_decrease
[Elysia/DEBUG] Performing: ret 
[Elysia/DEBUG] Decreasing refcount of int object
[Elysia/DEBUG] Address: 0x159804270
[Elysia/DEBUG] Performing: equal 
[Elysia/DEBUG] Decreasing refcount of char object
[Elysia/DEBUG] Address: 0x159804250
[Elysia/DEBUG] Decreasing refcount of char object
[Elysia/DEBUG] Address: 0x159804270
[Elysia/DEBUG] Performing: jump_if_true codeBlock#6 
[Elysia/DEBUG] Performing: jump codeBlock#8 
[Elysia/DEBUG] Performing: load_local localVar#4 
[Elysia/DEBUG] Performing: push_integer int(0) 
[Elysia/DEBUG] Performing: equal 
[Elysia/DEBUG] Performing: jump_if_true codeBlock#9 
[Elysia/DEBUG] Performing: push_integer int(0) 
[Elysia/DEBUG] Performing: load_local localVar#3 
[Elysia/DEBUG] Entering function array_int[]_gc_refcount_increase
[Elysia/DEBUG] Performing: push_unsigned unsigned(0) 
[Elysia/DEBUG] Performing: load_local localVar#5 
[Elysia/DEBUG] Increasing refcount of int object
[Elysia/DEBUG] Address: 0x1598041f0
[Elysia/DEBUG] Performing: basic_cast_unsigned 
[Elysia/DEBUG] Decreasing refcount of int object
[Elysia/DEBUG] Address: 0x1598041f0
[Elysia/DEBUG] Performing: push_unsigned unsigned(1) 
[Elysia/DEBUG] Performing: mul 
[Elysia/DEBUG] Performing: add 
[Elysia/DEBUG] Performing: store_element unknown 
[Elysia/DEBUG] Entering function array_int[]_gc_refcount_decrease
[Elysia/DEBUG] Performing: load_local localVar#3 
[Elysia/DEBUG] Entering function array_int[]_gc_refcount_increase
[Elysia/DEBUG] Performing: push_unsigned unsigned(0) 
[Elysia/DEBUG] Performing: load_local localVar#5 
[Elysia/DEBUG] Increasing refcount of int object
[Elysia/DEBUG] Address: 0x1598041f0
[Elysia/DEBUG] Performing: basic_cast_unsigned 
[Elysia/DEBUG] Decreasing refcount of int object
[Elysia/DEBUG] Address: 0x1598041f0
[Elysia/DEBUG] Performing: push_unsigned unsigned(1) 
[Elysia/DEBUG] Performing: mul 
[Elysia/DEBUG] Performing: add 
[Elysia/DEBUG] Performing: load_element 
[Elysia/DEBUG] Entering function array_int[]_gc_refcount_decrease
[Elysia/DEBUG] Performing: pop 
[Elysia/DEBUG] Popped value: loaded_val340
[Elysia/DEBUG] Performing: load_local localVar#5 
[Elysia/DEBUG] Increasing refcount of int object
[Elysia/DEBUG] Address: 0x1598041f0
[Elysia/DEBUG] Performing: push_integer int(1) 
[Elysia/DEBUG] Performing: add 
[Elysia/DEBUG] Decreasing refcount of int object
[Elysia/DEBUG] Address: 0x1598041f0
[Elysia/DEBUG] Performing: store_local localVar#5 
[Elysia/DEBUG] Decreasing refcount of int object
[Elysia/DEBUG] Address: 0x1598041f0
[Elysia/DEBUG] Performing: jump codeBlock#10 
[Elysia/DEBUG] Performing: jump codeBlock#7 
[Elysia/DEBUG] Performing: jump codeBlock#3 
[Elysia/DEBUG] Performing: load_local localVar#5 
[Elysia/DEBUG] Increasing refcount of int object
[Elysia/DEBUG] Address: 0x1598041f0
[Elysia/DEBUG] Performing: load_local localVar#1 
[Elysia/DEBUG] Performing: load_member index(1) 
[Elysia/DEBUG] Increasing refcount of unsigned object
[Elysia/DEBUG] Address: 0x1598040d0
[Elysia/DEBUG] Performing: basic_cast_int 
[Elysia/DEBUG] Decreasing refcount of unsigned object
[Elysia/DEBUG] Address: 0x1598040d0
[Elysia/DEBUG] Performing: less_than 
[Elysia/DEBUG] Decreasing refcount of int object
[Elysia/DEBUG] Address: 0x1598041f0
[Elysia/DEBUG] Performing: jump_if_true codeBlock#4 
[Elysia/DEBUG] Performing: load_local localVar#1 
[Elysia/DEBUG] Performing: load_local localVar#5 
[Elysia/DEBUG] Increasing refcount of int object
[Elysia/DEBUG] Address: 0x1598041f0
[Elysia/DEBUG] Performing: invoke index(3782547968) index(37) index(2) 
[Elysia/DEBUG] Entering function 1_Str::operator[]#struct#1#0#int
[Elysia/DEBUG] Performing: load_local localVar#1 
[Elysia/DEBUG] Increasing refcount of int object
[Elysia/DEBUG] Address: 0x1598041f0
[Elysia/DEBUG] Performing: push_integer int(0) 
[Elysia/DEBUG] Performing: less_than 
[Elysia/DEBUG] Decreasing refcount of int object
[Elysia/DEBUG] Address: 0x1598041f0
[Elysia/DEBUG] Performing: jump_if_true codeBlock#1 
[Elysia/DEBUG] Performing: load_local localVar#1 
[Elysia/DEBUG] Increasing refcount of int object
[Elysia/DEBUG] Address: 0x1598041f0
[Elysia/DEBUG] Performing: load_local localVar#0 
[Elysia/DEBUG] Performing: load_member index(1) 
[Elysia/DEBUG] Increasing refcount of unsigned object
[Elysia/DEBUG] Address: 0x1598040d0
[Elysia/DEBUG] Performing: basic_cast_int 
[Elysia/DEBUG] Decreasing refcount of unsigned object
[Elysia/DEBUG] Address: 0x1598040d0
[Elysia/DEBUG] Performing: greater_equal 
[Elysia/DEBUG] Decreasing refcount of int object
[Elysia/DEBUG] Address: 0x1598041f0
[Elysia/DEBUG] Performing: jump_if_true codeBlock#1 
[Elysia/DEBUG] Performing: jump codeBlock#2 
[Elysia/DEBUG] Performing: push_boolean bool(false) 
[Elysia/DEBUG] Performing: jump codeBlock#3 
[Elysia/DEBUG] Performing: jump_if_true codeBlock#4 
[Elysia/DEBUG] Performing: jump codeBlock#5 
[Elysia/DEBUG] Performing: load_local localVar#0 
[Elysia/DEBUG] Performing: load_member index(0) 
[Elysia/DEBUG] Entering function array_char[]_gc_refcount_increase
[Elysia/DEBUG] Performing: load_local localVar#1 
[Elysia/DEBUG] Increasing refcount of int object
[Elysia/DEBUG] Address: 0x1598041f0
[Elysia/DEBUG] Performing: basic_cast_unsigned 
[Elysia/DEBUG] Decreasing refcount of int object
[Elysia/DEBUG] Address: 0x1598041f0
[Elysia/DEBUG] Performing: load_element 
[Elysia/DEBUG] Entering function array_char[]_gc_refcount_decrease
[Elysia/DEBUG] Performing: ret 
[Elysia/DEBUG] Decreasing refcount of int object
[Elysia/DEBUG] Address: 0x1598041f0
[Elysia/DEBUG] Performing: load_local localVar#1 
[Elysia/DEBUG] Performing: load_local localVar#4 
[Elysia/DEBUG] Performing: invoke index(3782547968) index(37) index(2) 
[Elysia/DEBUG] Entering function 1_Str::operator[]#struct#1#0#int
[Elysia/DEBUG] Performing: load_local localVar#1 
[Elysia/DEBUG] Increasing refcount of int object
[Elysia/DEBUG] Address: 0x159804270
[Elysia/DEBUG] Performing: push_integer int(0) 
[Elysia/DEBUG] Performing: less_than 
[Elysia/DEBUG] Decreasing refcount of int object
[Elysia/DEBUG] Address: 0x159804270
[Elysia/DEBUG] Performing: jump_if_true codeBlock#1 
[Elysia/DEBUG] Performing: load_local localVar#1 
[Elysia/DEBUG] Increasing refcount of int object
[Elysia/DEBUG] Address: 0x159804270
[Elysia/DEBUG] Performing: load_local localVar#0 
[Elysia/DEBUG] Performing: load_member index(1) 
[Elysia/DEBUG] Increasing refcount of unsigned object
[Elysia/DEBUG] Address: 0x1598040d0
[Elysia/DEBUG] Performing: basic_cast_int 
[Elysia/DEBUG] Decreasing refcount of unsigned object
[Elysia/DEBUG] Address: 0x1598040d0
[Elysia/DEBUG] Performing: greater_equal 
[Elysia/DEBUG] Decreasing refcount of int object
[Elysia/DEBUG] Address: 0x159804270
[Elysia/DEBUG] Performing: jump_if_true codeBlock#1 
[Elysia/DEBUG] Performing: jump codeBlock#2 
[Elysia/DEBUG] Performing: push_boolean bool(false) 
[Elysia/DEBUG] Performing: jump codeBlock#3 
[Elysia/DEBUG] Performing: jump_if_true codeBlock#4 
[Elysia/DEBUG] Performing: jump codeBlock#5 
[Elysia/DEBUG] Performing: load_local localVar#0 
[Elysia/DEBUG] Performing: load_member index(0) 
[Elysia/DEBUG] Entering function array_char[]_gc_refcount_increase
[Elysia/DEBUG] Performing: load_local localVar#1 
[Elysia/DEBUG] Increasing refcount of int object
[Elysia/DEBUG] Address: 0x159804270
[Elysia/DEBUG] Performing: basic_cast_unsigned 
[Elysia/DEBUG] Decreasing refcount of int object
[Elysia/DEBUG] Address: 0x159804270
[Elysia/DEBUG] Performing: load_element 
[Elysia/DEBUG] Entering function array_char[]_gc_refcount_decrease
[Elysia/DEBUG] Performing: ret 
[Elysia/DEBUG] Decreasing refcount of int object
[Elysia/DEBUG] Address: 0x159804270
[Elysia/DEBUG] Performing: equal 
[Elysia/DEBUG] Decreasing refcount of char object
[Elysia/DEBUG] Address: 0x159804250
[Elysia/DEBUG] Decreasing refcount of char object
[Elysia/DEBUG] Address: 0x159804270
[Elysia/DEBUG] Performing: jump_if_true codeBlock#6 
[Elysia/DEBUG] Performing: jump codeBlock#8 
[Elysia/DEBUG] Performing: load_local localVar#4 
[Elysia/DEBUG] Performing: push_integer int(0) 
[Elysia/DEBUG] Performing: equal 
[Elysia/DEBUG] Performing: jump_if_true codeBlock#9 
[Elysia/DEBUG] Performing: push_integer int(0) 
[Elysia/DEBUG] Performing: load_local localVar#3 
[Elysia/DEBUG] Entering function array_int[]_gc_refcount_increase
[Elysia/DEBUG] Performing: push_unsigned unsigned(0) 
[Elysia/DEBUG] Performing: load_local localVar#5 
[Elysia/DEBUG] Increasing refcount of int object
[Elysia/DEBUG] Address: 0x1598041f0
[Elysia/DEBUG] Performing: basic_cast_unsigned 
[Elysia/DEBUG] Decreasing refcount of int object
[Elysia/DEBUG] Address: 0x1598041f0
[Elysia/DEBUG] Performing: push_unsigned unsigned(1) 
[Elysia/DEBUG] Performing: mul 
[Elysia/DEBUG] Performing: add 
[Elysia/DEBUG] Performing: store_element unknown 
[Elysia/DEBUG] Entering function array_int[]_gc_refcount_decrease
[Elysia/DEBUG] Performing: load_local localVar#3 
[Elysia/DEBUG] Entering function array_int[]_gc_refcount_increase
[Elysia/DEBUG] Performing: push_unsigned unsigned(0) 
[Elysia/DEBUG] Performing: load_local localVar#5 
[Elysia/DEBUG] Increasing refcount of int object
[Elysia/DEBUG] Address: 0x1598041f0
[Elysia/DEBUG] Performing: basic_cast_unsigned 
[Elysia/DEBUG] Decreasing refcount of int object
[Elysia/DEBUG] Address: 0x1598041f0
[Elysia/DEBUG] Performing: push_unsigned unsigned(1) 
[Elysia/DEBUG] Performing: mul 
[Elysia/DEBUG] Performing: add 
[Elysia/DEBUG] Performing: load_element 
[Elysia/DEBUG] Entering function array_int[]_gc_refcount_decrease
[Elysia/DEBUG] Performing: pop 
[Elysia/DEBUG] Popped value: loaded_val340
[Elysia/DEBUG] Performing: load_local localVar#5 
[Elysia/DEBUG] Increasing refcount of int object
[Elysia/DEBUG] Address: 0x1598041f0
[Elysia/DEBUG] Performing: push_integer int(1) 
[Elysia/DEBUG] Performing: add 
[Elysia/DEBUG] Decreasing refcount of int object
[Elysia/DEBUG] Address: 0x1598041f0
[Elysia/DEBUG] Performing: store_local localVar#5 
[Elysia/DEBUG] Decreasing refcount of int object
[Elysia/DEBUG] Address: 0x1598041f0
[Elysia/DEBUG] Performing: jump codeBlock#10 
[Elysia/DEBUG] Performing: jump codeBlock#7 
[Elysia/DEBUG] Performing: jump codeBlock#3 
[Elysia/DEBUG] Performing: load_local localVar#5 
[Elysia/DEBUG] Increasing refcount of int object
[Elysia/DEBUG] Address: 0x1598041f0
[Elysia/DEBUG] Performing: load_local localVar#1 
[Elysia/DEBUG] Performing: load_member index(1) 
[Elysia/DEBUG] Increasing refcount of unsigned object
[Elysia/DEBUG] Address: 0x1598040d0
[Elysia/DEBUG] Performing: basic_cast_int 
[Elysia/DEBUG] Decreasing refcount of unsigned object
[Elysia/DEBUG] Address: 0x1598040d0
[Elysia/DEBUG] Performing: less_than 
[Elysia/DEBUG] Decreasing refcount of int object
[Elysia/DEBUG] Address: 0x1598041f0
[Elysia/DEBUG] Performing: jump_if_true codeBlock#4 
[Elysia/DEBUG] Performing: jump codeBlock#5 
[Elysia/DEBUG] Performing: load_local localVar#2 
[Elysia/DEBUG] Increasing refcount of int object
[Elysia/DEBUG] Address: 0x1598041d0
[Elysia/DEBUG] Performing: store_local localVar#5 
[Elysia/DEBUG] Decreasing refcount of int object
[Elysia/DEBUG] Address: 0x1598041f0
[Elysia/DEBUG] Performing: push_integer int(0) 
[Elysia/DEBUG] Performing: store_local localVar#6 
[Elysia/DEBUG] Performing: jump codeBlock#12 
[Elysia/DEBUG] Performing: load_local localVar#5 
[Elysia/DEBUG] Increasing refcount of int object
[Elysia/DEBUG] Address: 0x1598041d0
[Elysia/DEBUG] Performing: load_local localVar#0 
[Elysia/DEBUG] Performing: load_member index(1) 
[Elysia/DEBUG] Increasing refcount of unsigned object
[Elysia/DEBUG] Address: 0x159904280
[Elysia/DEBUG] Performing: basic_cast_int 
[Elysia/DEBUG] Decreasing refcount of unsigned object
[Elysia/DEBUG] Address: 0x159904280
[Elysia/DEBUG] Performing: less_than 
[Elysia/DEBUG] Decreasing refcount of int object
[Elysia/DEBUG] Address: 0x1598041d0
[Elysia/DEBUG] Performing: jump_if_true codeBlock#13 
[Elysia/DEBUG] Performing: load_local localVar#0 
[Elysia/DEBUG] Performing: load_local localVar#5 
[Elysia/DEBUG] Increasing refcount of int object
[Elysia/DEBUG] Address: 0x1598041d0
[Elysia/DEBUG] Performing: invoke index(3782547968) index(37) index(2) 
[Elysia/DEBUG] Entering function 1_Str::operator[]#struct#1#0#int
[Elysia/DEBUG] Performing: load_local localVar#1 
[Elysia/DEBUG] Increasing refcount of int object
[Elysia/DEBUG] Address: 0x1598041d0
[Elysia/DEBUG] Performing: push_integer int(0) 
[Elysia/DEBUG] Performing: less_than 
[Elysia/DEBUG] Decreasing refcount of int object
[Elysia/DEBUG] Address: 0x1598041d0
[Elysia/DEBUG] Performing: jump_if_true codeBlock#1 
[Elysia/DEBUG] Performing: load_local localVar#1 
[Elysia/DEBUG] Increasing refcount of int object
[Elysia/DEBUG] Address: 0x1598041d0
[Elysia/DEBUG] Performing: load_local localVar#0 
[Elysia/DEBUG] Performing: load_member index(1) 
[Elysia/DEBUG] Increasing refcount of unsigned object
[Elysia/DEBUG] Address: 0x159904280
[Elysia/DEBUG] Performing: basic_cast_int 
[Elysia/DEBUG] Decreasing refcount of unsigned object
[Elysia/DEBUG] Address: 0x159904280
[Elysia/DEBUG] Performing: greater_equal 
[Elysia/DEBUG] Decreasing refcount of int object
[Elysia/DEBUG] Address: 0x1598041d0
[Elysia/DEBUG] Performing: jump_if_true codeBlock#1 
[Elysia/DEBUG] Performing: jump codeBlock#2 
[Elysia/DEBUG] Performing: push_boolean bool(false) 
[Elysia/DEBUG] Performing: jump codeBlock#3 
[Elysia/DEBUG] Performing: jump_if_true codeBlock#4 
[Elysia/DEBUG] Performing: jump codeBlock#5 
[Elysia/DEBUG] Performing: load_local localVar#0 
[Elysia/DEBUG] Performing: load_member index(0) 
[Elysia/DEBUG] Entering function array_char[]_gc_refcount_increase
[Elysia/DEBUG] Performing: load_local localVar#1 
[Elysia/DEBUG] Increasing refcount of int object
[Elysia/DEBUG] Address: 0x1598041d0
[Elysia/DEBUG] Performing: basic_cast_unsigned 
[Elysia/DEBUG] Decreasing refcount of int object
[Elysia/DEBUG] Address: 0x1598041d0
[Elysia/DEBUG] Performing: load_element 
[Elysia/DEBUG] Entering function array_char[]_gc_refcount_decrease
[Elysia/DEBUG] Performing: ret 
[Elysia/DEBUG] Decreasing refcount of int object
[Elysia/DEBUG] Address: 0x1598041d0
[Elysia/DEBUG] Performing: load_local localVar#1 
[Elysia/DEBUG] Performing: load_local localVar#6 
[Elysia/DEBUG] Performing: invoke index(3782547968) index(37) index(2) 
[Elysia/DEBUG] Entering function 1_Str::operator[]#struct#1#0#int
[Elysia/DEBUG] Performing: load_local localVar#1 
[Elysia/DEBUG] Increasing refcount of int object
[Elysia/DEBUG] Address: 0x159804250
[Elysia/DEBUG] Performing: push_integer int(0) 
[Elysia/DEBUG] Performing: less_than 
[Elysia/DEBUG] Decreasing refcount of int object
[Elysia/DEBUG] Address: 0x159804250
[Elysia/DEBUG] Performing: jump_if_true codeBlock#1 
[Elysia/DEBUG] Performing: load_local localVar#1 
[Elysia/DEBUG] Increasing refcount of int object
[Elysia/DEBUG] Address: 0x159804250
[Elysia/DEBUG] Performing: load_local localVar#0 
[Elysia/DEBUG] Performing: load_member index(1) 
[Elysia/DEBUG] Increasing refcount of unsigned object
[Elysia/DEBUG] Address: 0x1598040d0
[Elysia/DEBUG] Performing: basic_cast_int 
[Elysia/DEBUG] Decreasing refcount of unsigned object
[Elysia/DEBUG] Address: 0x1598040d0
[Elysia/DEBUG] Performing: greater_equal 
[Elysia/DEBUG] Decreasing refcount of int object
[Elysia/DEBUG] Address: 0x159804250
[Elysia/DEBUG] Performing: jump_if_true codeBlock#1 
[Elysia/DEBUG] Performing: jump codeBlock#2 
[Elysia/DEBUG] Performing: push_boolean bool(false) 
[Elysia/DEBUG] Performing: jump codeBlock#3 
[Elysia/DEBUG] Performing: jump_if_true codeBlock#4 
[Elysia/DEBUG] Performing: jump codeBlock#5 
[Elysia/DEBUG] Performing: load_local localVar#0 
[Elysia/DEBUG] Performing: load_member index(0) 
[Elysia/DEBUG] Entering function array_char[]_gc_refcount_increase
[Elysia/DEBUG] Performing: load_local localVar#1 
[Elysia/DEBUG] Increasing refcount of int object
[Elysia/DEBUG] Address: 0x159804250
[Elysia/DEBUG] Performing: basic_cast_unsigned 
[Elysia/DEBUG] Decreasing refcount of int object
[Elysia/DEBUG] Address: 0x159804250
[Elysia/DEBUG] Performing: load_element 
[Elysia/DEBUG] Entering function array_char[]_gc_refcount_decrease
[Elysia/DEBUG] Performing: ret 
[Elysia/DEBUG] Decreasing refcount of int object
[Elysia/DEBUG] Address: 0x159804250
[Elysia/DEBUG] Performing: equal 
[Elysia/DEBUG] Decreasing refcount of char object
[Elysia/DEBUG] Address: 0x1598041f0
[Elysia/DEBUG] Decreasing refcount of char object
[Elysia/DEBUG] Address: 0x159804250
[Elysia/DEBUG] Performing: jump_if_true codeBlock#15 
[Elysia/DEBUG] Performing: load_local localVar#5 
[Elysia/DEBUG] Increasing refcount of int object
[Elysia/DEBUG] Address: 0x1598041d0
[Elysia/DEBUG] Performing: push_integer int(1) 
[Elysia/DEBUG] Performing: add 
[Elysia/DEBUG] Decreasing refcount of int object
[Elysia/DEBUG] Address: 0x1598041d0
[Elysia/DEBUG] Performing: store_local localVar#5 
[Elysia/DEBUG] Decreasing refcount of int object
[Elysia/DEBUG] Address: 0x1598041d0
[Elysia/DEBUG] Performing: load_local localVar#6 
[Elysia/DEBUG] Performing: push_integer int(1) 
[Elysia/DEBUG] Performing: add 
[Elysia/DEBUG] Performing: store_local localVar#6 
[Elysia/DEBUG] Performing: jump codeBlock#16 
[Elysia/DEBUG] Performing: load_local localVar#6 
[Elysia/DEBUG] Performing: load_local localVar#1 
[Elysia/DEBUG] Performing: load_member index(1) 
[Elysia/DEBUG] Increasing refcount of unsigned object
[Elysia/DEBUG] Address: 0x1598040d0
[Elysia/DEBUG] Performing: basic_cast_int 
[Elysia/DEBUG] Decreasing refcount of unsigned object
[Elysia/DEBUG] Address: 0x1598040d0
[Elysia/DEBUG] Performing: equal 
[Elysia/DEBUG] Performing: jump_if_true codeBlock#19 
[Elysia/DEBUG] Performing: jump codeBlock#20 
[Elysia/DEBUG] Performing: jump codeBlock#12 
[Elysia/DEBUG] Performing: load_local localVar#5 
[Elysia/DEBUG] Increasing refcount of int object
[Elysia/DEBUG] Address: 0x159804250
[Elysia/DEBUG] Performing: load_local localVar#0 
[Elysia/DEBUG] Performing: load_member index(1) 
[Elysia/DEBUG] Increasing refcount of unsigned object
[Elysia/DEBUG] Address: 0x159904280
[Elysia/DEBUG] Performing: basic_cast_int 
[Elysia/DEBUG] Decreasing refcount of unsigned object
[Elysia/DEBUG] Address: 0x159904280
[Elysia/DEBUG] Performing: less_than 
[Elysia/DEBUG] Decreasing refcount of int object
[Elysia/DEBUG] Address: 0x159804250
[Elysia/DEBUG] Performing: jump_if_true codeBlock#13 
[Elysia/DEBUG] Performing: load_local localVar#0 
[Elysia/DEBUG] Performing: load_local localVar#5 
[Elysia/DEBUG] Increasing refcount of int object
[Elysia/DEBUG] Address: 0x159804250
[Elysia/DEBUG] Performing: invoke index(3782547968) index(37) index(2) 
[Elysia/DEBUG] Entering function 1_Str::operator[]#struct#1#0#int
[Elysia/DEBUG] Performing: load_local localVar#1 
[Elysia/DEBUG] Increasing refcount of int object
[Elysia/DEBUG] Address: 0x159804250
[Elysia/DEBUG] Performing: push_integer int(0) 
[Elysia/DEBUG] Performing: less_than 
[Elysia/DEBUG] Decreasing refcount of int object
[Elysia/DEBUG] Address: 0x159804250
[Elysia/DEBUG] Performing: jump_if_true codeBlock#1 
[Elysia/DEBUG] Performing: load_local localVar#1 
[Elysia/DEBUG] Increasing refcount of int object
[Elysia/DEBUG] Address: 0x159804250
[Elysia/DEBUG] Performing: load_local localVar#0 
[Elysia/DEBUG] Performing: load_member index(1) 
[Elysia/DEBUG] Increasing refcount of unsigned object
[Elysia/DEBUG] Address: 0x159904280
[Elysia/DEBUG] Performing: basic_cast_int 
[Elysia/DEBUG] Decreasing refcount of unsigned object
[Elysia/DEBUG] Address: 0x159904280
[Elysia/DEBUG] Performing: greater_equal 
[Elysia/DEBUG] Decreasing refcount of int object
[Elysia/DEBUG] Address: 0x159804250
[Elysia/DEBUG] Performing: jump_if_true codeBlock#1 
[Elysia/DEBUG] Performing: jump codeBlock#2 
[Elysia/DEBUG] Performing: push_boolean bool(false) 
[Elysia/DEBUG] Performing: jump codeBlock#3 
[Elysia/DEBUG] Performing: jump_if_true codeBlock#4 
[Elysia/DEBUG] Performing: jump codeBlock#5 
[Elysia/DEBUG] Performing: load_local localVar#0 
[Elysia/DEBUG] Performing: load_member index(0) 
[Elysia/DEBUG] Entering function array_char[]_gc_refcount_increase
[Elysia/DEBUG] Performing: load_local localVar#1 
[Elysia/DEBUG] Increasing refcount of int object
[Elysia/DEBUG] Address: 0x159804250
[Elysia/DEBUG] Performing: basic_cast_unsigned 
[Elysia/DEBUG] Decreasing refcount of int object
[Elysia/DEBUG] Address: 0x159804250
[Elysia/DEBUG] Performing: load_element 
[Elysia/DEBUG] Entering function array_char[]_gc_refcount_decrease
[Elysia/DEBUG] Performing: ret 
[Elysia/DEBUG] Decreasing refcount of int object
[Elysia/DEBUG] Address: 0x159804250
[Elysia/DEBUG] Performing: load_local localVar#1 
[Elysia/DEBUG] Performing: load_local localVar#6 
[Elysia/DEBUG] Performing: invoke index(3782547968) index(37) index(2) 
[Elysia/DEBUG] Entering function 1_Str::operator[]#struct#1#0#int
[Elysia/DEBUG] Performing: load_local localVar#1 
[Elysia/DEBUG] Increasing refcount of int object
[Elysia/DEBUG] Address: 0x159804270
[Elysia/DEBUG] Performing: push_integer int(0) 
[Elysia/DEBUG] Performing: less_than 
[Elysia/DEBUG] Decreasing refcount of int object
[Elysia/DEBUG] Address: 0x159804270
[Elysia/DEBUG] Performing: jump_if_true codeBlock#1 
[Elysia/DEBUG] Performing: load_local localVar#1 
[Elysia/DEBUG] Increasing refcount of int object
[Elysia/DEBUG] Address: 0x159804270
[Elysia/DEBUG] Performing: load_local localVar#0 
[Elysia/DEBUG] Performing: load_member index(1) 
[Elysia/DEBUG] Increasing refcount of unsigned object
[Elysia/DEBUG] Address: 0x1598040d0
[Elysia/DEBUG] Performing: basic_cast_int 
[Elysia/DEBUG] Decreasing refcount of unsigned object
[Elysia/DEBUG] Address: 0x1598040d0
[Elysia/DEBUG] Performing: greater_equal 
[Elysia/DEBUG] Decreasing refcount of int object
[Elysia/DEBUG] Address: 0x159804270
[Elysia/DEBUG] Performing: jump_if_true codeBlock#1 
[Elysia/DEBUG] Performing: jump codeBlock#2 
[Elysia/DEBUG] Performing: push_boolean bool(false) 
[Elysia/DEBUG] Performing: jump codeBlock#3 
[Elysia/DEBUG] Performing: jump_if_true codeBlock#4 
[Elysia/DEBUG] Performing: jump codeBlock#5 
[Elysia/DEBUG] Performing: load_local localVar#0 
[Elysia/DEBUG] Performing: load_member index(0) 
[Elysia/DEBUG] Entering function array_char[]_gc_refcount_increase
[Elysia/DEBUG] Performing: load_local localVar#1 
[Elysia/DEBUG] Increasing refcount of int object
[Elysia/DEBUG] Address: 0x159804270
[Elysia/DEBUG] Performing: basic_cast_unsigned 
[Elysia/DEBUG] Decreasing refcount of int object
[Elysia/DEBUG] Address: 0x159804270
[Elysia/DEBUG] Performing: load_element 
[Elysia/DEBUG] Entering function array_char[]_gc_refcount_decrease
[Elysia/DEBUG] Performing: ret 
[Elysia/DEBUG] Decreasing refcount of int object
[Elysia/DEBUG] Address: 0x159804270
[Elysia/DEBUG] Performing: equal 
[Elysia/DEBUG] Decreasing refcount of char object
[Elysia/DEBUG] Address: 0x1598041f0
[Elysia/DEBUG] Decreasing refcount of char object
[Elysia/DEBUG] Address: 0x159804270
[Elysia/DEBUG] Performing: jump_if_true codeBlock#15 
[Elysia/DEBUG] Performing: load_local localVar#5 
[Elysia/DEBUG] Increasing refcount of int object
[Elysia/DEBUG] Address: 0x159804250
[Elysia/DEBUG] Performing: push_integer int(1) 
[Elysia/DEBUG] Performing: add 
[Elysia/DEBUG] Decreasing refcount of int object
[Elysia/DEBUG] Address: 0x159804250
[Elysia/DEBUG] Performing: store_local localVar#5 
[Elysia/DEBUG] Decreasing refcount of int object
[Elysia/DEBUG] Address: 0x159804250
[Elysia/DEBUG] Performing: load_local localVar#6 
[Elysia/DEBUG] Performing: push_integer int(1) 
[Elysia/DEBUG] Performing: add 
[Elysia/DEBUG] Performing: store_local localVar#6 
[Elysia/DEBUG] Performing: jump codeBlock#16 
[Elysia/DEBUG] Performing: load_local localVar#6 
[Elysia/DEBUG] Performing: load_local localVar#1 
[Elysia/DEBUG] Performing: load_member index(1) 
[Elysia/DEBUG] Increasing refcount of unsigned object
[Elysia/DEBUG] Address: 0x1598040d0
[Elysia/DEBUG] Performing: basic_cast_int 
[Elysia/DEBUG] Decreasing refcount of unsigned object
[Elysia/DEBUG] Address: 0x1598040d0
[Elysia/DEBUG] Performing: equal 
[Elysia/DEBUG] Performing: jump_if_true codeBlock#19 
[Elysia/DEBUG] Performing: jump codeBlock#20 
[Elysia/DEBUG] Performing: jump codeBlock#12 
[Elysia/DEBUG] Performing: load_local localVar#5 
[Elysia/DEBUG] Increasing refcount of int object
[Elysia/DEBUG] Address: 0x159804250
[Elysia/DEBUG] Performing: load_local localVar#0 
[Elysia/DEBUG] Performing: load_member index(1) 
[Elysia/DEBUG] Increasing refcount of unsigned object
[Elysia/DEBUG] Address: 0x159904280
[Elysia/DEBUG] Performing: basic_cast_int 
[Elysia/DEBUG] Decreasing refcount of unsigned object
[Elysia/DEBUG] Address: 0x159904280
[Elysia/DEBUG] Performing: less_than 
[Elysia/DEBUG] Decreasing refcount of int object
[Elysia/DEBUG] Address: 0x159804250
[Elysia/DEBUG] Performing: jump_if_true codeBlock#13 
[Elysia/DEBUG] Performing: load_local localVar#0 
[Elysia/DEBUG] Performing: load_local localVar#5 
[Elysia/DEBUG] Increasing refcount of int object
[Elysia/DEBUG] Address: 0x159804250
[Elysia/DEBUG] Performing: invoke index(3782547968) index(37) index(2) 
[Elysia/DEBUG] Entering function 1_Str::operator[]#struct#1#0#int
[Elysia/DEBUG] Performing: load_local localVar#1 
[Elysia/DEBUG] Increasing refcount of int object
[Elysia/DEBUG] Address: 0x159804250
[Elysia/DEBUG] Performing: push_integer int(0) 
[Elysia/DEBUG] Performing: less_than 
[Elysia/DEBUG] Decreasing refcount of int object
[Elysia/DEBUG] Address: 0x159804250
[Elysia/DEBUG] Performing: jump_if_true codeBlock#1 
[Elysia/DEBUG] Performing: load_local localVar#1 
[Elysia/DEBUG] Increasing refcount of int object
[Elysia/DEBUG] Address: 0x159804250
[Elysia/DEBUG] Performing: load_local localVar#0 
[Elysia/DEBUG] Performing: load_member index(1) 
[Elysia/DEBUG] Increasing refcount of unsigned object
[Elysia/DEBUG] Address: 0x159904280
[Elysia/DEBUG] Performing: basic_cast_int 
[Elysia/DEBUG] Decreasing refcount of unsigned object
[Elysia/DEBUG] Address: 0x159904280
[Elysia/DEBUG] Performing: greater_equal 
[Elysia/DEBUG] Decreasing refcount of int object
[Elysia/DEBUG] Address: 0x159804250
[Elysia/DEBUG] Performing: jump_if_true codeBlock#1 
[Elysia/DEBUG] Performing: jump codeBlock#2 
[Elysia/DEBUG] Performing: push_boolean bool(false) 
[Elysia/DEBUG] Performing: jump codeBlock#3 
[Elysia/DEBUG] Performing: jump_if_true codeBlock#4 
[Elysia/DEBUG] Performing: jump codeBlock#5 
[Elysia/DEBUG] Performing: load_local localVar#0 
[Elysia/DEBUG] Performing: load_member index(0) 
[Elysia/DEBUG] Entering function array_char[]_gc_refcount_increase
[Elysia/DEBUG] Performing: load_local localVar#1 
[Elysia/DEBUG] Increasing refcount of int object
[Elysia/DEBUG] Address: 0x159804250
[Elysia/DEBUG] Performing: basic_cast_unsigned 
[Elysia/DEBUG] Decreasing refcount of int object
[Elysia/DEBUG] Address: 0x159804250
[Elysia/DEBUG] Performing: load_element 
[Elysia/DEBUG] Entering function array_char[]_gc_refcount_decrease
[Elysia/DEBUG] Performing: ret 
[Elysia/DEBUG] Decreasing refcount of int object
[Elysia/DEBUG] Address: 0x159804250
[Elysia/DEBUG] Performing: load_local localVar#1 
[Elysia/DEBUG] Performing: load_local localVar#6 
[Elysia/DEBUG] Performing: invoke index(3782547968) index(37) index(2) 
[Elysia/DEBUG] Entering function 1_Str::operator[]#struct#1#0#int
[Elysia/DEBUG] Performing: load_local localVar#1 
[Elysia/DEBUG] Increasing refcount of int object
[Elysia/DEBUG] Address: 0x1598041f0
[Elysia/DEBUG] Performing: push_integer int(0) 
[Elysia/DEBUG] Performing: less_than 
[Elysia/DEBUG] Decreasing refcount of int object
[Elysia/DEBUG] Address: 0x1598041f0
[Elysia/DEBUG] Performing: jump_if_true codeBlock#1 
[Elysia/DEBUG] Performing: load_local localVar#1 
[Elysia/DEBUG] Increasing refcount of int object
[Elysia/DEBUG] Address: 0x1598041f0
[Elysia/DEBUG] Performing: load_local localVar#0 
[Elysia/DEBUG] Performing: load_member index(1) 
[Elysia/DEBUG] Increasing refcount of unsigned object
[Elysia/DEBUG] Address: 0x1598040d0
[Elysia/DEBUG] Performing: basic_cast_int 
[Elysia/DEBUG] Decreasing refcount of unsigned object
[Elysia/DEBUG] Address: 0x1598040d0
[Elysia/DEBUG] Performing: greater_equal 
[Elysia/DEBUG] Decreasing refcount of int object
[Elysia/DEBUG] Address: 0x1598041f0
[Elysia/DEBUG] Performing: jump_if_true codeBlock#1 
[Elysia/DEBUG] Performing: jump codeBlock#2 
[Elysia/DEBUG] Performing: push_boolean bool(false) 
[Elysia/DEBUG] Performing: jump codeBlock#3 
[Elysia/DEBUG] Performing: jump_if_true codeBlock#4 
[Elysia/DEBUG] Performing: jump codeBlock#5 
[Elysia/DEBUG] Performing: load_local localVar#0 
[Elysia/DEBUG] Performing: load_member index(0) 
[Elysia/DEBUG] Entering function array_char[]_gc_refcount_increase
[Elysia/DEBUG] Performing: load_local localVar#1 
[Elysia/DEBUG] Increasing refcount of int object
[Elysia/DEBUG] Address: 0x1598041f0
[Elysia/DEBUG] Performing: basic_cast_unsigned 
[Elysia/DEBUG] Decreasing refcount of int object
[Elysia/DEBUG] Address: 0x1598041f0
[Elysia/DEBUG] Performing: load_element 
[Elysia/DEBUG] Entering function array_char[]_gc_refcount_decrease
[Elysia/DEBUG] Performing: ret 
[Elysia/DEBUG] Decreasing refcount of int object
[Elysia/DEBUG] Address: 0x1598041f0
[Elysia/DEBUG] Performing: equal 
[Elysia/DEBUG] Decreasing refcount of char object
[Elysia/DEBUG] Address: 0x159804270
[Elysia/DEBUG] Decreasing refcount of char object
[Elysia/DEBUG] Address: 0x1598041f0
[Elysia/DEBUG] Performing: jump_if_true codeBlock#15 
[Elysia/DEBUG] Performing: load_local localVar#5 
[Elysia/DEBUG] Increasing refcount of int object
[Elysia/DEBUG] Address: 0x159804250
[Elysia/DEBUG] Performing: push_integer int(1) 
[Elysia/DEBUG] Performing: add 
[Elysia/DEBUG] Decreasing refcount of int object
[Elysia/DEBUG] Address: 0x159804250
[Elysia/DEBUG] Performing: store_local localVar#5 
[Elysia/DEBUG] Decreasing refcount of int object
[Elysia/DEBUG] Address: 0x159804250
[Elysia/DEBUG] Performing: load_local localVar#6 
[Elysia/DEBUG] Performing: push_integer int(1) 
[Elysia/DEBUG] Performing: add 
[Elysia/DEBUG] Performing: store_local localVar#6 
[Elysia/DEBUG] Performing: jump codeBlock#16 
[Elysia/DEBUG] Performing: load_local localVar#6 
[Elysia/DEBUG] Performing: load_local localVar#1 
[Elysia/DEBUG] Performing: load_member index(1) 
[Elysia/DEBUG] Increasing refcount of unsigned object
[Elysia/DEBUG] Address: 0x1598040d0
[Elysia/DEBUG] Performing: basic_cast_int 
[Elysia/DEBUG] Decreasing refcount of unsigned object
[Elysia/DEBUG] Address: 0x1598040d0
[Elysia/DEBUG] Performing: equal 
[Elysia/DEBUG] Performing: jump_if_true codeBlock#19 
[Elysia/DEBUG] Performing: jump codeBlock#20 
[Elysia/DEBUG] Performing: jump codeBlock#12 
[Elysia/DEBUG] Performing: load_local localVar#5 
[Elysia/DEBUG] Increasing refcount of int object
[Elysia/DEBUG] Address: 0x159804250
[Elysia/DEBUG] Performing: load_local localVar#0 
[Elysia/DEBUG] Performing: load_member index(1) 
[Elysia/DEBUG] Increasing refcount of unsigned object
[Elysia/DEBUG] Address: 0x159904280
[Elysia/DEBUG] Performing: basic_cast_int 
[Elysia/DEBUG] Decreasing refcount of unsigned object
[Elysia/DEBUG] Address: 0x159904280
[Elysia/DEBUG] Performing: less_than 
[Elysia/DEBUG] Decreasing refcount of int object
[Elysia/DEBUG] Address: 0x159804250
[Elysia/DEBUG] Performing: jump_if_true codeBlock#13 
[Elysia/DEBUG] Performing: load_local localVar#0 
[Elysia/DEBUG] Performing: load_local localVar#5 
[Elysia/DEBUG] Increasing refcount of int object
[Elysia/DEBUG] Address: 0x159804250
[Elysia/DEBUG] Performing: invoke index(3782547968) index(37) index(2) 
[Elysia/DEBUG] Entering function 1_Str::operator[]#struct#1#0#int
[Elysia/DEBUG] Performing: load_local localVar#1 
[Elysia/DEBUG] Increasing refcount of int object
[Elysia/DEBUG] Address: 0x159804250
[Elysia/DEBUG] Performing: push_integer int(0) 
[Elysia/DEBUG] Performing: less_than 
[Elysia/DEBUG] Decreasing refcount of int object
[Elysia/DEBUG] Address: 0x159804250
[Elysia/DEBUG] Performing: jump_if_true codeBlock#1 
[Elysia/DEBUG] Performing: load_local localVar#1 
[Elysia/DEBUG] Increasing refcount of int object
[Elysia/DEBUG] Address: 0x159804250
[Elysia/DEBUG] Performing: load_local localVar#0 
[Elysia/DEBUG] Performing: load_member index(1) 
[Elysia/DEBUG] Increasing refcount of unsigned object
[Elysia/DEBUG] Address: 0x159904280
[Elysia/DEBUG] Performing: basic_cast_int 
[Elysia/DEBUG] Decreasing refcount of unsigned object
[Elysia/DEBUG] Address: 0x159904280
[Elysia/DEBUG] Performing: greater_equal 
[Elysia/DEBUG] Decreasing refcount of int object
[Elysia/DEBUG] Address: 0x159804250
[Elysia/DEBUG] Performing: jump_if_true codeBlock#1 
[Elysia/DEBUG] Performing: jump codeBlock#2 
[Elysia/DEBUG] Performing: push_boolean bool(false) 
[Elysia/DEBUG] Performing: jump codeBlock#3 
[Elysia/DEBUG] Performing: jump_if_true codeBlock#4 
[Elysia/DEBUG] Performing: jump codeBlock#5 
[Elysia/DEBUG] Performing: load_local localVar#0 
[Elysia/DEBUG] Performing: load_member index(0) 
[Elysia/DEBUG] Entering function array_char[]_gc_refcount_increase
[Elysia/DEBUG] Performing: load_local localVar#1 
[Elysia/DEBUG] Increasing refcount of int object
[Elysia/DEBUG] Address: 0x159804250
[Elysia/DEBUG] Performing: basic_cast_unsigned 
[Elysia/DEBUG] Decreasing refcount of int object
[Elysia/DEBUG] Address: 0x159804250
[Elysia/DEBUG] Performing: load_element 
[Elysia/DEBUG] Entering function array_char[]_gc_refcount_decrease
[Elysia/DEBUG] Performing: ret 
[Elysia/DEBUG] Decreasing refcount of int object
[Elysia/DEBUG] Address: 0x159804250
[Elysia/DEBUG] Performing: load_local localVar#1 
[Elysia/DEBUG] Performing: load_local localVar#6 
[Elysia/DEBUG] Performing: invoke index(3782547968) index(37) index(2) 
[Elysia/DEBUG] Entering function 1_Str::operator[]#struct#1#0#int
[Elysia/DEBUG] Performing: load_local localVar#1 
[Elysia/DEBUG] Increasing refcount of int object
[Elysia/DEBUG] Address: 0x159804270
[Elysia/DEBUG] Performing: push_integer int(0) 
[Elysia/DEBUG] Performing: less_than 
[Elysia/DEBUG] Decreasing refcount of int object
[Elysia/DEBUG] Address: 0x159804270
[Elysia/DEBUG] Performing: jump_if_true codeBlock#1 
[Elysia/DEBUG] Performing: load_local localVar#1 
[Elysia/DEBUG] Increasing refcount of int object
[Elysia/DEBUG] Address: 0x159804270
[Elysia/DEBUG] Performing: load_local localVar#0 
[Elysia/DEBUG] Performing: load_member index(1) 
[Elysia/DEBUG] Increasing refcount of unsigned object
[Elysia/DEBUG] Address: 0x1598040d0
[Elysia/DEBUG] Performing: basic_cast_int 
[Elysia/DEBUG] Decreasing refcount of unsigned object
[Elysia/DEBUG] Address: 0x1598040d0
[Elysia/DEBUG] Performing: greater_equal 
[Elysia/DEBUG] Decreasing refcount of int object
[Elysia/DEBUG] Address: 0x159804270
[Elysia/DEBUG] Performing: jump_if_true codeBlock#1 
[Elysia/DEBUG] Performing: jump codeBlock#2 
[Elysia/DEBUG] Performing: push_boolean bool(false) 
[Elysia/DEBUG] Performing: jump codeBlock#3 
[Elysia/DEBUG] Performing: jump_if_true codeBlock#4 
[Elysia/DEBUG] Performing: jump codeBlock#5 
[Elysia/DEBUG] Performing: load_local localVar#0 
[Elysia/DEBUG] Performing: load_member index(0) 
[Elysia/DEBUG] Entering function array_char[]_gc_refcount_increase
[Elysia/DEBUG] Performing: load_local localVar#1 
[Elysia/DEBUG] Increasing refcount of int object
[Elysia/DEBUG] Address: 0x159804270
[Elysia/DEBUG] Performing: basic_cast_unsigned 
[Elysia/DEBUG] Decreasing refcount of int object
[Elysia/DEBUG] Address: 0x159804270
[Elysia/DEBUG] Performing: load_element 
[Elysia/DEBUG] Entering function array_char[]_gc_refcount_decrease
[Elysia/DEBUG] Performing: ret 
[Elysia/DEBUG] Decreasing refcount of int object
[Elysia/DEBUG] Address: 0x159804270
[Elysia/DEBUG] Performing: equal 
[Elysia/DEBUG] Decreasing refcount of char object
[Elysia/DEBUG] Address: 0x1598041f0
[Elysia/DEBUG] Decreasing refcount of char object
[Elysia/DEBUG] Address: 0x159804270
[Elysia/DEBUG] Performing: jump_if_true codeBlock#15 
[Elysia/DEBUG] Performing: load_local localVar#5 
[Elysia/DEBUG] Increasing refcount of int object
[Elysia/DEBUG] Address: 0x159804250
[Elysia/DEBUG] Performing: push_integer int(1) 
[Elysia/DEBUG] Performing: add 
[Elysia/DEBUG] Decreasing refcount of int object
[Elysia/DEBUG] Address: 0x159804250
[Elysia/DEBUG] Performing: store_local localVar#5 
[Elysia/DEBUG] Decreasing refcount of int object
[Elysia/DEBUG] Address: 0x159804250
[Elysia/DEBUG] Performing: load_local localVar#6 
[Elysia/DEBUG] Performing: push_integer int(1) 
[Elysia/DEBUG] Performing: add 
[Elysia/DEBUG] Performing: store_local localVar#6 
[Elysia/DEBUG] Performing: jump codeBlock#16 
[Elysia/DEBUG] Performing: load_local localVar#6 
[Elysia/DEBUG] Performing: load_local localVar#1 
[Elysia/DEBUG] Performing: load_member index(1) 
[Elysia/DEBUG] Increasing refcount of unsigned object
[Elysia/DEBUG] Address: 0x1598040d0
[Elysia/DEBUG] Performing: basic_cast_int 
[Elysia/DEBUG] Decreasing refcount of unsigned object
[Elysia/DEBUG] Address: 0x1598040d0
[Elysia/DEBUG] Performing: equal 
[Elysia/DEBUG] Performing: jump_if_true codeBlock#19 
[Elysia/DEBUG] Performing: load_local localVar#5 
[Elysia/DEBUG] Increasing refcount of int object
[Elysia/DEBUG] Address: 0x159804250
[Elysia/DEBUG] Performing: load_local localVar#6 
[Elysia/DEBUG] Performing: sub 
[Elysia/DEBUG] Decreasing refcount of int object
[Elysia/DEBUG] Address: 0x159804250
[Elysia/DEBUG] Performing: ret 
[Elysia/DEBUG] Decreasing refcount of int object
[Elysia/DEBUG] Address: 0x1598041d0
[Elysia/DEBUG] Entering function array_int[]_gc_refcount_decrease
[Elysia/DEBUG] Decreasing refcount of int object
[Elysia/DEBUG] Address: 0x159804250
[Elysia/DEBUG] Performing: store_local localVar#3 
[Elysia/DEBUG] Decreasing refcount of int object
[Elysia/DEBUG] Address: 0x159804080
[Elysia/DEBUG] Performing: load_local localVar#3 
[Elysia/DEBUG] Increasing refcount of int object
[Elysia/DEBUG] Address: 0x159804250
[Elysia/DEBUG] Performing: push_integer int(-1) 
[Elysia/DEBUG] Performing: not_equal 
[Elysia/DEBUG] Decreasing refcount of int object
[Elysia/DEBUG] Address: 0x159804250
[Elysia/DEBUG] Performing: jump_if_true codeBlock#4 
[Elysia/DEBUG] Performing: load_local localVar#2 
[Elysia/DEBUG] Performing: push_integer int(1) 
[Elysia/DEBUG] Performing: add 
[Elysia/DEBUG] Performing: store_local localVar#2 
[Elysia/DEBUG] Performing: load_local localVar#3 
[Elysia/DEBUG] Increasing refcount of int object
[Elysia/DEBUG] Address: 0x159804250
[Elysia/DEBUG] Performing: load_local localVar#1 
[Elysia/DEBUG] Performing: load_member index(1) 
[Elysia/DEBUG] Increasing refcount of unsigned object
[Elysia/DEBUG] Address: 0x1598040d0
[Elysia/DEBUG] Performing: basic_cast_int 
[Elysia/DEBUG] Decreasing refcount of unsigned object
[Elysia/DEBUG] Address: 0x1598040d0
[Elysia/DEBUG] Performing: add 
[Elysia/DEBUG] Decreasing refcount of int object
[Elysia/DEBUG] Address: 0x159804250
[Elysia/DEBUG] Performing: store_local localVar#4 
[Elysia/DEBUG] Decreasing refcount of int object
[Elysia/DEBUG] Address: 0x1598041d0
[Elysia/DEBUG] Performing: jump codeBlock#5 
[Elysia/DEBUG] Performing: jump codeBlock#1 
[Elysia/DEBUG] Performing: load_local localVar#3 
[Elysia/DEBUG] Increasing refcount of int object
[Elysia/DEBUG] Address: 0x159804250
[Elysia/DEBUG] Performing: push_integer int(-1) 
[Elysia/DEBUG] Performing: not_equal 
[Elysia/DEBUG] Decreasing refcount of int object
[Elysia/DEBUG] Address: 0x159804250
[Elysia/DEBUG] Performing: jump_if_true codeBlock#2 
[Elysia/DEBUG] Performing: load_local localVar#0 
[Elysia/DEBUG] Performing: load_local localVar#1 
[Elysia/DEBUG] Performing: load_local localVar#4 
[Elysia/DEBUG] Increasing refcount of int object
[Elysia/DEBUG] Address: 0x1598041d0
[Elysia/DEBUG] Performing: invoke index(3782547968) index(12) index(3) 
[Elysia/DEBUG] Entering function 1_Str::find#struct#1#0#int
[Elysia/DEBUG] Performing: load_local localVar#1 
[Elysia/DEBUG] Performing: load_member index(1) 
[Elysia/DEBUG] Increasing refcount of unsigned object
[Elysia/DEBUG] Address: 0x1598040d0
[Elysia/DEBUG] Performing: load_local localVar#0 
[Elysia/DEBUG] Performing: load_member index(1) 
[Elysia/DEBUG] Increasing refcount of unsigned object
[Elysia/DEBUG] Address: 0x159904280
[Elysia/DEBUG] Performing: greater_than 
[Elysia/DEBUG] Decreasing refcount of unsigned object
[Elysia/DEBUG] Address: 0x1598040d0
[Elysia/DEBUG] Decreasing refcount of unsigned object
[Elysia/DEBUG] Address: 0x159904280
[Elysia/DEBUG] Performing: jump_if_true codeBlock#1 
[Elysia/DEBUG] Performing: jump codeBlock#2 
[Elysia/DEBUG] Performing: push_integer int(0) 
[Elysia/DEBUG] Performing: load_local localVar#1 
[Elysia/DEBUG] Performing: load_member index(1) 
[Elysia/DEBUG] Increasing refcount of unsigned object
[Elysia/DEBUG] Address: 0x1598040d0
[Elysia/DEBUG] Performing: new_dynamic_array_int index(1) 
[Elysia/DEBUG] Decreasing refcount of unsigned object
[Elysia/DEBUG] Address: 0x1598040d0
[Elysia/DEBUG] Performing: store_local localVar#3 
[Elysia/DEBUG] Entering function array_int[]_gc_refcount_decrease
[Elysia/DEBUG] Performing: push_integer int(0) 
[Elysia/DEBUG] Performing: store_local localVar#4 
[Elysia/DEBUG] Performing: push_integer int(1) 
[Elysia/DEBUG] Performing: store_local localVar#5 
[Elysia/DEBUG] Performing: jump codeBlock#3 
[Elysia/DEBUG] Performing: load_local localVar#5 
[Elysia/DEBUG] Increasing refcount of int object
[Elysia/DEBUG] Address: 0x159804230
[Elysia/DEBUG] Performing: load_local localVar#1 
[Elysia/DEBUG] Performing: load_member index(1) 
[Elysia/DEBUG] Increasing refcount of unsigned object
[Elysia/DEBUG] Address: 0x1598040d0
[Elysia/DEBUG] Performing: basic_cast_int 
[Elysia/DEBUG] Decreasing refcount of unsigned object
[Elysia/DEBUG] Address: 0x1598040d0
[Elysia/DEBUG] Performing: less_than 
[Elysia/DEBUG] Decreasing refcount of int object
[Elysia/DEBUG] Address: 0x159804230
[Elysia/DEBUG] Performing: jump_if_true codeBlock#4 
[Elysia/DEBUG] Performing: load_local localVar#1 
[Elysia/DEBUG] Performing: load_local localVar#5 
[Elysia/DEBUG] Increasing refcount of int object
[Elysia/DEBUG] Address: 0x159804230
[Elysia/DEBUG] Performing: invoke index(3782547968) index(37) index(2) 
[Elysia/DEBUG] Entering function 1_Str::operator[]#struct#1#0#int
[Elysia/DEBUG] Performing: load_local localVar#1 
[Elysia/DEBUG] Increasing refcount of int object
[Elysia/DEBUG] Address: 0x159804230
[Elysia/DEBUG] Performing: push_integer int(0) 
[Elysia/DEBUG] Performing: less_than 
[Elysia/DEBUG] Decreasing refcount of int object
[Elysia/DEBUG] Address: 0x159804230
[Elysia/DEBUG] Performing: jump_if_true codeBlock#1 
[Elysia/DEBUG] Performing: load_local localVar#1 
[Elysia/DEBUG] Increasing refcount of int object
[Elysia/DEBUG] Address: 0x159804230
[Elysia/DEBUG] Performing: load_local localVar#0 
[Elysia/DEBUG] Performing: load_member index(1) 
[Elysia/DEBUG] Increasing refcount of unsigned object
[Elysia/DEBUG] Address: 0x1598040d0
[Elysia/DEBUG] Performing: basic_cast_int 
[Elysia/DEBUG] Decreasing refcount of unsigned object
[Elysia/DEBUG] Address: 0x1598040d0
[Elysia/DEBUG] Performing: greater_equal 
[Elysia/DEBUG] Decreasing refcount of int object
[Elysia/DEBUG] Address: 0x159804230
[Elysia/DEBUG] Performing: jump_if_true codeBlock#1 
[Elysia/DEBUG] Performing: jump codeBlock#2 
[Elysia/DEBUG] Performing: push_boolean bool(false) 
[Elysia/DEBUG] Performing: jump codeBlock#3 
[Elysia/DEBUG] Performing: jump_if_true codeBlock#4 
[Elysia/DEBUG] Performing: jump codeBlock#5 
[Elysia/DEBUG] Performing: load_local localVar#0 
[Elysia/DEBUG] Performing: load_member index(0) 
[Elysia/DEBUG] Entering function array_char[]_gc_refcount_increase
[Elysia/DEBUG] Performing: load_local localVar#1 
[Elysia/DEBUG] Increasing refcount of int object
[Elysia/DEBUG] Address: 0x159804230
[Elysia/DEBUG] Performing: basic_cast_unsigned 
[Elysia/DEBUG] Decreasing refcount of int object
[Elysia/DEBUG] Address: 0x159804230
[Elysia/DEBUG] Performing: load_element 
[Elysia/DEBUG] Entering function array_char[]_gc_refcount_decrease
[Elysia/DEBUG] Performing: ret 
[Elysia/DEBUG] Decreasing refcount of int object
[Elysia/DEBUG] Address: 0x159804230
[Elysia/DEBUG] Performing: load_local localVar#1 
[Elysia/DEBUG] Performing: load_local localVar#4 
[Elysia/DEBUG] Performing: invoke index(3782547968) index(37) index(2) 
[Elysia/DEBUG] Entering function 1_Str::operator[]#struct#1#0#int
[Elysia/DEBUG] Performing: load_local localVar#1 
[Elysia/DEBUG] Increasing refcount of int object
[Elysia/DEBUG] Address: 0x159804270
[Elysia/DEBUG] Performing: push_integer int(0) 
[Elysia/DEBUG] Performing: less_than 
[Elysia/DEBUG] Decreasing refcount of int object
[Elysia/DEBUG] Address: 0x159804270
[Elysia/DEBUG] Performing: jump_if_true codeBlock#1 
[Elysia/DEBUG] Performing: load_local localVar#1 
[Elysia/DEBUG] Increasing refcount of int object
[Elysia/DEBUG] Address: 0x159804270
[Elysia/DEBUG] Performing: load_local localVar#0 
[Elysia/DEBUG] Performing: load_member index(1) 
[Elysia/DEBUG] Increasing refcount of unsigned object
[Elysia/DEBUG] Address: 0x1598040d0
[Elysia/DEBUG] Performing: basic_cast_int 
[Elysia/DEBUG] Decreasing refcount of unsigned object
[Elysia/DEBUG] Address: 0x1598040d0
[Elysia/DEBUG] Performing: greater_equal 
[Elysia/DEBUG] Decreasing refcount of int object
[Elysia/DEBUG] Address: 0x159804270
[Elysia/DEBUG] Performing: jump_if_true codeBlock#1 
[Elysia/DEBUG] Performing: jump codeBlock#2 
[Elysia/DEBUG] Performing: push_boolean bool(false) 
[Elysia/DEBUG] Performing: jump codeBlock#3 
[Elysia/DEBUG] Performing: jump_if_true codeBlock#4 
[Elysia/DEBUG] Performing: jump codeBlock#5 
[Elysia/DEBUG] Performing: load_local localVar#0 
[Elysia/DEBUG] Performing: load_member index(0) 
[Elysia/DEBUG] Entering function array_char[]_gc_refcount_increase
[Elysia/DEBUG] Performing: load_local localVar#1 
[Elysia/DEBUG] Increasing refcount of int object
[Elysia/DEBUG] Address: 0x159804270
[Elysia/DEBUG] Performing: basic_cast_unsigned 
[Elysia/DEBUG] Decreasing refcount of int object
[Elysia/DEBUG] Address: 0x159804270
[Elysia/DEBUG] Performing: load_element 
[Elysia/DEBUG] Entering function array_char[]_gc_refcount_decrease
[Elysia/DEBUG] Performing: ret 
[Elysia/DEBUG] Decreasing refcount of int object
[Elysia/DEBUG] Address: 0x159804270
[Elysia/DEBUG] Performing: equal 
[Elysia/DEBUG] Decreasing refcount of char object
[Elysia/DEBUG] Address: 0x159804080
[Elysia/DEBUG] Decreasing refcount of char object
[Elysia/DEBUG] Address: 0x159804270
[Elysia/DEBUG] Performing: jump_if_true codeBlock#6 
[Elysia/DEBUG] Performing: jump codeBlock#8 
[Elysia/DEBUG] Performing: load_local localVar#4 
[Elysia/DEBUG] Performing: push_integer int(0) 
[Elysia/DEBUG] Performing: equal 
[Elysia/DEBUG] Performing: jump_if_true codeBlock#9 
[Elysia/DEBUG] Performing: push_integer int(0) 
[Elysia/DEBUG] Performing: load_local localVar#3 
[Elysia/DEBUG] Entering function array_int[]_gc_refcount_increase
[Elysia/DEBUG] Performing: push_unsigned unsigned(0) 
[Elysia/DEBUG] Performing: load_local localVar#5 
[Elysia/DEBUG] Increasing refcount of int object
[Elysia/DEBUG] Address: 0x159804230
[Elysia/DEBUG] Performing: basic_cast_unsigned 
[Elysia/DEBUG] Decreasing refcount of int object
[Elysia/DEBUG] Address: 0x159804230
[Elysia/DEBUG] Performing: push_unsigned unsigned(1) 
[Elysia/DEBUG] Performing: mul 
[Elysia/DEBUG] Performing: add 
[Elysia/DEBUG] Performing: store_element unknown 
[Elysia/DEBUG] Entering function array_int[]_gc_refcount_decrease
[Elysia/DEBUG] Performing: load_local localVar#3 
[Elysia/DEBUG] Entering function array_int[]_gc_refcount_increase
[Elysia/DEBUG] Performing: push_unsigned unsigned(0) 
[Elysia/DEBUG] Performing: load_local localVar#5 
[Elysia/DEBUG] Increasing refcount of int object
[Elysia/DEBUG] Address: 0x159804230
[Elysia/DEBUG] Performing: basic_cast_unsigned 
[Elysia/DEBUG] Decreasing refcount of int object
[Elysia/DEBUG] Address: 0x159804230
[Elysia/DEBUG] Performing: push_unsigned unsigned(1) 
[Elysia/DEBUG] Performing: mul 
[Elysia/DEBUG] Performing: add 
[Elysia/DEBUG] Performing: load_element 
[Elysia/DEBUG] Entering function array_int[]_gc_refcount_decrease
[Elysia/DEBUG] Performing: pop 
[Elysia/DEBUG] Popped value: loaded_val340
[Elysia/DEBUG] Performing: load_local localVar#5 
[Elysia/DEBUG] Increasing refcount of int object
[Elysia/DEBUG] Address: 0x159804230
[Elysia/DEBUG] Performing: push_integer int(1) 
[Elysia/DEBUG] Performing: add 
[Elysia/DEBUG] Decreasing refcount of int object
[Elysia/DEBUG] Address: 0x159804230
[Elysia/DEBUG] Performing: store_local localVar#5 
[Elysia/DEBUG] Decreasing refcount of int object
[Elysia/DEBUG] Address: 0x159804230
[Elysia/DEBUG] Performing: jump codeBlock#10 
[Elysia/DEBUG] Performing: jump codeBlock#7 
[Elysia/DEBUG] Performing: jump codeBlock#3 
[Elysia/DEBUG] Performing: load_local localVar#5 
[Elysia/DEBUG] Increasing refcount of int object
[Elysia/DEBUG] Address: 0x159804230
[Elysia/DEBUG] Performing: load_local localVar#1 
[Elysia/DEBUG] Performing: load_member index(1) 
[Elysia/DEBUG] Increasing refcount of unsigned object
[Elysia/DEBUG] Address: 0x1598040d0
[Elysia/DEBUG] Performing: basic_cast_int 
[Elysia/DEBUG] Decreasing refcount of unsigned object
[Elysia/DEBUG] Address: 0x1598040d0
[Elysia/DEBUG] Performing: less_than 
[Elysia/DEBUG] Decreasing refcount of int object
[Elysia/DEBUG] Address: 0x159804230
[Elysia/DEBUG] Performing: jump_if_true codeBlock#4 
[Elysia/DEBUG] Performing: load_local localVar#1 
[Elysia/DEBUG] Performing: load_local localVar#5 
[Elysia/DEBUG] Increasing refcount of int object
[Elysia/DEBUG] Address: 0x159804230
[Elysia/DEBUG] Performing: invoke index(3782547968) index(37) index(2) 
[Elysia/DEBUG] Entering function 1_Str::operator[]#struct#1#0#int
[Elysia/DEBUG] Performing: load_local localVar#1 
[Elysia/DEBUG] Increasing refcount of int object
[Elysia/DEBUG] Address: 0x159804230
[Elysia/DEBUG] Performing: push_integer int(0) 
[Elysia/DEBUG] Performing: less_than 
[Elysia/DEBUG] Decreasing refcount of int object
[Elysia/DEBUG] Address: 0x159804230
[Elysia/DEBUG] Performing: jump_if_true codeBlock#1 
[Elysia/DEBUG] Performing: load_local localVar#1 
[Elysia/DEBUG] Increasing refcount of int object
[Elysia/DEBUG] Address: 0x159804230
[Elysia/DEBUG] Performing: load_local localVar#0 
[Elysia/DEBUG] Performing: load_member index(1) 
[Elysia/DEBUG] Increasing refcount of unsigned object
[Elysia/DEBUG] Address: 0x1598040d0
[Elysia/DEBUG] Performing: basic_cast_int 
[Elysia/DEBUG] Decreasing refcount of unsigned object
[Elysia/DEBUG] Address: 0x1598040d0
[Elysia/DEBUG] Performing: greater_equal 
[Elysia/DEBUG] Decreasing refcount of int object
[Elysia/DEBUG] Address: 0x159804230
[Elysia/DEBUG] Performing: jump_if_true codeBlock#1 
[Elysia/DEBUG] Performing: jump codeBlock#2 
[Elysia/DEBUG] Performing: push_boolean bool(false) 
[Elysia/DEBUG] Performing: jump codeBlock#3 
[Elysia/DEBUG] Performing: jump_if_true codeBlock#4 
[Elysia/DEBUG] Performing: jump codeBlock#5 
[Elysia/DEBUG] Performing: load_local localVar#0 
[Elysia/DEBUG] Performing: load_member index(0) 
[Elysia/DEBUG] Entering function array_char[]_gc_refcount_increase
[Elysia/DEBUG] Performing: load_local localVar#1 
[Elysia/DEBUG] Increasing refcount of int object
[Elysia/DEBUG] Address: 0x159804230
[Elysia/DEBUG] Performing: basic_cast_unsigned 
[Elysia/DEBUG] Decreasing refcount of int object
[Elysia/DEBUG] Address: 0x159804230
[Elysia/DEBUG] Performing: load_element 
[Elysia/DEBUG] Entering function array_char[]_gc_refcount_decrease
[Elysia/DEBUG] Performing: ret 
[Elysia/DEBUG] Decreasing refcount of int object
[Elysia/DEBUG] Address: 0x159804230
[Elysia/DEBUG] Performing: load_local localVar#1 
[Elysia/DEBUG] Performing: load_local localVar#4 
[Elysia/DEBUG] Performing: invoke index(3782547968) index(37) index(2) 
[Elysia/DEBUG] Entering function 1_Str::operator[]#struct#1#0#int
[Elysia/DEBUG] Performing: load_local localVar#1 
[Elysia/DEBUG] Increasing refcount of int object
[Elysia/DEBUG] Address: 0x159804080
[Elysia/DEBUG] Performing: push_integer int(0) 
[Elysia/DEBUG] Performing: less_than 
[Elysia/DEBUG] Decreasing refcount of int object
[Elysia/DEBUG] Address: 0x159804080
[Elysia/DEBUG] Performing: jump_if_true codeBlock#1 
[Elysia/DEBUG] Performing: load_local localVar#1 
[Elysia/DEBUG] Increasing refcount of int object
[Elysia/DEBUG] Address: 0x159804080
[Elysia/DEBUG] Performing: load_local localVar#0 
[Elysia/DEBUG] Performing: load_member index(1) 
[Elysia/DEBUG] Increasing refcount of unsigned object
[Elysia/DEBUG] Address: 0x1598040d0
[Elysia/DEBUG] Performing: basic_cast_int 
[Elysia/DEBUG] Decreasing refcount of unsigned object
[Elysia/DEBUG] Address: 0x1598040d0
[Elysia/DEBUG] Performing: greater_equal 
[Elysia/DEBUG] Decreasing refcount of int object
[Elysia/DEBUG] Address: 0x159804080
[Elysia/DEBUG] Performing: jump_if_true codeBlock#1 
[Elysia/DEBUG] Performing: jump codeBlock#2 
[Elysia/DEBUG] Performing: push_boolean bool(false) 
[Elysia/DEBUG] Performing: jump codeBlock#3 
[Elysia/DEBUG] Performing: jump_if_true codeBlock#4 
[Elysia/DEBUG] Performing: jump codeBlock#5 
[Elysia/DEBUG] Performing: load_local localVar#0 
[Elysia/DEBUG] Performing: load_member index(0) 
[Elysia/DEBUG] Entering function array_char[]_gc_refcount_increase
[Elysia/DEBUG] Performing: load_local localVar#1 
[Elysia/DEBUG] Increasing refcount of int object
[Elysia/DEBUG] Address: 0x159804080
[Elysia/DEBUG] Performing: basic_cast_unsigned 
[Elysia/DEBUG] Decreasing refcount of int object
[Elysia/DEBUG] Address: 0x159804080
[Elysia/DEBUG] Performing: load_element 
[Elysia/DEBUG] Entering function array_char[]_gc_refcount_decrease
[Elysia/DEBUG] Performing: ret 
[Elysia/DEBUG] Decreasing refcount of int object
[Elysia/DEBUG] Address: 0x159804080
[Elysia/DEBUG] Performing: equal 
[Elysia/DEBUG] Decreasing refcount of char object
[Elysia/DEBUG] Address: 0x159804270
[Elysia/DEBUG] Decreasing refcount of char object
[Elysia/DEBUG] Address: 0x159804080
[Elysia/DEBUG] Performing: jump_if_true codeBlock#6 
[Elysia/DEBUG] Performing: jump codeBlock#8 
[Elysia/DEBUG] Performing: load_local localVar#4 
[Elysia/DEBUG] Performing: push_integer int(0) 
[Elysia/DEBUG] Performing: equal 
[Elysia/DEBUG] Performing: jump_if_true codeBlock#9 
[Elysia/DEBUG] Performing: push_integer int(0) 
[Elysia/DEBUG] Performing: load_local localVar#3 
[Elysia/DEBUG] Entering function array_int[]_gc_refcount_increase
[Elysia/DEBUG] Performing: push_unsigned unsigned(0) 
[Elysia/DEBUG] Performing: load_local localVar#5 
[Elysia/DEBUG] Increasing refcount of int object
[Elysia/DEBUG] Address: 0x159804230
[Elysia/DEBUG] Performing: basic_cast_unsigned 
[Elysia/DEBUG] Decreasing refcount of int object
[Elysia/DEBUG] Address: 0x159804230
[Elysia/DEBUG] Performing: push_unsigned unsigned(1) 
[Elysia/DEBUG] Performing: mul 
[Elysia/DEBUG] Performing: add 
[Elysia/DEBUG] Performing: store_element unknown 
[Elysia/DEBUG] Entering function array_int[]_gc_refcount_decrease
[Elysia/DEBUG] Performing: load_local localVar#3 
[Elysia/DEBUG] Entering function array_int[]_gc_refcount_increase
[Elysia/DEBUG] Performing: push_unsigned unsigned(0) 
[Elysia/DEBUG] Performing: load_local localVar#5 
[Elysia/DEBUG] Increasing refcount of int object
[Elysia/DEBUG] Address: 0x159804230
[Elysia/DEBUG] Performing: basic_cast_unsigned 
[Elysia/DEBUG] Decreasing refcount of int object
[Elysia/DEBUG] Address: 0x159804230
[Elysia/DEBUG] Performing: push_unsigned unsigned(1) 
[Elysia/DEBUG] Performing: mul 
[Elysia/DEBUG] Performing: add 
[Elysia/DEBUG] Performing: load_element 
[Elysia/DEBUG] Entering function array_int[]_gc_refcount_decrease
[Elysia/DEBUG] Performing: pop 
[Elysia/DEBUG] Popped value: loaded_val340
[Elysia/DEBUG] Performing: load_local localVar#5 
[Elysia/DEBUG] Increasing refcount of int object
[Elysia/DEBUG] Address: 0x159804230
[Elysia/DEBUG] Performing: push_integer int(1) 
[Elysia/DEBUG] Performing: add 
[Elysia/DEBUG] Decreasing refcount of int object
[Elysia/DEBUG] Address: 0x159804230
[Elysia/DEBUG] Performing: store_local localVar#5 
[Elysia/DEBUG] Decreasing refcount of int object
[Elysia/DEBUG] Address: 0x159804230
[Elysia/DEBUG] Performing: jump codeBlock#10 
[Elysia/DEBUG] Performing: jump codeBlock#7 
[Elysia/DEBUG] Performing: jump codeBlock#3 
[Elysia/DEBUG] Performing: load_local localVar#5 
[Elysia/DEBUG] Increasing refcount of int object
[Elysia/DEBUG] Address: 0x159804230
[Elysia/DEBUG] Performing: load_local localVar#1 
[Elysia/DEBUG] Performing: load_member index(1) 
[Elysia/DEBUG] Increasing refcount of unsigned object
[Elysia/DEBUG] Address: 0x1598040d0
[Elysia/DEBUG] Performing: basic_cast_int 
[Elysia/DEBUG] Decreasing refcount of unsigned object
[Elysia/DEBUG] Address: 0x1598040d0
[Elysia/DEBUG] Performing: less_than 
[Elysia/DEBUG] Decreasing refcount of int object
[Elysia/DEBUG] Address: 0x159804230
[Elysia/DEBUG] Performing: jump_if_true codeBlock#4 
[Elysia/DEBUG] Performing: load_local localVar#1 
[Elysia/DEBUG] Performing: load_local localVar#5 
[Elysia/DEBUG] Increasing refcount of int object
[Elysia/DEBUG] Address: 0x159804230
[Elysia/DEBUG] Performing: invoke index(3782547968) index(37) index(2) 
[Elysia/DEBUG] Entering function 1_Str::operator[]#struct#1#0#int
[Elysia/DEBUG] Performing: load_local localVar#1 
[Elysia/DEBUG] Increasing refcount of int object
[Elysia/DEBUG] Address: 0x159804230
[Elysia/DEBUG] Performing: push_integer int(0) 
[Elysia/DEBUG] Performing: less_than 
[Elysia/DEBUG] Decreasing refcount of int object
[Elysia/DEBUG] Address: 0x159804230
[Elysia/DEBUG] Performing: jump_if_true codeBlock#1 
[Elysia/DEBUG] Performing: load_local localVar#1 
[Elysia/DEBUG] Increasing refcount of int object
[Elysia/DEBUG] Address: 0x159804230
[Elysia/DEBUG] Performing: load_local localVar#0 
[Elysia/DEBUG] Performing: load_member index(1) 
[Elysia/DEBUG] Increasing refcount of unsigned object
[Elysia/DEBUG] Address: 0x1598040d0
[Elysia/DEBUG] Performing: basic_cast_int 
[Elysia/DEBUG] Decreasing refcount of unsigned object
[Elysia/DEBUG] Address: 0x1598040d0
[Elysia/DEBUG] Performing: greater_equal 
[Elysia/DEBUG] Decreasing refcount of int object
[Elysia/DEBUG] Address: 0x159804230
[Elysia/DEBUG] Performing: jump_if_true codeBlock#1 
[Elysia/DEBUG] Performing: jump codeBlock#2 
[Elysia/DEBUG] Performing: push_boolean bool(false) 
[Elysia/DEBUG] Performing: jump codeBlock#3 
[Elysia/DEBUG] Performing: jump_if_true codeBlock#4 
[Elysia/DEBUG] Performing: jump codeBlock#5 
[Elysia/DEBUG] Performing: load_local localVar#0 
[Elysia/DEBUG] Performing: load_member index(0) 
[Elysia/DEBUG] Entering function array_char[]_gc_refcount_increase
[Elysia/DEBUG] Performing: load_local localVar#1 
[Elysia/DEBUG] Increasing refcount of int object
[Elysia/DEBUG] Address: 0x159804230
[Elysia/DEBUG] Performing: basic_cast_unsigned 
[Elysia/DEBUG] Decreasing refcount of int object
[Elysia/DEBUG] Address: 0x159804230
[Elysia/DEBUG] Performing: load_element 
[Elysia/DEBUG] Entering function array_char[]_gc_refcount_decrease
[Elysia/DEBUG] Performing: ret 
[Elysia/DEBUG] Decreasing refcount of int object
[Elysia/DEBUG] Address: 0x159804230
[Elysia/DEBUG] Performing: load_local localVar#1 
[Elysia/DEBUG] Performing: load_local localVar#4 
[Elysia/DEBUG] Performing: invoke index(3782547968) index(37) index(2) 
[Elysia/DEBUG] Entering function 1_Str::operator[]#struct#1#0#int
[Elysia/DEBUG] Performing: load_local localVar#1 
[Elysia/DEBUG] Increasing refcount of int object
[Elysia/DEBUG] Address: 0x159804270
[Elysia/DEBUG] Performing: push_integer int(0) 
[Elysia/DEBUG] Performing: less_than 
[Elysia/DEBUG] Decreasing refcount of int object
[Elysia/DEBUG] Address: 0x159804270
[Elysia/DEBUG] Performing: jump_if_true codeBlock#1 
[Elysia/DEBUG] Performing: load_local localVar#1 
[Elysia/DEBUG] Increasing refcount of int object
[Elysia/DEBUG] Address: 0x159804270
[Elysia/DEBUG] Performing: load_local localVar#0 
[Elysia/DEBUG] Performing: load_member index(1) 
[Elysia/DEBUG] Increasing refcount of unsigned object
[Elysia/DEBUG] Address: 0x1598040d0
[Elysia/DEBUG] Performing: basic_cast_int 
[Elysia/DEBUG] Decreasing refcount of unsigned object
[Elysia/DEBUG] Address: 0x1598040d0
[Elysia/DEBUG] Performing: greater_equal 
[Elysia/DEBUG] Decreasing refcount of int object
[Elysia/DEBUG] Address: 0x159804270
[Elysia/DEBUG] Performing: jump_if_true codeBlock#1 
[Elysia/DEBUG] Performing: jump codeBlock#2 
[Elysia/DEBUG] Performing: push_boolean bool(false) 
[Elysia/DEBUG] Performing: jump codeBlock#3 
[Elysia/DEBUG] Performing: jump_if_true codeBlock#4 
[Elysia/DEBUG] Performing: jump codeBlock#5 
[Elysia/DEBUG] Performing: load_local localVar#0 
[Elysia/DEBUG] Performing: load_member index(0) 
[Elysia/DEBUG] Entering function array_char[]_gc_refcount_increase
[Elysia/DEBUG] Performing: load_local localVar#1 
[Elysia/DEBUG] Increasing refcount of int object
[Elysia/DEBUG] Address: 0x159804270
[Elysia/DEBUG] Performing: basic_cast_unsigned 
[Elysia/DEBUG] Decreasing refcount of int object
[Elysia/DEBUG] Address: 0x159804270
[Elysia/DEBUG] Performing: load_element 
[Elysia/DEBUG] Entering function array_char[]_gc_refcount_decrease
[Elysia/DEBUG] Performing: ret 
[Elysia/DEBUG] Decreasing refcount of int object
[Elysia/DEBUG] Address: 0x159804270
[Elysia/DEBUG] Performing: equal 
[Elysia/DEBUG] Decreasing refcount of char object
[Elysia/DEBUG] Address: 0x159804080
[Elysia/DEBUG] Decreasing refcount of char object
[Elysia/DEBUG] Address: 0x159804270
[Elysia/DEBUG] Performing: jump_if_true codeBlock#6 
[Elysia/DEBUG] Performing: jump codeBlock#8 
[Elysia/DEBUG] Performing: load_local localVar#4 
[Elysia/DEBUG] Performing: push_integer int(0) 
[Elysia/DEBUG] Performing: equal 
[Elysia/DEBUG] Performing: jump_if_true codeBlock#9 
[Elysia/DEBUG] Performing: push_integer int(0) 
[Elysia/DEBUG] Performing: load_local localVar#3 
[Elysia/DEBUG] Entering function array_int[]_gc_refcount_increase
[Elysia/DEBUG] Performing: push_unsigned unsigned(0) 
[Elysia/DEBUG] Performing: load_local localVar#5 
[Elysia/DEBUG] Increasing refcount of int object
[Elysia/DEBUG] Address: 0x159804230
[Elysia/DEBUG] Performing: basic_cast_unsigned 
[Elysia/DEBUG] Decreasing refcount of int object
[Elysia/DEBUG] Address: 0x159804230
[Elysia/DEBUG] Performing: push_unsigned unsigned(1) 
[Elysia/DEBUG] Performing: mul 
[Elysia/DEBUG] Performing: add 
[Elysia/DEBUG] Performing: store_element unknown 
[Elysia/DEBUG] Entering function array_int[]_gc_refcount_decrease
[Elysia/DEBUG] Performing: load_local localVar#3 
[Elysia/DEBUG] Entering function array_int[]_gc_refcount_increase
[Elysia/DEBUG] Performing: push_unsigned unsigned(0) 
[Elysia/DEBUG] Performing: load_local localVar#5 
[Elysia/DEBUG] Increasing refcount of int object
[Elysia/DEBUG] Address: 0x159804230
[Elysia/DEBUG] Performing: basic_cast_unsigned 
[Elysia/DEBUG] Decreasing refcount of int object
[Elysia/DEBUG] Address: 0x159804230
[Elysia/DEBUG] Performing: push_unsigned unsigned(1) 
[Elysia/DEBUG] Performing: mul 
[Elysia/DEBUG] Performing: add 
[Elysia/DEBUG] Performing: load_element 
[Elysia/DEBUG] Entering function array_int[]_gc_refcount_decrease
[Elysia/DEBUG] Performing: pop 
[Elysia/DEBUG] Popped value: loaded_val340
[Elysia/DEBUG] Performing: load_local localVar#5 
[Elysia/DEBUG] Increasing refcount of int object
[Elysia/DEBUG] Address: 0x159804230
[Elysia/DEBUG] Performing: push_integer int(1) 
[Elysia/DEBUG] Performing: add 
[Elysia/DEBUG] Decreasing refcount of int object
[Elysia/DEBUG] Address: 0x159804230
[Elysia/DEBUG] Performing: store_local localVar#5 
[Elysia/DEBUG] Decreasing refcount of int object
[Elysia/DEBUG] Address: 0x159804230
[Elysia/DEBUG] Performing: jump codeBlock#10 
[Elysia/DEBUG] Performing: jump codeBlock#7 
[Elysia/DEBUG] Performing: jump codeBlock#3 
[Elysia/DEBUG] Performing: load_local localVar#5 
[Elysia/DEBUG] Increasing refcount of int object
[Elysia/DEBUG] Address: 0x159804230
[Elysia/DEBUG] Performing: load_local localVar#1 
[Elysia/DEBUG] Performing: load_member index(1) 
[Elysia/DEBUG] Increasing refcount of unsigned object
[Elysia/DEBUG] Address: 0x1598040d0
[Elysia/DEBUG] Performing: basic_cast_int 
[Elysia/DEBUG] Decreasing refcount of unsigned object
[Elysia/DEBUG] Address: 0x1598040d0
[Elysia/DEBUG] Performing: less_than 
[Elysia/DEBUG] Decreasing refcount of int object
[Elysia/DEBUG] Address: 0x159804230
[Elysia/DEBUG] Performing: jump_if_true codeBlock#4 
[Elysia/DEBUG] Performing: jump codeBlock#5 
[Elysia/DEBUG] Performing: load_local localVar#2 
[Elysia/DEBUG] Increasing refcount of int object
[Elysia/DEBUG] Address: 0x1598041d0
[Elysia/DEBUG] Performing: store_local localVar#5 
[Elysia/DEBUG] Decreasing refcount of int object
[Elysia/DEBUG] Address: 0x159804230
[Elysia/DEBUG] Performing: push_integer int(0) 
[Elysia/DEBUG] Performing: store_local localVar#6 
[Elysia/DEBUG] Performing: jump codeBlock#12 
[Elysia/DEBUG] Performing: load_local localVar#5 
[Elysia/DEBUG] Increasing refcount of int object
[Elysia/DEBUG] Address: 0x1598041d0
[Elysia/DEBUG] Performing: load_local localVar#0 
[Elysia/DEBUG] Performing: load_member index(1) 
[Elysia/DEBUG] Increasing refcount of unsigned object
[Elysia/DEBUG] Address: 0x159904280
[Elysia/DEBUG] Performing: basic_cast_int 
[Elysia/DEBUG] Decreasing refcount of unsigned object
[Elysia/DEBUG] Address: 0x159904280
[Elysia/DEBUG] Performing: less_than 
[Elysia/DEBUG] Decreasing refcount of int object
[Elysia/DEBUG] Address: 0x1598041d0
[Elysia/DEBUG] Performing: jump_if_true codeBlock#13 
[Elysia/DEBUG] Performing: load_local localVar#0 
[Elysia/DEBUG] Performing: load_local localVar#5 
[Elysia/DEBUG] Increasing refcount of int object
[Elysia/DEBUG] Address: 0x1598041d0
[Elysia/DEBUG] Performing: invoke index(3782547968) index(37) index(2) 
[Elysia/DEBUG] Entering function 1_Str::operator[]#struct#1#0#int
[Elysia/DEBUG] Performing: load_local localVar#1 
[Elysia/DEBUG] Increasing refcount of int object
[Elysia/DEBUG] Address: 0x1598041d0
[Elysia/DEBUG] Performing: push_integer int(0) 
[Elysia/DEBUG] Performing: less_than 
[Elysia/DEBUG] Decreasing refcount of int object
[Elysia/DEBUG] Address: 0x1598041d0
[Elysia/DEBUG] Performing: jump_if_true codeBlock#1 
[Elysia/DEBUG] Performing: load_local localVar#1 
[Elysia/DEBUG] Increasing refcount of int object
[Elysia/DEBUG] Address: 0x1598041d0
[Elysia/DEBUG] Performing: load_local localVar#0 
[Elysia/DEBUG] Performing: load_member index(1) 
[Elysia/DEBUG] Increasing refcount of unsigned object
[Elysia/DEBUG] Address: 0x159904280
[Elysia/DEBUG] Performing: basic_cast_int 
[Elysia/DEBUG] Decreasing refcount of unsigned object
[Elysia/DEBUG] Address: 0x159904280
[Elysia/DEBUG] Performing: greater_equal 
[Elysia/DEBUG] Decreasing refcount of int object
[Elysia/DEBUG] Address: 0x1598041d0
[Elysia/DEBUG] Performing: jump_if_true codeBlock#1 
[Elysia/DEBUG] Performing: jump codeBlock#2 
[Elysia/DEBUG] Performing: push_boolean bool(false) 
[Elysia/DEBUG] Performing: jump codeBlock#3 
[Elysia/DEBUG] Performing: jump_if_true codeBlock#4 
[Elysia/DEBUG] Performing: jump codeBlock#5 
[Elysia/DEBUG] Performing: load_local localVar#0 
[Elysia/DEBUG] Performing: load_member index(0) 
[Elysia/DEBUG] Entering function array_char[]_gc_refcount_increase
[Elysia/DEBUG] Performing: load_local localVar#1 
[Elysia/DEBUG] Increasing refcount of int object
[Elysia/DEBUG] Address: 0x1598041d0
[Elysia/DEBUG] Performing: basic_cast_unsigned 
[Elysia/DEBUG] Decreasing refcount of int object
[Elysia/DEBUG] Address: 0x1598041d0
[Elysia/DEBUG] Performing: load_element 
[Elysia/DEBUG] Entering function array_char[]_gc_refcount_decrease
[Elysia/DEBUG] Performing: ret 
[Elysia/DEBUG] Decreasing refcount of int object
[Elysia/DEBUG] Address: 0x1598041d0
[Elysia/DEBUG] Performing: load_local localVar#1 
[Elysia/DEBUG] Performing: load_local localVar#6 
[Elysia/DEBUG] Performing: invoke index(3782547968) index(37) index(2) 
[Elysia/DEBUG] Entering function 1_Str::operator[]#struct#1#0#int
[Elysia/DEBUG] Performing: load_local localVar#1 
[Elysia/DEBUG] Increasing refcount of int object
[Elysia/DEBUG] Address: 0x159804270
[Elysia/DEBUG] Performing: push_integer int(0) 
[Elysia/DEBUG] Performing: less_than 
[Elysia/DEBUG] Decreasing refcount of int object
[Elysia/DEBUG] Address: 0x159804270
[Elysia/DEBUG] Performing: jump_if_true codeBlock#1 
[Elysia/DEBUG] Performing: load_local localVar#1 
[Elysia/DEBUG] Increasing refcount of int object
[Elysia/DEBUG] Address: 0x159804270
[Elysia/DEBUG] Performing: load_local localVar#0 
[Elysia/DEBUG] Performing: load_member index(1) 
[Elysia/DEBUG] Increasing refcount of unsigned object
[Elysia/DEBUG] Address: 0x1598040d0
[Elysia/DEBUG] Performing: basic_cast_int 
[Elysia/DEBUG] Decreasing refcount of unsigned object
[Elysia/DEBUG] Address: 0x1598040d0
[Elysia/DEBUG] Performing: greater_equal 
[Elysia/DEBUG] Decreasing refcount of int object
[Elysia/DEBUG] Address: 0x159804270
[Elysia/DEBUG] Performing: jump_if_true codeBlock#1 
[Elysia/DEBUG] Performing: jump codeBlock#2 
[Elysia/DEBUG] Performing: push_boolean bool(false) 
[Elysia/DEBUG] Performing: jump codeBlock#3 
[Elysia/DEBUG] Performing: jump_if_true codeBlock#4 
[Elysia/DEBUG] Performing: jump codeBlock#5 
[Elysia/DEBUG] Performing: load_local localVar#0 
[Elysia/DEBUG] Performing: load_member index(0) 
[Elysia/DEBUG] Entering function array_char[]_gc_refcount_increase
[Elysia/DEBUG] Performing: load_local localVar#1 
[Elysia/DEBUG] Increasing refcount of int object
[Elysia/DEBUG] Address: 0x159804270
[Elysia/DEBUG] Performing: basic_cast_unsigned 
[Elysia/DEBUG] Decreasing refcount of int object
[Elysia/DEBUG] Address: 0x159804270
[Elysia/DEBUG] Performing: load_element 
[Elysia/DEBUG] Entering function array_char[]_gc_refcount_decrease
[Elysia/DEBUG] Performing: ret 
[Elysia/DEBUG] Decreasing refcount of int object
[Elysia/DEBUG] Address: 0x159804270
[Elysia/DEBUG] Performing: equal 
[Elysia/DEBUG] Decreasing refcount of char object
[Elysia/DEBUG] Address: 0x159804230
[Elysia/DEBUG] Decreasing refcount of char object
[Elysia/DEBUG] Address: 0x159804270
[Elysia/DEBUG] Performing: jump_if_true codeBlock#15 
[Elysia/DEBUG] Performing: load_local localVar#6 
[Elysia/DEBUG] Performing: push_integer int(0) 
[Elysia/DEBUG] Performing: greater_than 
[Elysia/DEBUG] Performing: jump_if_true codeBlock#17 
[Elysia/DEBUG] Performing: jump codeBlock#18 
[Elysia/DEBUG] Performing: load_local localVar#5 
[Elysia/DEBUG] Increasing refcount of int object
[Elysia/DEBUG] Address: 0x1598041d0
[Elysia/DEBUG] Performing: push_integer int(1) 
[Elysia/DEBUG] Performing: add 
[Elysia/DEBUG] Decreasing refcount of int object
[Elysia/DEBUG] Address: 0x1598041d0
[Elysia/DEBUG] Performing: store_local localVar#5 
[Elysia/DEBUG] Decreasing refcount of int object
[Elysia/DEBUG] Address: 0x1598041d0
[Elysia/DEBUG] Performing: jump codeBlock#16 
[Elysia/DEBUG] Performing: load_local localVar#6 
[Elysia/DEBUG] Performing: load_local localVar#1 
[Elysia/DEBUG] Performing: load_member index(1) 
[Elysia/DEBUG] Increasing refcount of unsigned object
[Elysia/DEBUG] Address: 0x1598040d0
[Elysia/DEBUG] Performing: basic_cast_int 
[Elysia/DEBUG] Decreasing refcount of unsigned object
[Elysia/DEBUG] Address: 0x1598040d0
[Elysia/DEBUG] Performing: equal 
[Elysia/DEBUG] Performing: jump_if_true codeBlock#19 
[Elysia/DEBUG] Performing: jump codeBlock#20 
[Elysia/DEBUG] Performing: jump codeBlock#12 
[Elysia/DEBUG] Performing: load_local localVar#5 
[Elysia/DEBUG] Increasing refcount of int object
[Elysia/DEBUG] Address: 0x159804270
[Elysia/DEBUG] Performing: load_local localVar#0 
[Elysia/DEBUG] Performing: load_member index(1) 
[Elysia/DEBUG] Increasing refcount of unsigned object
[Elysia/DEBUG] Address: 0x159904280
[Elysia/DEBUG] Performing: basic_cast_int 
[Elysia/DEBUG] Decreasing refcount of unsigned object
[Elysia/DEBUG] Address: 0x159904280
[Elysia/DEBUG] Performing: less_than 
[Elysia/DEBUG] Decreasing refcount of int object
[Elysia/DEBUG] Address: 0x159804270
[Elysia/DEBUG] Performing: jump_if_true codeBlock#13 
[Elysia/DEBUG] Performing: load_local localVar#0 
[Elysia/DEBUG] Performing: load_local localVar#5 
[Elysia/DEBUG] Increasing refcount of int object
[Elysia/DEBUG] Address: 0x159804270
[Elysia/DEBUG] Performing: invoke index(3782547968) index(37) index(2) 
[Elysia/DEBUG] Entering function 1_Str::operator[]#struct#1#0#int
[Elysia/DEBUG] Performing: load_local localVar#1 
[Elysia/DEBUG] Increasing refcount of int object
[Elysia/DEBUG] Address: 0x159804270
[Elysia/DEBUG] Performing: push_integer int(0) 
[Elysia/DEBUG] Performing: less_than 
[Elysia/DEBUG] Decreasing refcount of int object
[Elysia/DEBUG] Address: 0x159804270
[Elysia/DEBUG] Performing: jump_if_true codeBlock#1 
[Elysia/DEBUG] Performing: load_local localVar#1 
[Elysia/DEBUG] Increasing refcount of int object
[Elysia/DEBUG] Address: 0x159804270
[Elysia/DEBUG] Performing: load_local localVar#0 
[Elysia/DEBUG] Performing: load_member index(1) 
[Elysia/DEBUG] Increasing refcount of unsigned object
[Elysia/DEBUG] Address: 0x159904280
[Elysia/DEBUG] Performing: basic_cast_int 
[Elysia/DEBUG] Decreasing refcount of unsigned object
[Elysia/DEBUG] Address: 0x159904280
[Elysia/DEBUG] Performing: greater_equal 
[Elysia/DEBUG] Decreasing refcount of int object
[Elysia/DEBUG] Address: 0x159804270
[Elysia/DEBUG] Performing: jump_if_true codeBlock#1 
[Elysia/DEBUG] Performing: jump codeBlock#2 
[Elysia/DEBUG] Performing: push_boolean bool(false) 
[Elysia/DEBUG] Performing: jump codeBlock#3 
[Elysia/DEBUG] Performing: jump_if_true codeBlock#4 
[Elysia/DEBUG] Performing: jump codeBlock#5 
[Elysia/DEBUG] Performing: load_local localVar#0 
[Elysia/DEBUG] Performing: load_member index(0) 
[Elysia/DEBUG] Entering function array_char[]_gc_refcount_increase
[Elysia/DEBUG] Performing: load_local localVar#1 
[Elysia/DEBUG] Increasing refcount of int object
[Elysia/DEBUG] Address: 0x159804270
[Elysia/DEBUG] Performing: basic_cast_unsigned 
[Elysia/DEBUG] Decreasing refcount of int object
[Elysia/DEBUG] Address: 0x159804270
[Elysia/DEBUG] Performing: load_element 
[Elysia/DEBUG] Entering function array_char[]_gc_refcount_decrease
[Elysia/DEBUG] Performing: ret 
[Elysia/DEBUG] Decreasing refcount of int object
[Elysia/DEBUG] Address: 0x159804270
[Elysia/DEBUG] Performing: load_local localVar#1 
[Elysia/DEBUG] Performing: load_local localVar#6 
[Elysia/DEBUG] Performing: invoke index(3782547968) index(37) index(2) 
[Elysia/DEBUG] Entering function 1_Str::operator[]#struct#1#0#int
[Elysia/DEBUG] Performing: load_local localVar#1 
[Elysia/DEBUG] Increasing refcount of int object
[Elysia/DEBUG] Address: 0x159804080
[Elysia/DEBUG] Performing: push_integer int(0) 
[Elysia/DEBUG] Performing: less_than 
[Elysia/DEBUG] Decreasing refcount of int object
[Elysia/DEBUG] Address: 0x159804080
[Elysia/DEBUG] Performing: jump_if_true codeBlock#1 
[Elysia/DEBUG] Performing: load_local localVar#1 
[Elysia/DEBUG] Increasing refcount of int object
[Elysia/DEBUG] Address: 0x159804080
[Elysia/DEBUG] Performing: load_local localVar#0 
[Elysia/DEBUG] Performing: load_member index(1) 
[Elysia/DEBUG] Increasing refcount of unsigned object
[Elysia/DEBUG] Address: 0x1598040d0
[Elysia/DEBUG] Performing: basic_cast_int 
[Elysia/DEBUG] Decreasing refcount of unsigned object
[Elysia/DEBUG] Address: 0x1598040d0
[Elysia/DEBUG] Performing: greater_equal 
[Elysia/DEBUG] Decreasing refcount of int object
[Elysia/DEBUG] Address: 0x159804080
[Elysia/DEBUG] Performing: jump_if_true codeBlock#1 
[Elysia/DEBUG] Performing: jump codeBlock#2 
[Elysia/DEBUG] Performing: push_boolean bool(false) 
[Elysia/DEBUG] Performing: jump codeBlock#3 
[Elysia/DEBUG] Performing: jump_if_true codeBlock#4 
[Elysia/DEBUG] Performing: jump codeBlock#5 
[Elysia/DEBUG] Performing: load_local localVar#0 
[Elysia/DEBUG] Performing: load_member index(0) 
[Elysia/DEBUG] Entering function array_char[]_gc_refcount_increase
[Elysia/DEBUG] Performing: load_local localVar#1 
[Elysia/DEBUG] Increasing refcount of int object
[Elysia/DEBUG] Address: 0x159804080
[Elysia/DEBUG] Performing: basic_cast_unsigned 
[Elysia/DEBUG] Decreasing refcount of int object
[Elysia/DEBUG] Address: 0x159804080
[Elysia/DEBUG] Performing: load_element 
[Elysia/DEBUG] Entering function array_char[]_gc_refcount_decrease
[Elysia/DEBUG] Performing: ret 
[Elysia/DEBUG] Decreasing refcount of int object
[Elysia/DEBUG] Address: 0x159804080
[Elysia/DEBUG] Performing: equal 
[Elysia/DEBUG] Decreasing refcount of char object
[Elysia/DEBUG] Address: 0x159804230
[Elysia/DEBUG] Decreasing refcount of char object
[Elysia/DEBUG] Address: 0x159804080
[Elysia/DEBUG] Performing: jump_if_true codeBlock#15 
[Elysia/DEBUG] Performing: load_local localVar#6 
[Elysia/DEBUG] Performing: push_integer int(0) 
[Elysia/DEBUG] Performing: greater_than 
[Elysia/DEBUG] Performing: jump_if_true codeBlock#17 
[Elysia/DEBUG] Performing: jump codeBlock#18 
[Elysia/DEBUG] Performing: load_local localVar#5 
[Elysia/DEBUG] Increasing refcount of int object
[Elysia/DEBUG] Address: 0x159804270
[Elysia/DEBUG] Performing: push_integer int(1) 
[Elysia/DEBUG] Performing: add 
[Elysia/DEBUG] Decreasing refcount of int object
[Elysia/DEBUG] Address: 0x159804270
[Elysia/DEBUG] Performing: store_local localVar#5 
[Elysia/DEBUG] Decreasing refcount of int object
[Elysia/DEBUG] Address: 0x159804270
[Elysia/DEBUG] Performing: jump codeBlock#16 
[Elysia/DEBUG] Performing: load_local localVar#6 
[Elysia/DEBUG] Performing: load_local localVar#1 
[Elysia/DEBUG] Performing: load_member index(1) 
[Elysia/DEBUG] Increasing refcount of unsigned object
[Elysia/DEBUG] Address: 0x1598040d0
[Elysia/DEBUG] Performing: basic_cast_int 
[Elysia/DEBUG] Decreasing refcount of unsigned object
[Elysia/DEBUG] Address: 0x1598040d0
[Elysia/DEBUG] Performing: equal 
[Elysia/DEBUG] Performing: jump_if_true codeBlock#19 
[Elysia/DEBUG] Performing: jump codeBlock#20 
[Elysia/DEBUG] Performing: jump codeBlock#12 
[Elysia/DEBUG] Performing: load_local localVar#5 
[Elysia/DEBUG] Increasing refcount of int object
[Elysia/DEBUG] Address: 0x159804270
[Elysia/DEBUG] Performing: load_local localVar#0 
[Elysia/DEBUG] Performing: load_member index(1) 
[Elysia/DEBUG] Increasing refcount of unsigned object
[Elysia/DEBUG] Address: 0x159904280
[Elysia/DEBUG] Performing: basic_cast_int 
[Elysia/DEBUG] Decreasing refcount of unsigned object
[Elysia/DEBUG] Address: 0x159904280
[Elysia/DEBUG] Performing: less_than 
[Elysia/DEBUG] Decreasing refcount of int object
[Elysia/DEBUG] Address: 0x159804270
[Elysia/DEBUG] Performing: jump_if_true codeBlock#13 
[Elysia/DEBUG] Performing: load_local localVar#0 
[Elysia/DEBUG] Performing: load_local localVar#5 
[Elysia/DEBUG] Increasing refcount of int object
[Elysia/DEBUG] Address: 0x159804270
[Elysia/DEBUG] Performing: invoke index(3782547968) index(37) index(2) 
[Elysia/DEBUG] Entering function 1_Str::operator[]#struct#1#0#int
[Elysia/DEBUG] Performing: load_local localVar#1 
[Elysia/DEBUG] Increasing refcount of int object
[Elysia/DEBUG] Address: 0x159804270
[Elysia/DEBUG] Performing: push_integer int(0) 
[Elysia/DEBUG] Performing: less_than 
[Elysia/DEBUG] Decreasing refcount of int object
[Elysia/DEBUG] Address: 0x159804270
[Elysia/DEBUG] Performing: jump_if_true codeBlock#1 
[Elysia/DEBUG] Performing: load_local localVar#1 
[Elysia/DEBUG] Increasing refcount of int object
[Elysia/DEBUG] Address: 0x159804270
[Elysia/DEBUG] Performing: load_local localVar#0 
[Elysia/DEBUG] Performing: load_member index(1) 
[Elysia/DEBUG] Increasing refcount of unsigned object
[Elysia/DEBUG] Address: 0x159904280
[Elysia/DEBUG] Performing: basic_cast_int 
[Elysia/DEBUG] Decreasing refcount of unsigned object
[Elysia/DEBUG] Address: 0x159904280
[Elysia/DEBUG] Performing: greater_equal 
[Elysia/DEBUG] Decreasing refcount of int object
[Elysia/DEBUG] Address: 0x159804270
[Elysia/DEBUG] Performing: jump_if_true codeBlock#1 
[Elysia/DEBUG] Performing: jump codeBlock#2 
[Elysia/DEBUG] Performing: push_boolean bool(false) 
[Elysia/DEBUG] Performing: jump codeBlock#3 
[Elysia/DEBUG] Performing: jump_if_true codeBlock#4 
[Elysia/DEBUG] Performing: jump codeBlock#5 
[Elysia/DEBUG] Performing: load_local localVar#0 
[Elysia/DEBUG] Performing: load_member index(0) 
[Elysia/DEBUG] Entering function array_char[]_gc_refcount_increase
[Elysia/DEBUG] Performing: load_local localVar#1 
[Elysia/DEBUG] Increasing refcount of int object
[Elysia/DEBUG] Address: 0x159804270
[Elysia/DEBUG] Performing: basic_cast_unsigned 
[Elysia/DEBUG] Decreasing refcount of int object
[Elysia/DEBUG] Address: 0x159804270
[Elysia/DEBUG] Performing: load_element 
[Elysia/DEBUG] Entering function array_char[]_gc_refcount_decrease
[Elysia/DEBUG] Performing: ret 
[Elysia/DEBUG] Decreasing refcount of int object
[Elysia/DEBUG] Address: 0x159804270
[Elysia/DEBUG] Performing: load_local localVar#1 
[Elysia/DEBUG] Performing: load_local localVar#6 
[Elysia/DEBUG] Performing: invoke index(3782547968) index(37) index(2) 
[Elysia/DEBUG] Entering function 1_Str::operator[]#struct#1#0#int
[Elysia/DEBUG] Performing: load_local localVar#1 
[Elysia/DEBUG] Increasing refcount of int object
[Elysia/DEBUG] Address: 0x159804230
[Elysia/DEBUG] Performing: push_integer int(0) 
[Elysia/DEBUG] Performing: less_than 
[Elysia/DEBUG] Decreasing refcount of int object
[Elysia/DEBUG] Address: 0x159804230
[Elysia/DEBUG] Performing: jump_if_true codeBlock#1 
[Elysia/DEBUG] Performing: load_local localVar#1 
[Elysia/DEBUG] Increasing refcount of int object
[Elysia/DEBUG] Address: 0x159804230
[Elysia/DEBUG] Performing: load_local localVar#0 
[Elysia/DEBUG] Performing: load_member index(1) 
[Elysia/DEBUG] Increasing refcount of unsigned object
[Elysia/DEBUG] Address: 0x1598040d0
[Elysia/DEBUG] Performing: basic_cast_int 
[Elysia/DEBUG] Decreasing refcount of unsigned object
[Elysia/DEBUG] Address: 0x1598040d0
[Elysia/DEBUG] Performing: greater_equal 
[Elysia/DEBUG] Decreasing refcount of int object
[Elysia/DEBUG] Address: 0x159804230
[Elysia/DEBUG] Performing: jump_if_true codeBlock#1 
[Elysia/DEBUG] Performing: jump codeBlock#2 
[Elysia/DEBUG] Performing: push_boolean bool(false) 
[Elysia/DEBUG] Performing: jump codeBlock#3 
[Elysia/DEBUG] Performing: jump_if_true codeBlock#4 
[Elysia/DEBUG] Performing: jump codeBlock#5 
[Elysia/DEBUG] Performing: load_local localVar#0 
[Elysia/DEBUG] Performing: load_member index(0) 
[Elysia/DEBUG] Entering function array_char[]_gc_refcount_increase
[Elysia/DEBUG] Performing: load_local localVar#1 
[Elysia/DEBUG] Increasing refcount of int object
[Elysia/DEBUG] Address: 0x159804230
[Elysia/DEBUG] Performing: basic_cast_unsigned 
[Elysia/DEBUG] Decreasing refcount of int object
[Elysia/DEBUG] Address: 0x159804230
[Elysia/DEBUG] Performing: load_element 
[Elysia/DEBUG] Entering function array_char[]_gc_refcount_decrease
[Elysia/DEBUG] Performing: ret 
[Elysia/DEBUG] Decreasing refcount of int object
[Elysia/DEBUG] Address: 0x159804230
[Elysia/DEBUG] Performing: equal 
[Elysia/DEBUG] Decreasing refcount of char object
[Elysia/DEBUG] Address: 0x159804080
[Elysia/DEBUG] Decreasing refcount of char object
[Elysia/DEBUG] Address: 0x159804230
[Elysia/DEBUG] Performing: jump_if_true codeBlock#15 
[Elysia/DEBUG] Performing: load_local localVar#6 
[Elysia/DEBUG] Performing: push_integer int(0) 
[Elysia/DEBUG] Performing: greater_than 
[Elysia/DEBUG] Performing: jump_if_true codeBlock#17 
[Elysia/DEBUG] Performing: jump codeBlock#18 
[Elysia/DEBUG] Performing: load_local localVar#5 
[Elysia/DEBUG] Increasing refcount of int object
[Elysia/DEBUG] Address: 0x159804270
[Elysia/DEBUG] Performing: push_integer int(1) 
[Elysia/DEBUG] Performing: add 
[Elysia/DEBUG] Decreasing refcount of int object
[Elysia/DEBUG] Address: 0x159804270
[Elysia/DEBUG] Performing: store_local localVar#5 
[Elysia/DEBUG] Decreasing refcount of int object
[Elysia/DEBUG] Address: 0x159804270
[Elysia/DEBUG] Performing: jump codeBlock#16 
[Elysia/DEBUG] Performing: load_local localVar#6 
[Elysia/DEBUG] Performing: load_local localVar#1 
[Elysia/DEBUG] Performing: load_member index(1) 
[Elysia/DEBUG] Increasing refcount of unsigned object
[Elysia/DEBUG] Address: 0x1598040d0
[Elysia/DEBUG] Performing: basic_cast_int 
[Elysia/DEBUG] Decreasing refcount of unsigned object
[Elysia/DEBUG] Address: 0x1598040d0
[Elysia/DEBUG] Performing: equal 
[Elysia/DEBUG] Performing: jump_if_true codeBlock#19 
[Elysia/DEBUG] Performing: jump codeBlock#20 
[Elysia/DEBUG] Performing: jump codeBlock#12 
[Elysia/DEBUG] Performing: load_local localVar#5 
[Elysia/DEBUG] Increasing refcount of int object
[Elysia/DEBUG] Address: 0x159804270
[Elysia/DEBUG] Performing: load_local localVar#0 
[Elysia/DEBUG] Performing: load_member index(1) 
[Elysia/DEBUG] Increasing refcount of unsigned object
[Elysia/DEBUG] Address: 0x159904280
[Elysia/DEBUG] Performing: basic_cast_int 
[Elysia/DEBUG] Decreasing refcount of unsigned object
[Elysia/DEBUG] Address: 0x159904280
[Elysia/DEBUG] Performing: less_than 
[Elysia/DEBUG] Decreasing refcount of int object
[Elysia/DEBUG] Address: 0x159804270
[Elysia/DEBUG] Performing: jump_if_true codeBlock#13 
[Elysia/DEBUG] Performing: load_local localVar#0 
[Elysia/DEBUG] Performing: load_local localVar#5 
[Elysia/DEBUG] Increasing refcount of int object
[Elysia/DEBUG] Address: 0x159804270
[Elysia/DEBUG] Performing: invoke index(3782547968) index(37) index(2) 
[Elysia/DEBUG] Entering function 1_Str::operator[]#struct#1#0#int
[Elysia/DEBUG] Performing: load_local localVar#1 
[Elysia/DEBUG] Increasing refcount of int object
[Elysia/DEBUG] Address: 0x159804270
[Elysia/DEBUG] Performing: push_integer int(0) 
[Elysia/DEBUG] Performing: less_than 
[Elysia/DEBUG] Decreasing refcount of int object
[Elysia/DEBUG] Address: 0x159804270
[Elysia/DEBUG] Performing: jump_if_true codeBlock#1 
[Elysia/DEBUG] Performing: load_local localVar#1 
[Elysia/DEBUG] Increasing refcount of int object
[Elysia/DEBUG] Address: 0x159804270
[Elysia/DEBUG] Performing: load_local localVar#0 
[Elysia/DEBUG] Performing: load_member index(1) 
[Elysia/DEBUG] Increasing refcount of unsigned object
[Elysia/DEBUG] Address: 0x159904280
[Elysia/DEBUG] Performing: basic_cast_int 
[Elysia/DEBUG] Decreasing refcount of unsigned object
[Elysia/DEBUG] Address: 0x159904280
[Elysia/DEBUG] Performing: greater_equal 
[Elysia/DEBUG] Decreasing refcount of int object
[Elysia/DEBUG] Address: 0x159804270
[Elysia/DEBUG] Performing: jump_if_true codeBlock#1 
[Elysia/DEBUG] Performing: jump codeBlock#2 
[Elysia/DEBUG] Performing: push_boolean bool(false) 
[Elysia/DEBUG] Performing: jump codeBlock#3 
[Elysia/DEBUG] Performing: jump_if_true codeBlock#4 
[Elysia/DEBUG] Performing: jump codeBlock#5 
[Elysia/DEBUG] Performing: load_local localVar#0 
[Elysia/DEBUG] Performing: load_member index(0) 
[Elysia/DEBUG] Entering function array_char[]_gc_refcount_increase
[Elysia/DEBUG] Performing: load_local localVar#1 
[Elysia/DEBUG] Increasing refcount of int object
[Elysia/DEBUG] Address: 0x159804270
[Elysia/DEBUG] Performing: basic_cast_unsigned 
[Elysia/DEBUG] Decreasing refcount of int object
[Elysia/DEBUG] Address: 0x159804270
[Elysia/DEBUG] Performing: load_element 
[Elysia/DEBUG] Entering function array_char[]_gc_refcount_decrease
[Elysia/DEBUG] Performing: ret 
[Elysia/DEBUG] Decreasing refcount of int object
[Elysia/DEBUG] Address: 0x159804270
[Elysia/DEBUG] Performing: load_local localVar#1 
[Elysia/DEBUG] Performing: load_local localVar#6 
[Elysia/DEBUG] Performing: invoke index(3782547968) index(37) index(2) 
[Elysia/DEBUG] Entering function 1_Str::operator[]#struct#1#0#int
[Elysia/DEBUG] Performing: load_local localVar#1 
[Elysia/DEBUG] Increasing refcount of int object
[Elysia/DEBUG] Address: 0x159804080
[Elysia/DEBUG] Performing: push_integer int(0) 
[Elysia/DEBUG] Performing: less_than 
[Elysia/DEBUG] Decreasing refcount of int object
[Elysia/DEBUG] Address: 0x159804080
[Elysia/DEBUG] Performing: jump_if_true codeBlock#1 
[Elysia/DEBUG] Performing: load_local localVar#1 
[Elysia/DEBUG] Increasing refcount of int object
[Elysia/DEBUG] Address: 0x159804080
[Elysia/DEBUG] Performing: load_local localVar#0 
[Elysia/DEBUG] Performing: load_member index(1) 
[Elysia/DEBUG] Increasing refcount of unsigned object
[Elysia/DEBUG] Address: 0x1598040d0
[Elysia/DEBUG] Performing: basic_cast_int 
[Elysia/DEBUG] Decreasing refcount of unsigned object
[Elysia/DEBUG] Address: 0x1598040d0
[Elysia/DEBUG] Performing: greater_equal 
[Elysia/DEBUG] Decreasing refcount of int object
[Elysia/DEBUG] Address: 0x159804080
[Elysia/DEBUG] Performing: jump_if_true codeBlock#1 
[Elysia/DEBUG] Performing: jump codeBlock#2 
[Elysia/DEBUG] Performing: push_boolean bool(false) 
[Elysia/DEBUG] Performing: jump codeBlock#3 
[Elysia/DEBUG] Performing: jump_if_true codeBlock#4 
[Elysia/DEBUG] Performing: jump codeBlock#5 
[Elysia/DEBUG] Performing: load_local localVar#0 
[Elysia/DEBUG] Performing: load_member index(0) 
[Elysia/DEBUG] Entering function array_char[]_gc_refcount_increase
[Elysia/DEBUG] Performing: load_local localVar#1 
[Elysia/DEBUG] Increasing refcount of int object
[Elysia/DEBUG] Address: 0x159804080
[Elysia/DEBUG] Performing: basic_cast_unsigned 
[Elysia/DEBUG] Decreasing refcount of int object
[Elysia/DEBUG] Address: 0x159804080
[Elysia/DEBUG] Performing: load_element 
[Elysia/DEBUG] Entering function array_char[]_gc_refcount_decrease
[Elysia/DEBUG] Performing: ret 
[Elysia/DEBUG] Decreasing refcount of int object
[Elysia/DEBUG] Address: 0x159804080
[Elysia/DEBUG] Performing: equal 
[Elysia/DEBUG] Decreasing refcount of char object
[Elysia/DEBUG] Address: 0x159804230
[Elysia/DEBUG] Decreasing refcount of char object
[Elysia/DEBUG] Address: 0x159804080
[Elysia/DEBUG] Performing: jump_if_true codeBlock#15 
[Elysia/DEBUG] Performing: load_local localVar#6 
[Elysia/DEBUG] Performing: push_integer int(0) 
[Elysia/DEBUG] Performing: greater_than 
[Elysia/DEBUG] Performing: jump_if_true codeBlock#17 
[Elysia/DEBUG] Performing: jump codeBlock#18 
[Elysia/DEBUG] Performing: load_local localVar#5 
[Elysia/DEBUG] Increasing refcount of int object
[Elysia/DEBUG] Address: 0x159804270
[Elysia/DEBUG] Performing: push_integer int(1) 
[Elysia/DEBUG] Performing: add 
[Elysia/DEBUG] Decreasing refcount of int object
[Elysia/DEBUG] Address: 0x159804270
[Elysia/DEBUG] Performing: store_local localVar#5 
[Elysia/DEBUG] Decreasing refcount of int object
[Elysia/DEBUG] Address: 0x159804270
[Elysia/DEBUG] Performing: jump codeBlock#16 
[Elysia/DEBUG] Performing: load_local localVar#6 
[Elysia/DEBUG] Performing: load_local localVar#1 
[Elysia/DEBUG] Performing: load_member index(1) 
[Elysia/DEBUG] Increasing refcount of unsigned object
[Elysia/DEBUG] Address: 0x1598040d0
[Elysia/DEBUG] Performing: basic_cast_int 
[Elysia/DEBUG] Decreasing refcount of unsigned object
[Elysia/DEBUG] Address: 0x1598040d0
[Elysia/DEBUG] Performing: equal 
[Elysia/DEBUG] Performing: jump_if_true codeBlock#19 
[Elysia/DEBUG] Performing: jump codeBlock#20 
[Elysia/DEBUG] Performing: jump codeBlock#12 
[Elysia/DEBUG] Performing: load_local localVar#5 
[Elysia/DEBUG] Increasing refcount of int object
[Elysia/DEBUG] Address: 0x159804270
[Elysia/DEBUG] Performing: load_local localVar#0 
[Elysia/DEBUG] Performing: load_member index(1) 
[Elysia/DEBUG] Increasing refcount of unsigned object
[Elysia/DEBUG] Address: 0x159904280
[Elysia/DEBUG] Performing: basic_cast_int 
[Elysia/DEBUG] Decreasing refcount of unsigned object
[Elysia/DEBUG] Address: 0x159904280
[Elysia/DEBUG] Performing: less_than 
[Elysia/DEBUG] Decreasing refcount of int object
[Elysia/DEBUG] Address: 0x159804270
[Elysia/DEBUG] Performing: jump_if_true codeBlock#13 
[Elysia/DEBUG] Performing: load_local localVar#0 
[Elysia/DEBUG] Performing: load_local localVar#5 
[Elysia/DEBUG] Increasing refcount of int object
[Elysia/DEBUG] Address: 0x159804270
[Elysia/DEBUG] Performing: invoke index(3782547968) index(37) index(2) 
[Elysia/DEBUG] Entering function 1_Str::operator[]#struct#1#0#int
[Elysia/DEBUG] Performing: load_local localVar#1 
[Elysia/DEBUG] Increasing refcount of int object
[Elysia/DEBUG] Address: 0x159804270
[Elysia/DEBUG] Performing: push_integer int(0) 
[Elysia/DEBUG] Performing: less_than 
[Elysia/DEBUG] Decreasing refcount of int object
[Elysia/DEBUG] Address: 0x159804270
[Elysia/DEBUG] Performing: jump_if_true codeBlock#1 
[Elysia/DEBUG] Performing: load_local localVar#1 
[Elysia/DEBUG] Increasing refcount of int object
[Elysia/DEBUG] Address: 0x159804270
[Elysia/DEBUG] Performing: load_local localVar#0 
[Elysia/DEBUG] Performing: load_member index(1) 
[Elysia/DEBUG] Increasing refcount of unsigned object
[Elysia/DEBUG] Address: 0x159904280
[Elysia/DEBUG] Performing: basic_cast_int 
[Elysia/DEBUG] Decreasing refcount of unsigned object
[Elysia/DEBUG] Address: 0x159904280
[Elysia/DEBUG] Performing: greater_equal 
[Elysia/DEBUG] Decreasing refcount of int object
[Elysia/DEBUG] Address: 0x159804270
[Elysia/DEBUG] Performing: jump_if_true codeBlock#1 
[Elysia/DEBUG] Performing: jump codeBlock#2 
[Elysia/DEBUG] Performing: push_boolean bool(false) 
[Elysia/DEBUG] Performing: jump codeBlock#3 
[Elysia/DEBUG] Performing: jump_if_true codeBlock#4 
[Elysia/DEBUG] Performing: jump codeBlock#5 
[Elysia/DEBUG] Performing: load_local localVar#0 
[Elysia/DEBUG] Performing: load_member index(0) 
[Elysia/DEBUG] Entering function array_char[]_gc_refcount_increase
[Elysia/DEBUG] Performing: load_local localVar#1 
[Elysia/DEBUG] Increasing refcount of int object
[Elysia/DEBUG] Address: 0x159804270
[Elysia/DEBUG] Performing: basic_cast_unsigned 
[Elysia/DEBUG] Decreasing refcount of int object
[Elysia/DEBUG] Address: 0x159804270
[Elysia/DEBUG] Performing: load_element 
[Elysia/DEBUG] Entering function array_char[]_gc_refcount_decrease
[Elysia/DEBUG] Performing: ret 
[Elysia/DEBUG] Decreasing refcount of int object
[Elysia/DEBUG] Address: 0x159804270
[Elysia/DEBUG] Performing: load_local localVar#1 
[Elysia/DEBUG] Performing: load_local localVar#6 
[Elysia/DEBUG] Performing: invoke index(3782547968) index(37) index(2) 
[Elysia/DEBUG] Entering function 1_Str::operator[]#struct#1#0#int
[Elysia/DEBUG] Performing: load_local localVar#1 
[Elysia/DEBUG] Increasing refcount of int object
[Elysia/DEBUG] Address: 0x159804230
[Elysia/DEBUG] Performing: push_integer int(0) 
[Elysia/DEBUG] Performing: less_than 
[Elysia/DEBUG] Decreasing refcount of int object
[Elysia/DEBUG] Address: 0x159804230
[Elysia/DEBUG] Performing: jump_if_true codeBlock#1 
[Elysia/DEBUG] Performing: load_local localVar#1 
[Elysia/DEBUG] Increasing refcount of int object
[Elysia/DEBUG] Address: 0x159804230
[Elysia/DEBUG] Performing: load_local localVar#0 
[Elysia/DEBUG] Performing: load_member index(1) 
[Elysia/DEBUG] Increasing refcount of unsigned object
[Elysia/DEBUG] Address: 0x1598040d0
[Elysia/DEBUG] Performing: basic_cast_int 
[Elysia/DEBUG] Decreasing refcount of unsigned object
[Elysia/DEBUG] Address: 0x1598040d0
[Elysia/DEBUG] Performing: greater_equal 
[Elysia/DEBUG] Decreasing refcount of int object
[Elysia/DEBUG] Address: 0x159804230
[Elysia/DEBUG] Performing: jump_if_true codeBlock#1 
[Elysia/DEBUG] Performing: jump codeBlock#2 
[Elysia/DEBUG] Performing: push_boolean bool(false) 
[Elysia/DEBUG] Performing: jump codeBlock#3 
[Elysia/DEBUG] Performing: jump_if_true codeBlock#4 
[Elysia/DEBUG] Performing: jump codeBlock#5 
[Elysia/DEBUG] Performing: load_local localVar#0 
[Elysia/DEBUG] Performing: load_member index(0) 
[Elysia/DEBUG] Entering function array_char[]_gc_refcount_increase
[Elysia/DEBUG] Performing: load_local localVar#1 
[Elysia/DEBUG] Increasing refcount of int object
[Elysia/DEBUG] Address: 0x159804230
[Elysia/DEBUG] Performing: basic_cast_unsigned 
[Elysia/DEBUG] Decreasing refcount of int object
[Elysia/DEBUG] Address: 0x159804230
[Elysia/DEBUG] Performing: load_element 
[Elysia/DEBUG] Entering function array_char[]_gc_refcount_decrease
[Elysia/DEBUG] Performing: ret 
[Elysia/DEBUG] Decreasing refcount of int object
[Elysia/DEBUG] Address: 0x159804230
[Elysia/DEBUG] Performing: equal 
[Elysia/DEBUG] Decreasing refcount of char object
[Elysia/DEBUG] Address: 0x159804080
[Elysia/DEBUG] Decreasing refcount of char object
[Elysia/DEBUG] Address: 0x159804230
[Elysia/DEBUG] Performing: jump_if_true codeBlock#15 
[Elysia/DEBUG] Performing: load_local localVar#6 
[Elysia/DEBUG] Performing: push_integer int(0) 
[Elysia/DEBUG] Performing: greater_than 
[Elysia/DEBUG] Performing: jump_if_true codeBlock#17 
[Elysia/DEBUG] Performing: jump codeBlock#18 
[Elysia/DEBUG] Performing: load_local localVar#5 
[Elysia/DEBUG] Increasing refcount of int object
[Elysia/DEBUG] Address: 0x159804270
[Elysia/DEBUG] Performing: push_integer int(1) 
[Elysia/DEBUG] Performing: add 
[Elysia/DEBUG] Decreasing refcount of int object
[Elysia/DEBUG] Address: 0x159804270
[Elysia/DEBUG] Performing: store_local localVar#5 
[Elysia/DEBUG] Decreasing refcount of int object
[Elysia/DEBUG] Address: 0x159804270
[Elysia/DEBUG] Performing: jump codeBlock#16 
[Elysia/DEBUG] Performing: load_local localVar#6 
[Elysia/DEBUG] Performing: load_local localVar#1 
[Elysia/DEBUG] Performing: load_member index(1) 
[Elysia/DEBUG] Increasing refcount of unsigned object
[Elysia/DEBUG] Address: 0x1598040d0
[Elysia/DEBUG] Performing: basic_cast_int 
[Elysia/DEBUG] Decreasing refcount of unsigned object
[Elysia/DEBUG] Address: 0x1598040d0
[Elysia/DEBUG] Performing: equal 
[Elysia/DEBUG] Performing: jump_if_true codeBlock#19 
[Elysia/DEBUG] Performing: jump codeBlock#20 
[Elysia/DEBUG] Performing: jump codeBlock#12 
[Elysia/DEBUG] Performing: load_local localVar#5 
[Elysia/DEBUG] Increasing refcount of int object
[Elysia/DEBUG] Address: 0x159804270
[Elysia/DEBUG] Performing: load_local localVar#0 
[Elysia/DEBUG] Performing: load_member index(1) 
[Elysia/DEBUG] Increasing refcount of unsigned object
[Elysia/DEBUG] Address: 0x159904280
[Elysia/DEBUG] Performing: basic_cast_int 
[Elysia/DEBUG] Decreasing refcount of unsigned object
[Elysia/DEBUG] Address: 0x159904280
[Elysia/DEBUG] Performing: less_than 
[Elysia/DEBUG] Decreasing refcount of int object
[Elysia/DEBUG] Address: 0x159804270
[Elysia/DEBUG] Performing: jump_if_true codeBlock#13 
[Elysia/DEBUG] Performing: load_local localVar#0 
[Elysia/DEBUG] Performing: load_local localVar#5 
[Elysia/DEBUG] Increasing refcount of int object
[Elysia/DEBUG] Address: 0x159804270
[Elysia/DEBUG] Performing: invoke index(3782547968) index(37) index(2) 
[Elysia/DEBUG] Entering function 1_Str::operator[]#struct#1#0#int
[Elysia/DEBUG] Performing: load_local localVar#1 
[Elysia/DEBUG] Increasing refcount of int object
[Elysia/DEBUG] Address: 0x159804270
[Elysia/DEBUG] Performing: push_integer int(0) 
[Elysia/DEBUG] Performing: less_than 
[Elysia/DEBUG] Decreasing refcount of int object
[Elysia/DEBUG] Address: 0x159804270
[Elysia/DEBUG] Performing: jump_if_true codeBlock#1 
[Elysia/DEBUG] Performing: load_local localVar#1 
[Elysia/DEBUG] Increasing refcount of int object
[Elysia/DEBUG] Address: 0x159804270
[Elysia/DEBUG] Performing: load_local localVar#0 
[Elysia/DEBUG] Performing: load_member index(1) 
[Elysia/DEBUG] Increasing refcount of unsigned object
[Elysia/DEBUG] Address: 0x159904280
[Elysia/DEBUG] Performing: basic_cast_int 
[Elysia/DEBUG] Decreasing refcount of unsigned object
[Elysia/DEBUG] Address: 0x159904280
[Elysia/DEBUG] Performing: greater_equal 
[Elysia/DEBUG] Decreasing refcount of int object
[Elysia/DEBUG] Address: 0x159804270
[Elysia/DEBUG] Performing: jump_if_true codeBlock#1 
[Elysia/DEBUG] Performing: jump codeBlock#2 
[Elysia/DEBUG] Performing: push_boolean bool(false) 
[Elysia/DEBUG] Performing: jump codeBlock#3 
[Elysia/DEBUG] Performing: jump_if_true codeBlock#4 
[Elysia/DEBUG] Performing: jump codeBlock#5 
[Elysia/DEBUG] Performing: load_local localVar#0 
[Elysia/DEBUG] Performing: load_member index(0) 
[Elysia/DEBUG] Entering function array_char[]_gc_refcount_increase
[Elysia/DEBUG] Performing: load_local localVar#1 
[Elysia/DEBUG] Increasing refcount of int object
[Elysia/DEBUG] Address: 0x159804270
[Elysia/DEBUG] Performing: basic_cast_unsigned 
[Elysia/DEBUG] Decreasing refcount of int object
[Elysia/DEBUG] Address: 0x159804270
[Elysia/DEBUG] Performing: load_element 
[Elysia/DEBUG] Entering function array_char[]_gc_refcount_decrease
[Elysia/DEBUG] Performing: ret 
[Elysia/DEBUG] Decreasing refcount of int object
[Elysia/DEBUG] Address: 0x159804270
[Elysia/DEBUG] Performing: load_local localVar#1 
[Elysia/DEBUG] Performing: load_local localVar#6 
[Elysia/DEBUG] Performing: invoke index(3782547968) index(37) index(2) 
[Elysia/DEBUG] Entering function 1_Str::operator[]#struct#1#0#int
[Elysia/DEBUG] Performing: load_local localVar#1 
[Elysia/DEBUG] Increasing refcount of int object
[Elysia/DEBUG] Address: 0x159804080
[Elysia/DEBUG] Performing: push_integer int(0) 
[Elysia/DEBUG] Performing: less_than 
[Elysia/DEBUG] Decreasing refcount of int object
[Elysia/DEBUG] Address: 0x159804080
[Elysia/DEBUG] Performing: jump_if_true codeBlock#1 
[Elysia/DEBUG] Performing: load_local localVar#1 
[Elysia/DEBUG] Increasing refcount of int object
[Elysia/DEBUG] Address: 0x159804080
[Elysia/DEBUG] Performing: load_local localVar#0 
[Elysia/DEBUG] Performing: load_member index(1) 
[Elysia/DEBUG] Increasing refcount of unsigned object
[Elysia/DEBUG] Address: 0x1598040d0
[Elysia/DEBUG] Performing: basic_cast_int 
[Elysia/DEBUG] Decreasing refcount of unsigned object
[Elysia/DEBUG] Address: 0x1598040d0
[Elysia/DEBUG] Performing: greater_equal 
[Elysia/DEBUG] Decreasing refcount of int object
[Elysia/DEBUG] Address: 0x159804080
[Elysia/DEBUG] Performing: jump_if_true codeBlock#1 
[Elysia/DEBUG] Performing: jump codeBlock#2 
[Elysia/DEBUG] Performing: push_boolean bool(false) 
[Elysia/DEBUG] Performing: jump codeBlock#3 
[Elysia/DEBUG] Performing: jump_if_true codeBlock#4 
[Elysia/DEBUG] Performing: jump codeBlock#5 
[Elysia/DEBUG] Performing: load_local localVar#0 
[Elysia/DEBUG] Performing: load_member index(0) 
[Elysia/DEBUG] Entering function array_char[]_gc_refcount_increase
[Elysia/DEBUG] Performing: load_local localVar#1 
[Elysia/DEBUG] Increasing refcount of int object
[Elysia/DEBUG] Address: 0x159804080
[Elysia/DEBUG] Performing: basic_cast_unsigned 
[Elysia/DEBUG] Decreasing refcount of int object
[Elysia/DEBUG] Address: 0x159804080
[Elysia/DEBUG] Performing: load_element 
[Elysia/DEBUG] Entering function array_char[]_gc_refcount_decrease
[Elysia/DEBUG] Performing: ret 
[Elysia/DEBUG] Decreasing refcount of int object
[Elysia/DEBUG] Address: 0x159804080
[Elysia/DEBUG] Performing: equal 
[Elysia/DEBUG] Decreasing refcount of char object
[Elysia/DEBUG] Address: 0x159804230
[Elysia/DEBUG] Decreasing refcount of char object
[Elysia/DEBUG] Address: 0x159804080
[Elysia/DEBUG] Performing: jump_if_true codeBlock#15 
[Elysia/DEBUG] Performing: load_local localVar#6 
[Elysia/DEBUG] Performing: push_integer int(0) 
[Elysia/DEBUG] Performing: greater_than 
[Elysia/DEBUG] Performing: jump_if_true codeBlock#17 
[Elysia/DEBUG] Performing: jump codeBlock#18 
[Elysia/DEBUG] Performing: load_local localVar#5 
[Elysia/DEBUG] Increasing refcount of int object
[Elysia/DEBUG] Address: 0x159804270
[Elysia/DEBUG] Performing: push_integer int(1) 
[Elysia/DEBUG] Performing: add 
[Elysia/DEBUG] Decreasing refcount of int object
[Elysia/DEBUG] Address: 0x159804270
[Elysia/DEBUG] Performing: store_local localVar#5 
[Elysia/DEBUG] Decreasing refcount of int object
[Elysia/DEBUG] Address: 0x159804270
[Elysia/DEBUG] Performing: jump codeBlock#16 
[Elysia/DEBUG] Performing: load_local localVar#6 
[Elysia/DEBUG] Performing: load_local localVar#1 
[Elysia/DEBUG] Performing: load_member index(1) 
[Elysia/DEBUG] Increasing refcount of unsigned object
[Elysia/DEBUG] Address: 0x1598040d0
[Elysia/DEBUG] Performing: basic_cast_int 
[Elysia/DEBUG] Decreasing refcount of unsigned object
[Elysia/DEBUG] Address: 0x1598040d0
[Elysia/DEBUG] Performing: equal 
[Elysia/DEBUG] Performing: jump_if_true codeBlock#19 
[Elysia/DEBUG] Performing: jump codeBlock#20 
[Elysia/DEBUG] Performing: jump codeBlock#12 
[Elysia/DEBUG] Performing: load_local localVar#5 
[Elysia/DEBUG] Increasing refcount of int object
[Elysia/DEBUG] Address: 0x159804270
[Elysia/DEBUG] Performing: load_local localVar#0 
[Elysia/DEBUG] Performing: load_member index(1) 
[Elysia/DEBUG] Increasing refcount of unsigned object
[Elysia/DEBUG] Address: 0x159904280
[Elysia/DEBUG] Performing: basic_cast_int 
[Elysia/DEBUG] Decreasing refcount of unsigned object
[Elysia/DEBUG] Address: 0x159904280
[Elysia/DEBUG] Performing: less_than 
[Elysia/DEBUG] Decreasing refcount of int object
[Elysia/DEBUG] Address: 0x159804270
[Elysia/DEBUG] Performing: jump_if_true codeBlock#13 
[Elysia/DEBUG] Performing: load_local localVar#0 
[Elysia/DEBUG] Performing: load_local localVar#5 
[Elysia/DEBUG] Increasing refcount of int object
[Elysia/DEBUG] Address: 0x159804270
[Elysia/DEBUG] Performing: invoke index(3782547968) index(37) index(2) 
[Elysia/DEBUG] Entering function 1_Str::operator[]#struct#1#0#int
[Elysia/DEBUG] Performing: load_local localVar#1 
[Elysia/DEBUG] Increasing refcount of int object
[Elysia/DEBUG] Address: 0x159804270
[Elysia/DEBUG] Performing: push_integer int(0) 
[Elysia/DEBUG] Performing: less_than 
[Elysia/DEBUG] Decreasing refcount of int object
[Elysia/DEBUG] Address: 0x159804270
[Elysia/DEBUG] Performing: jump_if_true codeBlock#1 
[Elysia/DEBUG] Performing: load_local localVar#1 
[Elysia/DEBUG] Increasing refcount of int object
[Elysia/DEBUG] Address: 0x159804270
[Elysia/DEBUG] Performing: load_local localVar#0 
[Elysia/DEBUG] Performing: load_member index(1) 
[Elysia/DEBUG] Increasing refcount of unsigned object
[Elysia/DEBUG] Address: 0x159904280
[Elysia/DEBUG] Performing: basic_cast_int 
[Elysia/DEBUG] Decreasing refcount of unsigned object
[Elysia/DEBUG] Address: 0x159904280
[Elysia/DEBUG] Performing: greater_equal 
[Elysia/DEBUG] Decreasing refcount of int object
[Elysia/DEBUG] Address: 0x159804270
[Elysia/DEBUG] Performing: jump_if_true codeBlock#1 
[Elysia/DEBUG] Performing: jump codeBlock#2 
[Elysia/DEBUG] Performing: push_boolean bool(false) 
[Elysia/DEBUG] Performing: jump codeBlock#3 
[Elysia/DEBUG] Performing: jump_if_true codeBlock#4 
[Elysia/DEBUG] Performing: jump codeBlock#5 
[Elysia/DEBUG] Performing: load_local localVar#0 
[Elysia/DEBUG] Performing: load_member index(0) 
[Elysia/DEBUG] Entering function array_char[]_gc_refcount_increase
[Elysia/DEBUG] Performing: load_local localVar#1 
[Elysia/DEBUG] Increasing refcount of int object
[Elysia/DEBUG] Address: 0x159804270
[Elysia/DEBUG] Performing: basic_cast_unsigned 
[Elysia/DEBUG] Decreasing refcount of int object
[Elysia/DEBUG] Address: 0x159804270
[Elysia/DEBUG] Performing: load_element 
[Elysia/DEBUG] Entering function array_char[]_gc_refcount_decrease
[Elysia/DEBUG] Performing: ret 
[Elysia/DEBUG] Decreasing refcount of int object
[Elysia/DEBUG] Address: 0x159804270
[Elysia/DEBUG] Performing: load_local localVar#1 
[Elysia/DEBUG] Performing: load_local localVar#6 
[Elysia/DEBUG] Performing: invoke index(3782547968) index(37) index(2) 
[Elysia/DEBUG] Entering function 1_Str::operator[]#struct#1#0#int
[Elysia/DEBUG] Performing: load_local localVar#1 
[Elysia/DEBUG] Increasing refcount of int object
[Elysia/DEBUG] Address: 0x159804230
[Elysia/DEBUG] Performing: push_integer int(0) 
[Elysia/DEBUG] Performing: less_than 
[Elysia/DEBUG] Decreasing refcount of int object
[Elysia/DEBUG] Address: 0x159804230
[Elysia/DEBUG] Performing: jump_if_true codeBlock#1 
[Elysia/DEBUG] Performing: load_local localVar#1 
[Elysia/DEBUG] Increasing refcount of int object
[Elysia/DEBUG] Address: 0x159804230
[Elysia/DEBUG] Performing: load_local localVar#0 
[Elysia/DEBUG] Performing: load_member index(1) 
[Elysia/DEBUG] Increasing refcount of unsigned object
[Elysia/DEBUG] Address: 0x1598040d0
[Elysia/DEBUG] Performing: basic_cast_int 
[Elysia/DEBUG] Decreasing refcount of unsigned object
[Elysia/DEBUG] Address: 0x1598040d0
[Elysia/DEBUG] Performing: greater_equal 
[Elysia/DEBUG] Decreasing refcount of int object
[Elysia/DEBUG] Address: 0x159804230
[Elysia/DEBUG] Performing: jump_if_true codeBlock#1 
[Elysia/DEBUG] Performing: jump codeBlock#2 
[Elysia/DEBUG] Performing: push_boolean bool(false) 
[Elysia/DEBUG] Performing: jump codeBlock#3 
[Elysia/DEBUG] Performing: jump_if_true codeBlock#4 
[Elysia/DEBUG] Performing: jump codeBlock#5 
[Elysia/DEBUG] Performing: load_local localVar#0 
[Elysia/DEBUG] Performing: load_member index(0) 
[Elysia/DEBUG] Entering function array_char[]_gc_refcount_increase
[Elysia/DEBUG] Performing: load_local localVar#1 
[Elysia/DEBUG] Increasing refcount of int object
[Elysia/DEBUG] Address: 0x159804230
[Elysia/DEBUG] Performing: basic_cast_unsigned 
[Elysia/DEBUG] Decreasing refcount of int object
[Elysia/DEBUG] Address: 0x159804230
[Elysia/DEBUG] Performing: load_element 
[Elysia/DEBUG] Entering function array_char[]_gc_refcount_decrease
[Elysia/DEBUG] Performing: ret 
[Elysia/DEBUG] Decreasing refcount of int object
[Elysia/DEBUG] Address: 0x159804230
[Elysia/DEBUG] Performing: equal 
[Elysia/DEBUG] Decreasing refcount of char object
[Elysia/DEBUG] Address: 0x159804080
[Elysia/DEBUG] Decreasing refcount of char object
[Elysia/DEBUG] Address: 0x159804230
[Elysia/DEBUG] Performing: jump_if_true codeBlock#15 
[Elysia/DEBUG] Performing: load_local localVar#6 
[Elysia/DEBUG] Performing: push_integer int(0) 
[Elysia/DEBUG] Performing: greater_than 
[Elysia/DEBUG] Performing: jump_if_true codeBlock#17 
[Elysia/DEBUG] Performing: jump codeBlock#18 
[Elysia/DEBUG] Performing: load_local localVar#5 
[Elysia/DEBUG] Increasing refcount of int object
[Elysia/DEBUG] Address: 0x159804270
[Elysia/DEBUG] Performing: push_integer int(1) 
[Elysia/DEBUG] Performing: add 
[Elysia/DEBUG] Decreasing refcount of int object
[Elysia/DEBUG] Address: 0x159804270
[Elysia/DEBUG] Performing: store_local localVar#5 
[Elysia/DEBUG] Decreasing refcount of int object
[Elysia/DEBUG] Address: 0x159804270
[Elysia/DEBUG] Performing: jump codeBlock#16 
[Elysia/DEBUG] Performing: load_local localVar#6 
[Elysia/DEBUG] Performing: load_local localVar#1 
[Elysia/DEBUG] Performing: load_member index(1) 
[Elysia/DEBUG] Increasing refcount of unsigned object
[Elysia/DEBUG] Address: 0x1598040d0
[Elysia/DEBUG] Performing: basic_cast_int 
[Elysia/DEBUG] Decreasing refcount of unsigned object
[Elysia/DEBUG] Address: 0x1598040d0
[Elysia/DEBUG] Performing: equal 
[Elysia/DEBUG] Performing: jump_if_true codeBlock#19 
[Elysia/DEBUG] Performing: jump codeBlock#20 
[Elysia/DEBUG] Performing: jump codeBlock#12 
[Elysia/DEBUG] Performing: load_local localVar#5 
[Elysia/DEBUG] Increasing refcount of int object
[Elysia/DEBUG] Address: 0x159804270
[Elysia/DEBUG] Performing: load_local localVar#0 
[Elysia/DEBUG] Performing: load_member index(1) 
[Elysia/DEBUG] Increasing refcount of unsigned object
[Elysia/DEBUG] Address: 0x159904280
[Elysia/DEBUG] Performing: basic_cast_int 
[Elysia/DEBUG] Decreasing refcount of unsigned object
[Elysia/DEBUG] Address: 0x159904280
[Elysia/DEBUG] Performing: less_than 
[Elysia/DEBUG] Decreasing refcount of int object
[Elysia/DEBUG] Address: 0x159804270
[Elysia/DEBUG] Performing: jump_if_true codeBlock#13 
[Elysia/DEBUG] Performing: load_local localVar#0 
[Elysia/DEBUG] Performing: load_local localVar#5 
[Elysia/DEBUG] Increasing refcount of int object
[Elysia/DEBUG] Address: 0x159804270
[Elysia/DEBUG] Performing: invoke index(3782547968) index(37) index(2) 
[Elysia/DEBUG] Entering function 1_Str::operator[]#struct#1#0#int
[Elysia/DEBUG] Performing: load_local localVar#1 
[Elysia/DEBUG] Increasing refcount of int object
[Elysia/DEBUG] Address: 0x159804270
[Elysia/DEBUG] Performing: push_integer int(0) 
[Elysia/DEBUG] Performing: less_than 
[Elysia/DEBUG] Decreasing refcount of int object
[Elysia/DEBUG] Address: 0x159804270
[Elysia/DEBUG] Performing: jump_if_true codeBlock#1 
[Elysia/DEBUG] Performing: load_local localVar#1 
[Elysia/DEBUG] Increasing refcount of int object
[Elysia/DEBUG] Address: 0x159804270
[Elysia/DEBUG] Performing: load_local localVar#0 
[Elysia/DEBUG] Performing: load_member index(1) 
[Elysia/DEBUG] Increasing refcount of unsigned object
[Elysia/DEBUG] Address: 0x159904280
[Elysia/DEBUG] Performing: basic_cast_int 
[Elysia/DEBUG] Decreasing refcount of unsigned object
[Elysia/DEBUG] Address: 0x159904280
[Elysia/DEBUG] Performing: greater_equal 
[Elysia/DEBUG] Decreasing refcount of int object
[Elysia/DEBUG] Address: 0x159804270
[Elysia/DEBUG] Performing: jump_if_true codeBlock#1 
[Elysia/DEBUG] Performing: jump codeBlock#2 
[Elysia/DEBUG] Performing: push_boolean bool(false) 
[Elysia/DEBUG] Performing: jump codeBlock#3 
[Elysia/DEBUG] Performing: jump_if_true codeBlock#4 
[Elysia/DEBUG] Performing: jump codeBlock#5 
[Elysia/DEBUG] Performing: load_local localVar#0 
[Elysia/DEBUG] Performing: load_member index(0) 
[Elysia/DEBUG] Entering function array_char[]_gc_refcount_increase
[Elysia/DEBUG] Performing: load_local localVar#1 
[Elysia/DEBUG] Increasing refcount of int object
[Elysia/DEBUG] Address: 0x159804270
[Elysia/DEBUG] Performing: basic_cast_unsigned 
[Elysia/DEBUG] Decreasing refcount of int object
[Elysia/DEBUG] Address: 0x159804270
[Elysia/DEBUG] Performing: load_element 
[Elysia/DEBUG] Entering function array_char[]_gc_refcount_decrease
[Elysia/DEBUG] Performing: ret 
[Elysia/DEBUG] Decreasing refcount of int object
[Elysia/DEBUG] Address: 0x159804270
[Elysia/DEBUG] Performing: load_local localVar#1 
[Elysia/DEBUG] Performing: load_local localVar#6 
[Elysia/DEBUG] Performing: invoke index(3782547968) index(37) index(2) 
[Elysia/DEBUG] Entering function 1_Str::operator[]#struct#1#0#int
[Elysia/DEBUG] Performing: load_local localVar#1 
[Elysia/DEBUG] Increasing refcount of int object
[Elysia/DEBUG] Address: 0x159804080
[Elysia/DEBUG] Performing: push_integer int(0) 
[Elysia/DEBUG] Performing: less_than 
[Elysia/DEBUG] Decreasing refcount of int object
[Elysia/DEBUG] Address: 0x159804080
[Elysia/DEBUG] Performing: jump_if_true codeBlock#1 
[Elysia/DEBUG] Performing: load_local localVar#1 
[Elysia/DEBUG] Increasing refcount of int object
[Elysia/DEBUG] Address: 0x159804080
[Elysia/DEBUG] Performing: load_local localVar#0 
[Elysia/DEBUG] Performing: load_member index(1) 
[Elysia/DEBUG] Increasing refcount of unsigned object
[Elysia/DEBUG] Address: 0x1598040d0
[Elysia/DEBUG] Performing: basic_cast_int 
[Elysia/DEBUG] Decreasing refcount of unsigned object
[Elysia/DEBUG] Address: 0x1598040d0
[Elysia/DEBUG] Performing: greater_equal 
[Elysia/DEBUG] Decreasing refcount of int object
[Elysia/DEBUG] Address: 0x159804080
[Elysia/DEBUG] Performing: jump_if_true codeBlock#1 
[Elysia/DEBUG] Performing: jump codeBlock#2 
[Elysia/DEBUG] Performing: push_boolean bool(false) 
[Elysia/DEBUG] Performing: jump codeBlock#3 
[Elysia/DEBUG] Performing: jump_if_true codeBlock#4 
[Elysia/DEBUG] Performing: jump codeBlock#5 
[Elysia/DEBUG] Performing: load_local localVar#0 
[Elysia/DEBUG] Performing: load_member index(0) 
[Elysia/DEBUG] Entering function array_char[]_gc_refcount_increase
[Elysia/DEBUG] Performing: load_local localVar#1 
[Elysia/DEBUG] Increasing refcount of int object
[Elysia/DEBUG] Address: 0x159804080
[Elysia/DEBUG] Performing: basic_cast_unsigned 
[Elysia/DEBUG] Decreasing refcount of int object
[Elysia/DEBUG] Address: 0x159804080
[Elysia/DEBUG] Performing: load_element 
[Elysia/DEBUG] Entering function array_char[]_gc_refcount_decrease
[Elysia/DEBUG] Performing: ret 
[Elysia/DEBUG] Decreasing refcount of int object
[Elysia/DEBUG] Address: 0x159804080
[Elysia/DEBUG] Performing: equal 
[Elysia/DEBUG] Decreasing refcount of char object
[Elysia/DEBUG] Address: 0x159804230
[Elysia/DEBUG] Decreasing refcount of char object
[Elysia/DEBUG] Address: 0x159804080
[Elysia/DEBUG] Performing: jump_if_true codeBlock#15 
[Elysia/DEBUG] Performing: load_local localVar#6 
[Elysia/DEBUG] Performing: push_integer int(0) 
[Elysia/DEBUG] Performing: greater_than 
[Elysia/DEBUG] Performing: jump_if_true codeBlock#17 
[Elysia/DEBUG] Performing: jump codeBlock#18 
[Elysia/DEBUG] Performing: load_local localVar#5 
[Elysia/DEBUG] Increasing refcount of int object
[Elysia/DEBUG] Address: 0x159804270
[Elysia/DEBUG] Performing: push_integer int(1) 
[Elysia/DEBUG] Performing: add 
[Elysia/DEBUG] Decreasing refcount of int object
[Elysia/DEBUG] Address: 0x159804270
[Elysia/DEBUG] Performing: store_local localVar#5 
[Elysia/DEBUG] Decreasing refcount of int object
[Elysia/DEBUG] Address: 0x159804270
[Elysia/DEBUG] Performing: jump codeBlock#16 
[Elysia/DEBUG] Performing: load_local localVar#6 
[Elysia/DEBUG] Performing: load_local localVar#1 
[Elysia/DEBUG] Performing: load_member index(1) 
[Elysia/DEBUG] Increasing refcount of unsigned object
[Elysia/DEBUG] Address: 0x1598040d0
[Elysia/DEBUG] Performing: basic_cast_int 
[Elysia/DEBUG] Decreasing refcount of unsigned object
[Elysia/DEBUG] Address: 0x1598040d0
[Elysia/DEBUG] Performing: equal 
[Elysia/DEBUG] Performing: jump_if_true codeBlock#19 
[Elysia/DEBUG] Performing: jump codeBlock#20 
[Elysia/DEBUG] Performing: jump codeBlock#12 
[Elysia/DEBUG] Performing: load_local localVar#5 
[Elysia/DEBUG] Increasing refcount of int object
[Elysia/DEBUG] Address: 0x159804270
[Elysia/DEBUG] Performing: load_local localVar#0 
[Elysia/DEBUG] Performing: load_member index(1) 
[Elysia/DEBUG] Increasing refcount of unsigned object
[Elysia/DEBUG] Address: 0x159904280
[Elysia/DEBUG] Performing: basic_cast_int 
[Elysia/DEBUG] Decreasing refcount of unsigned object
[Elysia/DEBUG] Address: 0x159904280
[Elysia/DEBUG] Performing: less_than 
[Elysia/DEBUG] Decreasing refcount of int object
[Elysia/DEBUG] Address: 0x159804270
[Elysia/DEBUG] Performing: jump_if_true codeBlock#13 
[Elysia/DEBUG] Performing: load_local localVar#0 
[Elysia/DEBUG] Performing: load_local localVar#5 
[Elysia/DEBUG] Increasing refcount of int object
[Elysia/DEBUG] Address: 0x159804270
[Elysia/DEBUG] Performing: invoke index(3782547968) index(37) index(2) 
[Elysia/DEBUG] Entering function 1_Str::operator[]#struct#1#0#int
[Elysia/DEBUG] Performing: load_local localVar#1 
[Elysia/DEBUG] Increasing refcount of int object
[Elysia/DEBUG] Address: 0x159804270
[Elysia/DEBUG] Performing: push_integer int(0) 
[Elysia/DEBUG] Performing: less_than 
[Elysia/DEBUG] Decreasing refcount of int object
[Elysia/DEBUG] Address: 0x159804270
[Elysia/DEBUG] Performing: jump_if_true codeBlock#1 
[Elysia/DEBUG] Performing: load_local localVar#1 
[Elysia/DEBUG] Increasing refcount of int object
[Elysia/DEBUG] Address: 0x159804270
[Elysia/DEBUG] Performing: load_local localVar#0 
[Elysia/DEBUG] Performing: load_member index(1) 
[Elysia/DEBUG] Increasing refcount of unsigned object
[Elysia/DEBUG] Address: 0x159904280
[Elysia/DEBUG] Performing: basic_cast_int 
[Elysia/DEBUG] Decreasing refcount of unsigned object
[Elysia/DEBUG] Address: 0x159904280
[Elysia/DEBUG] Performing: greater_equal 
[Elysia/DEBUG] Decreasing refcount of int object
[Elysia/DEBUG] Address: 0x159804270
[Elysia/DEBUG] Performing: jump_if_true codeBlock#1 
[Elysia/DEBUG] Performing: jump codeBlock#2 
[Elysia/DEBUG] Performing: push_boolean bool(false) 
[Elysia/DEBUG] Performing: jump codeBlock#3 
[Elysia/DEBUG] Performing: jump_if_true codeBlock#4 
[Elysia/DEBUG] Performing: jump codeBlock#5 
[Elysia/DEBUG] Performing: load_local localVar#0 
[Elysia/DEBUG] Performing: load_member index(0) 
[Elysia/DEBUG] Entering function array_char[]_gc_refcount_increase
[Elysia/DEBUG] Performing: load_local localVar#1 
[Elysia/DEBUG] Increasing refcount of int object
[Elysia/DEBUG] Address: 0x159804270
[Elysia/DEBUG] Performing: basic_cast_unsigned 
[Elysia/DEBUG] Decreasing refcount of int object
[Elysia/DEBUG] Address: 0x159804270
[Elysia/DEBUG] Performing: load_element 
[Elysia/DEBUG] Entering function array_char[]_gc_refcount_decrease
[Elysia/DEBUG] Performing: ret 
[Elysia/DEBUG] Decreasing refcount of int object
[Elysia/DEBUG] Address: 0x159804270
[Elysia/DEBUG] Performing: load_local localVar#1 
[Elysia/DEBUG] Performing: load_local localVar#6 
[Elysia/DEBUG] Performing: invoke index(3782547968) index(37) index(2) 
[Elysia/DEBUG] Entering function 1_Str::operator[]#struct#1#0#int
[Elysia/DEBUG] Performing: load_local localVar#1 
[Elysia/DEBUG] Increasing refcount of int object
[Elysia/DEBUG] Address: 0x159804230
[Elysia/DEBUG] Performing: push_integer int(0) 
[Elysia/DEBUG] Performing: less_than 
[Elysia/DEBUG] Decreasing refcount of int object
[Elysia/DEBUG] Address: 0x159804230
[Elysia/DEBUG] Performing: jump_if_true codeBlock#1 
[Elysia/DEBUG] Performing: load_local localVar#1 
[Elysia/DEBUG] Increasing refcount of int object
[Elysia/DEBUG] Address: 0x159804230
[Elysia/DEBUG] Performing: load_local localVar#0 
[Elysia/DEBUG] Performing: load_member index(1) 
[Elysia/DEBUG] Increasing refcount of unsigned object
[Elysia/DEBUG] Address: 0x1598040d0
[Elysia/DEBUG] Performing: basic_cast_int 
[Elysia/DEBUG] Decreasing refcount of unsigned object
[Elysia/DEBUG] Address: 0x1598040d0
[Elysia/DEBUG] Performing: greater_equal 
[Elysia/DEBUG] Decreasing refcount of int object
[Elysia/DEBUG] Address: 0x159804230
[Elysia/DEBUG] Performing: jump_if_true codeBlock#1 
[Elysia/DEBUG] Performing: jump codeBlock#2 
[Elysia/DEBUG] Performing: push_boolean bool(false) 
[Elysia/DEBUG] Performing: jump codeBlock#3 
[Elysia/DEBUG] Performing: jump_if_true codeBlock#4 
[Elysia/DEBUG] Performing: jump codeBlock#5 
[Elysia/DEBUG] Performing: load_local localVar#0 
[Elysia/DEBUG] Performing: load_member index(0) 
[Elysia/DEBUG] Entering function array_char[]_gc_refcount_increase
[Elysia/DEBUG] Performing: load_local localVar#1 
[Elysia/DEBUG] Increasing refcount of int object
[Elysia/DEBUG] Address: 0x159804230
[Elysia/DEBUG] Performing: basic_cast_unsigned 
[Elysia/DEBUG] Decreasing refcount of int object
[Elysia/DEBUG] Address: 0x159804230
[Elysia/DEBUG] Performing: load_element 
[Elysia/DEBUG] Entering function array_char[]_gc_refcount_decrease
[Elysia/DEBUG] Performing: ret 
[Elysia/DEBUG] Decreasing refcount of int object
[Elysia/DEBUG] Address: 0x159804230
[Elysia/DEBUG] Performing: equal 
[Elysia/DEBUG] Decreasing refcount of char object
[Elysia/DEBUG] Address: 0x159804080
[Elysia/DEBUG] Decreasing refcount of char object
[Elysia/DEBUG] Address: 0x159804230
[Elysia/DEBUG] Performing: jump_if_true codeBlock#15 
[Elysia/DEBUG] Performing: load_local localVar#6 
[Elysia/DEBUG] Performing: push_integer int(0) 
[Elysia/DEBUG] Performing: greater_than 
[Elysia/DEBUG] Performing: jump_if_true codeBlock#17 
[Elysia/DEBUG] Performing: jump codeBlock#18 
[Elysia/DEBUG] Performing: load_local localVar#5 
[Elysia/DEBUG] Increasing refcount of int object
[Elysia/DEBUG] Address: 0x159804270
[Elysia/DEBUG] Performing: push_integer int(1) 
[Elysia/DEBUG] Performing: add 
[Elysia/DEBUG] Decreasing refcount of int object
[Elysia/DEBUG] Address: 0x159804270
[Elysia/DEBUG] Performing: store_local localVar#5 
[Elysia/DEBUG] Decreasing refcount of int object
[Elysia/DEBUG] Address: 0x159804270
[Elysia/DEBUG] Performing: jump codeBlock#16 
[Elysia/DEBUG] Performing: load_local localVar#6 
[Elysia/DEBUG] Performing: load_local localVar#1 
[Elysia/DEBUG] Performing: load_member index(1) 
[Elysia/DEBUG] Increasing refcount of unsigned object
[Elysia/DEBUG] Address: 0x1598040d0
[Elysia/DEBUG] Performing: basic_cast_int 
[Elysia/DEBUG] Decreasing refcount of unsigned object
[Elysia/DEBUG] Address: 0x1598040d0
[Elysia/DEBUG] Performing: equal 
[Elysia/DEBUG] Performing: jump_if_true codeBlock#19 
[Elysia/DEBUG] Performing: jump codeBlock#20 
[Elysia/DEBUG] Performing: jump codeBlock#12 
[Elysia/DEBUG] Performing: load_local localVar#5 
[Elysia/DEBUG] Increasing refcount of int object
[Elysia/DEBUG] Address: 0x159804270
[Elysia/DEBUG] Performing: load_local localVar#0 
[Elysia/DEBUG] Performing: load_member index(1) 
[Elysia/DEBUG] Increasing refcount of unsigned object
[Elysia/DEBUG] Address: 0x159904280
[Elysia/DEBUG] Performing: basic_cast_int 
[Elysia/DEBUG] Decreasing refcount of unsigned object
[Elysia/DEBUG] Address: 0x159904280
[Elysia/DEBUG] Performing: less_than 
[Elysia/DEBUG] Decreasing refcount of int object
[Elysia/DEBUG] Address: 0x159804270
[Elysia/DEBUG] Performing: jump_if_true codeBlock#13 
[Elysia/DEBUG] Performing: load_local localVar#0 
[Elysia/DEBUG] Performing: load_local localVar#5 
[Elysia/DEBUG] Increasing refcount of int object
[Elysia/DEBUG] Address: 0x159804270
[Elysia/DEBUG] Performing: invoke index(3782547968) index(37) index(2) 
[Elysia/DEBUG] Entering function 1_Str::operator[]#struct#1#0#int
[Elysia/DEBUG] Performing: load_local localVar#1 
[Elysia/DEBUG] Increasing refcount of int object
[Elysia/DEBUG] Address: 0x159804270
[Elysia/DEBUG] Performing: push_integer int(0) 
[Elysia/DEBUG] Performing: less_than 
[Elysia/DEBUG] Decreasing refcount of int object
[Elysia/DEBUG] Address: 0x159804270
[Elysia/DEBUG] Performing: jump_if_true codeBlock#1 
[Elysia/DEBUG] Performing: load_local localVar#1 
[Elysia/DEBUG] Increasing refcount of int object
[Elysia/DEBUG] Address: 0x159804270
[Elysia/DEBUG] Performing: load_local localVar#0 
[Elysia/DEBUG] Performing: load_member index(1) 
[Elysia/DEBUG] Increasing refcount of unsigned object
[Elysia/DEBUG] Address: 0x159904280
[Elysia/DEBUG] Performing: basic_cast_int 
[Elysia/DEBUG] Decreasing refcount of unsigned object
[Elysia/DEBUG] Address: 0x159904280
[Elysia/DEBUG] Performing: greater_equal 
[Elysia/DEBUG] Decreasing refcount of int object
[Elysia/DEBUG] Address: 0x159804270
[Elysia/DEBUG] Performing: jump_if_true codeBlock#1 
[Elysia/DEBUG] Performing: jump codeBlock#2 
[Elysia/DEBUG] Performing: push_boolean bool(false) 
[Elysia/DEBUG] Performing: jump codeBlock#3 
[Elysia/DEBUG] Performing: jump_if_true codeBlock#4 
[Elysia/DEBUG] Performing: jump codeBlock#5 
[Elysia/DEBUG] Performing: load_local localVar#0 
[Elysia/DEBUG] Performing: load_member index(0) 
[Elysia/DEBUG] Entering function array_char[]_gc_refcount_increase
[Elysia/DEBUG] Performing: load_local localVar#1 
[Elysia/DEBUG] Increasing refcount of int object
[Elysia/DEBUG] Address: 0x159804270
[Elysia/DEBUG] Performing: basic_cast_unsigned 
[Elysia/DEBUG] Decreasing refcount of int object
[Elysia/DEBUG] Address: 0x159804270
[Elysia/DEBUG] Performing: load_element 
[Elysia/DEBUG] Entering function array_char[]_gc_refcount_decrease
[Elysia/DEBUG] Performing: ret 
[Elysia/DEBUG] Decreasing refcount of int object
[Elysia/DEBUG] Address: 0x159804270
[Elysia/DEBUG] Performing: load_local localVar#1 
[Elysia/DEBUG] Performing: load_local localVar#6 
[Elysia/DEBUG] Performing: invoke index(3782547968) index(37) index(2) 
[Elysia/DEBUG] Entering function 1_Str::operator[]#struct#1#0#int
[Elysia/DEBUG] Performing: load_local localVar#1 
[Elysia/DEBUG] Increasing refcount of int object
[Elysia/DEBUG] Address: 0x159804080
[Elysia/DEBUG] Performing: push_integer int(0) 
[Elysia/DEBUG] Performing: less_than 
[Elysia/DEBUG] Decreasing refcount of int object
[Elysia/DEBUG] Address: 0x159804080
[Elysia/DEBUG] Performing: jump_if_true codeBlock#1 
[Elysia/DEBUG] Performing: load_local localVar#1 
[Elysia/DEBUG] Increasing refcount of int object
[Elysia/DEBUG] Address: 0x159804080
[Elysia/DEBUG] Performing: load_local localVar#0 
[Elysia/DEBUG] Performing: load_member index(1) 
[Elysia/DEBUG] Increasing refcount of unsigned object
[Elysia/DEBUG] Address: 0x1598040d0
[Elysia/DEBUG] Performing: basic_cast_int 
[Elysia/DEBUG] Decreasing refcount of unsigned object
[Elysia/DEBUG] Address: 0x1598040d0
[Elysia/DEBUG] Performing: greater_equal 
[Elysia/DEBUG] Decreasing refcount of int object
[Elysia/DEBUG] Address: 0x159804080
[Elysia/DEBUG] Performing: jump_if_true codeBlock#1 
[Elysia/DEBUG] Performing: jump codeBlock#2 
[Elysia/DEBUG] Performing: push_boolean bool(false) 
[Elysia/DEBUG] Performing: jump codeBlock#3 
[Elysia/DEBUG] Performing: jump_if_true codeBlock#4 
[Elysia/DEBUG] Performing: jump codeBlock#5 
[Elysia/DEBUG] Performing: load_local localVar#0 
[Elysia/DEBUG] Performing: load_member index(0) 
[Elysia/DEBUG] Entering function array_char[]_gc_refcount_increase
[Elysia/DEBUG] Performing: load_local localVar#1 
[Elysia/DEBUG] Increasing refcount of int object
[Elysia/DEBUG] Address: 0x159804080
[Elysia/DEBUG] Performing: basic_cast_unsigned 
[Elysia/DEBUG] Decreasing refcount of int object
[Elysia/DEBUG] Address: 0x159804080
[Elysia/DEBUG] Performing: load_element 
[Elysia/DEBUG] Entering function array_char[]_gc_refcount_decrease
[Elysia/DEBUG] Performing: ret 
[Elysia/DEBUG] Decreasing refcount of int object
[Elysia/DEBUG] Address: 0x159804080
[Elysia/DEBUG] Performing: equal 
[Elysia/DEBUG] Decreasing refcount of char object
[Elysia/DEBUG] Address: 0x159804230
[Elysia/DEBUG] Decreasing refcount of char object
[Elysia/DEBUG] Address: 0x159804080
[Elysia/DEBUG] Performing: jump_if_true codeBlock#15 
[Elysia/DEBUG] Performing: load_local localVar#6 
[Elysia/DEBUG] Performing: push_integer int(0) 
[Elysia/DEBUG] Performing: greater_than 
[Elysia/DEBUG] Performing: jump_if_true codeBlock#17 
[Elysia/DEBUG] Performing: jump codeBlock#18 
[Elysia/DEBUG] Performing: load_local localVar#5 
[Elysia/DEBUG] Increasing refcount of int object
[Elysia/DEBUG] Address: 0x159804270
[Elysia/DEBUG] Performing: push_integer int(1) 
[Elysia/DEBUG] Performing: add 
[Elysia/DEBUG] Decreasing refcount of int object
[Elysia/DEBUG] Address: 0x159804270
[Elysia/DEBUG] Performing: store_local localVar#5 
[Elysia/DEBUG] Decreasing refcount of int object
[Elysia/DEBUG] Address: 0x159804270
[Elysia/DEBUG] Performing: jump codeBlock#16 
[Elysia/DEBUG] Performing: load_local localVar#6 
[Elysia/DEBUG] Performing: load_local localVar#1 
[Elysia/DEBUG] Performing: load_member index(1) 
[Elysia/DEBUG] Increasing refcount of unsigned object
[Elysia/DEBUG] Address: 0x1598040d0
[Elysia/DEBUG] Performing: basic_cast_int 
[Elysia/DEBUG] Decreasing refcount of unsigned object
[Elysia/DEBUG] Address: 0x1598040d0
[Elysia/DEBUG] Performing: equal 
[Elysia/DEBUG] Performing: jump_if_true codeBlock#19 
[Elysia/DEBUG] Performing: jump codeBlock#20 
[Elysia/DEBUG] Performing: jump codeBlock#12 
[Elysia/DEBUG] Performing: load_local localVar#5 
[Elysia/DEBUG] Increasing refcount of int object
[Elysia/DEBUG] Address: 0x159804270
[Elysia/DEBUG] Performing: load_local localVar#0 
[Elysia/DEBUG] Performing: load_member index(1) 
[Elysia/DEBUG] Increasing refcount of unsigned object
[Elysia/DEBUG] Address: 0x159904280
[Elysia/DEBUG] Performing: basic_cast_int 
[Elysia/DEBUG] Decreasing refcount of unsigned object
[Elysia/DEBUG] Address: 0x159904280
[Elysia/DEBUG] Performing: less_than 
[Elysia/DEBUG] Decreasing refcount of int object
[Elysia/DEBUG] Address: 0x159804270
[Elysia/DEBUG] Performing: jump_if_true codeBlock#13 
[Elysia/DEBUG] Performing: load_local localVar#0 
[Elysia/DEBUG] Performing: load_local localVar#5 
[Elysia/DEBUG] Increasing refcount of int object
[Elysia/DEBUG] Address: 0x159804270
[Elysia/DEBUG] Performing: invoke index(3782547968) index(37) index(2) 
[Elysia/DEBUG] Entering function 1_Str::operator[]#struct#1#0#int
[Elysia/DEBUG] Performing: load_local localVar#1 
[Elysia/DEBUG] Increasing refcount of int object
[Elysia/DEBUG] Address: 0x159804270
[Elysia/DEBUG] Performing: push_integer int(0) 
[Elysia/DEBUG] Performing: less_than 
[Elysia/DEBUG] Decreasing refcount of int object
[Elysia/DEBUG] Address: 0x159804270
[Elysia/DEBUG] Performing: jump_if_true codeBlock#1 
[Elysia/DEBUG] Performing: load_local localVar#1 
[Elysia/DEBUG] Increasing refcount of int object
[Elysia/DEBUG] Address: 0x159804270
[Elysia/DEBUG] Performing: load_local localVar#0 
[Elysia/DEBUG] Performing: load_member index(1) 
[Elysia/DEBUG] Increasing refcount of unsigned object
[Elysia/DEBUG] Address: 0x159904280
[Elysia/DEBUG] Performing: basic_cast_int 
[Elysia/DEBUG] Decreasing refcount of unsigned object
[Elysia/DEBUG] Address: 0x159904280
[Elysia/DEBUG] Performing: greater_equal 
[Elysia/DEBUG] Decreasing refcount of int object
[Elysia/DEBUG] Address: 0x159804270
[Elysia/DEBUG] Performing: jump_if_true codeBlock#1 
[Elysia/DEBUG] Performing: jump codeBlock#2 
[Elysia/DEBUG] Performing: push_boolean bool(false) 
[Elysia/DEBUG] Performing: jump codeBlock#3 
[Elysia/DEBUG] Performing: jump_if_true codeBlock#4 
[Elysia/DEBUG] Performing: jump codeBlock#5 
[Elysia/DEBUG] Performing: load_local localVar#0 
[Elysia/DEBUG] Performing: load_member index(0) 
[Elysia/DEBUG] Entering function array_char[]_gc_refcount_increase
[Elysia/DEBUG] Performing: load_local localVar#1 
[Elysia/DEBUG] Increasing refcount of int object
[Elysia/DEBUG] Address: 0x159804270
[Elysia/DEBUG] Performing: basic_cast_unsigned 
[Elysia/DEBUG] Decreasing refcount of int object
[Elysia/DEBUG] Address: 0x159804270
[Elysia/DEBUG] Performing: load_element 
[Elysia/DEBUG] Entering function array_char[]_gc_refcount_decrease
[Elysia/DEBUG] Performing: ret 
[Elysia/DEBUG] Decreasing refcount of int object
[Elysia/DEBUG] Address: 0x159804270
[Elysia/DEBUG] Performing: load_local localVar#1 
[Elysia/DEBUG] Performing: load_local localVar#6 
[Elysia/DEBUG] Performing: invoke index(3782547968) index(37) index(2) 
[Elysia/DEBUG] Entering function 1_Str::operator[]#struct#1#0#int
[Elysia/DEBUG] Performing: load_local localVar#1 
[Elysia/DEBUG] Increasing refcount of int object
[Elysia/DEBUG] Address: 0x159804230
[Elysia/DEBUG] Performing: push_integer int(0) 
[Elysia/DEBUG] Performing: less_than 
[Elysia/DEBUG] Decreasing refcount of int object
[Elysia/DEBUG] Address: 0x159804230
[Elysia/DEBUG] Performing: jump_if_true codeBlock#1 
[Elysia/DEBUG] Performing: load_local localVar#1 
[Elysia/DEBUG] Increasing refcount of int object
[Elysia/DEBUG] Address: 0x159804230
[Elysia/DEBUG] Performing: load_local localVar#0 
[Elysia/DEBUG] Performing: load_member index(1) 
[Elysia/DEBUG] Increasing refcount of unsigned object
[Elysia/DEBUG] Address: 0x1598040d0
[Elysia/DEBUG] Performing: basic_cast_int 
[Elysia/DEBUG] Decreasing refcount of unsigned object
[Elysia/DEBUG] Address: 0x1598040d0
[Elysia/DEBUG] Performing: greater_equal 
[Elysia/DEBUG] Decreasing refcount of int object
[Elysia/DEBUG] Address: 0x159804230
[Elysia/DEBUG] Performing: jump_if_true codeBlock#1 
[Elysia/DEBUG] Performing: jump codeBlock#2 
[Elysia/DEBUG] Performing: push_boolean bool(false) 
[Elysia/DEBUG] Performing: jump codeBlock#3 
[Elysia/DEBUG] Performing: jump_if_true codeBlock#4 
[Elysia/DEBUG] Performing: jump codeBlock#5 
[Elysia/DEBUG] Performing: load_local localVar#0 
[Elysia/DEBUG] Performing: load_member index(0) 
[Elysia/DEBUG] Entering function array_char[]_gc_refcount_increase
[Elysia/DEBUG] Performing: load_local localVar#1 
[Elysia/DEBUG] Increasing refcount of int object
[Elysia/DEBUG] Address: 0x159804230
[Elysia/DEBUG] Performing: basic_cast_unsigned 
[Elysia/DEBUG] Decreasing refcount of int object
[Elysia/DEBUG] Address: 0x159804230
[Elysia/DEBUG] Performing: load_element 
[Elysia/DEBUG] Entering function array_char[]_gc_refcount_decrease
[Elysia/DEBUG] Performing: ret 
[Elysia/DEBUG] Decreasing refcount of int object
[Elysia/DEBUG] Address: 0x159804230
[Elysia/DEBUG] Performing: equal 
[Elysia/DEBUG] Decreasing refcount of char object
[Elysia/DEBUG] Address: 0x159804080
[Elysia/DEBUG] Decreasing refcount of char object
[Elysia/DEBUG] Address: 0x159804230
[Elysia/DEBUG] Performing: jump_if_true codeBlock#15 
[Elysia/DEBUG] Performing: load_local localVar#6 
[Elysia/DEBUG] Performing: push_integer int(0) 
[Elysia/DEBUG] Performing: greater_than 
[Elysia/DEBUG] Performing: jump_if_true codeBlock#17 
[Elysia/DEBUG] Performing: jump codeBlock#18 
[Elysia/DEBUG] Performing: load_local localVar#5 
[Elysia/DEBUG] Increasing refcount of int object
[Elysia/DEBUG] Address: 0x159804270
[Elysia/DEBUG] Performing: push_integer int(1) 
[Elysia/DEBUG] Performing: add 
[Elysia/DEBUG] Decreasing refcount of int object
[Elysia/DEBUG] Address: 0x159804270
[Elysia/DEBUG] Performing: store_local localVar#5 
[Elysia/DEBUG] Decreasing refcount of int object
[Elysia/DEBUG] Address: 0x159804270
[Elysia/DEBUG] Performing: jump codeBlock#16 
[Elysia/DEBUG] Performing: load_local localVar#6 
[Elysia/DEBUG] Performing: load_local localVar#1 
[Elysia/DEBUG] Performing: load_member index(1) 
[Elysia/DEBUG] Increasing refcount of unsigned object
[Elysia/DEBUG] Address: 0x1598040d0
[Elysia/DEBUG] Performing: basic_cast_int 
[Elysia/DEBUG] Decreasing refcount of unsigned object
[Elysia/DEBUG] Address: 0x1598040d0
[Elysia/DEBUG] Performing: equal 
[Elysia/DEBUG] Performing: jump_if_true codeBlock#19 
[Elysia/DEBUG] Performing: jump codeBlock#20 
[Elysia/DEBUG] Performing: jump codeBlock#12 
[Elysia/DEBUG] Performing: load_local localVar#5 
[Elysia/DEBUG] Increasing refcount of int object
[Elysia/DEBUG] Address: 0x159804270
[Elysia/DEBUG] Performing: load_local localVar#0 
[Elysia/DEBUG] Performing: load_member index(1) 
[Elysia/DEBUG] Increasing refcount of unsigned object
[Elysia/DEBUG] Address: 0x159904280
[Elysia/DEBUG] Performing: basic_cast_int 
[Elysia/DEBUG] Decreasing refcount of unsigned object
[Elysia/DEBUG] Address: 0x159904280
[Elysia/DEBUG] Performing: less_than 
[Elysia/DEBUG] Decreasing refcount of int object
[Elysia/DEBUG] Address: 0x159804270
[Elysia/DEBUG] Performing: jump_if_true codeBlock#13 
[Elysia/DEBUG] Performing: load_local localVar#0 
[Elysia/DEBUG] Performing: load_local localVar#5 
[Elysia/DEBUG] Increasing refcount of int object
[Elysia/DEBUG] Address: 0x159804270
[Elysia/DEBUG] Performing: invoke index(3782547968) index(37) index(2) 
[Elysia/DEBUG] Entering function 1_Str::operator[]#struct#1#0#int
[Elysia/DEBUG] Performing: load_local localVar#1 
[Elysia/DEBUG] Increasing refcount of int object
[Elysia/DEBUG] Address: 0x159804270
[Elysia/DEBUG] Performing: push_integer int(0) 
[Elysia/DEBUG] Performing: less_than 
[Elysia/DEBUG] Decreasing refcount of int object
[Elysia/DEBUG] Address: 0x159804270
[Elysia/DEBUG] Performing: jump_if_true codeBlock#1 
[Elysia/DEBUG] Performing: load_local localVar#1 
[Elysia/DEBUG] Increasing refcount of int object
[Elysia/DEBUG] Address: 0x159804270
[Elysia/DEBUG] Performing: load_local localVar#0 
[Elysia/DEBUG] Performing: load_member index(1) 
[Elysia/DEBUG] Increasing refcount of unsigned object
[Elysia/DEBUG] Address: 0x159904280
[Elysia/DEBUG] Performing: basic_cast_int 
[Elysia/DEBUG] Decreasing refcount of unsigned object
[Elysia/DEBUG] Address: 0x159904280
[Elysia/DEBUG] Performing: greater_equal 
[Elysia/DEBUG] Decreasing refcount of int object
[Elysia/DEBUG] Address: 0x159804270
[Elysia/DEBUG] Performing: jump_if_true codeBlock#1 
[Elysia/DEBUG] Performing: jump codeBlock#2 
[Elysia/DEBUG] Performing: push_boolean bool(false) 
[Elysia/DEBUG] Performing: jump codeBlock#3 
[Elysia/DEBUG] Performing: jump_if_true codeBlock#4 
[Elysia/DEBUG] Performing: jump codeBlock#5 
[Elysia/DEBUG] Performing: load_local localVar#0 
[Elysia/DEBUG] Performing: load_member index(0) 
[Elysia/DEBUG] Entering function array_char[]_gc_refcount_increase
[Elysia/DEBUG] Performing: load_local localVar#1 
[Elysia/DEBUG] Increasing refcount of int object
[Elysia/DEBUG] Address: 0x159804270
[Elysia/DEBUG] Performing: basic_cast_unsigned 
[Elysia/DEBUG] Decreasing refcount of int object
[Elysia/DEBUG] Address: 0x159804270
[Elysia/DEBUG] Performing: load_element 
[Elysia/DEBUG] Entering function array_char[]_gc_refcount_decrease
[Elysia/DEBUG] Performing: ret 
[Elysia/DEBUG] Decreasing refcount of int object
[Elysia/DEBUG] Address: 0x159804270
[Elysia/DEBUG] Performing: load_local localVar#1 
[Elysia/DEBUG] Performing: load_local localVar#6 
[Elysia/DEBUG] Performing: invoke index(3782547968) index(37) index(2) 
[Elysia/DEBUG] Entering function 1_Str::operator[]#struct#1#0#int
[Elysia/DEBUG] Performing: load_local localVar#1 
[Elysia/DEBUG] Increasing refcount of int object
[Elysia/DEBUG] Address: 0x159804080
[Elysia/DEBUG] Performing: push_integer int(0) 
[Elysia/DEBUG] Performing: less_than 
[Elysia/DEBUG] Decreasing refcount of int object
[Elysia/DEBUG] Address: 0x159804080
[Elysia/DEBUG] Performing: jump_if_true codeBlock#1 
[Elysia/DEBUG] Performing: load_local localVar#1 
[Elysia/DEBUG] Increasing refcount of int object
[Elysia/DEBUG] Address: 0x159804080
[Elysia/DEBUG] Performing: load_local localVar#0 
[Elysia/DEBUG] Performing: load_member index(1) 
[Elysia/DEBUG] Increasing refcount of unsigned object
[Elysia/DEBUG] Address: 0x1598040d0
[Elysia/DEBUG] Performing: basic_cast_int 
[Elysia/DEBUG] Decreasing refcount of unsigned object
[Elysia/DEBUG] Address: 0x1598040d0
[Elysia/DEBUG] Performing: greater_equal 
[Elysia/DEBUG] Decreasing refcount of int object
[Elysia/DEBUG] Address: 0x159804080
[Elysia/DEBUG] Performing: jump_if_true codeBlock#1 
[Elysia/DEBUG] Performing: jump codeBlock#2 
[Elysia/DEBUG] Performing: push_boolean bool(false) 
[Elysia/DEBUG] Performing: jump codeBlock#3 
[Elysia/DEBUG] Performing: jump_if_true codeBlock#4 
[Elysia/DEBUG] Performing: jump codeBlock#5 
[Elysia/DEBUG] Performing: load_local localVar#0 
[Elysia/DEBUG] Performing: load_member index(0) 
[Elysia/DEBUG] Entering function array_char[]_gc_refcount_increase
[Elysia/DEBUG] Performing: load_local localVar#1 
[Elysia/DEBUG] Increasing refcount of int object
[Elysia/DEBUG] Address: 0x159804080
[Elysia/DEBUG] Performing: basic_cast_unsigned 
[Elysia/DEBUG] Decreasing refcount of int object
[Elysia/DEBUG] Address: 0x159804080
[Elysia/DEBUG] Performing: load_element 
[Elysia/DEBUG] Entering function array_char[]_gc_refcount_decrease
[Elysia/DEBUG] Performing: ret 
[Elysia/DEBUG] Decreasing refcount of int object
[Elysia/DEBUG] Address: 0x159804080
[Elysia/DEBUG] Performing: equal 
[Elysia/DEBUG] Decreasing refcount of char object
[Elysia/DEBUG] Address: 0x159804230
[Elysia/DEBUG] Decreasing refcount of char object
[Elysia/DEBUG] Address: 0x159804080
[Elysia/DEBUG] Performing: jump_if_true codeBlock#15 
[Elysia/DEBUG] Performing: load_local localVar#6 
[Elysia/DEBUG] Performing: push_integer int(0) 
[Elysia/DEBUG] Performing: greater_than 
[Elysia/DEBUG] Performing: jump_if_true codeBlock#17 
[Elysia/DEBUG] Performing: jump codeBlock#18 
[Elysia/DEBUG] Performing: load_local localVar#5 
[Elysia/DEBUG] Increasing refcount of int object
[Elysia/DEBUG] Address: 0x159804270
[Elysia/DEBUG] Performing: push_integer int(1) 
[Elysia/DEBUG] Performing: add 
[Elysia/DEBUG] Decreasing refcount of int object
[Elysia/DEBUG] Address: 0x159804270
[Elysia/DEBUG] Performing: store_local localVar#5 
[Elysia/DEBUG] Decreasing refcount of int object
[Elysia/DEBUG] Address: 0x159804270
[Elysia/DEBUG] Performing: jump codeBlock#16 
[Elysia/DEBUG] Performing: load_local localVar#6 
[Elysia/DEBUG] Performing: load_local localVar#1 
[Elysia/DEBUG] Performing: load_member index(1) 
[Elysia/DEBUG] Increasing refcount of unsigned object
[Elysia/DEBUG] Address: 0x1598040d0
[Elysia/DEBUG] Performing: basic_cast_int 
[Elysia/DEBUG] Decreasing refcount of unsigned object
[Elysia/DEBUG] Address: 0x1598040d0
[Elysia/DEBUG] Performing: equal 
[Elysia/DEBUG] Performing: jump_if_true codeBlock#19 
[Elysia/DEBUG] Performing: jump codeBlock#20 
[Elysia/DEBUG] Performing: jump codeBlock#12 
[Elysia/DEBUG] Performing: load_local localVar#5 
[Elysia/DEBUG] Increasing refcount of int object
[Elysia/DEBUG] Address: 0x159804270
[Elysia/DEBUG] Performing: load_local localVar#0 
[Elysia/DEBUG] Performing: load_member index(1) 
[Elysia/DEBUG] Increasing refcount of unsigned object
[Elysia/DEBUG] Address: 0x159904280
[Elysia/DEBUG] Performing: basic_cast_int 
[Elysia/DEBUG] Decreasing refcount of unsigned object
[Elysia/DEBUG] Address: 0x159904280
[Elysia/DEBUG] Performing: less_than 
[Elysia/DEBUG] Decreasing refcount of int object
[Elysia/DEBUG] Address: 0x159804270
[Elysia/DEBUG] Performing: jump_if_true codeBlock#13 
[Elysia/DEBUG] Performing: load_local localVar#0 
[Elysia/DEBUG] Performing: load_local localVar#5 
[Elysia/DEBUG] Increasing refcount of int object
[Elysia/DEBUG] Address: 0x159804270
[Elysia/DEBUG] Performing: invoke index(3782547968) index(37) index(2) 
[Elysia/DEBUG] Entering function 1_Str::operator[]#struct#1#0#int
[Elysia/DEBUG] Performing: load_local localVar#1 
[Elysia/DEBUG] Increasing refcount of int object
[Elysia/DEBUG] Address: 0x159804270
[Elysia/DEBUG] Performing: push_integer int(0) 
[Elysia/DEBUG] Performing: less_than 
[Elysia/DEBUG] Decreasing refcount of int object
[Elysia/DEBUG] Address: 0x159804270
[Elysia/DEBUG] Performing: jump_if_true codeBlock#1 
[Elysia/DEBUG] Performing: load_local localVar#1 
[Elysia/DEBUG] Increasing refcount of int object
[Elysia/DEBUG] Address: 0x159804270
[Elysia/DEBUG] Performing: load_local localVar#0 
[Elysia/DEBUG] Performing: load_member index(1) 
[Elysia/DEBUG] Increasing refcount of unsigned object
[Elysia/DEBUG] Address: 0x159904280
[Elysia/DEBUG] Performing: basic_cast_int 
[Elysia/DEBUG] Decreasing refcount of unsigned object
[Elysia/DEBUG] Address: 0x159904280
[Elysia/DEBUG] Performing: greater_equal 
[Elysia/DEBUG] Decreasing refcount of int object
[Elysia/DEBUG] Address: 0x159804270
[Elysia/DEBUG] Performing: jump_if_true codeBlock#1 
[Elysia/DEBUG] Performing: jump codeBlock#2 
[Elysia/DEBUG] Performing: push_boolean bool(false) 
[Elysia/DEBUG] Performing: jump codeBlock#3 
[Elysia/DEBUG] Performing: jump_if_true codeBlock#4 
[Elysia/DEBUG] Performing: jump codeBlock#5 
[Elysia/DEBUG] Performing: load_local localVar#0 
[Elysia/DEBUG] Performing: load_member index(0) 
[Elysia/DEBUG] Entering function array_char[]_gc_refcount_increase
[Elysia/DEBUG] Performing: load_local localVar#1 
[Elysia/DEBUG] Increasing refcount of int object
[Elysia/DEBUG] Address: 0x159804270
[Elysia/DEBUG] Performing: basic_cast_unsigned 
[Elysia/DEBUG] Decreasing refcount of int object
[Elysia/DEBUG] Address: 0x159804270
[Elysia/DEBUG] Performing: load_element 
[Elysia/DEBUG] Entering function array_char[]_gc_refcount_decrease
[Elysia/DEBUG] Performing: ret 
[Elysia/DEBUG] Decreasing refcount of int object
[Elysia/DEBUG] Address: 0x159804270
[Elysia/DEBUG] Performing: load_local localVar#1 
[Elysia/DEBUG] Performing: load_local localVar#6 
[Elysia/DEBUG] Performing: invoke index(3782547968) index(37) index(2) 
[Elysia/DEBUG] Entering function 1_Str::operator[]#struct#1#0#int
[Elysia/DEBUG] Performing: load_local localVar#1 
[Elysia/DEBUG] Increasing refcount of int object
[Elysia/DEBUG] Address: 0x159804230
[Elysia/DEBUG] Performing: push_integer int(0) 
[Elysia/DEBUG] Performing: less_than 
[Elysia/DEBUG] Decreasing refcount of int object
[Elysia/DEBUG] Address: 0x159804230
[Elysia/DEBUG] Performing: jump_if_true codeBlock#1 
[Elysia/DEBUG] Performing: load_local localVar#1 
[Elysia/DEBUG] Increasing refcount of int object
[Elysia/DEBUG] Address: 0x159804230
[Elysia/DEBUG] Performing: load_local localVar#0 
[Elysia/DEBUG] Performing: load_member index(1) 
[Elysia/DEBUG] Increasing refcount of unsigned object
[Elysia/DEBUG] Address: 0x1598040d0
[Elysia/DEBUG] Performing: basic_cast_int 
[Elysia/DEBUG] Decreasing refcount of unsigned object
[Elysia/DEBUG] Address: 0x1598040d0
[Elysia/DEBUG] Performing: greater_equal 
[Elysia/DEBUG] Decreasing refcount of int object
[Elysia/DEBUG] Address: 0x159804230
[Elysia/DEBUG] Performing: jump_if_true codeBlock#1 
[Elysia/DEBUG] Performing: jump codeBlock#2 
[Elysia/DEBUG] Performing: push_boolean bool(false) 
[Elysia/DEBUG] Performing: jump codeBlock#3 
[Elysia/DEBUG] Performing: jump_if_true codeBlock#4 
[Elysia/DEBUG] Performing: jump codeBlock#5 
[Elysia/DEBUG] Performing: load_local localVar#0 
[Elysia/DEBUG] Performing: load_member index(0) 
[Elysia/DEBUG] Entering function array_char[]_gc_refcount_increase
[Elysia/DEBUG] Performing: load_local localVar#1 
[Elysia/DEBUG] Increasing refcount of int object
[Elysia/DEBUG] Address: 0x159804230
[Elysia/DEBUG] Performing: basic_cast_unsigned 
[Elysia/DEBUG] Decreasing refcount of int object
[Elysia/DEBUG] Address: 0x159804230
[Elysia/DEBUG] Performing: load_element 
[Elysia/DEBUG] Entering function array_char[]_gc_refcount_decrease
[Elysia/DEBUG] Performing: ret 
[Elysia/DEBUG] Decreasing refcount of int object
[Elysia/DEBUG] Address: 0x159804230
[Elysia/DEBUG] Performing: equal 
[Elysia/DEBUG] Decreasing refcount of char object
[Elysia/DEBUG] Address: 0x159804080
[Elysia/DEBUG] Decreasing refcount of char object
[Elysia/DEBUG] Address: 0x159804230
[Elysia/DEBUG] Performing: jump_if_true codeBlock#15 
[Elysia/DEBUG] Performing: load_local localVar#6 
[Elysia/DEBUG] Performing: push_integer int(0) 
[Elysia/DEBUG] Performing: greater_than 
[Elysia/DEBUG] Performing: jump_if_true codeBlock#17 
[Elysia/DEBUG] Performing: jump codeBlock#18 
[Elysia/DEBUG] Performing: load_local localVar#5 
[Elysia/DEBUG] Increasing refcount of int object
[Elysia/DEBUG] Address: 0x159804270
[Elysia/DEBUG] Performing: push_integer int(1) 
[Elysia/DEBUG] Performing: add 
[Elysia/DEBUG] Decreasing refcount of int object
[Elysia/DEBUG] Address: 0x159804270
[Elysia/DEBUG] Performing: store_local localVar#5 
[Elysia/DEBUG] Decreasing refcount of int object
[Elysia/DEBUG] Address: 0x159804270
[Elysia/DEBUG] Performing: jump codeBlock#16 
[Elysia/DEBUG] Performing: load_local localVar#6 
[Elysia/DEBUG] Performing: load_local localVar#1 
[Elysia/DEBUG] Performing: load_member index(1) 
[Elysia/DEBUG] Increasing refcount of unsigned object
[Elysia/DEBUG] Address: 0x1598040d0
[Elysia/DEBUG] Performing: basic_cast_int 
[Elysia/DEBUG] Decreasing refcount of unsigned object
[Elysia/DEBUG] Address: 0x1598040d0
[Elysia/DEBUG] Performing: equal 
[Elysia/DEBUG] Performing: jump_if_true codeBlock#19 
[Elysia/DEBUG] Performing: jump codeBlock#20 
[Elysia/DEBUG] Performing: jump codeBlock#12 
[Elysia/DEBUG] Performing: load_local localVar#5 
[Elysia/DEBUG] Increasing refcount of int object
[Elysia/DEBUG] Address: 0x159804270
[Elysia/DEBUG] Performing: load_local localVar#0 
[Elysia/DEBUG] Performing: load_member index(1) 
[Elysia/DEBUG] Increasing refcount of unsigned object
[Elysia/DEBUG] Address: 0x159904280
[Elysia/DEBUG] Performing: basic_cast_int 
[Elysia/DEBUG] Decreasing refcount of unsigned object
[Elysia/DEBUG] Address: 0x159904280
[Elysia/DEBUG] Performing: less_than 
[Elysia/DEBUG] Decreasing refcount of int object
[Elysia/DEBUG] Address: 0x159804270
[Elysia/DEBUG] Performing: jump_if_true codeBlock#13 
[Elysia/DEBUG] Performing: load_local localVar#0 
[Elysia/DEBUG] Performing: load_local localVar#5 
[Elysia/DEBUG] Increasing refcount of int object
[Elysia/DEBUG] Address: 0x159804270
[Elysia/DEBUG] Performing: invoke index(3782547968) index(37) index(2) 
[Elysia/DEBUG] Entering function 1_Str::operator[]#struct#1#0#int
[Elysia/DEBUG] Performing: load_local localVar#1 
[Elysia/DEBUG] Increasing refcount of int object
[Elysia/DEBUG] Address: 0x159804270
[Elysia/DEBUG] Performing: push_integer int(0) 
[Elysia/DEBUG] Performing: less_than 
[Elysia/DEBUG] Decreasing refcount of int object
[Elysia/DEBUG] Address: 0x159804270
[Elysia/DEBUG] Performing: jump_if_true codeBlock#1 
[Elysia/DEBUG] Performing: load_local localVar#1 
[Elysia/DEBUG] Increasing refcount of int object
[Elysia/DEBUG] Address: 0x159804270
[Elysia/DEBUG] Performing: load_local localVar#0 
[Elysia/DEBUG] Performing: load_member index(1) 
[Elysia/DEBUG] Increasing refcount of unsigned object
[Elysia/DEBUG] Address: 0x159904280
[Elysia/DEBUG] Performing: basic_cast_int 
[Elysia/DEBUG] Decreasing refcount of unsigned object
[Elysia/DEBUG] Address: 0x159904280
[Elysia/DEBUG] Performing: greater_equal 
[Elysia/DEBUG] Decreasing refcount of int object
[Elysia/DEBUG] Address: 0x159804270
[Elysia/DEBUG] Performing: jump_if_true codeBlock#1 
[Elysia/DEBUG] Performing: jump codeBlock#2 
[Elysia/DEBUG] Performing: push_boolean bool(false) 
[Elysia/DEBUG] Performing: jump codeBlock#3 
[Elysia/DEBUG] Performing: jump_if_true codeBlock#4 
[Elysia/DEBUG] Performing: jump codeBlock#5 
[Elysia/DEBUG] Performing: load_local localVar#0 
[Elysia/DEBUG] Performing: load_member index(0) 
[Elysia/DEBUG] Entering function array_char[]_gc_refcount_increase
[Elysia/DEBUG] Performing: load_local localVar#1 
[Elysia/DEBUG] Increasing refcount of int object
[Elysia/DEBUG] Address: 0x159804270
[Elysia/DEBUG] Performing: basic_cast_unsigned 
[Elysia/DEBUG] Decreasing refcount of int object
[Elysia/DEBUG] Address: 0x159804270
[Elysia/DEBUG] Performing: load_element 
[Elysia/DEBUG] Entering function array_char[]_gc_refcount_decrease
[Elysia/DEBUG] Performing: ret 
[Elysia/DEBUG] Decreasing refcount of int object
[Elysia/DEBUG] Address: 0x159804270
[Elysia/DEBUG] Performing: load_local localVar#1 
[Elysia/DEBUG] Performing: load_local localVar#6 
[Elysia/DEBUG] Performing: invoke index(3782547968) index(37) index(2) 
[Elysia/DEBUG] Entering function 1_Str::operator[]#struct#1#0#int
[Elysia/DEBUG] Performing: load_local localVar#1 
[Elysia/DEBUG] Increasing refcount of int object
[Elysia/DEBUG] Address: 0x159804080
[Elysia/DEBUG] Performing: push_integer int(0) 
[Elysia/DEBUG] Performing: less_than 
[Elysia/DEBUG] Decreasing refcount of int object
[Elysia/DEBUG] Address: 0x159804080
[Elysia/DEBUG] Performing: jump_if_true codeBlock#1 
[Elysia/DEBUG] Performing: load_local localVar#1 
[Elysia/DEBUG] Increasing refcount of int object
[Elysia/DEBUG] Address: 0x159804080
[Elysia/DEBUG] Performing: load_local localVar#0 
[Elysia/DEBUG] Performing: load_member index(1) 
[Elysia/DEBUG] Increasing refcount of unsigned object
[Elysia/DEBUG] Address: 0x1598040d0
[Elysia/DEBUG] Performing: basic_cast_int 
[Elysia/DEBUG] Decreasing refcount of unsigned object
[Elysia/DEBUG] Address: 0x1598040d0
[Elysia/DEBUG] Performing: greater_equal 
[Elysia/DEBUG] Decreasing refcount of int object
[Elysia/DEBUG] Address: 0x159804080
[Elysia/DEBUG] Performing: jump_if_true codeBlock#1 
[Elysia/DEBUG] Performing: jump codeBlock#2 
[Elysia/DEBUG] Performing: push_boolean bool(false) 
[Elysia/DEBUG] Performing: jump codeBlock#3 
[Elysia/DEBUG] Performing: jump_if_true codeBlock#4 
[Elysia/DEBUG] Performing: jump codeBlock#5 
[Elysia/DEBUG] Performing: load_local localVar#0 
[Elysia/DEBUG] Performing: load_member index(0) 
[Elysia/DEBUG] Entering function array_char[]_gc_refcount_increase
[Elysia/DEBUG] Performing: load_local localVar#1 
[Elysia/DEBUG] Increasing refcount of int object
[Elysia/DEBUG] Address: 0x159804080
[Elysia/DEBUG] Performing: basic_cast_unsigned 
[Elysia/DEBUG] Decreasing refcount of int object
[Elysia/DEBUG] Address: 0x159804080
[Elysia/DEBUG] Performing: load_element 
[Elysia/DEBUG] Entering function array_char[]_gc_refcount_decrease
[Elysia/DEBUG] Performing: ret 
[Elysia/DEBUG] Decreasing refcount of int object
[Elysia/DEBUG] Address: 0x159804080
[Elysia/DEBUG] Performing: equal 
[Elysia/DEBUG] Decreasing refcount of char object
[Elysia/DEBUG] Address: 0x159804230
[Elysia/DEBUG] Decreasing refcount of char object
[Elysia/DEBUG] Address: 0x159804080
[Elysia/DEBUG] Performing: jump_if_true codeBlock#15 
[Elysia/DEBUG] Performing: load_local localVar#6 
[Elysia/DEBUG] Performing: push_integer int(0) 
[Elysia/DEBUG] Performing: greater_than 
[Elysia/DEBUG] Performing: jump_if_true codeBlock#17 
[Elysia/DEBUG] Performing: jump codeBlock#18 
[Elysia/DEBUG] Performing: load_local localVar#5 
[Elysia/DEBUG] Increasing refcount of int object
[Elysia/DEBUG] Address: 0x159804270
[Elysia/DEBUG] Performing: push_integer int(1) 
[Elysia/DEBUG] Performing: add 
[Elysia/DEBUG] Decreasing refcount of int object
[Elysia/DEBUG] Address: 0x159804270
[Elysia/DEBUG] Performing: store_local localVar#5 
[Elysia/DEBUG] Decreasing refcount of int object
[Elysia/DEBUG] Address: 0x159804270
[Elysia/DEBUG] Performing: jump codeBlock#16 
[Elysia/DEBUG] Performing: load_local localVar#6 
[Elysia/DEBUG] Performing: load_local localVar#1 
[Elysia/DEBUG] Performing: load_member index(1) 
[Elysia/DEBUG] Increasing refcount of unsigned object
[Elysia/DEBUG] Address: 0x1598040d0
[Elysia/DEBUG] Performing: basic_cast_int 
[Elysia/DEBUG] Decreasing refcount of unsigned object
[Elysia/DEBUG] Address: 0x1598040d0
[Elysia/DEBUG] Performing: equal 
[Elysia/DEBUG] Performing: jump_if_true codeBlock#19 
[Elysia/DEBUG] Performing: jump codeBlock#20 
[Elysia/DEBUG] Performing: jump codeBlock#12 
[Elysia/DEBUG] Performing: load_local localVar#5 
[Elysia/DEBUG] Increasing refcount of int object
[Elysia/DEBUG] Address: 0x159804270
[Elysia/DEBUG] Performing: load_local localVar#0 
[Elysia/DEBUG] Performing: load_member index(1) 
[Elysia/DEBUG] Increasing refcount of unsigned object
[Elysia/DEBUG] Address: 0x159904280
[Elysia/DEBUG] Performing: basic_cast_int 
[Elysia/DEBUG] Decreasing refcount of unsigned object
[Elysia/DEBUG] Address: 0x159904280
[Elysia/DEBUG] Performing: less_than 
[Elysia/DEBUG] Decreasing refcount of int object
[Elysia/DEBUG] Address: 0x159804270
[Elysia/DEBUG] Performing: jump_if_true codeBlock#13 
[Elysia/DEBUG] Performing: load_local localVar#0 
[Elysia/DEBUG] Performing: load_local localVar#5 
[Elysia/DEBUG] Increasing refcount of int object
[Elysia/DEBUG] Address: 0x159804270
[Elysia/DEBUG] Performing: invoke index(3782547968) index(37) index(2) 
[Elysia/DEBUG] Entering function 1_Str::operator[]#struct#1#0#int
[Elysia/DEBUG] Performing: load_local localVar#1 
[Elysia/DEBUG] Increasing refcount of int object
[Elysia/DEBUG] Address: 0x159804270
[Elysia/DEBUG] Performing: push_integer int(0) 
[Elysia/DEBUG] Performing: less_than 
[Elysia/DEBUG] Decreasing refcount of int object
[Elysia/DEBUG] Address: 0x159804270
[Elysia/DEBUG] Performing: jump_if_true codeBlock#1 
[Elysia/DEBUG] Performing: load_local localVar#1 
[Elysia/DEBUG] Increasing refcount of int object
[Elysia/DEBUG] Address: 0x159804270
[Elysia/DEBUG] Performing: load_local localVar#0 
[Elysia/DEBUG] Performing: load_member index(1) 
[Elysia/DEBUG] Increasing refcount of unsigned object
[Elysia/DEBUG] Address: 0x159904280
[Elysia/DEBUG] Performing: basic_cast_int 
[Elysia/DEBUG] Decreasing refcount of unsigned object
[Elysia/DEBUG] Address: 0x159904280
[Elysia/DEBUG] Performing: greater_equal 
[Elysia/DEBUG] Decreasing refcount of int object
[Elysia/DEBUG] Address: 0x159804270
[Elysia/DEBUG] Performing: jump_if_true codeBlock#1 
[Elysia/DEBUG] Performing: jump codeBlock#2 
[Elysia/DEBUG] Performing: push_boolean bool(false) 
[Elysia/DEBUG] Performing: jump codeBlock#3 
[Elysia/DEBUG] Performing: jump_if_true codeBlock#4 
[Elysia/DEBUG] Performing: jump codeBlock#5 
[Elysia/DEBUG] Performing: load_local localVar#0 
[Elysia/DEBUG] Performing: load_member index(0) 
[Elysia/DEBUG] Entering function array_char[]_gc_refcount_increase
[Elysia/DEBUG] Performing: load_local localVar#1 
[Elysia/DEBUG] Increasing refcount of int object
[Elysia/DEBUG] Address: 0x159804270
[Elysia/DEBUG] Performing: basic_cast_unsigned 
[Elysia/DEBUG] Decreasing refcount of int object
[Elysia/DEBUG] Address: 0x159804270
[Elysia/DEBUG] Performing: load_element 
[Elysia/DEBUG] Entering function array_char[]_gc_refcount_decrease
[Elysia/DEBUG] Performing: ret 
[Elysia/DEBUG] Decreasing refcount of int object
[Elysia/DEBUG] Address: 0x159804270
[Elysia/DEBUG] Performing: load_local localVar#1 
[Elysia/DEBUG] Performing: load_local localVar#6 
[Elysia/DEBUG] Performing: invoke index(3782547968) index(37) index(2) 
[Elysia/DEBUG] Entering function 1_Str::operator[]#struct#1#0#int
[Elysia/DEBUG] Performing: load_local localVar#1 
[Elysia/DEBUG] Increasing refcount of int object
[Elysia/DEBUG] Address: 0x159804230
[Elysia/DEBUG] Performing: push_integer int(0) 
[Elysia/DEBUG] Performing: less_than 
[Elysia/DEBUG] Decreasing refcount of int object
[Elysia/DEBUG] Address: 0x159804230
[Elysia/DEBUG] Performing: jump_if_true codeBlock#1 
[Elysia/DEBUG] Performing: load_local localVar#1 
[Elysia/DEBUG] Increasing refcount of int object
[Elysia/DEBUG] Address: 0x159804230
[Elysia/DEBUG] Performing: load_local localVar#0 
[Elysia/DEBUG] Performing: load_member index(1) 
[Elysia/DEBUG] Increasing refcount of unsigned object
[Elysia/DEBUG] Address: 0x1598040d0
[Elysia/DEBUG] Performing: basic_cast_int 
[Elysia/DEBUG] Decreasing refcount of unsigned object
[Elysia/DEBUG] Address: 0x1598040d0
[Elysia/DEBUG] Performing: greater_equal 
[Elysia/DEBUG] Decreasing refcount of int object
[Elysia/DEBUG] Address: 0x159804230
[Elysia/DEBUG] Performing: jump_if_true codeBlock#1 
[Elysia/DEBUG] Performing: jump codeBlock#2 
[Elysia/DEBUG] Performing: push_boolean bool(false) 
[Elysia/DEBUG] Performing: jump codeBlock#3 
[Elysia/DEBUG] Performing: jump_if_true codeBlock#4 
[Elysia/DEBUG] Performing: jump codeBlock#5 
[Elysia/DEBUG] Performing: load_local localVar#0 
[Elysia/DEBUG] Performing: load_member index(0) 
[Elysia/DEBUG] Entering function array_char[]_gc_refcount_increase
[Elysia/DEBUG] Performing: load_local localVar#1 
[Elysia/DEBUG] Increasing refcount of int object
[Elysia/DEBUG] Address: 0x159804230
[Elysia/DEBUG] Performing: basic_cast_unsigned 
[Elysia/DEBUG] Decreasing refcount of int object
[Elysia/DEBUG] Address: 0x159804230
[Elysia/DEBUG] Performing: load_element 
[Elysia/DEBUG] Entering function array_char[]_gc_refcount_decrease
[Elysia/DEBUG] Performing: ret 
[Elysia/DEBUG] Decreasing refcount of int object
[Elysia/DEBUG] Address: 0x159804230
[Elysia/DEBUG] Performing: equal 
[Elysia/DEBUG] Decreasing refcount of char object
[Elysia/DEBUG] Address: 0x159804080
[Elysia/DEBUG] Decreasing refcount of char object
[Elysia/DEBUG] Address: 0x159804230
[Elysia/DEBUG] Performing: jump_if_true codeBlock#15 
[Elysia/DEBUG] Performing: load_local localVar#6 
[Elysia/DEBUG] Performing: push_integer int(0) 
[Elysia/DEBUG] Performing: greater_than 
[Elysia/DEBUG] Performing: jump_if_true codeBlock#17 
[Elysia/DEBUG] Performing: jump codeBlock#18 
[Elysia/DEBUG] Performing: load_local localVar#5 
[Elysia/DEBUG] Increasing refcount of int object
[Elysia/DEBUG] Address: 0x159804270
[Elysia/DEBUG] Performing: push_integer int(1) 
[Elysia/DEBUG] Performing: add 
[Elysia/DEBUG] Decreasing refcount of int object
[Elysia/DEBUG] Address: 0x159804270
[Elysia/DEBUG] Performing: store_local localVar#5 
[Elysia/DEBUG] Decreasing refcount of int object
[Elysia/DEBUG] Address: 0x159804270
[Elysia/DEBUG] Performing: jump codeBlock#16 
[Elysia/DEBUG] Performing: load_local localVar#6 
[Elysia/DEBUG] Performing: load_local localVar#1 
[Elysia/DEBUG] Performing: load_member index(1) 
[Elysia/DEBUG] Increasing refcount of unsigned object
[Elysia/DEBUG] Address: 0x1598040d0
[Elysia/DEBUG] Performing: basic_cast_int 
[Elysia/DEBUG] Decreasing refcount of unsigned object
[Elysia/DEBUG] Address: 0x1598040d0
[Elysia/DEBUG] Performing: equal 
[Elysia/DEBUG] Performing: jump_if_true codeBlock#19 
[Elysia/DEBUG] Performing: jump codeBlock#20 
[Elysia/DEBUG] Performing: jump codeBlock#12 
[Elysia/DEBUG] Performing: load_local localVar#5 
[Elysia/DEBUG] Increasing refcount of int object
[Elysia/DEBUG] Address: 0x159804270
[Elysia/DEBUG] Performing: load_local localVar#0 
[Elysia/DEBUG] Performing: load_member index(1) 
[Elysia/DEBUG] Increasing refcount of unsigned object
[Elysia/DEBUG] Address: 0x159904280
[Elysia/DEBUG] Performing: basic_cast_int 
[Elysia/DEBUG] Decreasing refcount of unsigned object
[Elysia/DEBUG] Address: 0x159904280
[Elysia/DEBUG] Performing: less_than 
[Elysia/DEBUG] Decreasing refcount of int object
[Elysia/DEBUG] Address: 0x159804270
[Elysia/DEBUG] Performing: jump_if_true codeBlock#13 
[Elysia/DEBUG] Performing: load_local localVar#0 
[Elysia/DEBUG] Performing: load_local localVar#5 
[Elysia/DEBUG] Increasing refcount of int object
[Elysia/DEBUG] Address: 0x159804270
[Elysia/DEBUG] Performing: invoke index(3782547968) index(37) index(2) 
[Elysia/DEBUG] Entering function 1_Str::operator[]#struct#1#0#int
[Elysia/DEBUG] Performing: load_local localVar#1 
[Elysia/DEBUG] Increasing refcount of int object
[Elysia/DEBUG] Address: 0x159804270
[Elysia/DEBUG] Performing: push_integer int(0) 
[Elysia/DEBUG] Performing: less_than 
[Elysia/DEBUG] Decreasing refcount of int object
[Elysia/DEBUG] Address: 0x159804270
[Elysia/DEBUG] Performing: jump_if_true codeBlock#1 
[Elysia/DEBUG] Performing: load_local localVar#1 
[Elysia/DEBUG] Increasing refcount of int object
[Elysia/DEBUG] Address: 0x159804270
[Elysia/DEBUG] Performing: load_local localVar#0 
[Elysia/DEBUG] Performing: load_member index(1) 
[Elysia/DEBUG] Increasing refcount of unsigned object
[Elysia/DEBUG] Address: 0x159904280
[Elysia/DEBUG] Performing: basic_cast_int 
[Elysia/DEBUG] Decreasing refcount of unsigned object
[Elysia/DEBUG] Address: 0x159904280
[Elysia/DEBUG] Performing: greater_equal 
[Elysia/DEBUG] Decreasing refcount of int object
[Elysia/DEBUG] Address: 0x159804270
[Elysia/DEBUG] Performing: jump_if_true codeBlock#1 
[Elysia/DEBUG] Performing: jump codeBlock#2 
[Elysia/DEBUG] Performing: push_boolean bool(false) 
[Elysia/DEBUG] Performing: jump codeBlock#3 
[Elysia/DEBUG] Performing: jump_if_true codeBlock#4 
[Elysia/DEBUG] Performing: jump codeBlock#5 
[Elysia/DEBUG] Performing: load_local localVar#0 
[Elysia/DEBUG] Performing: load_member index(0) 
[Elysia/DEBUG] Entering function array_char[]_gc_refcount_increase
[Elysia/DEBUG] Performing: load_local localVar#1 
[Elysia/DEBUG] Increasing refcount of int object
[Elysia/DEBUG] Address: 0x159804270
[Elysia/DEBUG] Performing: basic_cast_unsigned 
[Elysia/DEBUG] Decreasing refcount of int object
[Elysia/DEBUG] Address: 0x159804270
[Elysia/DEBUG] Performing: load_element 
[Elysia/DEBUG] Entering function array_char[]_gc_refcount_decrease
[Elysia/DEBUG] Performing: ret 
[Elysia/DEBUG] Decreasing refcount of int object
[Elysia/DEBUG] Address: 0x159804270
[Elysia/DEBUG] Performing: load_local localVar#1 
[Elysia/DEBUG] Performing: load_local localVar#6 
[Elysia/DEBUG] Performing: invoke index(3782547968) index(37) index(2) 
[Elysia/DEBUG] Entering function 1_Str::operator[]#struct#1#0#int
[Elysia/DEBUG] Performing: load_local localVar#1 
[Elysia/DEBUG] Increasing refcount of int object
[Elysia/DEBUG] Address: 0x159804080
[Elysia/DEBUG] Performing: push_integer int(0) 
[Elysia/DEBUG] Performing: less_than 
[Elysia/DEBUG] Decreasing refcount of int object
[Elysia/DEBUG] Address: 0x159804080
[Elysia/DEBUG] Performing: jump_if_true codeBlock#1 
[Elysia/DEBUG] Performing: load_local localVar#1 
[Elysia/DEBUG] Increasing refcount of int object
[Elysia/DEBUG] Address: 0x159804080
[Elysia/DEBUG] Performing: load_local localVar#0 
[Elysia/DEBUG] Performing: load_member index(1) 
[Elysia/DEBUG] Increasing refcount of unsigned object
[Elysia/DEBUG] Address: 0x1598040d0
[Elysia/DEBUG] Performing: basic_cast_int 
[Elysia/DEBUG] Decreasing refcount of unsigned object
[Elysia/DEBUG] Address: 0x1598040d0
[Elysia/DEBUG] Performing: greater_equal 
[Elysia/DEBUG] Decreasing refcount of int object
[Elysia/DEBUG] Address: 0x159804080
[Elysia/DEBUG] Performing: jump_if_true codeBlock#1 
[Elysia/DEBUG] Performing: jump codeBlock#2 
[Elysia/DEBUG] Performing: push_boolean bool(false) 
[Elysia/DEBUG] Performing: jump codeBlock#3 
[Elysia/DEBUG] Performing: jump_if_true codeBlock#4 
[Elysia/DEBUG] Performing: jump codeBlock#5 
[Elysia/DEBUG] Performing: load_local localVar#0 
[Elysia/DEBUG] Performing: load_member index(0) 
[Elysia/DEBUG] Entering function array_char[]_gc_refcount_increase
[Elysia/DEBUG] Performing: load_local localVar#1 
[Elysia/DEBUG] Increasing refcount of int object
[Elysia/DEBUG] Address: 0x159804080
[Elysia/DEBUG] Performing: basic_cast_unsigned 
[Elysia/DEBUG] Decreasing refcount of int object
[Elysia/DEBUG] Address: 0x159804080
[Elysia/DEBUG] Performing: load_element 
[Elysia/DEBUG] Entering function array_char[]_gc_refcount_decrease
[Elysia/DEBUG] Performing: ret 
[Elysia/DEBUG] Decreasing refcount of int object
[Elysia/DEBUG] Address: 0x159804080
[Elysia/DEBUG] Performing: equal 
[Elysia/DEBUG] Decreasing refcount of char object
[Elysia/DEBUG] Address: 0x159804230
[Elysia/DEBUG] Decreasing refcount of char object
[Elysia/DEBUG] Address: 0x159804080
[Elysia/DEBUG] Performing: jump_if_true codeBlock#15 
[Elysia/DEBUG] Performing: load_local localVar#6 
[Elysia/DEBUG] Performing: push_integer int(0) 
[Elysia/DEBUG] Performing: greater_than 
[Elysia/DEBUG] Performing: jump_if_true codeBlock#17 
[Elysia/DEBUG] Performing: jump codeBlock#18 
[Elysia/DEBUG] Performing: load_local localVar#5 
[Elysia/DEBUG] Increasing refcount of int object
[Elysia/DEBUG] Address: 0x159804270
[Elysia/DEBUG] Performing: push_integer int(1) 
[Elysia/DEBUG] Performing: add 
[Elysia/DEBUG] Decreasing refcount of int object
[Elysia/DEBUG] Address: 0x159804270
[Elysia/DEBUG] Performing: store_local localVar#5 
[Elysia/DEBUG] Decreasing refcount of int object
[Elysia/DEBUG] Address: 0x159804270
[Elysia/DEBUG] Performing: jump codeBlock#16 
[Elysia/DEBUG] Performing: load_local localVar#6 
[Elysia/DEBUG] Performing: load_local localVar#1 
[Elysia/DEBUG] Performing: load_member index(1) 
[Elysia/DEBUG] Increasing refcount of unsigned object
[Elysia/DEBUG] Address: 0x1598040d0
[Elysia/DEBUG] Performing: basic_cast_int 
[Elysia/DEBUG] Decreasing refcount of unsigned object
[Elysia/DEBUG] Address: 0x1598040d0
[Elysia/DEBUG] Performing: equal 
[Elysia/DEBUG] Performing: jump_if_true codeBlock#19 
[Elysia/DEBUG] Performing: jump codeBlock#20 
[Elysia/DEBUG] Performing: jump codeBlock#12 
[Elysia/DEBUG] Performing: load_local localVar#5 
[Elysia/DEBUG] Increasing refcount of int object
[Elysia/DEBUG] Address: 0x159804270
[Elysia/DEBUG] Performing: load_local localVar#0 
[Elysia/DEBUG] Performing: load_member index(1) 
[Elysia/DEBUG] Increasing refcount of unsigned object
[Elysia/DEBUG] Address: 0x159904280
[Elysia/DEBUG] Performing: basic_cast_int 
[Elysia/DEBUG] Decreasing refcount of unsigned object
[Elysia/DEBUG] Address: 0x159904280
[Elysia/DEBUG] Performing: less_than 
[Elysia/DEBUG] Decreasing refcount of int object
[Elysia/DEBUG] Address: 0x159804270
[Elysia/DEBUG] Performing: jump_if_true codeBlock#13 
[Elysia/DEBUG] Performing: load_local localVar#0 
[Elysia/DEBUG] Performing: load_local localVar#5 
[Elysia/DEBUG] Increasing refcount of int object
[Elysia/DEBUG] Address: 0x159804270
[Elysia/DEBUG] Performing: invoke index(3782547968) index(37) index(2) 
[Elysia/DEBUG] Entering function 1_Str::operator[]#struct#1#0#int
[Elysia/DEBUG] Performing: load_local localVar#1 
[Elysia/DEBUG] Increasing refcount of int object
[Elysia/DEBUG] Address: 0x159804270
[Elysia/DEBUG] Performing: push_integer int(0) 
[Elysia/DEBUG] Performing: less_than 
[Elysia/DEBUG] Decreasing refcount of int object
[Elysia/DEBUG] Address: 0x159804270
[Elysia/DEBUG] Performing: jump_if_true codeBlock#1 
[Elysia/DEBUG] Performing: load_local localVar#1 
[Elysia/DEBUG] Increasing refcount of int object
[Elysia/DEBUG] Address: 0x159804270
[Elysia/DEBUG] Performing: load_local localVar#0 
[Elysia/DEBUG] Performing: load_member index(1) 
[Elysia/DEBUG] Increasing refcount of unsigned object
[Elysia/DEBUG] Address: 0x159904280
[Elysia/DEBUG] Performing: basic_cast_int 
[Elysia/DEBUG] Decreasing refcount of unsigned object
[Elysia/DEBUG] Address: 0x159904280
[Elysia/DEBUG] Performing: greater_equal 
[Elysia/DEBUG] Decreasing refcount of int object
[Elysia/DEBUG] Address: 0x159804270
[Elysia/DEBUG] Performing: jump_if_true codeBlock#1 
[Elysia/DEBUG] Performing: jump codeBlock#2 
[Elysia/DEBUG] Performing: push_boolean bool(false) 
[Elysia/DEBUG] Performing: jump codeBlock#3 
[Elysia/DEBUG] Performing: jump_if_true codeBlock#4 
[Elysia/DEBUG] Performing: jump codeBlock#5 
[Elysia/DEBUG] Performing: load_local localVar#0 
[Elysia/DEBUG] Performing: load_member index(0) 
[Elysia/DEBUG] Entering function array_char[]_gc_refcount_increase
[Elysia/DEBUG] Performing: load_local localVar#1 
[Elysia/DEBUG] Increasing refcount of int object
[Elysia/DEBUG] Address: 0x159804270
[Elysia/DEBUG] Performing: basic_cast_unsigned 
[Elysia/DEBUG] Decreasing refcount of int object
[Elysia/DEBUG] Address: 0x159804270
[Elysia/DEBUG] Performing: load_element 
[Elysia/DEBUG] Entering function array_char[]_gc_refcount_decrease
[Elysia/DEBUG] Performing: ret 
[Elysia/DEBUG] Decreasing refcount of int object
[Elysia/DEBUG] Address: 0x159804270
[Elysia/DEBUG] Performing: load_local localVar#1 
[Elysia/DEBUG] Performing: load_local localVar#6 
[Elysia/DEBUG] Performing: invoke index(3782547968) index(37) index(2) 
[Elysia/DEBUG] Entering function 1_Str::operator[]#struct#1#0#int
[Elysia/DEBUG] Performing: load_local localVar#1 
[Elysia/DEBUG] Increasing refcount of int object
[Elysia/DEBUG] Address: 0x159804230
[Elysia/DEBUG] Performing: push_integer int(0) 
[Elysia/DEBUG] Performing: less_than 
[Elysia/DEBUG] Decreasing refcount of int object
[Elysia/DEBUG] Address: 0x159804230
[Elysia/DEBUG] Performing: jump_if_true codeBlock#1 
[Elysia/DEBUG] Performing: load_local localVar#1 
[Elysia/DEBUG] Increasing refcount of int object
[Elysia/DEBUG] Address: 0x159804230
[Elysia/DEBUG] Performing: load_local localVar#0 
[Elysia/DEBUG] Performing: load_member index(1) 
[Elysia/DEBUG] Increasing refcount of unsigned object
[Elysia/DEBUG] Address: 0x1598040d0
[Elysia/DEBUG] Performing: basic_cast_int 
[Elysia/DEBUG] Decreasing refcount of unsigned object
[Elysia/DEBUG] Address: 0x1598040d0
[Elysia/DEBUG] Performing: greater_equal 
[Elysia/DEBUG] Decreasing refcount of int object
[Elysia/DEBUG] Address: 0x159804230
[Elysia/DEBUG] Performing: jump_if_true codeBlock#1 
[Elysia/DEBUG] Performing: jump codeBlock#2 
[Elysia/DEBUG] Performing: push_boolean bool(false) 
[Elysia/DEBUG] Performing: jump codeBlock#3 
[Elysia/DEBUG] Performing: jump_if_true codeBlock#4 
[Elysia/DEBUG] Performing: jump codeBlock#5 
[Elysia/DEBUG] Performing: load_local localVar#0 
[Elysia/DEBUG] Performing: load_member index(0) 
[Elysia/DEBUG] Entering function array_char[]_gc_refcount_increase
[Elysia/DEBUG] Performing: load_local localVar#1 
[Elysia/DEBUG] Increasing refcount of int object
[Elysia/DEBUG] Address: 0x159804230
[Elysia/DEBUG] Performing: basic_cast_unsigned 
[Elysia/DEBUG] Decreasing refcount of int object
[Elysia/DEBUG] Address: 0x159804230
[Elysia/DEBUG] Performing: load_element 
[Elysia/DEBUG] Entering function array_char[]_gc_refcount_decrease
[Elysia/DEBUG] Performing: ret 
[Elysia/DEBUG] Decreasing refcount of int object
[Elysia/DEBUG] Address: 0x159804230
[Elysia/DEBUG] Performing: equal 
[Elysia/DEBUG] Decreasing refcount of char object
[Elysia/DEBUG] Address: 0x159804080
[Elysia/DEBUG] Decreasing refcount of char object
[Elysia/DEBUG] Address: 0x159804230
[Elysia/DEBUG] Performing: jump_if_true codeBlock#15 
[Elysia/DEBUG] Performing: load_local localVar#5 
[Elysia/DEBUG] Increasing refcount of int object
[Elysia/DEBUG] Address: 0x159804270
[Elysia/DEBUG] Performing: push_integer int(1) 
[Elysia/DEBUG] Performing: add 
[Elysia/DEBUG] Decreasing refcount of int object
[Elysia/DEBUG] Address: 0x159804270
[Elysia/DEBUG] Performing: store_local localVar#5 
[Elysia/DEBUG] Decreasing refcount of int object
[Elysia/DEBUG] Address: 0x159804270
[Elysia/DEBUG] Performing: load_local localVar#6 
[Elysia/DEBUG] Performing: push_integer int(1) 
[Elysia/DEBUG] Performing: add 
[Elysia/DEBUG] Performing: store_local localVar#6 
[Elysia/DEBUG] Performing: jump codeBlock#16 
[Elysia/DEBUG] Performing: load_local localVar#6 
[Elysia/DEBUG] Performing: load_local localVar#1 
[Elysia/DEBUG] Performing: load_member index(1) 
[Elysia/DEBUG] Increasing refcount of unsigned object
[Elysia/DEBUG] Address: 0x1598040d0
[Elysia/DEBUG] Performing: basic_cast_int 
[Elysia/DEBUG] Decreasing refcount of unsigned object
[Elysia/DEBUG] Address: 0x1598040d0
[Elysia/DEBUG] Performing: equal 
[Elysia/DEBUG] Performing: jump_if_true codeBlock#19 
[Elysia/DEBUG] Performing: jump codeBlock#20 
[Elysia/DEBUG] Performing: jump codeBlock#12 
[Elysia/DEBUG] Performing: load_local localVar#5 
[Elysia/DEBUG] Increasing refcount of int object
[Elysia/DEBUG] Address: 0x159804270
[Elysia/DEBUG] Performing: load_local localVar#0 
[Elysia/DEBUG] Performing: load_member index(1) 
[Elysia/DEBUG] Increasing refcount of unsigned object
[Elysia/DEBUG] Address: 0x159904280
[Elysia/DEBUG] Performing: basic_cast_int 
[Elysia/DEBUG] Decreasing refcount of unsigned object
[Elysia/DEBUG] Address: 0x159904280
[Elysia/DEBUG] Performing: less_than 
[Elysia/DEBUG] Decreasing refcount of int object
[Elysia/DEBUG] Address: 0x159804270
[Elysia/DEBUG] Performing: jump_if_true codeBlock#13 
[Elysia/DEBUG] Performing: load_local localVar#0 
[Elysia/DEBUG] Performing: load_local localVar#5 
[Elysia/DEBUG] Increasing refcount of int object
[Elysia/DEBUG] Address: 0x159804270
[Elysia/DEBUG] Performing: invoke index(3782547968) index(37) index(2) 
[Elysia/DEBUG] Entering function 1_Str::operator[]#struct#1#0#int
[Elysia/DEBUG] Performing: load_local localVar#1 
[Elysia/DEBUG] Increasing refcount of int object
[Elysia/DEBUG] Address: 0x159804270
[Elysia/DEBUG] Performing: push_integer int(0) 
[Elysia/DEBUG] Performing: less_than 
[Elysia/DEBUG] Decreasing refcount of int object
[Elysia/DEBUG] Address: 0x159804270
[Elysia/DEBUG] Performing: jump_if_true codeBlock#1 
[Elysia/DEBUG] Performing: load_local localVar#1 
[Elysia/DEBUG] Increasing refcount of int object
[Elysia/DEBUG] Address: 0x159804270
[Elysia/DEBUG] Performing: load_local localVar#0 
[Elysia/DEBUG] Performing: load_member index(1) 
[Elysia/DEBUG] Increasing refcount of unsigned object
[Elysia/DEBUG] Address: 0x159904280
[Elysia/DEBUG] Performing: basic_cast_int 
[Elysia/DEBUG] Decreasing refcount of unsigned object
[Elysia/DEBUG] Address: 0x159904280
[Elysia/DEBUG] Performing: greater_equal 
[Elysia/DEBUG] Decreasing refcount of int object
[Elysia/DEBUG] Address: 0x159804270
[Elysia/DEBUG] Performing: jump_if_true codeBlock#1 
[Elysia/DEBUG] Performing: jump codeBlock#2 
[Elysia/DEBUG] Performing: push_boolean bool(false) 
[Elysia/DEBUG] Performing: jump codeBlock#3 
[Elysia/DEBUG] Performing: jump_if_true codeBlock#4 
[Elysia/DEBUG] Performing: jump codeBlock#5 
[Elysia/DEBUG] Performing: load_local localVar#0 
[Elysia/DEBUG] Performing: load_member index(0) 
[Elysia/DEBUG] Entering function array_char[]_gc_refcount_increase
[Elysia/DEBUG] Performing: load_local localVar#1 
[Elysia/DEBUG] Increasing refcount of int object
[Elysia/DEBUG] Address: 0x159804270
[Elysia/DEBUG] Performing: basic_cast_unsigned 
[Elysia/DEBUG] Decreasing refcount of int object
[Elysia/DEBUG] Address: 0x159804270
[Elysia/DEBUG] Performing: load_element 
[Elysia/DEBUG] Entering function array_char[]_gc_refcount_decrease
[Elysia/DEBUG] Performing: ret 
[Elysia/DEBUG] Decreasing refcount of int object
[Elysia/DEBUG] Address: 0x159804270
[Elysia/DEBUG] Performing: load_local localVar#1 
[Elysia/DEBUG] Performing: load_local localVar#6 
[Elysia/DEBUG] Performing: invoke index(3782547968) index(37) index(2) 
[Elysia/DEBUG] Entering function 1_Str::operator[]#struct#1#0#int
[Elysia/DEBUG] Performing: load_local localVar#1 
[Elysia/DEBUG] Increasing refcount of int object
[Elysia/DEBUG] Address: 0x159804080
[Elysia/DEBUG] Performing: push_integer int(0) 
[Elysia/DEBUG] Performing: less_than 
[Elysia/DEBUG] Decreasing refcount of int object
[Elysia/DEBUG] Address: 0x159804080
[Elysia/DEBUG] Performing: jump_if_true codeBlock#1 
[Elysia/DEBUG] Performing: load_local localVar#1 
[Elysia/DEBUG] Increasing refcount of int object
[Elysia/DEBUG] Address: 0x159804080
[Elysia/DEBUG] Performing: load_local localVar#0 
[Elysia/DEBUG] Performing: load_member index(1) 
[Elysia/DEBUG] Increasing refcount of unsigned object
[Elysia/DEBUG] Address: 0x1598040d0
[Elysia/DEBUG] Performing: basic_cast_int 
[Elysia/DEBUG] Decreasing refcount of unsigned object
[Elysia/DEBUG] Address: 0x1598040d0
[Elysia/DEBUG] Performing: greater_equal 
[Elysia/DEBUG] Decreasing refcount of int object
[Elysia/DEBUG] Address: 0x159804080
[Elysia/DEBUG] Performing: jump_if_true codeBlock#1 
[Elysia/DEBUG] Performing: jump codeBlock#2 
[Elysia/DEBUG] Performing: push_boolean bool(false) 
[Elysia/DEBUG] Performing: jump codeBlock#3 
[Elysia/DEBUG] Performing: jump_if_true codeBlock#4 
[Elysia/DEBUG] Performing: jump codeBlock#5 
[Elysia/DEBUG] Performing: load_local localVar#0 
[Elysia/DEBUG] Performing: load_member index(0) 
[Elysia/DEBUG] Entering function array_char[]_gc_refcount_increase
[Elysia/DEBUG] Performing: load_local localVar#1 
[Elysia/DEBUG] Increasing refcount of int object
[Elysia/DEBUG] Address: 0x159804080
[Elysia/DEBUG] Performing: basic_cast_unsigned 
[Elysia/DEBUG] Decreasing refcount of int object
[Elysia/DEBUG] Address: 0x159804080
[Elysia/DEBUG] Performing: load_element 
[Elysia/DEBUG] Entering function array_char[]_gc_refcount_decrease
[Elysia/DEBUG] Performing: ret 
[Elysia/DEBUG] Decreasing refcount of int object
[Elysia/DEBUG] Address: 0x159804080
[Elysia/DEBUG] Performing: equal 
[Elysia/DEBUG] Decreasing refcount of char object
[Elysia/DEBUG] Address: 0x159804230
[Elysia/DEBUG] Decreasing refcount of char object
[Elysia/DEBUG] Address: 0x159804080
[Elysia/DEBUG] Performing: jump_if_true codeBlock#15 
[Elysia/DEBUG] Performing: load_local localVar#5 
[Elysia/DEBUG] Increasing refcount of int object
[Elysia/DEBUG] Address: 0x159804270
[Elysia/DEBUG] Performing: push_integer int(1) 
[Elysia/DEBUG] Performing: add 
[Elysia/DEBUG] Decreasing refcount of int object
[Elysia/DEBUG] Address: 0x159804270
[Elysia/DEBUG] Performing: store_local localVar#5 
[Elysia/DEBUG] Decreasing refcount of int object
[Elysia/DEBUG] Address: 0x159804270
[Elysia/DEBUG] Performing: load_local localVar#6 
[Elysia/DEBUG] Performing: push_integer int(1) 
[Elysia/DEBUG] Performing: add 
[Elysia/DEBUG] Performing: store_local localVar#6 
[Elysia/DEBUG] Performing: jump codeBlock#16 
[Elysia/DEBUG] Performing: load_local localVar#6 
[Elysia/DEBUG] Performing: load_local localVar#1 
[Elysia/DEBUG] Performing: load_member index(1) 
[Elysia/DEBUG] Increasing refcount of unsigned object
[Elysia/DEBUG] Address: 0x1598040d0
[Elysia/DEBUG] Performing: basic_cast_int 
[Elysia/DEBUG] Decreasing refcount of unsigned object
[Elysia/DEBUG] Address: 0x1598040d0
[Elysia/DEBUG] Performing: equal 
[Elysia/DEBUG] Performing: jump_if_true codeBlock#19 
[Elysia/DEBUG] Performing: jump codeBlock#20 
[Elysia/DEBUG] Performing: jump codeBlock#12 
[Elysia/DEBUG] Performing: load_local localVar#5 
[Elysia/DEBUG] Increasing refcount of int object
[Elysia/DEBUG] Address: 0x159804270
[Elysia/DEBUG] Performing: load_local localVar#0 
[Elysia/DEBUG] Performing: load_member index(1) 
[Elysia/DEBUG] Increasing refcount of unsigned object
[Elysia/DEBUG] Address: 0x159904280
[Elysia/DEBUG] Performing: basic_cast_int 
[Elysia/DEBUG] Decreasing refcount of unsigned object
[Elysia/DEBUG] Address: 0x159904280
[Elysia/DEBUG] Performing: less_than 
[Elysia/DEBUG] Decreasing refcount of int object
[Elysia/DEBUG] Address: 0x159804270
[Elysia/DEBUG] Performing: jump_if_true codeBlock#13 
[Elysia/DEBUG] Performing: load_local localVar#0 
[Elysia/DEBUG] Performing: load_local localVar#5 
[Elysia/DEBUG] Increasing refcount of int object
[Elysia/DEBUG] Address: 0x159804270
[Elysia/DEBUG] Performing: invoke index(3782547968) index(37) index(2) 
[Elysia/DEBUG] Entering function 1_Str::operator[]#struct#1#0#int
[Elysia/DEBUG] Performing: load_local localVar#1 
[Elysia/DEBUG] Increasing refcount of int object
[Elysia/DEBUG] Address: 0x159804270
[Elysia/DEBUG] Performing: push_integer int(0) 
[Elysia/DEBUG] Performing: less_than 
[Elysia/DEBUG] Decreasing refcount of int object
[Elysia/DEBUG] Address: 0x159804270
[Elysia/DEBUG] Performing: jump_if_true codeBlock#1 
[Elysia/DEBUG] Performing: load_local localVar#1 
[Elysia/DEBUG] Increasing refcount of int object
[Elysia/DEBUG] Address: 0x159804270
[Elysia/DEBUG] Performing: load_local localVar#0 
[Elysia/DEBUG] Performing: load_member index(1) 
[Elysia/DEBUG] Increasing refcount of unsigned object
[Elysia/DEBUG] Address: 0x159904280
[Elysia/DEBUG] Performing: basic_cast_int 
[Elysia/DEBUG] Decreasing refcount of unsigned object
[Elysia/DEBUG] Address: 0x159904280
[Elysia/DEBUG] Performing: greater_equal 
[Elysia/DEBUG] Decreasing refcount of int object
[Elysia/DEBUG] Address: 0x159804270
[Elysia/DEBUG] Performing: jump_if_true codeBlock#1 
[Elysia/DEBUG] Performing: jump codeBlock#2 
[Elysia/DEBUG] Performing: push_boolean bool(false) 
[Elysia/DEBUG] Performing: jump codeBlock#3 
[Elysia/DEBUG] Performing: jump_if_true codeBlock#4 
[Elysia/DEBUG] Performing: jump codeBlock#5 
[Elysia/DEBUG] Performing: load_local localVar#0 
[Elysia/DEBUG] Performing: load_member index(0) 
[Elysia/DEBUG] Entering function array_char[]_gc_refcount_increase
[Elysia/DEBUG] Performing: load_local localVar#1 
[Elysia/DEBUG] Increasing refcount of int object
[Elysia/DEBUG] Address: 0x159804270
[Elysia/DEBUG] Performing: basic_cast_unsigned 
[Elysia/DEBUG] Decreasing refcount of int object
[Elysia/DEBUG] Address: 0x159804270
[Elysia/DEBUG] Performing: load_element 
[Elysia/DEBUG] Entering function array_char[]_gc_refcount_decrease
[Elysia/DEBUG] Performing: ret 
[Elysia/DEBUG] Decreasing refcount of int object
[Elysia/DEBUG] Address: 0x159804270
[Elysia/DEBUG] Performing: load_local localVar#1 
[Elysia/DEBUG] Performing: load_local localVar#6 
[Elysia/DEBUG] Performing: invoke index(3782547968) index(37) index(2) 
[Elysia/DEBUG] Entering function 1_Str::operator[]#struct#1#0#int
[Elysia/DEBUG] Performing: load_local localVar#1 
[Elysia/DEBUG] Increasing refcount of int object
[Elysia/DEBUG] Address: 0x159804230
[Elysia/DEBUG] Performing: push_integer int(0) 
[Elysia/DEBUG] Performing: less_than 
[Elysia/DEBUG] Decreasing refcount of int object
[Elysia/DEBUG] Address: 0x159804230
[Elysia/DEBUG] Performing: jump_if_true codeBlock#1 
[Elysia/DEBUG] Performing: load_local localVar#1 
[Elysia/DEBUG] Increasing refcount of int object
[Elysia/DEBUG] Address: 0x159804230
[Elysia/DEBUG] Performing: load_local localVar#0 
[Elysia/DEBUG] Performing: load_member index(1) 
[Elysia/DEBUG] Increasing refcount of unsigned object
[Elysia/DEBUG] Address: 0x1598040d0
[Elysia/DEBUG] Performing: basic_cast_int 
[Elysia/DEBUG] Decreasing refcount of unsigned object
[Elysia/DEBUG] Address: 0x1598040d0
[Elysia/DEBUG] Performing: greater_equal 
[Elysia/DEBUG] Decreasing refcount of int object
[Elysia/DEBUG] Address: 0x159804230
[Elysia/DEBUG] Performing: jump_if_true codeBlock#1 
[Elysia/DEBUG] Performing: jump codeBlock#2 
[Elysia/DEBUG] Performing: push_boolean bool(false) 
[Elysia/DEBUG] Performing: jump codeBlock#3 
[Elysia/DEBUG] Performing: jump_if_true codeBlock#4 
[Elysia/DEBUG] Performing: jump codeBlock#5 
[Elysia/DEBUG] Performing: load_local localVar#0 
[Elysia/DEBUG] Performing: load_member index(0) 
[Elysia/DEBUG] Entering function array_char[]_gc_refcount_increase
[Elysia/DEBUG] Performing: load_local localVar#1 
[Elysia/DEBUG] Increasing refcount of int object
[Elysia/DEBUG] Address: 0x159804230
[Elysia/DEBUG] Performing: basic_cast_unsigned 
[Elysia/DEBUG] Decreasing refcount of int object
[Elysia/DEBUG] Address: 0x159804230
[Elysia/DEBUG] Performing: load_element 
[Elysia/DEBUG] Entering function array_char[]_gc_refcount_decrease
[Elysia/DEBUG] Performing: ret 
[Elysia/DEBUG] Decreasing refcount of int object
[Elysia/DEBUG] Address: 0x159804230
[Elysia/DEBUG] Performing: equal 
[Elysia/DEBUG] Decreasing refcount of char object
[Elysia/DEBUG] Address: 0x159804080
[Elysia/DEBUG] Decreasing refcount of char object
[Elysia/DEBUG] Address: 0x159804230
[Elysia/DEBUG] Performing: jump_if_true codeBlock#15 
[Elysia/DEBUG] Performing: load_local localVar#5 
[Elysia/DEBUG] Increasing refcount of int object
[Elysia/DEBUG] Address: 0x159804270
[Elysia/DEBUG] Performing: push_integer int(1) 
[Elysia/DEBUG] Performing: add 
[Elysia/DEBUG] Decreasing refcount of int object
[Elysia/DEBUG] Address: 0x159804270
[Elysia/DEBUG] Performing: store_local localVar#5 
[Elysia/DEBUG] Decreasing refcount of int object
[Elysia/DEBUG] Address: 0x159804270
[Elysia/DEBUG] Performing: load_local localVar#6 
[Elysia/DEBUG] Performing: push_integer int(1) 
[Elysia/DEBUG] Performing: add 
[Elysia/DEBUG] Performing: store_local localVar#6 
[Elysia/DEBUG] Performing: jump codeBlock#16 
[Elysia/DEBUG] Performing: load_local localVar#6 
[Elysia/DEBUG] Performing: load_local localVar#1 
[Elysia/DEBUG] Performing: load_member index(1) 
[Elysia/DEBUG] Increasing refcount of unsigned object
[Elysia/DEBUG] Address: 0x1598040d0
[Elysia/DEBUG] Performing: basic_cast_int 
[Elysia/DEBUG] Decreasing refcount of unsigned object
[Elysia/DEBUG] Address: 0x1598040d0
[Elysia/DEBUG] Performing: equal 
[Elysia/DEBUG] Performing: jump_if_true codeBlock#19 
[Elysia/DEBUG] Performing: jump codeBlock#20 
[Elysia/DEBUG] Performing: jump codeBlock#12 
[Elysia/DEBUG] Performing: load_local localVar#5 
[Elysia/DEBUG] Increasing refcount of int object
[Elysia/DEBUG] Address: 0x159804270
[Elysia/DEBUG] Performing: load_local localVar#0 
[Elysia/DEBUG] Performing: load_member index(1) 
[Elysia/DEBUG] Increasing refcount of unsigned object
[Elysia/DEBUG] Address: 0x159904280
[Elysia/DEBUG] Performing: basic_cast_int 
[Elysia/DEBUG] Decreasing refcount of unsigned object
[Elysia/DEBUG] Address: 0x159904280
[Elysia/DEBUG] Performing: less_than 
[Elysia/DEBUG] Decreasing refcount of int object
[Elysia/DEBUG] Address: 0x159804270
[Elysia/DEBUG] Performing: jump_if_true codeBlock#13 
[Elysia/DEBUG] Performing: load_local localVar#0 
[Elysia/DEBUG] Performing: load_local localVar#5 
[Elysia/DEBUG] Increasing refcount of int object
[Elysia/DEBUG] Address: 0x159804270
[Elysia/DEBUG] Performing: invoke index(3782547968) index(37) index(2) 
[Elysia/DEBUG] Entering function 1_Str::operator[]#struct#1#0#int
[Elysia/DEBUG] Performing: load_local localVar#1 
[Elysia/DEBUG] Increasing refcount of int object
[Elysia/DEBUG] Address: 0x159804270
[Elysia/DEBUG] Performing: push_integer int(0) 
[Elysia/DEBUG] Performing: less_than 
[Elysia/DEBUG] Decreasing refcount of int object
[Elysia/DEBUG] Address: 0x159804270
[Elysia/DEBUG] Performing: jump_if_true codeBlock#1 
[Elysia/DEBUG] Performing: load_local localVar#1 
[Elysia/DEBUG] Increasing refcount of int object
[Elysia/DEBUG] Address: 0x159804270
[Elysia/DEBUG] Performing: load_local localVar#0 
[Elysia/DEBUG] Performing: load_member index(1) 
[Elysia/DEBUG] Increasing refcount of unsigned object
[Elysia/DEBUG] Address: 0x159904280
[Elysia/DEBUG] Performing: basic_cast_int 
[Elysia/DEBUG] Decreasing refcount of unsigned object
[Elysia/DEBUG] Address: 0x159904280
[Elysia/DEBUG] Performing: greater_equal 
[Elysia/DEBUG] Decreasing refcount of int object
[Elysia/DEBUG] Address: 0x159804270
[Elysia/DEBUG] Performing: jump_if_true codeBlock#1 
[Elysia/DEBUG] Performing: jump codeBlock#2 
[Elysia/DEBUG] Performing: push_boolean bool(false) 
[Elysia/DEBUG] Performing: jump codeBlock#3 
[Elysia/DEBUG] Performing: jump_if_true codeBlock#4 
[Elysia/DEBUG] Performing: jump codeBlock#5 
[Elysia/DEBUG] Performing: load_local localVar#0 
[Elysia/DEBUG] Performing: load_member index(0) 
[Elysia/DEBUG] Entering function array_char[]_gc_refcount_increase
[Elysia/DEBUG] Performing: load_local localVar#1 
[Elysia/DEBUG] Increasing refcount of int object
[Elysia/DEBUG] Address: 0x159804270
[Elysia/DEBUG] Performing: basic_cast_unsigned 
[Elysia/DEBUG] Decreasing refcount of int object
[Elysia/DEBUG] Address: 0x159804270
[Elysia/DEBUG] Performing: load_element 
[Elysia/DEBUG] Entering function array_char[]_gc_refcount_decrease
[Elysia/DEBUG] Performing: ret 
[Elysia/DEBUG] Decreasing refcount of int object
[Elysia/DEBUG] Address: 0x159804270
[Elysia/DEBUG] Performing: load_local localVar#1 
[Elysia/DEBUG] Performing: load_local localVar#6 
[Elysia/DEBUG] Performing: invoke index(3782547968) index(37) index(2) 
[Elysia/DEBUG] Entering function 1_Str::operator[]#struct#1#0#int
[Elysia/DEBUG] Performing: load_local localVar#1 
[Elysia/DEBUG] Increasing refcount of int object
[Elysia/DEBUG] Address: 0x159804080
[Elysia/DEBUG] Performing: push_integer int(0) 
[Elysia/DEBUG] Performing: less_than 
[Elysia/DEBUG] Decreasing refcount of int object
[Elysia/DEBUG] Address: 0x159804080
[Elysia/DEBUG] Performing: jump_if_true codeBlock#1 
[Elysia/DEBUG] Performing: load_local localVar#1 
[Elysia/DEBUG] Increasing refcount of int object
[Elysia/DEBUG] Address: 0x159804080
[Elysia/DEBUG] Performing: load_local localVar#0 
[Elysia/DEBUG] Performing: load_member index(1) 
[Elysia/DEBUG] Increasing refcount of unsigned object
[Elysia/DEBUG] Address: 0x1598040d0
[Elysia/DEBUG] Performing: basic_cast_int 
[Elysia/DEBUG] Decreasing refcount of unsigned object
[Elysia/DEBUG] Address: 0x1598040d0
[Elysia/DEBUG] Performing: greater_equal 
[Elysia/DEBUG] Decreasing refcount of int object
[Elysia/DEBUG] Address: 0x159804080
[Elysia/DEBUG] Performing: jump_if_true codeBlock#1 
[Elysia/DEBUG] Performing: jump codeBlock#2 
[Elysia/DEBUG] Performing: push_boolean bool(false) 
[Elysia/DEBUG] Performing: jump codeBlock#3 
[Elysia/DEBUG] Performing: jump_if_true codeBlock#4 
[Elysia/DEBUG] Performing: jump codeBlock#5 
[Elysia/DEBUG] Performing: load_local localVar#0 
[Elysia/DEBUG] Performing: load_member index(0) 
[Elysia/DEBUG] Entering function array_char[]_gc_refcount_increase
[Elysia/DEBUG] Performing: load_local localVar#1 
[Elysia/DEBUG] Increasing refcount of int object
[Elysia/DEBUG] Address: 0x159804080
[Elysia/DEBUG] Performing: basic_cast_unsigned 
[Elysia/DEBUG] Decreasing refcount of int object
[Elysia/DEBUG] Address: 0x159804080
[Elysia/DEBUG] Performing: load_element 
[Elysia/DEBUG] Entering function array_char[]_gc_refcount_decrease
[Elysia/DEBUG] Performing: ret 
[Elysia/DEBUG] Decreasing refcount of int object
[Elysia/DEBUG] Address: 0x159804080
[Elysia/DEBUG] Performing: equal 
[Elysia/DEBUG] Decreasing refcount of char object
[Elysia/DEBUG] Address: 0x159804230
[Elysia/DEBUG] Decreasing refcount of char object
[Elysia/DEBUG] Address: 0x159804080
[Elysia/DEBUG] Performing: jump_if_true codeBlock#15 
[Elysia/DEBUG] Performing: load_local localVar#5 
[Elysia/DEBUG] Increasing refcount of int object
[Elysia/DEBUG] Address: 0x159804270
[Elysia/DEBUG] Performing: push_integer int(1) 
[Elysia/DEBUG] Performing: add 
[Elysia/DEBUG] Decreasing refcount of int object
[Elysia/DEBUG] Address: 0x159804270
[Elysia/DEBUG] Performing: store_local localVar#5 
[Elysia/DEBUG] Decreasing refcount of int object
[Elysia/DEBUG] Address: 0x159804270
[Elysia/DEBUG] Performing: load_local localVar#6 
[Elysia/DEBUG] Performing: push_integer int(1) 
[Elysia/DEBUG] Performing: add 
[Elysia/DEBUG] Performing: store_local localVar#6 
[Elysia/DEBUG] Performing: jump codeBlock#16 
[Elysia/DEBUG] Performing: load_local localVar#6 
[Elysia/DEBUG] Performing: load_local localVar#1 
[Elysia/DEBUG] Performing: load_member index(1) 
[Elysia/DEBUG] Increasing refcount of unsigned object
[Elysia/DEBUG] Address: 0x1598040d0
[Elysia/DEBUG] Performing: basic_cast_int 
[Elysia/DEBUG] Decreasing refcount of unsigned object
[Elysia/DEBUG] Address: 0x1598040d0
[Elysia/DEBUG] Performing: equal 
[Elysia/DEBUG] Performing: jump_if_true codeBlock#19 
[Elysia/DEBUG] Performing: load_local localVar#5 
[Elysia/DEBUG] Increasing refcount of int object
[Elysia/DEBUG] Address: 0x159804270
[Elysia/DEBUG] Performing: load_local localVar#6 
[Elysia/DEBUG] Performing: sub 
[Elysia/DEBUG] Decreasing refcount of int object
[Elysia/DEBUG] Address: 0x159804270
[Elysia/DEBUG] Performing: ret 
[Elysia/DEBUG] Decreasing refcount of int object
[Elysia/DEBUG] Address: 0x1598041d0
[Elysia/DEBUG] Entering function array_int[]_gc_refcount_decrease
[Elysia/DEBUG] Decreasing refcount of int object
[Elysia/DEBUG] Address: 0x159804270
[Elysia/DEBUG] Performing: store_local localVar#3 
[Elysia/DEBUG] Decreasing refcount of int object
[Elysia/DEBUG] Address: 0x159804250
[Elysia/DEBUG] Performing: load_local localVar#3 
[Elysia/DEBUG] Increasing refcount of int object
[Elysia/DEBUG] Address: 0x159804270
[Elysia/DEBUG] Performing: push_integer int(-1) 
[Elysia/DEBUG] Performing: not_equal 
[Elysia/DEBUG] Decreasing refcount of int object
[Elysia/DEBUG] Address: 0x159804270
[Elysia/DEBUG] Performing: jump_if_true codeBlock#4 
[Elysia/DEBUG] Performing: load_local localVar#2 
[Elysia/DEBUG] Performing: push_integer int(1) 
[Elysia/DEBUG] Performing: add 
[Elysia/DEBUG] Performing: store_local localVar#2 
[Elysia/DEBUG] Performing: load_local localVar#3 
[Elysia/DEBUG] Increasing refcount of int object
[Elysia/DEBUG] Address: 0x159804270
[Elysia/DEBUG] Performing: load_local localVar#1 
[Elysia/DEBUG] Performing: load_member index(1) 
[Elysia/DEBUG] Increasing refcount of unsigned object
[Elysia/DEBUG] Address: 0x1598040d0
[Elysia/DEBUG] Performing: basic_cast_int 
[Elysia/DEBUG] Decreasing refcount of unsigned object
[Elysia/DEBUG] Address: 0x1598040d0
[Elysia/DEBUG] Performing: add 
[Elysia/DEBUG] Decreasing refcount of int object
[Elysia/DEBUG] Address: 0x159804270
[Elysia/DEBUG] Performing: store_local localVar#4 
[Elysia/DEBUG] Decreasing refcount of int object
[Elysia/DEBUG] Address: 0x1598041d0
[Elysia/DEBUG] Performing: jump codeBlock#5 
[Elysia/DEBUG] Performing: jump codeBlock#1 
[Elysia/DEBUG] Performing: load_local localVar#3 
[Elysia/DEBUG] Increasing refcount of int object
[Elysia/DEBUG] Address: 0x159804270
[Elysia/DEBUG] Performing: push_integer int(-1) 
[Elysia/DEBUG] Performing: not_equal 
[Elysia/DEBUG] Decreasing refcount of int object
[Elysia/DEBUG] Address: 0x159804270
[Elysia/DEBUG] Performing: jump_if_true codeBlock#2 
[Elysia/DEBUG] Performing: load_local localVar#0 
[Elysia/DEBUG] Performing: load_local localVar#1 
[Elysia/DEBUG] Performing: load_local localVar#4 
[Elysia/DEBUG] Increasing refcount of int object
[Elysia/DEBUG] Address: 0x1598041d0
[Elysia/DEBUG] Performing: invoke index(3782547968) index(12) index(3) 
[Elysia/DEBUG] Entering function 1_Str::find#struct#1#0#int
[Elysia/DEBUG] Performing: load_local localVar#1 
[Elysia/DEBUG] Performing: load_member index(1) 
[Elysia/DEBUG] Increasing refcount of unsigned object
[Elysia/DEBUG] Address: 0x1598040d0
[Elysia/DEBUG] Performing: load_local localVar#0 
[Elysia/DEBUG] Performing: load_member index(1) 
[Elysia/DEBUG] Increasing refcount of unsigned object
[Elysia/DEBUG] Address: 0x159904280
[Elysia/DEBUG] Performing: greater_than 
[Elysia/DEBUG] Decreasing refcount of unsigned object
[Elysia/DEBUG] Address: 0x1598040d0
[Elysia/DEBUG] Decreasing refcount of unsigned object
[Elysia/DEBUG] Address: 0x159904280
[Elysia/DEBUG] Performing: jump_if_true codeBlock#1 
[Elysia/DEBUG] Performing: jump codeBlock#2 
[Elysia/DEBUG] Performing: push_integer int(0) 
[Elysia/DEBUG] Performing: load_local localVar#1 
[Elysia/DEBUG] Performing: load_member index(1) 
[Elysia/DEBUG] Increasing refcount of unsigned object
[Elysia/DEBUG] Address: 0x1598040d0
[Elysia/DEBUG] Performing: new_dynamic_array_int index(1) 
[Elysia/DEBUG] Decreasing refcount of unsigned object
[Elysia/DEBUG] Address: 0x1598040d0
[Elysia/DEBUG] Performing: store_local localVar#3 
[Elysia/DEBUG] Entering function array_int[]_gc_refcount_decrease
[Elysia/DEBUG] Performing: push_integer int(0) 
[Elysia/DEBUG] Performing: store_local localVar#4 
[Elysia/DEBUG] Performing: push_integer int(1) 
[Elysia/DEBUG] Performing: store_local localVar#5 
[Elysia/DEBUG] Performing: jump codeBlock#3 
[Elysia/DEBUG] Performing: load_local localVar#5 
[Elysia/DEBUG] Increasing refcount of int object
[Elysia/DEBUG] Address: 0x159804080
[Elysia/DEBUG] Performing: load_local localVar#1 
[Elysia/DEBUG] Performing: load_member index(1) 
[Elysia/DEBUG] Increasing refcount of unsigned object
[Elysia/DEBUG] Address: 0x1598040d0
[Elysia/DEBUG] Performing: basic_cast_int 
[Elysia/DEBUG] Decreasing refcount of unsigned object
[Elysia/DEBUG] Address: 0x1598040d0
[Elysia/DEBUG] Performing: less_than 
[Elysia/DEBUG] Decreasing refcount of int object
[Elysia/DEBUG] Address: 0x159804080
[Elysia/DEBUG] Performing: jump_if_true codeBlock#4 
[Elysia/DEBUG] Performing: load_local localVar#1 
[Elysia/DEBUG] Performing: load_local localVar#5 
[Elysia/DEBUG] Increasing refcount of int object
[Elysia/DEBUG] Address: 0x159804080
[Elysia/DEBUG] Performing: invoke index(3782547968) index(37) index(2) 
[Elysia/DEBUG] Entering function 1_Str::operator[]#struct#1#0#int
[Elysia/DEBUG] Performing: load_local localVar#1 
[Elysia/DEBUG] Increasing refcount of int object
[Elysia/DEBUG] Address: 0x159804080
[Elysia/DEBUG] Performing: push_integer int(0) 
[Elysia/DEBUG] Performing: less_than 
[Elysia/DEBUG] Decreasing refcount of int object
[Elysia/DEBUG] Address: 0x159804080
[Elysia/DEBUG] Performing: jump_if_true codeBlock#1 
[Elysia/DEBUG] Performing: load_local localVar#1 
[Elysia/DEBUG] Increasing refcount of int object
[Elysia/DEBUG] Address: 0x159804080
[Elysia/DEBUG] Performing: load_local localVar#0 
[Elysia/DEBUG] Performing: load_member index(1) 
[Elysia/DEBUG] Increasing refcount of unsigned object
[Elysia/DEBUG] Address: 0x1598040d0
[Elysia/DEBUG] Performing: basic_cast_int 
[Elysia/DEBUG] Decreasing refcount of unsigned object
[Elysia/DEBUG] Address: 0x1598040d0
[Elysia/DEBUG] Performing: greater_equal 
[Elysia/DEBUG] Decreasing refcount of int object
[Elysia/DEBUG] Address: 0x159804080
[Elysia/DEBUG] Performing: jump_if_true codeBlock#1 
[Elysia/DEBUG] Performing: jump codeBlock#2 
[Elysia/DEBUG] Performing: push_boolean bool(false) 
[Elysia/DEBUG] Performing: jump codeBlock#3 
[Elysia/DEBUG] Performing: jump_if_true codeBlock#4 
[Elysia/DEBUG] Performing: jump codeBlock#5 
[Elysia/DEBUG] Performing: load_local localVar#0 
[Elysia/DEBUG] Performing: load_member index(0) 
[Elysia/DEBUG] Entering function array_char[]_gc_refcount_increase
[Elysia/DEBUG] Performing: load_local localVar#1 
[Elysia/DEBUG] Increasing refcount of int object
[Elysia/DEBUG] Address: 0x159804080
[Elysia/DEBUG] Performing: basic_cast_unsigned 
[Elysia/DEBUG] Decreasing refcount of int object
[Elysia/DEBUG] Address: 0x159804080
[Elysia/DEBUG] Performing: load_element 
[Elysia/DEBUG] Entering function array_char[]_gc_refcount_decrease
[Elysia/DEBUG] Performing: ret 
[Elysia/DEBUG] Decreasing refcount of int object
[Elysia/DEBUG] Address: 0x159804080
[Elysia/DEBUG] Performing: load_local localVar#1 
[Elysia/DEBUG] Performing: load_local localVar#4 
[Elysia/DEBUG] Performing: invoke index(3782547968) index(37) index(2) 
[Elysia/DEBUG] Entering function 1_Str::operator[]#struct#1#0#int
[Elysia/DEBUG] Performing: load_local localVar#1 
[Elysia/DEBUG] Increasing refcount of int object
[Elysia/DEBUG] Address: 0x159804250
[Elysia/DEBUG] Performing: push_integer int(0) 
[Elysia/DEBUG] Performing: less_than 
[Elysia/DEBUG] Decreasing refcount of int object
[Elysia/DEBUG] Address: 0x159804250
[Elysia/DEBUG] Performing: jump_if_true codeBlock#1 
[Elysia/DEBUG] Performing: load_local localVar#1 
[Elysia/DEBUG] Increasing refcount of int object
[Elysia/DEBUG] Address: 0x159804250
[Elysia/DEBUG] Performing: load_local localVar#0 
[Elysia/DEBUG] Performing: load_member index(1) 
[Elysia/DEBUG] Increasing refcount of unsigned object
[Elysia/DEBUG] Address: 0x1598040d0
[Elysia/DEBUG] Performing: basic_cast_int 
[Elysia/DEBUG] Decreasing refcount of unsigned object
[Elysia/DEBUG] Address: 0x1598040d0
[Elysia/DEBUG] Performing: greater_equal 
[Elysia/DEBUG] Decreasing refcount of int object
[Elysia/DEBUG] Address: 0x159804250
[Elysia/DEBUG] Performing: jump_if_true codeBlock#1 
[Elysia/DEBUG] Performing: jump codeBlock#2 
[Elysia/DEBUG] Performing: push_boolean bool(false) 
[Elysia/DEBUG] Performing: jump codeBlock#3 
[Elysia/DEBUG] Performing: jump_if_true codeBlock#4 
[Elysia/DEBUG] Performing: jump codeBlock#5 
[Elysia/DEBUG] Performing: load_local localVar#0 
[Elysia/DEBUG] Performing: load_member index(0) 
[Elysia/DEBUG] Entering function array_char[]_gc_refcount_increase
[Elysia/DEBUG] Performing: load_local localVar#1 
[Elysia/DEBUG] Increasing refcount of int object
[Elysia/DEBUG] Address: 0x159804250
[Elysia/DEBUG] Performing: basic_cast_unsigned 
[Elysia/DEBUG] Decreasing refcount of int object
[Elysia/DEBUG] Address: 0x159804250
[Elysia/DEBUG] Performing: load_element 
[Elysia/DEBUG] Entering function array_char[]_gc_refcount_decrease
[Elysia/DEBUG] Performing: ret 
[Elysia/DEBUG] Decreasing refcount of int object
[Elysia/DEBUG] Address: 0x159804250
[Elysia/DEBUG] Performing: equal 
[Elysia/DEBUG] Decreasing refcount of char object
[Elysia/DEBUG] Address: 0x159804230
[Elysia/DEBUG] Decreasing refcount of char object
[Elysia/DEBUG] Address: 0x159804250
[Elysia/DEBUG] Performing: jump_if_true codeBlock#6 
[Elysia/DEBUG] Performing: jump codeBlock#8 
[Elysia/DEBUG] Performing: load_local localVar#4 
[Elysia/DEBUG] Performing: push_integer int(0) 
[Elysia/DEBUG] Performing: equal 
[Elysia/DEBUG] Performing: jump_if_true codeBlock#9 
[Elysia/DEBUG] Performing: push_integer int(0) 
[Elysia/DEBUG] Performing: load_local localVar#3 
[Elysia/DEBUG] Entering function array_int[]_gc_refcount_increase
[Elysia/DEBUG] Performing: push_unsigned unsigned(0) 
[Elysia/DEBUG] Performing: load_local localVar#5 
[Elysia/DEBUG] Increasing refcount of int object
[Elysia/DEBUG] Address: 0x159804080
[Elysia/DEBUG] Performing: basic_cast_unsigned 
[Elysia/DEBUG] Decreasing refcount of int object
[Elysia/DEBUG] Address: 0x159804080
[Elysia/DEBUG] Performing: push_unsigned unsigned(1) 
[Elysia/DEBUG] Performing: mul 
[Elysia/DEBUG] Performing: add 
[Elysia/DEBUG] Performing: store_element unknown 
[Elysia/DEBUG] Entering function array_int[]_gc_refcount_decrease
[Elysia/DEBUG] Performing: load_local localVar#3 
[Elysia/DEBUG] Entering function array_int[]_gc_refcount_increase
[Elysia/DEBUG] Performing: push_unsigned unsigned(0) 
[Elysia/DEBUG] Performing: load_local localVar#5 
[Elysia/DEBUG] Increasing refcount of int object
[Elysia/DEBUG] Address: 0x159804080
[Elysia/DEBUG] Performing: basic_cast_unsigned 
[Elysia/DEBUG] Decreasing refcount of int object
[Elysia/DEBUG] Address: 0x159804080
[Elysia/DEBUG] Performing: push_unsigned unsigned(1) 
[Elysia/DEBUG] Performing: mul 
[Elysia/DEBUG] Performing: add 
[Elysia/DEBUG] Performing: load_element 
[Elysia/DEBUG] Entering function array_int[]_gc_refcount_decrease
[Elysia/DEBUG] Performing: pop 
[Elysia/DEBUG] Popped value: loaded_val340
[Elysia/DEBUG] Performing: load_local localVar#5 
[Elysia/DEBUG] Increasing refcount of int object
[Elysia/DEBUG] Address: 0x159804080
[Elysia/DEBUG] Performing: push_integer int(1) 
[Elysia/DEBUG] Performing: add 
[Elysia/DEBUG] Decreasing refcount of int object
[Elysia/DEBUG] Address: 0x159804080
[Elysia/DEBUG] Performing: store_local localVar#5 
[Elysia/DEBUG] Decreasing refcount of int object
[Elysia/DEBUG] Address: 0x159804080
[Elysia/DEBUG] Performing: jump codeBlock#10 
[Elysia/DEBUG] Performing: jump codeBlock#7 
[Elysia/DEBUG] Performing: jump codeBlock#3 
[Elysia/DEBUG] Performing: load_local localVar#5 
[Elysia/DEBUG] Increasing refcount of int object
[Elysia/DEBUG] Address: 0x159804080
[Elysia/DEBUG] Performing: load_local localVar#1 
[Elysia/DEBUG] Performing: load_member index(1) 
[Elysia/DEBUG] Increasing refcount of unsigned object
[Elysia/DEBUG] Address: 0x1598040d0
[Elysia/DEBUG] Performing: basic_cast_int 
[Elysia/DEBUG] Decreasing refcount of unsigned object
[Elysia/DEBUG] Address: 0x1598040d0
[Elysia/DEBUG] Performing: less_than 
[Elysia/DEBUG] Decreasing refcount of int object
[Elysia/DEBUG] Address: 0x159804080
[Elysia/DEBUG] Performing: jump_if_true codeBlock#4 
[Elysia/DEBUG] Performing: load_local localVar#1 
[Elysia/DEBUG] Performing: load_local localVar#5 
[Elysia/DEBUG] Increasing refcount of int object
[Elysia/DEBUG] Address: 0x159804080
[Elysia/DEBUG] Performing: invoke index(3782547968) index(37) index(2) 
[Elysia/DEBUG] Entering function 1_Str::operator[]#struct#1#0#int
[Elysia/DEBUG] Performing: load_local localVar#1 
[Elysia/DEBUG] Increasing refcount of int object
[Elysia/DEBUG] Address: 0x159804080
[Elysia/DEBUG] Performing: push_integer int(0) 
[Elysia/DEBUG] Performing: less_than 
[Elysia/DEBUG] Decreasing refcount of int object
[Elysia/DEBUG] Address: 0x159804080
[Elysia/DEBUG] Performing: jump_if_true codeBlock#1 
[Elysia/DEBUG] Performing: load_local localVar#1 
[Elysia/DEBUG] Increasing refcount of int object
[Elysia/DEBUG] Address: 0x159804080
[Elysia/DEBUG] Performing: load_local localVar#0 
[Elysia/DEBUG] Performing: load_member index(1) 
[Elysia/DEBUG] Increasing refcount of unsigned object
[Elysia/DEBUG] Address: 0x1598040d0
[Elysia/DEBUG] Performing: basic_cast_int 
[Elysia/DEBUG] Decreasing refcount of unsigned object
[Elysia/DEBUG] Address: 0x1598040d0
[Elysia/DEBUG] Performing: greater_equal 
[Elysia/DEBUG] Decreasing refcount of int object
[Elysia/DEBUG] Address: 0x159804080
[Elysia/DEBUG] Performing: jump_if_true codeBlock#1 
[Elysia/DEBUG] Performing: jump codeBlock#2 
[Elysia/DEBUG] Performing: push_boolean bool(false) 
[Elysia/DEBUG] Performing: jump codeBlock#3 
[Elysia/DEBUG] Performing: jump_if_true codeBlock#4 
[Elysia/DEBUG] Performing: jump codeBlock#5 
[Elysia/DEBUG] Performing: load_local localVar#0 
[Elysia/DEBUG] Performing: load_member index(0) 
[Elysia/DEBUG] Entering function array_char[]_gc_refcount_increase
[Elysia/DEBUG] Performing: load_local localVar#1 
[Elysia/DEBUG] Increasing refcount of int object
[Elysia/DEBUG] Address: 0x159804080
[Elysia/DEBUG] Performing: basic_cast_unsigned 
[Elysia/DEBUG] Decreasing refcount of int object
[Elysia/DEBUG] Address: 0x159804080
[Elysia/DEBUG] Performing: load_element 
[Elysia/DEBUG] Entering function array_char[]_gc_refcount_decrease
[Elysia/DEBUG] Performing: ret 
[Elysia/DEBUG] Decreasing refcount of int object
[Elysia/DEBUG] Address: 0x159804080
[Elysia/DEBUG] Performing: load_local localVar#1 
[Elysia/DEBUG] Performing: load_local localVar#4 
[Elysia/DEBUG] Performing: invoke index(3782547968) index(37) index(2) 
[Elysia/DEBUG] Entering function 1_Str::operator[]#struct#1#0#int
[Elysia/DEBUG] Performing: load_local localVar#1 
[Elysia/DEBUG] Increasing refcount of int object
[Elysia/DEBUG] Address: 0x159804250
[Elysia/DEBUG] Performing: push_integer int(0) 
[Elysia/DEBUG] Performing: less_than 
[Elysia/DEBUG] Decreasing refcount of int object
[Elysia/DEBUG] Address: 0x159804250
[Elysia/DEBUG] Performing: jump_if_true codeBlock#1 
[Elysia/DEBUG] Performing: load_local localVar#1 
[Elysia/DEBUG] Increasing refcount of int object
[Elysia/DEBUG] Address: 0x159804250
[Elysia/DEBUG] Performing: load_local localVar#0 
[Elysia/DEBUG] Performing: load_member index(1) 
[Elysia/DEBUG] Increasing refcount of unsigned object
[Elysia/DEBUG] Address: 0x1598040d0
[Elysia/DEBUG] Performing: basic_cast_int 
[Elysia/DEBUG] Decreasing refcount of unsigned object
[Elysia/DEBUG] Address: 0x1598040d0
[Elysia/DEBUG] Performing: greater_equal 
[Elysia/DEBUG] Decreasing refcount of int object
[Elysia/DEBUG] Address: 0x159804250
[Elysia/DEBUG] Performing: jump_if_true codeBlock#1 
[Elysia/DEBUG] Performing: jump codeBlock#2 
[Elysia/DEBUG] Performing: push_boolean bool(false) 
[Elysia/DEBUG] Performing: jump codeBlock#3 
[Elysia/DEBUG] Performing: jump_if_true codeBlock#4 
[Elysia/DEBUG] Performing: jump codeBlock#5 
[Elysia/DEBUG] Performing: load_local localVar#0 
[Elysia/DEBUG] Performing: load_member index(0) 
[Elysia/DEBUG] Entering function array_char[]_gc_refcount_increase
[Elysia/DEBUG] Performing: load_local localVar#1 
[Elysia/DEBUG] Increasing refcount of int object
[Elysia/DEBUG] Address: 0x159804250
[Elysia/DEBUG] Performing: basic_cast_unsigned 
[Elysia/DEBUG] Decreasing refcount of int object
[Elysia/DEBUG] Address: 0x159804250
[Elysia/DEBUG] Performing: load_element 
[Elysia/DEBUG] Entering function array_char[]_gc_refcount_decrease
[Elysia/DEBUG] Performing: ret 
[Elysia/DEBUG] Decreasing refcount of int object
[Elysia/DEBUG] Address: 0x159804250
[Elysia/DEBUG] Performing: equal 
[Elysia/DEBUG] Decreasing refcount of char object
[Elysia/DEBUG] Address: 0x159804230
[Elysia/DEBUG] Decreasing refcount of char object
[Elysia/DEBUG] Address: 0x159804250
[Elysia/DEBUG] Performing: jump_if_true codeBlock#6 
[Elysia/DEBUG] Performing: jump codeBlock#8 
[Elysia/DEBUG] Performing: load_local localVar#4 
[Elysia/DEBUG] Performing: push_integer int(0) 
[Elysia/DEBUG] Performing: equal 
[Elysia/DEBUG] Performing: jump_if_true codeBlock#9 
[Elysia/DEBUG] Performing: push_integer int(0) 
[Elysia/DEBUG] Performing: load_local localVar#3 
[Elysia/DEBUG] Entering function array_int[]_gc_refcount_increase
[Elysia/DEBUG] Performing: push_unsigned unsigned(0) 
[Elysia/DEBUG] Performing: load_local localVar#5 
[Elysia/DEBUG] Increasing refcount of int object
[Elysia/DEBUG] Address: 0x159804080
[Elysia/DEBUG] Performing: basic_cast_unsigned 
[Elysia/DEBUG] Decreasing refcount of int object
[Elysia/DEBUG] Address: 0x159804080
[Elysia/DEBUG] Performing: push_unsigned unsigned(1) 
[Elysia/DEBUG] Performing: mul 
[Elysia/DEBUG] Performing: add 
[Elysia/DEBUG] Performing: store_element unknown 
[Elysia/DEBUG] Entering function array_int[]_gc_refcount_decrease
[Elysia/DEBUG] Performing: load_local localVar#3 
[Elysia/DEBUG] Entering function array_int[]_gc_refcount_increase
[Elysia/DEBUG] Performing: push_unsigned unsigned(0) 
[Elysia/DEBUG] Performing: load_local localVar#5 
[Elysia/DEBUG] Increasing refcount of int object
[Elysia/DEBUG] Address: 0x159804080
[Elysia/DEBUG] Performing: basic_cast_unsigned 
[Elysia/DEBUG] Decreasing refcount of int object
[Elysia/DEBUG] Address: 0x159804080
[Elysia/DEBUG] Performing: push_unsigned unsigned(1) 
[Elysia/DEBUG] Performing: mul 
[Elysia/DEBUG] Performing: add 
[Elysia/DEBUG] Performing: load_element 
[Elysia/DEBUG] Entering function array_int[]_gc_refcount_decrease
[Elysia/DEBUG] Performing: pop 
[Elysia/DEBUG] Popped value: loaded_val340
[Elysia/DEBUG] Performing: load_local localVar#5 
[Elysia/DEBUG] Increasing refcount of int object
[Elysia/DEBUG] Address: 0x159804080
[Elysia/DEBUG] Performing: push_integer int(1) 
[Elysia/DEBUG] Performing: add 
[Elysia/DEBUG] Decreasing refcount of int object
[Elysia/DEBUG] Address: 0x159804080
[Elysia/DEBUG] Performing: store_local localVar#5 
[Elysia/DEBUG] Decreasing refcount of int object
[Elysia/DEBUG] Address: 0x159804080
[Elysia/DEBUG] Performing: jump codeBlock#10 
[Elysia/DEBUG] Performing: jump codeBlock#7 
[Elysia/DEBUG] Performing: jump codeBlock#3 
[Elysia/DEBUG] Performing: load_local localVar#5 
[Elysia/DEBUG] Increasing refcount of int object
[Elysia/DEBUG] Address: 0x159804080
[Elysia/DEBUG] Performing: load_local localVar#1 
[Elysia/DEBUG] Performing: load_member index(1) 
[Elysia/DEBUG] Increasing refcount of unsigned object
[Elysia/DEBUG] Address: 0x1598040d0
[Elysia/DEBUG] Performing: basic_cast_int 
[Elysia/DEBUG] Decreasing refcount of unsigned object
[Elysia/DEBUG] Address: 0x1598040d0
[Elysia/DEBUG] Performing: less_than 
[Elysia/DEBUG] Decreasing refcount of int object
[Elysia/DEBUG] Address: 0x159804080
[Elysia/DEBUG] Performing: jump_if_true codeBlock#4 
[Elysia/DEBUG] Performing: load_local localVar#1 
[Elysia/DEBUG] Performing: load_local localVar#5 
[Elysia/DEBUG] Increasing refcount of int object
[Elysia/DEBUG] Address: 0x159804080
[Elysia/DEBUG] Performing: invoke index(3782547968) index(37) index(2) 
[Elysia/DEBUG] Entering function 1_Str::operator[]#struct#1#0#int
[Elysia/DEBUG] Performing: load_local localVar#1 
[Elysia/DEBUG] Increasing refcount of int object
[Elysia/DEBUG] Address: 0x159804080
[Elysia/DEBUG] Performing: push_integer int(0) 
[Elysia/DEBUG] Performing: less_than 
[Elysia/DEBUG] Decreasing refcount of int object
[Elysia/DEBUG] Address: 0x159804080
[Elysia/DEBUG] Performing: jump_if_true codeBlock#1 
[Elysia/DEBUG] Performing: load_local localVar#1 
[Elysia/DEBUG] Increasing refcount of int object
[Elysia/DEBUG] Address: 0x159804080
[Elysia/DEBUG] Performing: load_local localVar#0 
[Elysia/DEBUG] Performing: load_member index(1) 
[Elysia/DEBUG] Increasing refcount of unsigned object
[Elysia/DEBUG] Address: 0x1598040d0
[Elysia/DEBUG] Performing: basic_cast_int 
[Elysia/DEBUG] Decreasing refcount of unsigned object
[Elysia/DEBUG] Address: 0x1598040d0
[Elysia/DEBUG] Performing: greater_equal 
[Elysia/DEBUG] Decreasing refcount of int object
[Elysia/DEBUG] Address: 0x159804080
[Elysia/DEBUG] Performing: jump_if_true codeBlock#1 
[Elysia/DEBUG] Performing: jump codeBlock#2 
[Elysia/DEBUG] Performing: push_boolean bool(false) 
[Elysia/DEBUG] Performing: jump codeBlock#3 
[Elysia/DEBUG] Performing: jump_if_true codeBlock#4 
[Elysia/DEBUG] Performing: jump codeBlock#5 
[Elysia/DEBUG] Performing: load_local localVar#0 
[Elysia/DEBUG] Performing: load_member index(0) 
[Elysia/DEBUG] Entering function array_char[]_gc_refcount_increase
[Elysia/DEBUG] Performing: load_local localVar#1 
[Elysia/DEBUG] Increasing refcount of int object
[Elysia/DEBUG] Address: 0x159804080
[Elysia/DEBUG] Performing: basic_cast_unsigned 
[Elysia/DEBUG] Decreasing refcount of int object
[Elysia/DEBUG] Address: 0x159804080
[Elysia/DEBUG] Performing: load_element 
[Elysia/DEBUG] Entering function array_char[]_gc_refcount_decrease
[Elysia/DEBUG] Performing: ret 
[Elysia/DEBUG] Decreasing refcount of int object
[Elysia/DEBUG] Address: 0x159804080
[Elysia/DEBUG] Performing: load_local localVar#1 
[Elysia/DEBUG] Performing: load_local localVar#4 
[Elysia/DEBUG] Performing: invoke index(3782547968) index(37) index(2) 
[Elysia/DEBUG] Entering function 1_Str::operator[]#struct#1#0#int
[Elysia/DEBUG] Performing: load_local localVar#1 
[Elysia/DEBUG] Increasing refcount of int object
[Elysia/DEBUG] Address: 0x159804250
[Elysia/DEBUG] Performing: push_integer int(0) 
[Elysia/DEBUG] Performing: less_than 
[Elysia/DEBUG] Decreasing refcount of int object
[Elysia/DEBUG] Address: 0x159804250
[Elysia/DEBUG] Performing: jump_if_true codeBlock#1 
[Elysia/DEBUG] Performing: load_local localVar#1 
[Elysia/DEBUG] Increasing refcount of int object
[Elysia/DEBUG] Address: 0x159804250
[Elysia/DEBUG] Performing: load_local localVar#0 
[Elysia/DEBUG] Performing: load_member index(1) 
[Elysia/DEBUG] Increasing refcount of unsigned object
[Elysia/DEBUG] Address: 0x1598040d0
[Elysia/DEBUG] Performing: basic_cast_int 
[Elysia/DEBUG] Decreasing refcount of unsigned object
[Elysia/DEBUG] Address: 0x1598040d0
[Elysia/DEBUG] Performing: greater_equal 
[Elysia/DEBUG] Decreasing refcount of int object
[Elysia/DEBUG] Address: 0x159804250
[Elysia/DEBUG] Performing: jump_if_true codeBlock#1 
[Elysia/DEBUG] Performing: jump codeBlock#2 
[Elysia/DEBUG] Performing: push_boolean bool(false) 
[Elysia/DEBUG] Performing: jump codeBlock#3 
[Elysia/DEBUG] Performing: jump_if_true codeBlock#4 
[Elysia/DEBUG] Performing: jump codeBlock#5 
[Elysia/DEBUG] Performing: load_local localVar#0 
[Elysia/DEBUG] Performing: load_member index(0) 
[Elysia/DEBUG] Entering function array_char[]_gc_refcount_increase
[Elysia/DEBUG] Performing: load_local localVar#1 
[Elysia/DEBUG] Increasing refcount of int object
[Elysia/DEBUG] Address: 0x159804250
[Elysia/DEBUG] Performing: basic_cast_unsigned 
[Elysia/DEBUG] Decreasing refcount of int object
[Elysia/DEBUG] Address: 0x159804250
[Elysia/DEBUG] Performing: load_element 
[Elysia/DEBUG] Entering function array_char[]_gc_refcount_decrease
[Elysia/DEBUG] Performing: ret 
[Elysia/DEBUG] Decreasing refcount of int object
[Elysia/DEBUG] Address: 0x159804250
[Elysia/DEBUG] Performing: equal 
[Elysia/DEBUG] Decreasing refcount of char object
[Elysia/DEBUG] Address: 0x159804230
[Elysia/DEBUG] Decreasing refcount of char object
[Elysia/DEBUG] Address: 0x159804250
[Elysia/DEBUG] Performing: jump_if_true codeBlock#6 
[Elysia/DEBUG] Performing: jump codeBlock#8 
[Elysia/DEBUG] Performing: load_local localVar#4 
[Elysia/DEBUG] Performing: push_integer int(0) 
[Elysia/DEBUG] Performing: equal 
[Elysia/DEBUG] Performing: jump_if_true codeBlock#9 
[Elysia/DEBUG] Performing: push_integer int(0) 
[Elysia/DEBUG] Performing: load_local localVar#3 
[Elysia/DEBUG] Entering function array_int[]_gc_refcount_increase
[Elysia/DEBUG] Performing: push_unsigned unsigned(0) 
[Elysia/DEBUG] Performing: load_local localVar#5 
[Elysia/DEBUG] Increasing refcount of int object
[Elysia/DEBUG] Address: 0x159804080
[Elysia/DEBUG] Performing: basic_cast_unsigned 
[Elysia/DEBUG] Decreasing refcount of int object
[Elysia/DEBUG] Address: 0x159804080
[Elysia/DEBUG] Performing: push_unsigned unsigned(1) 
[Elysia/DEBUG] Performing: mul 
[Elysia/DEBUG] Performing: add 
[Elysia/DEBUG] Performing: store_element unknown 
[Elysia/DEBUG] Entering function array_int[]_gc_refcount_decrease
[Elysia/DEBUG] Performing: load_local localVar#3 
[Elysia/DEBUG] Entering function array_int[]_gc_refcount_increase
[Elysia/DEBUG] Performing: push_unsigned unsigned(0) 
[Elysia/DEBUG] Performing: load_local localVar#5 
[Elysia/DEBUG] Increasing refcount of int object
[Elysia/DEBUG] Address: 0x159804080
[Elysia/DEBUG] Performing: basic_cast_unsigned 
[Elysia/DEBUG] Decreasing refcount of int object
[Elysia/DEBUG] Address: 0x159804080
[Elysia/DEBUG] Performing: push_unsigned unsigned(1) 
[Elysia/DEBUG] Performing: mul 
[Elysia/DEBUG] Performing: add 
[Elysia/DEBUG] Performing: load_element 
[Elysia/DEBUG] Entering function array_int[]_gc_refcount_decrease
[Elysia/DEBUG] Performing: pop 
[Elysia/DEBUG] Popped value: loaded_val340
[Elysia/DEBUG] Performing: load_local localVar#5 
[Elysia/DEBUG] Increasing refcount of int object
[Elysia/DEBUG] Address: 0x159804080
[Elysia/DEBUG] Performing: push_integer int(1) 
[Elysia/DEBUG] Performing: add 
[Elysia/DEBUG] Decreasing refcount of int object
[Elysia/DEBUG] Address: 0x159804080
[Elysia/DEBUG] Performing: store_local localVar#5 
[Elysia/DEBUG] Decreasing refcount of int object
[Elysia/DEBUG] Address: 0x159804080
[Elysia/DEBUG] Performing: jump codeBlock#10 
[Elysia/DEBUG] Performing: jump codeBlock#7 
[Elysia/DEBUG] Performing: jump codeBlock#3 
[Elysia/DEBUG] Performing: load_local localVar#5 
[Elysia/DEBUG] Increasing refcount of int object
[Elysia/DEBUG] Address: 0x159804080
[Elysia/DEBUG] Performing: load_local localVar#1 
[Elysia/DEBUG] Performing: load_member index(1) 
[Elysia/DEBUG] Increasing refcount of unsigned object
[Elysia/DEBUG] Address: 0x1598040d0
[Elysia/DEBUG] Performing: basic_cast_int 
[Elysia/DEBUG] Decreasing refcount of unsigned object
[Elysia/DEBUG] Address: 0x1598040d0
[Elysia/DEBUG] Performing: less_than 
[Elysia/DEBUG] Decreasing refcount of int object
[Elysia/DEBUG] Address: 0x159804080
[Elysia/DEBUG] Performing: jump_if_true codeBlock#4 
[Elysia/DEBUG] Performing: jump codeBlock#5 
[Elysia/DEBUG] Performing: load_local localVar#2 
[Elysia/DEBUG] Increasing refcount of int object
[Elysia/DEBUG] Address: 0x1598041d0
[Elysia/DEBUG] Performing: store_local localVar#5 
[Elysia/DEBUG] Decreasing refcount of int object
[Elysia/DEBUG] Address: 0x159804080
[Elysia/DEBUG] Performing: push_integer int(0) 
[Elysia/DEBUG] Performing: store_local localVar#6 
[Elysia/DEBUG] Performing: jump codeBlock#12 
[Elysia/DEBUG] Performing: load_local localVar#5 
[Elysia/DEBUG] Increasing refcount of int object
[Elysia/DEBUG] Address: 0x1598041d0
[Elysia/DEBUG] Performing: load_local localVar#0 
[Elysia/DEBUG] Performing: load_member index(1) 
[Elysia/DEBUG] Increasing refcount of unsigned object
[Elysia/DEBUG] Address: 0x159904280
[Elysia/DEBUG] Performing: basic_cast_int 
[Elysia/DEBUG] Decreasing refcount of unsigned object
[Elysia/DEBUG] Address: 0x159904280
[Elysia/DEBUG] Performing: less_than 
[Elysia/DEBUG] Decreasing refcount of int object
[Elysia/DEBUG] Address: 0x1598041d0
[Elysia/DEBUG] Performing: jump_if_true codeBlock#13 
[Elysia/DEBUG] Performing: jump codeBlock#14 
[Elysia/DEBUG] Performing: push_integer int(-1) 
[Elysia/DEBUG] Performing: ret 
[Elysia/DEBUG] Decreasing refcount of int object
[Elysia/DEBUG] Address: 0x1598041d0
[Elysia/DEBUG] Entering function array_int[]_gc_refcount_decrease
[Elysia/DEBUG] Decreasing refcount of int object
[Elysia/DEBUG] Address: 0x1598041d0
[Elysia/DEBUG] Performing: store_local localVar#3 
[Elysia/DEBUG] Decreasing refcount of int object
[Elysia/DEBUG] Address: 0x159804270
[Elysia/DEBUG] Performing: load_local localVar#3 
[Elysia/DEBUG] Increasing refcount of int object
[Elysia/DEBUG] Address: 0x159804080
[Elysia/DEBUG] Performing: push_integer int(-1) 
[Elysia/DEBUG] Performing: not_equal 
[Elysia/DEBUG] Decreasing refcount of int object
[Elysia/DEBUG] Address: 0x159804080
[Elysia/DEBUG] Performing: jump_if_true codeBlock#4 
[Elysia/DEBUG] Performing: jump codeBlock#5 
[Elysia/DEBUG] Performing: jump codeBlock#1 
[Elysia/DEBUG] Performing: load_local localVar#3 
[Elysia/DEBUG] Increasing refcount of int object
[Elysia/DEBUG] Address: 0x159804080
[Elysia/DEBUG] Performing: push_integer int(-1) 
[Elysia/DEBUG] Performing: not_equal 
[Elysia/DEBUG] Decreasing refcount of int object
[Elysia/DEBUG] Address: 0x159804080
[Elysia/DEBUG] Performing: jump_if_true codeBlock#2 
[Elysia/DEBUG] Performing: jump codeBlock#3 
[Elysia/DEBUG] Performing: load_local localVar#2 
[Elysia/DEBUG] Performing: ret 
[Elysia/DEBUG] Decreasing refcount of int object
[Elysia/DEBUG] Address: 0x159804080
[Elysia/DEBUG] Decreasing refcount of int object
[Elysia/DEBUG] Address: 0x1598041d0
[Elysia/DEBUG] Performing: basic_cast_unsigned 
[Elysia/DEBUG] Decreasing refcount of int object
[Elysia/DEBUG] Address: 0x1598041d0
[Elysia/DEBUG] Performing: store_local localVar#3 
[Elysia/DEBUG] Performing: load_local localVar#3 
[Elysia/DEBUG] Increasing refcount of unsigned object
[Elysia/DEBUG] Address: 0x1598041d0
[Elysia/DEBUG] Performing: push_unsigned unsigned(0) 
[Elysia/DEBUG] Performing: equal 
[Elysia/DEBUG] Decreasing refcount of unsigned object
[Elysia/DEBUG] Address: 0x1598041d0
[Elysia/DEBUG] Performing: jump_if_true codeBlock#1 
[Elysia/DEBUG] Performing: jump codeBlock#2 
[Elysia/DEBUG] Performing: new_struct index(3782547968) index(0) 
[Elysia/DEBUG] Performing: load_local localVar#0 
[Elysia/DEBUG] Performing: load_member index(1) 
[Elysia/DEBUG] Increasing refcount of unsigned object
[Elysia/DEBUG] Address: 0x159904280
[Elysia/DEBUG] Performing: load_local localVar#1 
[Elysia/DEBUG] Performing: load_member index(1) 
[Elysia/DEBUG] Increasing refcount of unsigned object
[Elysia/DEBUG] Address: 0x1598040d0
[Elysia/DEBUG] Performing: load_local localVar#3 
[Elysia/DEBUG] Increasing refcount of unsigned object
[Elysia/DEBUG] Address: 0x1598041d0
[Elysia/DEBUG] Performing: mul 
[Elysia/DEBUG] Decreasing refcount of unsigned object
[Elysia/DEBUG] Address: 0x1598040d0
[Elysia/DEBUG] Decreasing refcount of unsigned object
[Elysia/DEBUG] Address: 0x1598041d0
[Elysia/DEBUG] Performing: sub 
[Elysia/DEBUG] Decreasing refcount of unsigned object
[Elysia/DEBUG] Address: 0x159904280
[Elysia/DEBUG] Performing: load_local localVar#2 
[Elysia/DEBUG] Performing: load_member index(1) 
[Elysia/DEBUG] Increasing refcount of unsigned object
[Elysia/DEBUG] Address: 0x159804160
[Elysia/DEBUG] Performing: load_local localVar#3 
[Elysia/DEBUG] Increasing refcount of unsigned object
[Elysia/DEBUG] Address: 0x1598041d0
[Elysia/DEBUG] Performing: mul 
[Elysia/DEBUG] Decreasing refcount of unsigned object
[Elysia/DEBUG] Address: 0x159804160
[Elysia/DEBUG] Decreasing refcount of unsigned object
[Elysia/DEBUG] Address: 0x1598041d0
[Elysia/DEBUG] Performing: add 
[Elysia/DEBUG] Performing: invoke index(3782547968) index(26) index(2) 
[Elysia/DEBUG] Entering function 1_Str::constructor#unsigned
[Elysia/DEBUG] Performing: load_local localVar#1 
[Elysia/DEBUG] Increasing refcount of unsigned object
[Elysia/DEBUG] Address: 0x159804080
[Elysia/DEBUG] Performing: push_unsigned unsigned(1) 
[Elysia/DEBUG] Performing: less_than 
[Elysia/DEBUG] Decreasing refcount of unsigned object
[Elysia/DEBUG] Address: 0x159804080
[Elysia/DEBUG] Performing: jump_if_true codeBlock#1 
[Elysia/DEBUG] Performing: jump codeBlock#2 
[Elysia/DEBUG] Performing: push_unsigned unsigned(0) 
[Elysia/DEBUG] Performing: load_local localVar#0 
[Elysia/DEBUG] Performing: store_member index(1) 
[Elysia/DEBUG] Performing: load_local localVar#1 
[Elysia/DEBUG] Increasing refcount of unsigned object
[Elysia/DEBUG] Address: 0x159804080
[Elysia/DEBUG] Performing: load_local localVar#0 
[Elysia/DEBUG] Performing: store_member index(2) 
[Elysia/DEBUG] Performing: load_local localVar#1 
[Elysia/DEBUG] Increasing refcount of unsigned object
[Elysia/DEBUG] Address: 0x159804080
[Elysia/DEBUG] Performing: new_dynamic_array_char index(0) 
[Elysia/DEBUG] Decreasing refcount of unsigned object
[Elysia/DEBUG] Address: 0x159804080
[Elysia/DEBUG] Performing: load_local localVar#0 
[Elysia/DEBUG] Performing: store_member index(0) 
[Elysia/DEBUG] Entering function array_char[]_gc_refcount_decrease
[Elysia/DEBUG] Performing: push_character char(
[Elysia/DEBUG] Performing: load_local localVar#0 
[Elysia/DEBUG] Performing: load_member index(0) 
[Elysia/DEBUG] Entering function array_char[]_gc_refcount_increase
[Elysia/DEBUG] Performing: push_unsigned unsigned(0) 
[Elysia/DEBUG] Performing: store_element unknown 
[Elysia/DEBUG] Entering function array_char[]_gc_refcount_decrease
[Elysia/DEBUG] Performing: load_local localVar#0 
[Elysia/DEBUG] Performing: load_member index(0) 
[Elysia/DEBUG] Entering function array_char[]_gc_refcount_increase
[Elysia/DEBUG] Performing: push_unsigned unsigned(0) 
[Elysia/DEBUG] Performing: load_element 
[Elysia/DEBUG] Entering function array_char[]_gc_refcount_decrease
[Elysia/DEBUG] Performing: pop 
[Elysia/DEBUG] Popped value: loaded_val116
[Elysia/DEBUG] Performing: load_local localVar#0 
[Elysia/DEBUG] Performing: ret 
[Elysia/DEBUG] Decreasing refcount of unsigned object
[Elysia/DEBUG] Address: 0x159804080
[Elysia/DEBUG] Performing: store_local localVar#4 
[Elysia/DEBUG] Performing: load_local localVar#0 
[Elysia/DEBUG] Performing: load_local localVar#1 
[Elysia/DEBUG] Performing: invoke index(3782547968) index(13) index(2) 
[Elysia/DEBUG] Entering function 1_Str::find#struct#1#0
[Elysia/DEBUG] Performing: load_local localVar#0 
[Elysia/DEBUG] Performing: load_local localVar#1 
[Elysia/DEBUG] Performing: push_integer int(0) 
[Elysia/DEBUG] Performing: invoke index(3782547968) index(12) index(3) 
[Elysia/DEBUG] Entering function 1_Str::find#struct#1#0#int
[Elysia/DEBUG] Performing: load_local localVar#1 
[Elysia/DEBUG] Performing: load_member index(1) 
[Elysia/DEBUG] Increasing refcount of unsigned object
[Elysia/DEBUG] Address: 0x1598040d0
[Elysia/DEBUG] Performing: load_local localVar#0 
[Elysia/DEBUG] Performing: load_member index(1) 
[Elysia/DEBUG] Increasing refcount of unsigned object
[Elysia/DEBUG] Address: 0x159904280
[Elysia/DEBUG] Performing: greater_than 
[Elysia/DEBUG] Decreasing refcount of unsigned object
[Elysia/DEBUG] Address: 0x1598040d0
[Elysia/DEBUG] Decreasing refcount of unsigned object
[Elysia/DEBUG] Address: 0x159904280
[Elysia/DEBUG] Performing: jump_if_true codeBlock#1 
[Elysia/DEBUG] Performing: jump codeBlock#2 
[Elysia/DEBUG] Performing: push_integer int(0) 
[Elysia/DEBUG] Performing: load_local localVar#1 
[Elysia/DEBUG] Performing: load_member index(1) 
[Elysia/DEBUG] Increasing refcount of unsigned object
[Elysia/DEBUG] Address: 0x1598040d0
[Elysia/DEBUG] Performing: new_dynamic_array_int index(1) 
[Elysia/DEBUG] Decreasing refcount of unsigned object
[Elysia/DEBUG] Address: 0x1598040d0
[Elysia/DEBUG] Performing: store_local localVar#3 
[Elysia/DEBUG] Entering function array_int[]_gc_refcount_decrease
[Elysia/DEBUG] Performing: push_integer int(0) 
[Elysia/DEBUG] Performing: store_local localVar#4 
[Elysia/DEBUG] Performing: push_integer int(1) 
[Elysia/DEBUG] Performing: store_local localVar#5 
[Elysia/DEBUG] Performing: jump codeBlock#3 
[Elysia/DEBUG] Performing: load_local localVar#5 
[Elysia/DEBUG] Increasing refcount of int object
[Elysia/DEBUG] Address: 0x1598042f0
[Elysia/DEBUG] Performing: load_local localVar#1 
[Elysia/DEBUG] Performing: load_member index(1) 
[Elysia/DEBUG] Increasing refcount of unsigned object
[Elysia/DEBUG] Address: 0x1598040d0
[Elysia/DEBUG] Performing: basic_cast_int 
[Elysia/DEBUG] Decreasing refcount of unsigned object
[Elysia/DEBUG] Address: 0x1598040d0
[Elysia/DEBUG] Performing: less_than 
[Elysia/DEBUG] Decreasing refcount of int object
[Elysia/DEBUG] Address: 0x1598042f0
[Elysia/DEBUG] Performing: jump_if_true codeBlock#4 
[Elysia/DEBUG] Performing: load_local localVar#1 
[Elysia/DEBUG] Performing: load_local localVar#5 
[Elysia/DEBUG] Increasing refcount of int object
[Elysia/DEBUG] Address: 0x1598042f0
[Elysia/DEBUG] Performing: invoke index(3782547968) index(37) index(2) 
[Elysia/DEBUG] Entering function 1_Str::operator[]#struct#1#0#int
[Elysia/DEBUG] Performing: load_local localVar#1 
[Elysia/DEBUG] Increasing refcount of int object
[Elysia/DEBUG] Address: 0x1598042f0
[Elysia/DEBUG] Performing: push_integer int(0) 
[Elysia/DEBUG] Performing: less_than 
[Elysia/DEBUG] Decreasing refcount of int object
[Elysia/DEBUG] Address: 0x1598042f0
[Elysia/DEBUG] Performing: jump_if_true codeBlock#1 
[Elysia/DEBUG] Performing: load_local localVar#1 
[Elysia/DEBUG] Increasing refcount of int object
[Elysia/DEBUG] Address: 0x1598042f0
[Elysia/DEBUG] Performing: load_local localVar#0 
[Elysia/DEBUG] Performing: load_member index(1) 
[Elysia/DEBUG] Increasing refcount of unsigned object
[Elysia/DEBUG] Address: 0x1598040d0
[Elysia/DEBUG] Performing: basic_cast_int 
[Elysia/DEBUG] Decreasing refcount of unsigned object
[Elysia/DEBUG] Address: 0x1598040d0
[Elysia/DEBUG] Performing: greater_equal 
[Elysia/DEBUG] Decreasing refcount of int object
[Elysia/DEBUG] Address: 0x1598042f0
[Elysia/DEBUG] Performing: jump_if_true codeBlock#1 
[Elysia/DEBUG] Performing: jump codeBlock#2 
[Elysia/DEBUG] Performing: push_boolean bool(false) 
[Elysia/DEBUG] Performing: jump codeBlock#3 
[Elysia/DEBUG] Performing: jump_if_true codeBlock#4 
[Elysia/DEBUG] Performing: jump codeBlock#5 
[Elysia/DEBUG] Performing: load_local localVar#0 
[Elysia/DEBUG] Performing: load_member index(0) 
[Elysia/DEBUG] Entering function array_char[]_gc_refcount_increase
[Elysia/DEBUG] Performing: load_local localVar#1 
[Elysia/DEBUG] Increasing refcount of int object
[Elysia/DEBUG] Address: 0x1598042f0
[Elysia/DEBUG] Performing: basic_cast_unsigned 
[Elysia/DEBUG] Decreasing refcount of int object
[Elysia/DEBUG] Address: 0x1598042f0
[Elysia/DEBUG] Performing: load_element 
[Elysia/DEBUG] Entering function array_char[]_gc_refcount_decrease
[Elysia/DEBUG] Performing: ret 
[Elysia/DEBUG] Decreasing refcount of int object
[Elysia/DEBUG] Address: 0x1598042f0
[Elysia/DEBUG] Performing: load_local localVar#1 
[Elysia/DEBUG] Performing: load_local localVar#4 
[Elysia/DEBUG] Performing: invoke index(3782547968) index(37) index(2) 
[Elysia/DEBUG] Entering function 1_Str::operator[]#struct#1#0#int
[Elysia/DEBUG] Performing: load_local localVar#1 
[Elysia/DEBUG] Increasing refcount of int object
[Elysia/DEBUG] Address: 0x159804330
[Elysia/DEBUG] Performing: push_integer int(0) 
[Elysia/DEBUG] Performing: less_than 
[Elysia/DEBUG] Decreasing refcount of int object
[Elysia/DEBUG] Address: 0x159804330
[Elysia/DEBUG] Performing: jump_if_true codeBlock#1 
[Elysia/DEBUG] Performing: load_local localVar#1 
[Elysia/DEBUG] Increasing refcount of int object
[Elysia/DEBUG] Address: 0x159804330
[Elysia/DEBUG] Performing: load_local localVar#0 
[Elysia/DEBUG] Performing: load_member index(1) 
[Elysia/DEBUG] Increasing refcount of unsigned object
[Elysia/DEBUG] Address: 0x1598040d0
[Elysia/DEBUG] Performing: basic_cast_int 
[Elysia/DEBUG] Decreasing refcount of unsigned object
[Elysia/DEBUG] Address: 0x1598040d0
[Elysia/DEBUG] Performing: greater_equal 
[Elysia/DEBUG] Decreasing refcount of int object
[Elysia/DEBUG] Address: 0x159804330
[Elysia/DEBUG] Performing: jump_if_true codeBlock#1 
[Elysia/DEBUG] Performing: jump codeBlock#2 
[Elysia/DEBUG] Performing: push_boolean bool(false) 
[Elysia/DEBUG] Performing: jump codeBlock#3 
[Elysia/DEBUG] Performing: jump_if_true codeBlock#4 
[Elysia/DEBUG] Performing: jump codeBlock#5 
[Elysia/DEBUG] Performing: load_local localVar#0 
[Elysia/DEBUG] Performing: load_member index(0) 
[Elysia/DEBUG] Entering function array_char[]_gc_refcount_increase
[Elysia/DEBUG] Performing: load_local localVar#1 
[Elysia/DEBUG] Increasing refcount of int object
[Elysia/DEBUG] Address: 0x159804330
[Elysia/DEBUG] Performing: basic_cast_unsigned 
[Elysia/DEBUG] Decreasing refcount of int object
[Elysia/DEBUG] Address: 0x159804330
[Elysia/DEBUG] Performing: load_element 
[Elysia/DEBUG] Entering function array_char[]_gc_refcount_decrease
[Elysia/DEBUG] Performing: ret 
[Elysia/DEBUG] Decreasing refcount of int object
[Elysia/DEBUG] Address: 0x159804330
[Elysia/DEBUG] Performing: equal 
[Elysia/DEBUG] Decreasing refcount of char object
[Elysia/DEBUG] Address: 0x159804310
[Elysia/DEBUG] Decreasing refcount of char object
[Elysia/DEBUG] Address: 0x159804330
[Elysia/DEBUG] Performing: jump_if_true codeBlock#6 
[Elysia/DEBUG] Performing: jump codeBlock#8 
[Elysia/DEBUG] Performing: load_local localVar#4 
[Elysia/DEBUG] Performing: push_integer int(0) 
[Elysia/DEBUG] Performing: equal 
[Elysia/DEBUG] Performing: jump_if_true codeBlock#9 
[Elysia/DEBUG] Performing: push_integer int(0) 
[Elysia/DEBUG] Performing: load_local localVar#3 
[Elysia/DEBUG] Entering function array_int[]_gc_refcount_increase
[Elysia/DEBUG] Performing: push_unsigned unsigned(0) 
[Elysia/DEBUG] Performing: load_local localVar#5 
[Elysia/DEBUG] Increasing refcount of int object
[Elysia/DEBUG] Address: 0x1598042f0
[Elysia/DEBUG] Performing: basic_cast_unsigned 
[Elysia/DEBUG] Decreasing refcount of int object
[Elysia/DEBUG] Address: 0x1598042f0
[Elysia/DEBUG] Performing: push_unsigned unsigned(1) 
[Elysia/DEBUG] Performing: mul 
[Elysia/DEBUG] Performing: add 
[Elysia/DEBUG] Performing: store_element unknown 
[Elysia/DEBUG] Entering function array_int[]_gc_refcount_decrease
[Elysia/DEBUG] Performing: load_local localVar#3 
[Elysia/DEBUG] Entering function array_int[]_gc_refcount_increase
[Elysia/DEBUG] Performing: push_unsigned unsigned(0) 
[Elysia/DEBUG] Performing: load_local localVar#5 
[Elysia/DEBUG] Increasing refcount of int object
[Elysia/DEBUG] Address: 0x1598042f0
[Elysia/DEBUG] Performing: basic_cast_unsigned 
[Elysia/DEBUG] Decreasing refcount of int object
[Elysia/DEBUG] Address: 0x1598042f0
[Elysia/DEBUG] Performing: push_unsigned unsigned(1) 
[Elysia/DEBUG] Performing: mul 
[Elysia/DEBUG] Performing: add 
[Elysia/DEBUG] Performing: load_element 
[Elysia/DEBUG] Entering function array_int[]_gc_refcount_decrease
[Elysia/DEBUG] Performing: pop 
[Elysia/DEBUG] Popped value: loaded_val340
[Elysia/DEBUG] Performing: load_local localVar#5 
[Elysia/DEBUG] Increasing refcount of int object
[Elysia/DEBUG] Address: 0x1598042f0
[Elysia/DEBUG] Performing: push_integer int(1) 
[Elysia/DEBUG] Performing: add 
[Elysia/DEBUG] Decreasing refcount of int object
[Elysia/DEBUG] Address: 0x1598042f0
[Elysia/DEBUG] Performing: store_local localVar#5 
[Elysia/DEBUG] Decreasing refcount of int object
[Elysia/DEBUG] Address: 0x1598042f0
[Elysia/DEBUG] Performing: jump codeBlock#10 
[Elysia/DEBUG] Performing: jump codeBlock#7 
[Elysia/DEBUG] Performing: jump codeBlock#3 
[Elysia/DEBUG] Performing: load_local localVar#5 
[Elysia/DEBUG] Increasing refcount of int object
[Elysia/DEBUG] Address: 0x1598042f0
[Elysia/DEBUG] Performing: load_local localVar#1 
[Elysia/DEBUG] Performing: load_member index(1) 
[Elysia/DEBUG] Increasing refcount of unsigned object
[Elysia/DEBUG] Address: 0x1598040d0
[Elysia/DEBUG] Performing: basic_cast_int 
[Elysia/DEBUG] Decreasing refcount of unsigned object
[Elysia/DEBUG] Address: 0x1598040d0
[Elysia/DEBUG] Performing: less_than 
[Elysia/DEBUG] Decreasing refcount of int object
[Elysia/DEBUG] Address: 0x1598042f0
[Elysia/DEBUG] Performing: jump_if_true codeBlock#4 
[Elysia/DEBUG] Performing: load_local localVar#1 
[Elysia/DEBUG] Performing: load_local localVar#5 
[Elysia/DEBUG] Increasing refcount of int object
[Elysia/DEBUG] Address: 0x1598042f0
[Elysia/DEBUG] Performing: invoke index(3782547968) index(37) index(2) 
[Elysia/DEBUG] Entering function 1_Str::operator[]#struct#1#0#int
[Elysia/DEBUG] Performing: load_local localVar#1 
[Elysia/DEBUG] Increasing refcount of int object
[Elysia/DEBUG] Address: 0x1598042f0
[Elysia/DEBUG] Performing: push_integer int(0) 
[Elysia/DEBUG] Performing: less_than 
[Elysia/DEBUG] Decreasing refcount of int object
[Elysia/DEBUG] Address: 0x1598042f0
[Elysia/DEBUG] Performing: jump_if_true codeBlock#1 
[Elysia/DEBUG] Performing: load_local localVar#1 
[Elysia/DEBUG] Increasing refcount of int object
[Elysia/DEBUG] Address: 0x1598042f0
[Elysia/DEBUG] Performing: load_local localVar#0 
[Elysia/DEBUG] Performing: load_member index(1) 
[Elysia/DEBUG] Increasing refcount of unsigned object
[Elysia/DEBUG] Address: 0x1598040d0
[Elysia/DEBUG] Performing: basic_cast_int 
[Elysia/DEBUG] Decreasing refcount of unsigned object
[Elysia/DEBUG] Address: 0x1598040d0
[Elysia/DEBUG] Performing: greater_equal 
[Elysia/DEBUG] Decreasing refcount of int object
[Elysia/DEBUG] Address: 0x1598042f0
[Elysia/DEBUG] Performing: jump_if_true codeBlock#1 
[Elysia/DEBUG] Performing: jump codeBlock#2 
[Elysia/DEBUG] Performing: push_boolean bool(false) 
[Elysia/DEBUG] Performing: jump codeBlock#3 
[Elysia/DEBUG] Performing: jump_if_true codeBlock#4 
[Elysia/DEBUG] Performing: jump codeBlock#5 
[Elysia/DEBUG] Performing: load_local localVar#0 
[Elysia/DEBUG] Performing: load_member index(0) 
[Elysia/DEBUG] Entering function array_char[]_gc_refcount_increase
[Elysia/DEBUG] Performing: load_local localVar#1 
[Elysia/DEBUG] Increasing refcount of int object
[Elysia/DEBUG] Address: 0x1598042f0
[Elysia/DEBUG] Performing: basic_cast_unsigned 
[Elysia/DEBUG] Decreasing refcount of int object
[Elysia/DEBUG] Address: 0x1598042f0
[Elysia/DEBUG] Performing: load_element 
[Elysia/DEBUG] Entering function array_char[]_gc_refcount_decrease
[Elysia/DEBUG] Performing: ret 
[Elysia/DEBUG] Decreasing refcount of int object
[Elysia/DEBUG] Address: 0x1598042f0
[Elysia/DEBUG] Performing: load_local localVar#1 
[Elysia/DEBUG] Performing: load_local localVar#4 
[Elysia/DEBUG] Performing: invoke index(3782547968) index(37) index(2) 
[Elysia/DEBUG] Entering function 1_Str::operator[]#struct#1#0#int
[Elysia/DEBUG] Performing: load_local localVar#1 
[Elysia/DEBUG] Increasing refcount of int object
[Elysia/DEBUG] Address: 0x159804330
[Elysia/DEBUG] Performing: push_integer int(0) 
[Elysia/DEBUG] Performing: less_than 
[Elysia/DEBUG] Decreasing refcount of int object
[Elysia/DEBUG] Address: 0x159804330
[Elysia/DEBUG] Performing: jump_if_true codeBlock#1 
[Elysia/DEBUG] Performing: load_local localVar#1 
[Elysia/DEBUG] Increasing refcount of int object
[Elysia/DEBUG] Address: 0x159804330
[Elysia/DEBUG] Performing: load_local localVar#0 
[Elysia/DEBUG] Performing: load_member index(1) 
[Elysia/DEBUG] Increasing refcount of unsigned object
[Elysia/DEBUG] Address: 0x1598040d0
[Elysia/DEBUG] Performing: basic_cast_int 
[Elysia/DEBUG] Decreasing refcount of unsigned object
[Elysia/DEBUG] Address: 0x1598040d0
[Elysia/DEBUG] Performing: greater_equal 
[Elysia/DEBUG] Decreasing refcount of int object
[Elysia/DEBUG] Address: 0x159804330
[Elysia/DEBUG] Performing: jump_if_true codeBlock#1 
[Elysia/DEBUG] Performing: jump codeBlock#2 
[Elysia/DEBUG] Performing: push_boolean bool(false) 
[Elysia/DEBUG] Performing: jump codeBlock#3 
[Elysia/DEBUG] Performing: jump_if_true codeBlock#4 
[Elysia/DEBUG] Performing: jump codeBlock#5 
[Elysia/DEBUG] Performing: load_local localVar#0 
[Elysia/DEBUG] Performing: load_member index(0) 
[Elysia/DEBUG] Entering function array_char[]_gc_refcount_increase
[Elysia/DEBUG] Performing: load_local localVar#1 
[Elysia/DEBUG] Increasing refcount of int object
[Elysia/DEBUG] Address: 0x159804330
[Elysia/DEBUG] Performing: basic_cast_unsigned 
[Elysia/DEBUG] Decreasing refcount of int object
[Elysia/DEBUG] Address: 0x159804330
[Elysia/DEBUG] Performing: load_element 
[Elysia/DEBUG] Entering function array_char[]_gc_refcount_decrease
[Elysia/DEBUG] Performing: ret 
[Elysia/DEBUG] Decreasing refcount of int object
[Elysia/DEBUG] Address: 0x159804330
[Elysia/DEBUG] Performing: equal 
[Elysia/DEBUG] Decreasing refcount of char object
[Elysia/DEBUG] Address: 0x159804310
[Elysia/DEBUG] Decreasing refcount of char object
[Elysia/DEBUG] Address: 0x159804330
[Elysia/DEBUG] Performing: jump_if_true codeBlock#6 
[Elysia/DEBUG] Performing: jump codeBlock#8 
[Elysia/DEBUG] Performing: load_local localVar#4 
[Elysia/DEBUG] Performing: push_integer int(0) 
[Elysia/DEBUG] Performing: equal 
[Elysia/DEBUG] Performing: jump_if_true codeBlock#9 
[Elysia/DEBUG] Performing: push_integer int(0) 
[Elysia/DEBUG] Performing: load_local localVar#3 
[Elysia/DEBUG] Entering function array_int[]_gc_refcount_increase
[Elysia/DEBUG] Performing: push_unsigned unsigned(0) 
[Elysia/DEBUG] Performing: load_local localVar#5 
[Elysia/DEBUG] Increasing refcount of int object
[Elysia/DEBUG] Address: 0x1598042f0
[Elysia/DEBUG] Performing: basic_cast_unsigned 
[Elysia/DEBUG] Decreasing refcount of int object
[Elysia/DEBUG] Address: 0x1598042f0
[Elysia/DEBUG] Performing: push_unsigned unsigned(1) 
[Elysia/DEBUG] Performing: mul 
[Elysia/DEBUG] Performing: add 
[Elysia/DEBUG] Performing: store_element unknown 
[Elysia/DEBUG] Entering function array_int[]_gc_refcount_decrease
[Elysia/DEBUG] Performing: load_local localVar#3 
[Elysia/DEBUG] Entering function array_int[]_gc_refcount_increase
[Elysia/DEBUG] Performing: push_unsigned unsigned(0) 
[Elysia/DEBUG] Performing: load_local localVar#5 
[Elysia/DEBUG] Increasing refcount of int object
[Elysia/DEBUG] Address: 0x1598042f0
[Elysia/DEBUG] Performing: basic_cast_unsigned 
[Elysia/DEBUG] Decreasing refcount of int object
[Elysia/DEBUG] Address: 0x1598042f0
[Elysia/DEBUG] Performing: push_unsigned unsigned(1) 
[Elysia/DEBUG] Performing: mul 
[Elysia/DEBUG] Performing: add 
[Elysia/DEBUG] Performing: load_element 
[Elysia/DEBUG] Entering function array_int[]_gc_refcount_decrease
[Elysia/DEBUG] Performing: pop 
[Elysia/DEBUG] Popped value: loaded_val340
[Elysia/DEBUG] Performing: load_local localVar#5 
[Elysia/DEBUG] Increasing refcount of int object
[Elysia/DEBUG] Address: 0x1598042f0
[Elysia/DEBUG] Performing: push_integer int(1) 
[Elysia/DEBUG] Performing: add 
[Elysia/DEBUG] Decreasing refcount of int object
[Elysia/DEBUG] Address: 0x1598042f0
[Elysia/DEBUG] Performing: store_local localVar#5 
[Elysia/DEBUG] Decreasing refcount of int object
[Elysia/DEBUG] Address: 0x1598042f0
[Elysia/DEBUG] Performing: jump codeBlock#10 
[Elysia/DEBUG] Performing: jump codeBlock#7 
[Elysia/DEBUG] Performing: jump codeBlock#3 
[Elysia/DEBUG] Performing: load_local localVar#5 
[Elysia/DEBUG] Increasing refcount of int object
[Elysia/DEBUG] Address: 0x1598042f0
[Elysia/DEBUG] Performing: load_local localVar#1 
[Elysia/DEBUG] Performing: load_member index(1) 
[Elysia/DEBUG] Increasing refcount of unsigned object
[Elysia/DEBUG] Address: 0x1598040d0
[Elysia/DEBUG] Performing: basic_cast_int 
[Elysia/DEBUG] Decreasing refcount of unsigned object
[Elysia/DEBUG] Address: 0x1598040d0
[Elysia/DEBUG] Performing: less_than 
[Elysia/DEBUG] Decreasing refcount of int object
[Elysia/DEBUG] Address: 0x1598042f0
[Elysia/DEBUG] Performing: jump_if_true codeBlock#4 
[Elysia/DEBUG] Performing: load_local localVar#1 
[Elysia/DEBUG] Performing: load_local localVar#5 
[Elysia/DEBUG] Increasing refcount of int object
[Elysia/DEBUG] Address: 0x1598042f0
[Elysia/DEBUG] Performing: invoke index(3782547968) index(37) index(2) 
[Elysia/DEBUG] Entering function 1_Str::operator[]#struct#1#0#int
[Elysia/DEBUG] Performing: load_local localVar#1 
[Elysia/DEBUG] Increasing refcount of int object
[Elysia/DEBUG] Address: 0x1598042f0
[Elysia/DEBUG] Performing: push_integer int(0) 
[Elysia/DEBUG] Performing: less_than 
[Elysia/DEBUG] Decreasing refcount of int object
[Elysia/DEBUG] Address: 0x1598042f0
[Elysia/DEBUG] Performing: jump_if_true codeBlock#1 
[Elysia/DEBUG] Performing: load_local localVar#1 
[Elysia/DEBUG] Increasing refcount of int object
[Elysia/DEBUG] Address: 0x1598042f0
[Elysia/DEBUG] Performing: load_local localVar#0 
[Elysia/DEBUG] Performing: load_member index(1) 
[Elysia/DEBUG] Increasing refcount of unsigned object
[Elysia/DEBUG] Address: 0x1598040d0
[Elysia/DEBUG] Performing: basic_cast_int 
[Elysia/DEBUG] Decreasing refcount of unsigned object
[Elysia/DEBUG] Address: 0x1598040d0
[Elysia/DEBUG] Performing: greater_equal 
[Elysia/DEBUG] Decreasing refcount of int object
[Elysia/DEBUG] Address: 0x1598042f0
[Elysia/DEBUG] Performing: jump_if_true codeBlock#1 
[Elysia/DEBUG] Performing: jump codeBlock#2 
[Elysia/DEBUG] Performing: push_boolean bool(false) 
[Elysia/DEBUG] Performing: jump codeBlock#3 
[Elysia/DEBUG] Performing: jump_if_true codeBlock#4 
[Elysia/DEBUG] Performing: jump codeBlock#5 
[Elysia/DEBUG] Performing: load_local localVar#0 
[Elysia/DEBUG] Performing: load_member index(0) 
[Elysia/DEBUG] Entering function array_char[]_gc_refcount_increase
[Elysia/DEBUG] Performing: load_local localVar#1 
[Elysia/DEBUG] Increasing refcount of int object
[Elysia/DEBUG] Address: 0x1598042f0
[Elysia/DEBUG] Performing: basic_cast_unsigned 
[Elysia/DEBUG] Decreasing refcount of int object
[Elysia/DEBUG] Address: 0x1598042f0
[Elysia/DEBUG] Performing: load_element 
[Elysia/DEBUG] Entering function array_char[]_gc_refcount_decrease
[Elysia/DEBUG] Performing: ret 
[Elysia/DEBUG] Decreasing refcount of int object
[Elysia/DEBUG] Address: 0x1598042f0
[Elysia/DEBUG] Performing: load_local localVar#1 
[Elysia/DEBUG] Performing: load_local localVar#4 
[Elysia/DEBUG] Performing: invoke index(3782547968) index(37) index(2) 
[Elysia/DEBUG] Entering function 1_Str::operator[]#struct#1#0#int
[Elysia/DEBUG] Performing: load_local localVar#1 
[Elysia/DEBUG] Increasing refcount of int object
[Elysia/DEBUG] Address: 0x159804330
[Elysia/DEBUG] Performing: push_integer int(0) 
[Elysia/DEBUG] Performing: less_than 
[Elysia/DEBUG] Decreasing refcount of int object
[Elysia/DEBUG] Address: 0x159804330
[Elysia/DEBUG] Performing: jump_if_true codeBlock#1 
[Elysia/DEBUG] Performing: load_local localVar#1 
[Elysia/DEBUG] Increasing refcount of int object
[Elysia/DEBUG] Address: 0x159804330
[Elysia/DEBUG] Performing: load_local localVar#0 
[Elysia/DEBUG] Performing: load_member index(1) 
[Elysia/DEBUG] Increasing refcount of unsigned object
[Elysia/DEBUG] Address: 0x1598040d0
[Elysia/DEBUG] Performing: basic_cast_int 
[Elysia/DEBUG] Decreasing refcount of unsigned object
[Elysia/DEBUG] Address: 0x1598040d0
[Elysia/DEBUG] Performing: greater_equal 
[Elysia/DEBUG] Decreasing refcount of int object
[Elysia/DEBUG] Address: 0x159804330
[Elysia/DEBUG] Performing: jump_if_true codeBlock#1 
[Elysia/DEBUG] Performing: jump codeBlock#2 
[Elysia/DEBUG] Performing: push_boolean bool(false) 
[Elysia/DEBUG] Performing: jump codeBlock#3 
[Elysia/DEBUG] Performing: jump_if_true codeBlock#4 
[Elysia/DEBUG] Performing: jump codeBlock#5 
[Elysia/DEBUG] Performing: load_local localVar#0 
[Elysia/DEBUG] Performing: load_member index(0) 
[Elysia/DEBUG] Entering function array_char[]_gc_refcount_increase
[Elysia/DEBUG] Performing: load_local localVar#1 
[Elysia/DEBUG] Increasing refcount of int object
[Elysia/DEBUG] Address: 0x159804330
[Elysia/DEBUG] Performing: basic_cast_unsigned 
[Elysia/DEBUG] Decreasing refcount of int object
[Elysia/DEBUG] Address: 0x159804330
[Elysia/DEBUG] Performing: load_element 
[Elysia/DEBUG] Entering function array_char[]_gc_refcount_decrease
[Elysia/DEBUG] Performing: ret 
[Elysia/DEBUG] Decreasing refcount of int object
[Elysia/DEBUG] Address: 0x159804330
[Elysia/DEBUG] Performing: equal 
[Elysia/DEBUG] Decreasing refcount of char object
[Elysia/DEBUG] Address: 0x159804310
[Elysia/DEBUG] Decreasing refcount of char object
[Elysia/DEBUG] Address: 0x159804330
[Elysia/DEBUG] Performing: jump_if_true codeBlock#6 
[Elysia/DEBUG] Performing: jump codeBlock#8 
[Elysia/DEBUG] Performing: load_local localVar#4 
[Elysia/DEBUG] Performing: push_integer int(0) 
[Elysia/DEBUG] Performing: equal 
[Elysia/DEBUG] Performing: jump_if_true codeBlock#9 
[Elysia/DEBUG] Performing: push_integer int(0) 
[Elysia/DEBUG] Performing: load_local localVar#3 
[Elysia/DEBUG] Entering function array_int[]_gc_refcount_increase
[Elysia/DEBUG] Performing: push_unsigned unsigned(0) 
[Elysia/DEBUG] Performing: load_local localVar#5 
[Elysia/DEBUG] Increasing refcount of int object
[Elysia/DEBUG] Address: 0x1598042f0
[Elysia/DEBUG] Performing: basic_cast_unsigned 
[Elysia/DEBUG] Decreasing refcount of int object
[Elysia/DEBUG] Address: 0x1598042f0
[Elysia/DEBUG] Performing: push_unsigned unsigned(1) 
[Elysia/DEBUG] Performing: mul 
[Elysia/DEBUG] Performing: add 
[Elysia/DEBUG] Performing: store_element unknown 
[Elysia/DEBUG] Entering function array_int[]_gc_refcount_decrease
[Elysia/DEBUG] Performing: load_local localVar#3 
[Elysia/DEBUG] Entering function array_int[]_gc_refcount_increase
[Elysia/DEBUG] Performing: push_unsigned unsigned(0) 
[Elysia/DEBUG] Performing: load_local localVar#5 
[Elysia/DEBUG] Increasing refcount of int object
[Elysia/DEBUG] Address: 0x1598042f0
[Elysia/DEBUG] Performing: basic_cast_unsigned 
[Elysia/DEBUG] Decreasing refcount of int object
[Elysia/DEBUG] Address: 0x1598042f0
[Elysia/DEBUG] Performing: push_unsigned unsigned(1) 
[Elysia/DEBUG] Performing: mul 
[Elysia/DEBUG] Performing: add 
[Elysia/DEBUG] Performing: load_element 
[Elysia/DEBUG] Entering function array_int[]_gc_refcount_decrease
[Elysia/DEBUG] Performing: pop 
[Elysia/DEBUG] Popped value: loaded_val340
[Elysia/DEBUG] Performing: load_local localVar#5 
[Elysia/DEBUG] Increasing refcount of int object
[Elysia/DEBUG] Address: 0x1598042f0
[Elysia/DEBUG] Performing: push_integer int(1) 
[Elysia/DEBUG] Performing: add 
[Elysia/DEBUG] Decreasing refcount of int object
[Elysia/DEBUG] Address: 0x1598042f0
[Elysia/DEBUG] Performing: store_local localVar#5 
[Elysia/DEBUG] Decreasing refcount of int object
[Elysia/DEBUG] Address: 0x1598042f0
[Elysia/DEBUG] Performing: jump codeBlock#10 
[Elysia/DEBUG] Performing: jump codeBlock#7 
[Elysia/DEBUG] Performing: jump codeBlock#3 
[Elysia/DEBUG] Performing: load_local localVar#5 
[Elysia/DEBUG] Increasing refcount of int object
[Elysia/DEBUG] Address: 0x1598042f0
[Elysia/DEBUG] Performing: load_local localVar#1 
[Elysia/DEBUG] Performing: load_member index(1) 
[Elysia/DEBUG] Increasing refcount of unsigned object
[Elysia/DEBUG] Address: 0x1598040d0
[Elysia/DEBUG] Performing: basic_cast_int 
[Elysia/DEBUG] Decreasing refcount of unsigned object
[Elysia/DEBUG] Address: 0x1598040d0
[Elysia/DEBUG] Performing: less_than 
[Elysia/DEBUG] Decreasing refcount of int object
[Elysia/DEBUG] Address: 0x1598042f0
[Elysia/DEBUG] Performing: jump_if_true codeBlock#4 
[Elysia/DEBUG] Performing: jump codeBlock#5 
[Elysia/DEBUG] Performing: load_local localVar#2 
[Elysia/DEBUG] Increasing refcount of int object
[Elysia/DEBUG] Address: 0x159804290
[Elysia/DEBUG] Performing: store_local localVar#5 
[Elysia/DEBUG] Decreasing refcount of int object
[Elysia/DEBUG] Address: 0x1598042f0
[Elysia/DEBUG] Performing: push_integer int(0) 
[Elysia/DEBUG] Performing: store_local localVar#6 
[Elysia/DEBUG] Performing: jump codeBlock#12 
[Elysia/DEBUG] Performing: load_local localVar#5 
[Elysia/DEBUG] Increasing refcount of int object
[Elysia/DEBUG] Address: 0x159804290
[Elysia/DEBUG] Performing: load_local localVar#0 
[Elysia/DEBUG] Performing: load_member index(1) 
[Elysia/DEBUG] Increasing refcount of unsigned object
[Elysia/DEBUG] Address: 0x159904280
[Elysia/DEBUG] Performing: basic_cast_int 
[Elysia/DEBUG] Decreasing refcount of unsigned object
[Elysia/DEBUG] Address: 0x159904280
[Elysia/DEBUG] Performing: less_than 
[Elysia/DEBUG] Decreasing refcount of int object
[Elysia/DEBUG] Address: 0x159804290
[Elysia/DEBUG] Performing: jump_if_true codeBlock#13 
[Elysia/DEBUG] Performing: load_local localVar#0 
[Elysia/DEBUG] Performing: load_local localVar#5 
[Elysia/DEBUG] Increasing refcount of int object
[Elysia/DEBUG] Address: 0x159804290
[Elysia/DEBUG] Performing: invoke index(3782547968) index(37) index(2) 
[Elysia/DEBUG] Entering function 1_Str::operator[]#struct#1#0#int
[Elysia/DEBUG] Performing: load_local localVar#1 
[Elysia/DEBUG] Increasing refcount of int object
[Elysia/DEBUG] Address: 0x159804290
[Elysia/DEBUG] Performing: push_integer int(0) 
[Elysia/DEBUG] Performing: less_than 
[Elysia/DEBUG] Decreasing refcount of int object
[Elysia/DEBUG] Address: 0x159804290
[Elysia/DEBUG] Performing: jump_if_true codeBlock#1 
[Elysia/DEBUG] Performing: load_local localVar#1 
[Elysia/DEBUG] Increasing refcount of int object
[Elysia/DEBUG] Address: 0x159804290
[Elysia/DEBUG] Performing: load_local localVar#0 
[Elysia/DEBUG] Performing: load_member index(1) 
[Elysia/DEBUG] Increasing refcount of unsigned object
[Elysia/DEBUG] Address: 0x159904280
[Elysia/DEBUG] Performing: basic_cast_int 
[Elysia/DEBUG] Decreasing refcount of unsigned object
[Elysia/DEBUG] Address: 0x159904280
[Elysia/DEBUG] Performing: greater_equal 
[Elysia/DEBUG] Decreasing refcount of int object
[Elysia/DEBUG] Address: 0x159804290
[Elysia/DEBUG] Performing: jump_if_true codeBlock#1 
[Elysia/DEBUG] Performing: jump codeBlock#2 
[Elysia/DEBUG] Performing: push_boolean bool(false) 
[Elysia/DEBUG] Performing: jump codeBlock#3 
[Elysia/DEBUG] Performing: jump_if_true codeBlock#4 
[Elysia/DEBUG] Performing: jump codeBlock#5 
[Elysia/DEBUG] Performing: load_local localVar#0 
[Elysia/DEBUG] Performing: load_member index(0) 
[Elysia/DEBUG] Entering function array_char[]_gc_refcount_increase
[Elysia/DEBUG] Performing: load_local localVar#1 
[Elysia/DEBUG] Increasing refcount of int object
[Elysia/DEBUG] Address: 0x159804290
[Elysia/DEBUG] Performing: basic_cast_unsigned 
[Elysia/DEBUG] Decreasing refcount of int object
[Elysia/DEBUG] Address: 0x159804290
[Elysia/DEBUG] Performing: load_element 
[Elysia/DEBUG] Entering function array_char[]_gc_refcount_decrease
[Elysia/DEBUG] Performing: ret 
[Elysia/DEBUG] Decreasing refcount of int object
[Elysia/DEBUG] Address: 0x159804290
[Elysia/DEBUG] Performing: load_local localVar#1 
[Elysia/DEBUG] Performing: load_local localVar#6 
[Elysia/DEBUG] Performing: invoke index(3782547968) index(37) index(2) 
[Elysia/DEBUG] Entering function 1_Str::operator[]#struct#1#0#int
[Elysia/DEBUG] Performing: load_local localVar#1 
[Elysia/DEBUG] Increasing refcount of int object
[Elysia/DEBUG] Address: 0x159804310
[Elysia/DEBUG] Performing: push_integer int(0) 
[Elysia/DEBUG] Performing: less_than 
[Elysia/DEBUG] Decreasing refcount of int object
[Elysia/DEBUG] Address: 0x159804310
[Elysia/DEBUG] Performing: jump_if_true codeBlock#1 
[Elysia/DEBUG] Performing: load_local localVar#1 
[Elysia/DEBUG] Increasing refcount of int object
[Elysia/DEBUG] Address: 0x159804310
[Elysia/DEBUG] Performing: load_local localVar#0 
[Elysia/DEBUG] Performing: load_member index(1) 
[Elysia/DEBUG] Increasing refcount of unsigned object
[Elysia/DEBUG] Address: 0x1598040d0
[Elysia/DEBUG] Performing: basic_cast_int 
[Elysia/DEBUG] Decreasing refcount of unsigned object
[Elysia/DEBUG] Address: 0x1598040d0
[Elysia/DEBUG] Performing: greater_equal 
[Elysia/DEBUG] Decreasing refcount of int object
[Elysia/DEBUG] Address: 0x159804310
[Elysia/DEBUG] Performing: jump_if_true codeBlock#1 
[Elysia/DEBUG] Performing: jump codeBlock#2 
[Elysia/DEBUG] Performing: push_boolean bool(false) 
[Elysia/DEBUG] Performing: jump codeBlock#3 
[Elysia/DEBUG] Performing: jump_if_true codeBlock#4 
[Elysia/DEBUG] Performing: jump codeBlock#5 
[Elysia/DEBUG] Performing: load_local localVar#0 
[Elysia/DEBUG] Performing: load_member index(0) 
[Elysia/DEBUG] Entering function array_char[]_gc_refcount_increase
[Elysia/DEBUG] Performing: load_local localVar#1 
[Elysia/DEBUG] Increasing refcount of int object
[Elysia/DEBUG] Address: 0x159804310
[Elysia/DEBUG] Performing: basic_cast_unsigned 
[Elysia/DEBUG] Decreasing refcount of int object
[Elysia/DEBUG] Address: 0x159804310
[Elysia/DEBUG] Performing: load_element 
[Elysia/DEBUG] Entering function array_char[]_gc_refcount_decrease
[Elysia/DEBUG] Performing: ret 
[Elysia/DEBUG] Decreasing refcount of int object
[Elysia/DEBUG] Address: 0x159804310
[Elysia/DEBUG] Performing: equal 
[Elysia/DEBUG] Decreasing refcount of char object
[Elysia/DEBUG] Address: 0x1598042f0
[Elysia/DEBUG] Decreasing refcount of char object
[Elysia/DEBUG] Address: 0x159804310
[Elysia/DEBUG] Performing: jump_if_true codeBlock#15 
[Elysia/DEBUG] Performing: load_local localVar#5 
[Elysia/DEBUG] Increasing refcount of int object
[Elysia/DEBUG] Address: 0x159804290
[Elysia/DEBUG] Performing: push_integer int(1) 
[Elysia/DEBUG] Performing: add 
[Elysia/DEBUG] Decreasing refcount of int object
[Elysia/DEBUG] Address: 0x159804290
[Elysia/DEBUG] Performing: store_local localVar#5 
[Elysia/DEBUG] Decreasing refcount of int object
[Elysia/DEBUG] Address: 0x159804290
[Elysia/DEBUG] Performing: load_local localVar#6 
[Elysia/DEBUG] Performing: push_integer int(1) 
[Elysia/DEBUG] Performing: add 
[Elysia/DEBUG] Performing: store_local localVar#6 
[Elysia/DEBUG] Performing: jump codeBlock#16 
[Elysia/DEBUG] Performing: load_local localVar#6 
[Elysia/DEBUG] Performing: load_local localVar#1 
[Elysia/DEBUG] Performing: load_member index(1) 
[Elysia/DEBUG] Increasing refcount of unsigned object
[Elysia/DEBUG] Address: 0x1598040d0
[Elysia/DEBUG] Performing: basic_cast_int 
[Elysia/DEBUG] Decreasing refcount of unsigned object
[Elysia/DEBUG] Address: 0x1598040d0
[Elysia/DEBUG] Performing: equal 
[Elysia/DEBUG] Performing: jump_if_true codeBlock#19 
[Elysia/DEBUG] Performing: jump codeBlock#20 
[Elysia/DEBUG] Performing: jump codeBlock#12 
[Elysia/DEBUG] Performing: load_local localVar#5 
[Elysia/DEBUG] Increasing refcount of int object
[Elysia/DEBUG] Address: 0x159804310
[Elysia/DEBUG] Performing: load_local localVar#0 
[Elysia/DEBUG] Performing: load_member index(1) 
[Elysia/DEBUG] Increasing refcount of unsigned object
[Elysia/DEBUG] Address: 0x159904280
[Elysia/DEBUG] Performing: basic_cast_int 
[Elysia/DEBUG] Decreasing refcount of unsigned object
[Elysia/DEBUG] Address: 0x159904280
[Elysia/DEBUG] Performing: less_than 
[Elysia/DEBUG] Decreasing refcount of int object
[Elysia/DEBUG] Address: 0x159804310
[Elysia/DEBUG] Performing: jump_if_true codeBlock#13 
[Elysia/DEBUG] Performing: load_local localVar#0 
[Elysia/DEBUG] Performing: load_local localVar#5 
[Elysia/DEBUG] Increasing refcount of int object
[Elysia/DEBUG] Address: 0x159804310
[Elysia/DEBUG] Performing: invoke index(3782547968) index(37) index(2) 
[Elysia/DEBUG] Entering function 1_Str::operator[]#struct#1#0#int
[Elysia/DEBUG] Performing: load_local localVar#1 
[Elysia/DEBUG] Increasing refcount of int object
[Elysia/DEBUG] Address: 0x159804310
[Elysia/DEBUG] Performing: push_integer int(0) 
[Elysia/DEBUG] Performing: less_than 
[Elysia/DEBUG] Decreasing refcount of int object
[Elysia/DEBUG] Address: 0x159804310
[Elysia/DEBUG] Performing: jump_if_true codeBlock#1 
[Elysia/DEBUG] Performing: load_local localVar#1 
[Elysia/DEBUG] Increasing refcount of int object
[Elysia/DEBUG] Address: 0x159804310
[Elysia/DEBUG] Performing: load_local localVar#0 
[Elysia/DEBUG] Performing: load_member index(1) 
[Elysia/DEBUG] Increasing refcount of unsigned object
[Elysia/DEBUG] Address: 0x159904280
[Elysia/DEBUG] Performing: basic_cast_int 
[Elysia/DEBUG] Decreasing refcount of unsigned object
[Elysia/DEBUG] Address: 0x159904280
[Elysia/DEBUG] Performing: greater_equal 
[Elysia/DEBUG] Decreasing refcount of int object
[Elysia/DEBUG] Address: 0x159804310
[Elysia/DEBUG] Performing: jump_if_true codeBlock#1 
[Elysia/DEBUG] Performing: jump codeBlock#2 
[Elysia/DEBUG] Performing: push_boolean bool(false) 
[Elysia/DEBUG] Performing: jump codeBlock#3 
[Elysia/DEBUG] Performing: jump_if_true codeBlock#4 
[Elysia/DEBUG] Performing: jump codeBlock#5 
[Elysia/DEBUG] Performing: load_local localVar#0 
[Elysia/DEBUG] Performing: load_member index(0) 
[Elysia/DEBUG] Entering function array_char[]_gc_refcount_increase
[Elysia/DEBUG] Performing: load_local localVar#1 
[Elysia/DEBUG] Increasing refcount of int object
[Elysia/DEBUG] Address: 0x159804310
[Elysia/DEBUG] Performing: basic_cast_unsigned 
[Elysia/DEBUG] Decreasing refcount of int object
[Elysia/DEBUG] Address: 0x159804310
[Elysia/DEBUG] Performing: load_element 
[Elysia/DEBUG] Entering function array_char[]_gc_refcount_decrease
[Elysia/DEBUG] Performing: ret 
[Elysia/DEBUG] Decreasing refcount of int object
[Elysia/DEBUG] Address: 0x159804310
[Elysia/DEBUG] Performing: load_local localVar#1 
[Elysia/DEBUG] Performing: load_local localVar#6 
[Elysia/DEBUG] Performing: invoke index(3782547968) index(37) index(2) 
[Elysia/DEBUG] Entering function 1_Str::operator[]#struct#1#0#int
[Elysia/DEBUG] Performing: load_local localVar#1 
[Elysia/DEBUG] Increasing refcount of int object
[Elysia/DEBUG] Address: 0x159804330
[Elysia/DEBUG] Performing: push_integer int(0) 
[Elysia/DEBUG] Performing: less_than 
[Elysia/DEBUG] Decreasing refcount of int object
[Elysia/DEBUG] Address: 0x159804330
[Elysia/DEBUG] Performing: jump_if_true codeBlock#1 
[Elysia/DEBUG] Performing: load_local localVar#1 
[Elysia/DEBUG] Increasing refcount of int object
[Elysia/DEBUG] Address: 0x159804330
[Elysia/DEBUG] Performing: load_local localVar#0 
[Elysia/DEBUG] Performing: load_member index(1) 
[Elysia/DEBUG] Increasing refcount of unsigned object
[Elysia/DEBUG] Address: 0x1598040d0
[Elysia/DEBUG] Performing: basic_cast_int 
[Elysia/DEBUG] Decreasing refcount of unsigned object
[Elysia/DEBUG] Address: 0x1598040d0
[Elysia/DEBUG] Performing: greater_equal 
[Elysia/DEBUG] Decreasing refcount of int object
[Elysia/DEBUG] Address: 0x159804330
[Elysia/DEBUG] Performing: jump_if_true codeBlock#1 
[Elysia/DEBUG] Performing: jump codeBlock#2 
[Elysia/DEBUG] Performing: push_boolean bool(false) 
[Elysia/DEBUG] Performing: jump codeBlock#3 
[Elysia/DEBUG] Performing: jump_if_true codeBlock#4 
[Elysia/DEBUG] Performing: jump codeBlock#5 
[Elysia/DEBUG] Performing: load_local localVar#0 
[Elysia/DEBUG] Performing: load_member index(0) 
[Elysia/DEBUG] Entering function array_char[]_gc_refcount_increase
[Elysia/DEBUG] Performing: load_local localVar#1 
[Elysia/DEBUG] Increasing refcount of int object
[Elysia/DEBUG] Address: 0x159804330
[Elysia/DEBUG] Performing: basic_cast_unsigned 
[Elysia/DEBUG] Decreasing refcount of int object
[Elysia/DEBUG] Address: 0x159804330
[Elysia/DEBUG] Performing: load_element 
[Elysia/DEBUG] Entering function array_char[]_gc_refcount_decrease
[Elysia/DEBUG] Performing: ret 
[Elysia/DEBUG] Decreasing refcount of int object
[Elysia/DEBUG] Address: 0x159804330
[Elysia/DEBUG] Performing: equal 
[Elysia/DEBUG] Decreasing refcount of char object
[Elysia/DEBUG] Address: 0x1598042f0
[Elysia/DEBUG] Decreasing refcount of char object
[Elysia/DEBUG] Address: 0x159804330
[Elysia/DEBUG] Performing: jump_if_true codeBlock#15 
[Elysia/DEBUG] Performing: load_local localVar#5 
[Elysia/DEBUG] Increasing refcount of int object
[Elysia/DEBUG] Address: 0x159804310
[Elysia/DEBUG] Performing: push_integer int(1) 
[Elysia/DEBUG] Performing: add 
[Elysia/DEBUG] Decreasing refcount of int object
[Elysia/DEBUG] Address: 0x159804310
[Elysia/DEBUG] Performing: store_local localVar#5 
[Elysia/DEBUG] Decreasing refcount of int object
[Elysia/DEBUG] Address: 0x159804310
[Elysia/DEBUG] Performing: load_local localVar#6 
[Elysia/DEBUG] Performing: push_integer int(1) 
[Elysia/DEBUG] Performing: add 
[Elysia/DEBUG] Performing: store_local localVar#6 
[Elysia/DEBUG] Performing: jump codeBlock#16 
[Elysia/DEBUG] Performing: load_local localVar#6 
[Elysia/DEBUG] Performing: load_local localVar#1 
[Elysia/DEBUG] Performing: load_member index(1) 
[Elysia/DEBUG] Increasing refcount of unsigned object
[Elysia/DEBUG] Address: 0x1598040d0
[Elysia/DEBUG] Performing: basic_cast_int 
[Elysia/DEBUG] Decreasing refcount of unsigned object
[Elysia/DEBUG] Address: 0x1598040d0
[Elysia/DEBUG] Performing: equal 
[Elysia/DEBUG] Performing: jump_if_true codeBlock#19 
[Elysia/DEBUG] Performing: jump codeBlock#20 
[Elysia/DEBUG] Performing: jump codeBlock#12 
[Elysia/DEBUG] Performing: load_local localVar#5 
[Elysia/DEBUG] Increasing refcount of int object
[Elysia/DEBUG] Address: 0x159804310
[Elysia/DEBUG] Performing: load_local localVar#0 
[Elysia/DEBUG] Performing: load_member index(1) 
[Elysia/DEBUG] Increasing refcount of unsigned object
[Elysia/DEBUG] Address: 0x159904280
[Elysia/DEBUG] Performing: basic_cast_int 
[Elysia/DEBUG] Decreasing refcount of unsigned object
[Elysia/DEBUG] Address: 0x159904280
[Elysia/DEBUG] Performing: less_than 
[Elysia/DEBUG] Decreasing refcount of int object
[Elysia/DEBUG] Address: 0x159804310
[Elysia/DEBUG] Performing: jump_if_true codeBlock#13 
[Elysia/DEBUG] Performing: load_local localVar#0 
[Elysia/DEBUG] Performing: load_local localVar#5 
[Elysia/DEBUG] Increasing refcount of int object
[Elysia/DEBUG] Address: 0x159804310
[Elysia/DEBUG] Performing: invoke index(3782547968) index(37) index(2) 
[Elysia/DEBUG] Entering function 1_Str::operator[]#struct#1#0#int
[Elysia/DEBUG] Performing: load_local localVar#1 
[Elysia/DEBUG] Increasing refcount of int object
[Elysia/DEBUG] Address: 0x159804310
[Elysia/DEBUG] Performing: push_integer int(0) 
[Elysia/DEBUG] Performing: less_than 
[Elysia/DEBUG] Decreasing refcount of int object
[Elysia/DEBUG] Address: 0x159804310
[Elysia/DEBUG] Performing: jump_if_true codeBlock#1 
[Elysia/DEBUG] Performing: load_local localVar#1 
[Elysia/DEBUG] Increasing refcount of int object
[Elysia/DEBUG] Address: 0x159804310
[Elysia/DEBUG] Performing: load_local localVar#0 
[Elysia/DEBUG] Performing: load_member index(1) 
[Elysia/DEBUG] Increasing refcount of unsigned object
[Elysia/DEBUG] Address: 0x159904280
[Elysia/DEBUG] Performing: basic_cast_int 
[Elysia/DEBUG] Decreasing refcount of unsigned object
[Elysia/DEBUG] Address: 0x159904280
[Elysia/DEBUG] Performing: greater_equal 
[Elysia/DEBUG] Decreasing refcount of int object
[Elysia/DEBUG] Address: 0x159804310
[Elysia/DEBUG] Performing: jump_if_true codeBlock#1 
[Elysia/DEBUG] Performing: jump codeBlock#2 
[Elysia/DEBUG] Performing: push_boolean bool(false) 
[Elysia/DEBUG] Performing: jump codeBlock#3 
[Elysia/DEBUG] Performing: jump_if_true codeBlock#4 
[Elysia/DEBUG] Performing: jump codeBlock#5 
[Elysia/DEBUG] Performing: load_local localVar#0 
[Elysia/DEBUG] Performing: load_member index(0) 
[Elysia/DEBUG] Entering function array_char[]_gc_refcount_increase
[Elysia/DEBUG] Performing: load_local localVar#1 
[Elysia/DEBUG] Increasing refcount of int object
[Elysia/DEBUG] Address: 0x159804310
[Elysia/DEBUG] Performing: basic_cast_unsigned 
[Elysia/DEBUG] Decreasing refcount of int object
[Elysia/DEBUG] Address: 0x159804310
[Elysia/DEBUG] Performing: load_element 
[Elysia/DEBUG] Entering function array_char[]_gc_refcount_decrease
[Elysia/DEBUG] Performing: ret 
[Elysia/DEBUG] Decreasing refcount of int object
[Elysia/DEBUG] Address: 0x159804310
[Elysia/DEBUG] Performing: load_local localVar#1 
[Elysia/DEBUG] Performing: load_local localVar#6 
[Elysia/DEBUG] Performing: invoke index(3782547968) index(37) index(2) 
[Elysia/DEBUG] Entering function 1_Str::operator[]#struct#1#0#int
[Elysia/DEBUG] Performing: load_local localVar#1 
[Elysia/DEBUG] Increasing refcount of int object
[Elysia/DEBUG] Address: 0x1598042f0
[Elysia/DEBUG] Performing: push_integer int(0) 
[Elysia/DEBUG] Performing: less_than 
[Elysia/DEBUG] Decreasing refcount of int object
[Elysia/DEBUG] Address: 0x1598042f0
[Elysia/DEBUG] Performing: jump_if_true codeBlock#1 
[Elysia/DEBUG] Performing: load_local localVar#1 
[Elysia/DEBUG] Increasing refcount of int object
[Elysia/DEBUG] Address: 0x1598042f0
[Elysia/DEBUG] Performing: load_local localVar#0 
[Elysia/DEBUG] Performing: load_member index(1) 
[Elysia/DEBUG] Increasing refcount of unsigned object
[Elysia/DEBUG] Address: 0x1598040d0
[Elysia/DEBUG] Performing: basic_cast_int 
[Elysia/DEBUG] Decreasing refcount of unsigned object
[Elysia/DEBUG] Address: 0x1598040d0
[Elysia/DEBUG] Performing: greater_equal 
[Elysia/DEBUG] Decreasing refcount of int object
[Elysia/DEBUG] Address: 0x1598042f0
[Elysia/DEBUG] Performing: jump_if_true codeBlock#1 
[Elysia/DEBUG] Performing: jump codeBlock#2 
[Elysia/DEBUG] Performing: push_boolean bool(false) 
[Elysia/DEBUG] Performing: jump codeBlock#3 
[Elysia/DEBUG] Performing: jump_if_true codeBlock#4 
[Elysia/DEBUG] Performing: jump codeBlock#5 
[Elysia/DEBUG] Performing: load_local localVar#0 
[Elysia/DEBUG] Performing: load_member index(0) 
[Elysia/DEBUG] Entering function array_char[]_gc_refcount_increase
[Elysia/DEBUG] Performing: load_local localVar#1 
[Elysia/DEBUG] Increasing refcount of int object
[Elysia/DEBUG] Address: 0x1598042f0
[Elysia/DEBUG] Performing: basic_cast_unsigned 
[Elysia/DEBUG] Decreasing refcount of int object
[Elysia/DEBUG] Address: 0x1598042f0
[Elysia/DEBUG] Performing: load_element 
[Elysia/DEBUG] Entering function array_char[]_gc_refcount_decrease
[Elysia/DEBUG] Performing: ret 
[Elysia/DEBUG] Decreasing refcount of int object
[Elysia/DEBUG] Address: 0x1598042f0
[Elysia/DEBUG] Performing: equal 
[Elysia/DEBUG] Decreasing refcount of char object
[Elysia/DEBUG] Address: 0x159804330
[Elysia/DEBUG] Decreasing refcount of char object
[Elysia/DEBUG] Address: 0x1598042f0
[Elysia/DEBUG] Performing: jump_if_true codeBlock#15 
[Elysia/DEBUG] Performing: load_local localVar#5 
[Elysia/DEBUG] Increasing refcount of int object
[Elysia/DEBUG] Address: 0x159804310
[Elysia/DEBUG] Performing: push_integer int(1) 
[Elysia/DEBUG] Performing: add 
[Elysia/DEBUG] Decreasing refcount of int object
[Elysia/DEBUG] Address: 0x159804310
[Elysia/DEBUG] Performing: store_local localVar#5 
[Elysia/DEBUG] Decreasing refcount of int object
[Elysia/DEBUG] Address: 0x159804310
[Elysia/DEBUG] Performing: load_local localVar#6 
[Elysia/DEBUG] Performing: push_integer int(1) 
[Elysia/DEBUG] Performing: add 
[Elysia/DEBUG] Performing: store_local localVar#6 
[Elysia/DEBUG] Performing: jump codeBlock#16 
[Elysia/DEBUG] Performing: load_local localVar#6 
[Elysia/DEBUG] Performing: load_local localVar#1 
[Elysia/DEBUG] Performing: load_member index(1) 
[Elysia/DEBUG] Increasing refcount of unsigned object
[Elysia/DEBUG] Address: 0x1598040d0
[Elysia/DEBUG] Performing: basic_cast_int 
[Elysia/DEBUG] Decreasing refcount of unsigned object
[Elysia/DEBUG] Address: 0x1598040d0
[Elysia/DEBUG] Performing: equal 
[Elysia/DEBUG] Performing: jump_if_true codeBlock#19 
[Elysia/DEBUG] Performing: jump codeBlock#20 
[Elysia/DEBUG] Performing: jump codeBlock#12 
[Elysia/DEBUG] Performing: load_local localVar#5 
[Elysia/DEBUG] Increasing refcount of int object
[Elysia/DEBUG] Address: 0x159804310
[Elysia/DEBUG] Performing: load_local localVar#0 
[Elysia/DEBUG] Performing: load_member index(1) 
[Elysia/DEBUG] Increasing refcount of unsigned object
[Elysia/DEBUG] Address: 0x159904280
[Elysia/DEBUG] Performing: basic_cast_int 
[Elysia/DEBUG] Decreasing refcount of unsigned object
[Elysia/DEBUG] Address: 0x159904280
[Elysia/DEBUG] Performing: less_than 
[Elysia/DEBUG] Decreasing refcount of int object
[Elysia/DEBUG] Address: 0x159804310
[Elysia/DEBUG] Performing: jump_if_true codeBlock#13 
[Elysia/DEBUG] Performing: load_local localVar#0 
[Elysia/DEBUG] Performing: load_local localVar#5 
[Elysia/DEBUG] Increasing refcount of int object
[Elysia/DEBUG] Address: 0x159804310
[Elysia/DEBUG] Performing: invoke index(3782547968) index(37) index(2) 
[Elysia/DEBUG] Entering function 1_Str::operator[]#struct#1#0#int
[Elysia/DEBUG] Performing: load_local localVar#1 
[Elysia/DEBUG] Increasing refcount of int object
[Elysia/DEBUG] Address: 0x159804310
[Elysia/DEBUG] Performing: push_integer int(0) 
[Elysia/DEBUG] Performing: less_than 
[Elysia/DEBUG] Decreasing refcount of int object
[Elysia/DEBUG] Address: 0x159804310
[Elysia/DEBUG] Performing: jump_if_true codeBlock#1 
[Elysia/DEBUG] Performing: load_local localVar#1 
[Elysia/DEBUG] Increasing refcount of int object
[Elysia/DEBUG] Address: 0x159804310
[Elysia/DEBUG] Performing: load_local localVar#0 
[Elysia/DEBUG] Performing: load_member index(1) 
[Elysia/DEBUG] Increasing refcount of unsigned object
[Elysia/DEBUG] Address: 0x159904280
[Elysia/DEBUG] Performing: basic_cast_int 
[Elysia/DEBUG] Decreasing refcount of unsigned object
[Elysia/DEBUG] Address: 0x159904280
[Elysia/DEBUG] Performing: greater_equal 
[Elysia/DEBUG] Decreasing refcount of int object
[Elysia/DEBUG] Address: 0x159804310
[Elysia/DEBUG] Performing: jump_if_true codeBlock#1 
[Elysia/DEBUG] Performing: jump codeBlock#2 
[Elysia/DEBUG] Performing: push_boolean bool(false) 
[Elysia/DEBUG] Performing: jump codeBlock#3 
[Elysia/DEBUG] Performing: jump_if_true codeBlock#4 
[Elysia/DEBUG] Performing: jump codeBlock#5 
[Elysia/DEBUG] Performing: load_local localVar#0 
[Elysia/DEBUG] Performing: load_member index(0) 
[Elysia/DEBUG] Entering function array_char[]_gc_refcount_increase
[Elysia/DEBUG] Performing: load_local localVar#1 
[Elysia/DEBUG] Increasing refcount of int object
[Elysia/DEBUG] Address: 0x159804310
[Elysia/DEBUG] Performing: basic_cast_unsigned 
[Elysia/DEBUG] Decreasing refcount of int object
[Elysia/DEBUG] Address: 0x159804310
[Elysia/DEBUG] Performing: load_element 
[Elysia/DEBUG] Entering function array_char[]_gc_refcount_decrease
[Elysia/DEBUG] Performing: ret 
[Elysia/DEBUG] Decreasing refcount of int object
[Elysia/DEBUG] Address: 0x159804310
[Elysia/DEBUG] Performing: load_local localVar#1 
[Elysia/DEBUG] Performing: load_local localVar#6 
[Elysia/DEBUG] Performing: invoke index(3782547968) index(37) index(2) 
[Elysia/DEBUG] Entering function 1_Str::operator[]#struct#1#0#int
[Elysia/DEBUG] Performing: load_local localVar#1 
[Elysia/DEBUG] Increasing refcount of int object
[Elysia/DEBUG] Address: 0x159804330
[Elysia/DEBUG] Performing: push_integer int(0) 
[Elysia/DEBUG] Performing: less_than 
[Elysia/DEBUG] Decreasing refcount of int object
[Elysia/DEBUG] Address: 0x159804330
[Elysia/DEBUG] Performing: jump_if_true codeBlock#1 
[Elysia/DEBUG] Performing: load_local localVar#1 
[Elysia/DEBUG] Increasing refcount of int object
[Elysia/DEBUG] Address: 0x159804330
[Elysia/DEBUG] Performing: load_local localVar#0 
[Elysia/DEBUG] Performing: load_member index(1) 
[Elysia/DEBUG] Increasing refcount of unsigned object
[Elysia/DEBUG] Address: 0x1598040d0
[Elysia/DEBUG] Performing: basic_cast_int 
[Elysia/DEBUG] Decreasing refcount of unsigned object
[Elysia/DEBUG] Address: 0x1598040d0
[Elysia/DEBUG] Performing: greater_equal 
[Elysia/DEBUG] Decreasing refcount of int object
[Elysia/DEBUG] Address: 0x159804330
[Elysia/DEBUG] Performing: jump_if_true codeBlock#1 
[Elysia/DEBUG] Performing: jump codeBlock#2 
[Elysia/DEBUG] Performing: push_boolean bool(false) 
[Elysia/DEBUG] Performing: jump codeBlock#3 
[Elysia/DEBUG] Performing: jump_if_true codeBlock#4 
[Elysia/DEBUG] Performing: jump codeBlock#5 
[Elysia/DEBUG] Performing: load_local localVar#0 
[Elysia/DEBUG] Performing: load_member index(0) 
[Elysia/DEBUG] Entering function array_char[]_gc_refcount_increase
[Elysia/DEBUG] Performing: load_local localVar#1 
[Elysia/DEBUG] Increasing refcount of int object
[Elysia/DEBUG] Address: 0x159804330
[Elysia/DEBUG] Performing: basic_cast_unsigned 
[Elysia/DEBUG] Decreasing refcount of int object
[Elysia/DEBUG] Address: 0x159804330
[Elysia/DEBUG] Performing: load_element 
[Elysia/DEBUG] Entering function array_char[]_gc_refcount_decrease
[Elysia/DEBUG] Performing: ret 
[Elysia/DEBUG] Decreasing refcount of int object
[Elysia/DEBUG] Address: 0x159804330
[Elysia/DEBUG] Performing: equal 
[Elysia/DEBUG] Decreasing refcount of char object
[Elysia/DEBUG] Address: 0x1598042f0
[Elysia/DEBUG] Decreasing refcount of char object
[Elysia/DEBUG] Address: 0x159804330
[Elysia/DEBUG] Performing: jump_if_true codeBlock#15 
[Elysia/DEBUG] Performing: load_local localVar#5 
[Elysia/DEBUG] Increasing refcount of int object
[Elysia/DEBUG] Address: 0x159804310
[Elysia/DEBUG] Performing: push_integer int(1) 
[Elysia/DEBUG] Performing: add 
[Elysia/DEBUG] Decreasing refcount of int object
[Elysia/DEBUG] Address: 0x159804310
[Elysia/DEBUG] Performing: store_local localVar#5 
[Elysia/DEBUG] Decreasing refcount of int object
[Elysia/DEBUG] Address: 0x159804310
[Elysia/DEBUG] Performing: load_local localVar#6 
[Elysia/DEBUG] Performing: push_integer int(1) 
[Elysia/DEBUG] Performing: add 
[Elysia/DEBUG] Performing: store_local localVar#6 
[Elysia/DEBUG] Performing: jump codeBlock#16 
[Elysia/DEBUG] Performing: load_local localVar#6 
[Elysia/DEBUG] Performing: load_local localVar#1 
[Elysia/DEBUG] Performing: load_member index(1) 
[Elysia/DEBUG] Increasing refcount of unsigned object
[Elysia/DEBUG] Address: 0x1598040d0
[Elysia/DEBUG] Performing: basic_cast_int 
[Elysia/DEBUG] Decreasing refcount of unsigned object
[Elysia/DEBUG] Address: 0x1598040d0
[Elysia/DEBUG] Performing: equal 
[Elysia/DEBUG] Performing: jump_if_true codeBlock#19 
[Elysia/DEBUG] Performing: load_local localVar#5 
[Elysia/DEBUG] Increasing refcount of int object
[Elysia/DEBUG] Address: 0x159804310
[Elysia/DEBUG] Performing: load_local localVar#6 
[Elysia/DEBUG] Performing: sub 
[Elysia/DEBUG] Decreasing refcount of int object
[Elysia/DEBUG] Address: 0x159804310
[Elysia/DEBUG] Performing: ret 
[Elysia/DEBUG] Decreasing refcount of int object
[Elysia/DEBUG] Address: 0x159804290
[Elysia/DEBUG] Entering function array_int[]_gc_refcount_decrease
[Elysia/DEBUG] Decreasing refcount of int object
[Elysia/DEBUG] Address: 0x159804310
[Elysia/DEBUG] Performing: ret 
[Elysia/DEBUG] Performing: basic_cast_unsigned 
[Elysia/DEBUG] Decreasing refcount of int object
[Elysia/DEBUG] Address: 0x159804310
[Elysia/DEBUG] Performing: store_local localVar#5 
[Elysia/DEBUG] Performing: push_unsigned unsigned(0) 
[Elysia/DEBUG] Performing: store_local localVar#6 
[Elysia/DEBUG] Performing: push_unsigned unsigned(0) 
[Elysia/DEBUG] Performing: store_local localVar#7 
[Elysia/DEBUG] Performing: load_local localVar#4 
[Elysia/DEBUG] Performing: load_member index(0) 
[Elysia/DEBUG] Entering function array_char[]_gc_refcount_increase
[Elysia/DEBUG] Performing: invoke_imported index(0) index(2) index(1) 
[Elysia/DEBUG] Performing: store_local localVar#8 
[Elysia/DEBUG] Performing: load_local localVar#0 
[Elysia/DEBUG] Performing: load_member index(0) 
[Elysia/DEBUG] Entering function array_char[]_gc_refcount_increase
[Elysia/DEBUG] Performing: invoke_imported index(0) index(2) index(1) 
[Elysia/DEBUG] Performing: store_local localVar#9 
[Elysia/DEBUG] Performing: load_local localVar#2 
[Elysia/DEBUG] Performing: load_member index(0) 
[Elysia/DEBUG] Entering function array_char[]_gc_refcount_increase
[Elysia/DEBUG] Performing: invoke_imported index(0) index(2) index(1) 
[Elysia/DEBUG] Performing: store_local localVar#10 
[Elysia/DEBUG] Performing: jump codeBlock#3 
[Elysia/DEBUG] Performing: load_local localVar#5 
[Elysia/DEBUG] Increasing refcount of unsigned object
[Elysia/DEBUG] Address: 0x159804310
[Elysia/DEBUG] Performing: basic_cast_int 
[Elysia/DEBUG] Decreasing refcount of unsigned object
[Elysia/DEBUG] Address: 0x159804310
[Elysia/DEBUG] Performing: push_integer int(-1) 
[Elysia/DEBUG] Performing: not_equal 
[Elysia/DEBUG] Performing: jump_if_true codeBlock#4 
[Elysia/DEBUG] Performing: load_local localVar#8 
[Elysia/DEBUG] Increasing refcount of int object
[Elysia/DEBUG] Address: 0x159804290
[Elysia/DEBUG] Performing: load_local localVar#7 
[Elysia/DEBUG] Performing: basic_cast_int 
[Elysia/DEBUG] Performing: add 
[Elysia/DEBUG] Decreasing refcount of int object
[Elysia/DEBUG] Address: 0x159804290
[Elysia/DEBUG] Performing: load_local localVar#9 
[Elysia/DEBUG] Increasing refcount of int object
[Elysia/DEBUG] Address: 0x1598042b0
[Elysia/DEBUG] Performing: load_local localVar#6 
[Elysia/DEBUG] Increasing refcount of unsigned object
[Elysia/DEBUG] Address: 0x159804330
[Elysia/DEBUG] Performing: basic_cast_int 
[Elysia/DEBUG] Decreasing refcount of unsigned object
[Elysia/DEBUG] Address: 0x159804330
[Elysia/DEBUG] Performing: add 
[Elysia/DEBUG] Decreasing refcount of int object
[Elysia/DEBUG] Address: 0x1598042b0
[Elysia/DEBUG] Performing: load_local localVar#5 
[Elysia/DEBUG] Increasing refcount of unsigned object
[Elysia/DEBUG] Address: 0x159804310
[Elysia/DEBUG] Performing: load_local localVar#6 
[Elysia/DEBUG] Increasing refcount of unsigned object
[Elysia/DEBUG] Address: 0x159804330
[Elysia/DEBUG] Performing: sub 
[Elysia/DEBUG] Decreasing refcount of unsigned object
[Elysia/DEBUG] Address: 0x159804310
[Elysia/DEBUG] Decreasing refcount of unsigned object
[Elysia/DEBUG] Address: 0x159804330
[Elysia/DEBUG] Performing: invoke_imported index(0) index(5) index(3) 
[Elysia/DEBUG] Entering function memcpy
[Elysia/DEBUG] Decreasing refcount of unsigned object
[Elysia/DEBUG] Address: 0x1598042f0
[Elysia/DEBUG] Decreasing refcount of int object
[Elysia/DEBUG] Address: 0x159804350
[Elysia/DEBUG] Decreasing refcount of int object
[Elysia/DEBUG] Address: 0x159804370
[Elysia/DEBUG] Performing: pop 
[Elysia/DEBUG] Popped value: calltmp175
[Elysia/DEBUG] Decreasing refcount of unsigned object
[Elysia/DEBUG] Address: 0x159804390
[Elysia/DEBUG] Performing: load_local localVar#7 
[Elysia/DEBUG] Performing: load_local localVar#5 
[Elysia/DEBUG] Increasing refcount of unsigned object
[Elysia/DEBUG] Address: 0x159804310
[Elysia/DEBUG] Performing: load_local localVar#6 
[Elysia/DEBUG] Increasing refcount of unsigned object
[Elysia/DEBUG] Address: 0x159804330
[Elysia/DEBUG] Performing: sub 
[Elysia/DEBUG] Decreasing refcount of unsigned object
[Elysia/DEBUG] Address: 0x159804310
[Elysia/DEBUG] Decreasing refcount of unsigned object
[Elysia/DEBUG] Address: 0x159804330
[Elysia/DEBUG] Performing: add 
[Elysia/DEBUG] Performing: store_local localVar#7 
[Elysia/DEBUG] Performing: load_local localVar#8 
[Elysia/DEBUG] Increasing refcount of int object
[Elysia/DEBUG] Address: 0x159804290
[Elysia/DEBUG] Performing: load_local localVar#7 
[Elysia/DEBUG] Performing: basic_cast_int 
[Elysia/DEBUG] Performing: add 
[Elysia/DEBUG] Decreasing refcount of int object
[Elysia/DEBUG] Address: 0x159804290
[Elysia/DEBUG] Performing: load_local localVar#10 
[Elysia/DEBUG] Increasing refcount of int object
[Elysia/DEBUG] Address: 0x1598042d0
[Elysia/DEBUG] Performing: load_local localVar#2 
[Elysia/DEBUG] Performing: load_member index(1) 
[Elysia/DEBUG] Increasing refcount of unsigned object
[Elysia/DEBUG] Address: 0x159804160
[Elysia/DEBUG] Performing: invoke_imported index(0) index(5) index(3) 
[Elysia/DEBUG] Entering function memcpy
[Elysia/DEBUG] Decreasing refcount of unsigned object
[Elysia/DEBUG] Address: 0x159804160
[Elysia/DEBUG] Decreasing refcount of int object
[Elysia/DEBUG] Address: 0x1598042d0
[Elysia/DEBUG] Decreasing refcount of int object
[Elysia/DEBUG] Address: 0x159804390
[Elysia/DEBUG] Performing: pop 
[Elysia/DEBUG] Popped value: calltmp220
[Elysia/DEBUG] Decreasing refcount of unsigned object
[Elysia/DEBUG] Address: 0x1598042f0
[Elysia/DEBUG] Performing: load_local localVar#7 
[Elysia/DEBUG] Performing: load_local localVar#2 
[Elysia/DEBUG] Performing: load_member index(1) 
[Elysia/DEBUG] Increasing refcount of unsigned object
[Elysia/DEBUG] Address: 0x159804160
[Elysia/DEBUG] Performing: add 
[Elysia/DEBUG] Decreasing refcount of unsigned object
[Elysia/DEBUG] Address: 0x159804160
[Elysia/DEBUG] Performing: store_local localVar#7 
[Elysia/DEBUG] Performing: load_local localVar#5 
[Elysia/DEBUG] Increasing refcount of unsigned object
[Elysia/DEBUG] Address: 0x159804310
[Elysia/DEBUG] Performing: load_local localVar#1 
[Elysia/DEBUG] Performing: load_member index(1) 
[Elysia/DEBUG] Increasing refcount of unsigned object
[Elysia/DEBUG] Address: 0x1598040d0
[Elysia/DEBUG] Performing: add 
[Elysia/DEBUG] Decreasing refcount of unsigned object
[Elysia/DEBUG] Address: 0x159804310
[Elysia/DEBUG] Decreasing refcount of unsigned object
[Elysia/DEBUG] Address: 0x1598040d0
[Elysia/DEBUG] Performing: store_local localVar#6 
[Elysia/DEBUG] Decreasing refcount of unsigned object
[Elysia/DEBUG] Address: 0x159804330
[Elysia/DEBUG] Performing: load_local localVar#0 
[Elysia/DEBUG] Performing: load_local localVar#1 
[Elysia/DEBUG] Performing: load_local localVar#6 
[Elysia/DEBUG] Increasing refcount of unsigned object
[Elysia/DEBUG] Address: 0x159804330
[Elysia/DEBUG] Performing: basic_cast_int 
[Elysia/DEBUG] Decreasing refcount of unsigned object
[Elysia/DEBUG] Address: 0x159804330
[Elysia/DEBUG] Performing: invoke index(3782547968) index(12) index(3) 
[Elysia/DEBUG] Entering function 1_Str::find#struct#1#0#int
[Elysia/DEBUG] Performing: load_local localVar#1 
[Elysia/DEBUG] Performing: load_member index(1) 
[Elysia/DEBUG] Increasing refcount of unsigned object
[Elysia/DEBUG] Address: 0x1598040d0
[Elysia/DEBUG] Performing: load_local localVar#0 
[Elysia/DEBUG] Performing: load_member index(1) 
[Elysia/DEBUG] Increasing refcount of unsigned object
[Elysia/DEBUG] Address: 0x159904280
[Elysia/DEBUG] Performing: greater_than 
[Elysia/DEBUG] Decreasing refcount of unsigned object
[Elysia/DEBUG] Address: 0x1598040d0
[Elysia/DEBUG] Decreasing refcount of unsigned object
[Elysia/DEBUG] Address: 0x159904280
[Elysia/DEBUG] Performing: jump_if_true codeBlock#1 
[Elysia/DEBUG] Performing: jump codeBlock#2 
[Elysia/DEBUG] Performing: push_integer int(0) 
[Elysia/DEBUG] Performing: load_local localVar#1 
[Elysia/DEBUG] Performing: load_member index(1) 
[Elysia/DEBUG] Increasing refcount of unsigned object
[Elysia/DEBUG] Address: 0x1598040d0
[Elysia/DEBUG] Performing: new_dynamic_array_int index(1) 
[Elysia/DEBUG] Decreasing refcount of unsigned object
[Elysia/DEBUG] Address: 0x1598040d0
[Elysia/DEBUG] Performing: store_local localVar#3 
[Elysia/DEBUG] Entering function array_int[]_gc_refcount_decrease
[Elysia/DEBUG] Performing: push_integer int(0) 
[Elysia/DEBUG] Performing: store_local localVar#4 
[Elysia/DEBUG] Performing: push_integer int(1) 
[Elysia/DEBUG] Performing: store_local localVar#5 
[Elysia/DEBUG] Performing: jump codeBlock#3 
[Elysia/DEBUG] Performing: load_local localVar#5 
[Elysia/DEBUG] Increasing refcount of int object
[Elysia/DEBUG] Address: 0x159804390
[Elysia/DEBUG] Performing: load_local localVar#1 
[Elysia/DEBUG] Performing: load_member index(1) 
[Elysia/DEBUG] Increasing refcount of unsigned object
[Elysia/DEBUG] Address: 0x1598040d0
[Elysia/DEBUG] Performing: basic_cast_int 
[Elysia/DEBUG] Decreasing refcount of unsigned object
[Elysia/DEBUG] Address: 0x1598040d0
[Elysia/DEBUG] Performing: less_than 
[Elysia/DEBUG] Decreasing refcount of int object
[Elysia/DEBUG] Address: 0x159804390
[Elysia/DEBUG] Performing: jump_if_true codeBlock#4 
[Elysia/DEBUG] Performing: load_local localVar#1 
[Elysia/DEBUG] Performing: load_local localVar#5 
[Elysia/DEBUG] Increasing refcount of int object
[Elysia/DEBUG] Address: 0x159804390
[Elysia/DEBUG] Performing: invoke index(3782547968) index(37) index(2) 
[Elysia/DEBUG] Entering function 1_Str::operator[]#struct#1#0#int
[Elysia/DEBUG] Performing: load_local localVar#1 
[Elysia/DEBUG] Increasing refcount of int object
[Elysia/DEBUG] Address: 0x159804390
[Elysia/DEBUG] Performing: push_integer int(0) 
[Elysia/DEBUG] Performing: less_than 
[Elysia/DEBUG] Decreasing refcount of int object
[Elysia/DEBUG] Address: 0x159804390
[Elysia/DEBUG] Performing: jump_if_true codeBlock#1 
[Elysia/DEBUG] Performing: load_local localVar#1 
[Elysia/DEBUG] Increasing refcount of int object
[Elysia/DEBUG] Address: 0x159804390
[Elysia/DEBUG] Performing: load_local localVar#0 
[Elysia/DEBUG] Performing: load_member index(1) 
[Elysia/DEBUG] Increasing refcount of unsigned object
[Elysia/DEBUG] Address: 0x1598040d0
[Elysia/DEBUG] Performing: basic_cast_int 
[Elysia/DEBUG] Decreasing refcount of unsigned object
[Elysia/DEBUG] Address: 0x1598040d0
[Elysia/DEBUG] Performing: greater_equal 
[Elysia/DEBUG] Decreasing refcount of int object
[Elysia/DEBUG] Address: 0x159804390
[Elysia/DEBUG] Performing: jump_if_true codeBlock#1 
[Elysia/DEBUG] Performing: jump codeBlock#2 
[Elysia/DEBUG] Performing: push_boolean bool(false) 
[Elysia/DEBUG] Performing: jump codeBlock#3 
[Elysia/DEBUG] Performing: jump_if_true codeBlock#4 
[Elysia/DEBUG] Performing: jump codeBlock#5 
[Elysia/DEBUG] Performing: load_local localVar#0 
[Elysia/DEBUG] Performing: load_member index(0) 
[Elysia/DEBUG] Entering function array_char[]_gc_refcount_increase
[Elysia/DEBUG] Performing: load_local localVar#1 
[Elysia/DEBUG] Increasing refcount of int object
[Elysia/DEBUG] Address: 0x159804390
[Elysia/DEBUG] Performing: basic_cast_unsigned 
[Elysia/DEBUG] Decreasing refcount of int object
[Elysia/DEBUG] Address: 0x159804390
[Elysia/DEBUG] Performing: load_element 
[Elysia/DEBUG] Entering function array_char[]_gc_refcount_decrease
[Elysia/DEBUG] Performing: ret 
[Elysia/DEBUG] Decreasing refcount of int object
[Elysia/DEBUG] Address: 0x159804390
[Elysia/DEBUG] Performing: load_local localVar#1 
[Elysia/DEBUG] Performing: load_local localVar#4 
[Elysia/DEBUG] Performing: invoke index(3782547968) index(37) index(2) 
[Elysia/DEBUG] Entering function 1_Str::operator[]#struct#1#0#int
[Elysia/DEBUG] Performing: load_local localVar#1 
[Elysia/DEBUG] Increasing refcount of int object
[Elysia/DEBUG] Address: 0x1598043d0
[Elysia/DEBUG] Performing: push_integer int(0) 
[Elysia/DEBUG] Performing: less_than 
[Elysia/DEBUG] Decreasing refcount of int object
[Elysia/DEBUG] Address: 0x1598043d0
[Elysia/DEBUG] Performing: jump_if_true codeBlock#1 
[Elysia/DEBUG] Performing: load_local localVar#1 
[Elysia/DEBUG] Increasing refcount of int object
[Elysia/DEBUG] Address: 0x1598043d0
[Elysia/DEBUG] Performing: load_local localVar#0 
[Elysia/DEBUG] Performing: load_member index(1) 
[Elysia/DEBUG] Increasing refcount of unsigned object
[Elysia/DEBUG] Address: 0x1598040d0
[Elysia/DEBUG] Performing: basic_cast_int 
[Elysia/DEBUG] Decreasing refcount of unsigned object
[Elysia/DEBUG] Address: 0x1598040d0
[Elysia/DEBUG] Performing: greater_equal 
[Elysia/DEBUG] Decreasing refcount of int object
[Elysia/DEBUG] Address: 0x1598043d0
[Elysia/DEBUG] Performing: jump_if_true codeBlock#1 
[Elysia/DEBUG] Performing: jump codeBlock#2 
[Elysia/DEBUG] Performing: push_boolean bool(false) 
[Elysia/DEBUG] Performing: jump codeBlock#3 
[Elysia/DEBUG] Performing: jump_if_true codeBlock#4 
[Elysia/DEBUG] Performing: jump codeBlock#5 
[Elysia/DEBUG] Performing: load_local localVar#0 
[Elysia/DEBUG] Performing: load_member index(0) 
[Elysia/DEBUG] Entering function array_char[]_gc_refcount_increase
[Elysia/DEBUG] Performing: load_local localVar#1 
[Elysia/DEBUG] Increasing refcount of int object
[Elysia/DEBUG] Address: 0x1598043d0
[Elysia/DEBUG] Performing: basic_cast_unsigned 
[Elysia/DEBUG] Decreasing refcount of int object
[Elysia/DEBUG] Address: 0x1598043d0
[Elysia/DEBUG] Performing: load_element 
[Elysia/DEBUG] Entering function array_char[]_gc_refcount_decrease
[Elysia/DEBUG] Performing: ret 
[Elysia/DEBUG] Decreasing refcount of int object
[Elysia/DEBUG] Address: 0x1598043d0
[Elysia/DEBUG] Performing: equal 
[Elysia/DEBUG] Decreasing refcount of char object
[Elysia/DEBUG] Address: 0x1598043b0
[Elysia/DEBUG] Decreasing refcount of char object
[Elysia/DEBUG] Address: 0x1598043d0
[Elysia/DEBUG] Performing: jump_if_true codeBlock#6 
[Elysia/DEBUG] Performing: jump codeBlock#8 
[Elysia/DEBUG] Performing: load_local localVar#4 
[Elysia/DEBUG] Performing: push_integer int(0) 
[Elysia/DEBUG] Performing: equal 
[Elysia/DEBUG] Performing: jump_if_true codeBlock#9 
[Elysia/DEBUG] Performing: push_integer int(0) 
[Elysia/DEBUG] Performing: load_local localVar#3 
[Elysia/DEBUG] Entering function array_int[]_gc_refcount_increase
[Elysia/DEBUG] Performing: push_unsigned unsigned(0) 
[Elysia/DEBUG] Performing: load_local localVar#5 
[Elysia/DEBUG] Increasing refcount of int object
[Elysia/DEBUG] Address: 0x159804390
[Elysia/DEBUG] Performing: basic_cast_unsigned 
[Elysia/DEBUG] Decreasing refcount of int object
[Elysia/DEBUG] Address: 0x159804390
[Elysia/DEBUG] Performing: push_unsigned unsigned(1) 
[Elysia/DEBUG] Performing: mul 
[Elysia/DEBUG] Performing: add 
[Elysia/DEBUG] Performing: store_element unknown 
[Elysia/DEBUG] Entering function array_int[]_gc_refcount_decrease
[Elysia/DEBUG] Performing: load_local localVar#3 
[Elysia/DEBUG] Entering function array_int[]_gc_refcount_increase
[Elysia/DEBUG] Performing: push_unsigned unsigned(0) 
[Elysia/DEBUG] Performing: load_local localVar#5 
[Elysia/DEBUG] Increasing refcount of int object
[Elysia/DEBUG] Address: 0x159804390
[Elysia/DEBUG] Performing: basic_cast_unsigned 
[Elysia/DEBUG] Decreasing refcount of int object
[Elysia/DEBUG] Address: 0x159804390
[Elysia/DEBUG] Performing: push_unsigned unsigned(1) 
[Elysia/DEBUG] Performing: mul 
[Elysia/DEBUG] Performing: add 
[Elysia/DEBUG] Performing: load_element 
[Elysia/DEBUG] Entering function array_int[]_gc_refcount_decrease
[Elysia/DEBUG] Performing: pop 
[Elysia/DEBUG] Popped value: loaded_val340
[Elysia/DEBUG] Performing: load_local localVar#5 
[Elysia/DEBUG] Increasing refcount of int object
[Elysia/DEBUG] Address: 0x159804390
[Elysia/DEBUG] Performing: push_integer int(1) 
[Elysia/DEBUG] Performing: add 
[Elysia/DEBUG] Decreasing refcount of int object
[Elysia/DEBUG] Address: 0x159804390
[Elysia/DEBUG] Performing: store_local localVar#5 
[Elysia/DEBUG] Decreasing refcount of int object
[Elysia/DEBUG] Address: 0x159804390
[Elysia/DEBUG] Performing: jump codeBlock#10 
[Elysia/DEBUG] Performing: jump codeBlock#7 
[Elysia/DEBUG] Performing: jump codeBlock#3 
[Elysia/DEBUG] Performing: load_local localVar#5 
[Elysia/DEBUG] Increasing refcount of int object
[Elysia/DEBUG] Address: 0x159804390
[Elysia/DEBUG] Performing: load_local localVar#1 
[Elysia/DEBUG] Performing: load_member index(1) 
[Elysia/DEBUG] Increasing refcount of unsigned object
[Elysia/DEBUG] Address: 0x1598040d0
[Elysia/DEBUG] Performing: basic_cast_int 
[Elysia/DEBUG] Decreasing refcount of unsigned object
[Elysia/DEBUG] Address: 0x1598040d0
[Elysia/DEBUG] Performing: less_than 
[Elysia/DEBUG] Decreasing refcount of int object
[Elysia/DEBUG] Address: 0x159804390
[Elysia/DEBUG] Performing: jump_if_true codeBlock#4 
[Elysia/DEBUG] Performing: load_local localVar#1 
[Elysia/DEBUG] Performing: load_local localVar#5 
[Elysia/DEBUG] Increasing refcount of int object
[Elysia/DEBUG] Address: 0x159804390
[Elysia/DEBUG] Performing: invoke index(3782547968) index(37) index(2) 
[Elysia/DEBUG] Entering function 1_Str::operator[]#struct#1#0#int
[Elysia/DEBUG] Performing: load_local localVar#1 
[Elysia/DEBUG] Increasing refcount of int object
[Elysia/DEBUG] Address: 0x159804390
[Elysia/DEBUG] Performing: push_integer int(0) 
[Elysia/DEBUG] Performing: less_than 
[Elysia/DEBUG] Decreasing refcount of int object
[Elysia/DEBUG] Address: 0x159804390
[Elysia/DEBUG] Performing: jump_if_true codeBlock#1 
[Elysia/DEBUG] Performing: load_local localVar#1 
[Elysia/DEBUG] Increasing refcount of int object
[Elysia/DEBUG] Address: 0x159804390
[Elysia/DEBUG] Performing: load_local localVar#0 
[Elysia/DEBUG] Performing: load_member index(1) 
[Elysia/DEBUG] Increasing refcount of unsigned object
[Elysia/DEBUG] Address: 0x1598040d0
[Elysia/DEBUG] Performing: basic_cast_int 
[Elysia/DEBUG] Decreasing refcount of unsigned object
[Elysia/DEBUG] Address: 0x1598040d0
[Elysia/DEBUG] Performing: greater_equal 
[Elysia/DEBUG] Decreasing refcount of int object
[Elysia/DEBUG] Address: 0x159804390
[Elysia/DEBUG] Performing: jump_if_true codeBlock#1 
[Elysia/DEBUG] Performing: jump codeBlock#2 
[Elysia/DEBUG] Performing: push_boolean bool(false) 
[Elysia/DEBUG] Performing: jump codeBlock#3 
[Elysia/DEBUG] Performing: jump_if_true codeBlock#4 
[Elysia/DEBUG] Performing: jump codeBlock#5 
[Elysia/DEBUG] Performing: load_local localVar#0 
[Elysia/DEBUG] Performing: load_member index(0) 
[Elysia/DEBUG] Entering function array_char[]_gc_refcount_increase
[Elysia/DEBUG] Performing: load_local localVar#1 
[Elysia/DEBUG] Increasing refcount of int object
[Elysia/DEBUG] Address: 0x159804390
[Elysia/DEBUG] Performing: basic_cast_unsigned 
[Elysia/DEBUG] Decreasing refcount of int object
[Elysia/DEBUG] Address: 0x159804390
[Elysia/DEBUG] Performing: load_element 
[Elysia/DEBUG] Entering function array_char[]_gc_refcount_decrease
[Elysia/DEBUG] Performing: ret 
[Elysia/DEBUG] Decreasing refcount of int object
[Elysia/DEBUG] Address: 0x159804390
[Elysia/DEBUG] Performing: load_local localVar#1 
[Elysia/DEBUG] Performing: load_local localVar#4 
[Elysia/DEBUG] Performing: invoke index(3782547968) index(37) index(2) 
[Elysia/DEBUG] Entering function 1_Str::operator[]#struct#1#0#int
[Elysia/DEBUG] Performing: load_local localVar#1 
[Elysia/DEBUG] Increasing refcount of int object
[Elysia/DEBUG] Address: 0x1598043d0
[Elysia/DEBUG] Performing: push_integer int(0) 
[Elysia/DEBUG] Performing: less_than 
[Elysia/DEBUG] Decreasing refcount of int object
[Elysia/DEBUG] Address: 0x1598043d0
[Elysia/DEBUG] Performing: jump_if_true codeBlock#1 
[Elysia/DEBUG] Performing: load_local localVar#1 
[Elysia/DEBUG] Increasing refcount of int object
[Elysia/DEBUG] Address: 0x1598043d0
[Elysia/DEBUG] Performing: load_local localVar#0 
[Elysia/DEBUG] Performing: load_member index(1) 
[Elysia/DEBUG] Increasing refcount of unsigned object
[Elysia/DEBUG] Address: 0x1598040d0
[Elysia/DEBUG] Performing: basic_cast_int 
[Elysia/DEBUG] Decreasing refcount of unsigned object
[Elysia/DEBUG] Address: 0x1598040d0
[Elysia/DEBUG] Performing: greater_equal 
[Elysia/DEBUG] Decreasing refcount of int object
[Elysia/DEBUG] Address: 0x1598043d0
[Elysia/DEBUG] Performing: jump_if_true codeBlock#1 
[Elysia/DEBUG] Performing: jump codeBlock#2 
[Elysia/DEBUG] Performing: push_boolean bool(false) 
[Elysia/DEBUG] Performing: jump codeBlock#3 
[Elysia/DEBUG] Performing: jump_if_true codeBlock#4 
[Elysia/DEBUG] Performing: jump codeBlock#5 
[Elysia/DEBUG] Performing: load_local localVar#0 
[Elysia/DEBUG] Performing: load_member index(0) 
[Elysia/DEBUG] Entering function array_char[]_gc_refcount_increase
[Elysia/DEBUG] Performing: load_local localVar#1 
[Elysia/DEBUG] Increasing refcount of int object
[Elysia/DEBUG] Address: 0x1598043d0
[Elysia/DEBUG] Performing: basic_cast_unsigned 
[Elysia/DEBUG] Decreasing refcount of int object
[Elysia/DEBUG] Address: 0x1598043d0
[Elysia/DEBUG] Performing: load_element 
[Elysia/DEBUG] Entering function array_char[]_gc_refcount_decrease
[Elysia/DEBUG] Performing: ret 
[Elysia/DEBUG] Decreasing refcount of int object
[Elysia/DEBUG] Address: 0x1598043d0
[Elysia/DEBUG] Performing: equal 
[Elysia/DEBUG] Decreasing refcount of char object
[Elysia/DEBUG] Address: 0x1598043b0
[Elysia/DEBUG] Decreasing refcount of char object
[Elysia/DEBUG] Address: 0x1598043d0
[Elysia/DEBUG] Performing: jump_if_true codeBlock#6 
[Elysia/DEBUG] Performing: jump codeBlock#8 
[Elysia/DEBUG] Performing: load_local localVar#4 
[Elysia/DEBUG] Performing: push_integer int(0) 
[Elysia/DEBUG] Performing: equal 
[Elysia/DEBUG] Performing: jump_if_true codeBlock#9 
[Elysia/DEBUG] Performing: push_integer int(0) 
[Elysia/DEBUG] Performing: load_local localVar#3 
[Elysia/DEBUG] Entering function array_int[]_gc_refcount_increase
[Elysia/DEBUG] Performing: push_unsigned unsigned(0) 
[Elysia/DEBUG] Performing: load_local localVar#5 
[Elysia/DEBUG] Increasing refcount of int object
[Elysia/DEBUG] Address: 0x159804390
[Elysia/DEBUG] Performing: basic_cast_unsigned 
[Elysia/DEBUG] Decreasing refcount of int object
[Elysia/DEBUG] Address: 0x159804390
[Elysia/DEBUG] Performing: push_unsigned unsigned(1) 
[Elysia/DEBUG] Performing: mul 
[Elysia/DEBUG] Performing: add 
[Elysia/DEBUG] Performing: store_element unknown 
[Elysia/DEBUG] Entering function array_int[]_gc_refcount_decrease
[Elysia/DEBUG] Performing: load_local localVar#3 
[Elysia/DEBUG] Entering function array_int[]_gc_refcount_increase
[Elysia/DEBUG] Performing: push_unsigned unsigned(0) 
[Elysia/DEBUG] Performing: load_local localVar#5 
[Elysia/DEBUG] Increasing refcount of int object
[Elysia/DEBUG] Address: 0x159804390
[Elysia/DEBUG] Performing: basic_cast_unsigned 
[Elysia/DEBUG] Decreasing refcount of int object
[Elysia/DEBUG] Address: 0x159804390
[Elysia/DEBUG] Performing: push_unsigned unsigned(1) 
[Elysia/DEBUG] Performing: mul 
[Elysia/DEBUG] Performing: add 
[Elysia/DEBUG] Performing: load_element 
[Elysia/DEBUG] Entering function array_int[]_gc_refcount_decrease
[Elysia/DEBUG] Performing: pop 
[Elysia/DEBUG] Popped value: loaded_val340
[Elysia/DEBUG] Performing: load_local localVar#5 
[Elysia/DEBUG] Increasing refcount of int object
[Elysia/DEBUG] Address: 0x159804390
[Elysia/DEBUG] Performing: push_integer int(1) 
[Elysia/DEBUG] Performing: add 
[Elysia/DEBUG] Decreasing refcount of int object
[Elysia/DEBUG] Address: 0x159804390
[Elysia/DEBUG] Performing: store_local localVar#5 
[Elysia/DEBUG] Decreasing refcount of int object
[Elysia/DEBUG] Address: 0x159804390
[Elysia/DEBUG] Performing: jump codeBlock#10 
[Elysia/DEBUG] Performing: jump codeBlock#7 
[Elysia/DEBUG] Performing: jump codeBlock#3 
[Elysia/DEBUG] Performing: load_local localVar#5 
[Elysia/DEBUG] Increasing refcount of int object
[Elysia/DEBUG] Address: 0x159804390
[Elysia/DEBUG] Performing: load_local localVar#1 
[Elysia/DEBUG] Performing: load_member index(1) 
[Elysia/DEBUG] Increasing refcount of unsigned object
[Elysia/DEBUG] Address: 0x1598040d0
[Elysia/DEBUG] Performing: basic_cast_int 
[Elysia/DEBUG] Decreasing refcount of unsigned object
[Elysia/DEBUG] Address: 0x1598040d0
[Elysia/DEBUG] Performing: less_than 
[Elysia/DEBUG] Decreasing refcount of int object
[Elysia/DEBUG] Address: 0x159804390
[Elysia/DEBUG] Performing: jump_if_true codeBlock#4 
[Elysia/DEBUG] Performing: load_local localVar#1 
[Elysia/DEBUG] Performing: load_local localVar#5 
[Elysia/DEBUG] Increasing refcount of int object
[Elysia/DEBUG] Address: 0x159804390
[Elysia/DEBUG] Performing: invoke index(3782547968) index(37) index(2) 
[Elysia/DEBUG] Entering function 1_Str::operator[]#struct#1#0#int
[Elysia/DEBUG] Performing: load_local localVar#1 
[Elysia/DEBUG] Increasing refcount of int object
[Elysia/DEBUG] Address: 0x159804390
[Elysia/DEBUG] Performing: push_integer int(0) 
[Elysia/DEBUG] Performing: less_than 
[Elysia/DEBUG] Decreasing refcount of int object
[Elysia/DEBUG] Address: 0x159804390
[Elysia/DEBUG] Performing: jump_if_true codeBlock#1 
[Elysia/DEBUG] Performing: load_local localVar#1 
[Elysia/DEBUG] Increasing refcount of int object
[Elysia/DEBUG] Address: 0x159804390
[Elysia/DEBUG] Performing: load_local localVar#0 
[Elysia/DEBUG] Performing: load_member index(1) 
[Elysia/DEBUG] Increasing refcount of unsigned object
[Elysia/DEBUG] Address: 0x1598040d0
[Elysia/DEBUG] Performing: basic_cast_int 
[Elysia/DEBUG] Decreasing refcount of unsigned object
[Elysia/DEBUG] Address: 0x1598040d0
[Elysia/DEBUG] Performing: greater_equal 
[Elysia/DEBUG] Decreasing refcount of int object
[Elysia/DEBUG] Address: 0x159804390
[Elysia/DEBUG] Performing: jump_if_true codeBlock#1 
[Elysia/DEBUG] Performing: jump codeBlock#2 
[Elysia/DEBUG] Performing: push_boolean bool(false) 
[Elysia/DEBUG] Performing: jump codeBlock#3 
[Elysia/DEBUG] Performing: jump_if_true codeBlock#4 
[Elysia/DEBUG] Performing: jump codeBlock#5 
[Elysia/DEBUG] Performing: load_local localVar#0 
[Elysia/DEBUG] Performing: load_member index(0) 
[Elysia/DEBUG] Entering function array_char[]_gc_refcount_increase
[Elysia/DEBUG] Performing: load_local localVar#1 
[Elysia/DEBUG] Increasing refcount of int object
[Elysia/DEBUG] Address: 0x159804390
[Elysia/DEBUG] Performing: basic_cast_unsigned 
[Elysia/DEBUG] Decreasing refcount of int object
[Elysia/DEBUG] Address: 0x159804390
[Elysia/DEBUG] Performing: load_element 
[Elysia/DEBUG] Entering function array_char[]_gc_refcount_decrease
[Elysia/DEBUG] Performing: ret 
[Elysia/DEBUG] Decreasing refcount of int object
[Elysia/DEBUG] Address: 0x159804390
[Elysia/DEBUG] Performing: load_local localVar#1 
[Elysia/DEBUG] Performing: load_local localVar#4 
[Elysia/DEBUG] Performing: invoke index(3782547968) index(37) index(2) 
[Elysia/DEBUG] Entering function 1_Str::operator[]#struct#1#0#int
[Elysia/DEBUG] Performing: load_local localVar#1 
[Elysia/DEBUG] Increasing refcount of int object
[Elysia/DEBUG] Address: 0x1598043d0
[Elysia/DEBUG] Performing: push_integer int(0) 
[Elysia/DEBUG] Performing: less_than 
[Elysia/DEBUG] Decreasing refcount of int object
[Elysia/DEBUG] Address: 0x1598043d0
[Elysia/DEBUG] Performing: jump_if_true codeBlock#1 
[Elysia/DEBUG] Performing: load_local localVar#1 
[Elysia/DEBUG] Increasing refcount of int object
[Elysia/DEBUG] Address: 0x1598043d0
[Elysia/DEBUG] Performing: load_local localVar#0 
[Elysia/DEBUG] Performing: load_member index(1) 
[Elysia/DEBUG] Increasing refcount of unsigned object
[Elysia/DEBUG] Address: 0x1598040d0
[Elysia/DEBUG] Performing: basic_cast_int 
[Elysia/DEBUG] Decreasing refcount of unsigned object
[Elysia/DEBUG] Address: 0x1598040d0
[Elysia/DEBUG] Performing: greater_equal 
[Elysia/DEBUG] Decreasing refcount of int object
[Elysia/DEBUG] Address: 0x1598043d0
[Elysia/DEBUG] Performing: jump_if_true codeBlock#1 
[Elysia/DEBUG] Performing: jump codeBlock#2 
[Elysia/DEBUG] Performing: push_boolean bool(false) 
[Elysia/DEBUG] Performing: jump codeBlock#3 
[Elysia/DEBUG] Performing: jump_if_true codeBlock#4 
[Elysia/DEBUG] Performing: jump codeBlock#5 
[Elysia/DEBUG] Performing: load_local localVar#0 
[Elysia/DEBUG] Performing: load_member index(0) 
[Elysia/DEBUG] Entering function array_char[]_gc_refcount_increase
[Elysia/DEBUG] Performing: load_local localVar#1 
[Elysia/DEBUG] Increasing refcount of int object
[Elysia/DEBUG] Address: 0x1598043d0
[Elysia/DEBUG] Performing: basic_cast_unsigned 
[Elysia/DEBUG] Decreasing refcount of int object
[Elysia/DEBUG] Address: 0x1598043d0
[Elysia/DEBUG] Performing: load_element 
[Elysia/DEBUG] Entering function array_char[]_gc_refcount_decrease
[Elysia/DEBUG] Performing: ret 
[Elysia/DEBUG] Decreasing refcount of int object
[Elysia/DEBUG] Address: 0x1598043d0
[Elysia/DEBUG] Performing: equal 
[Elysia/DEBUG] Decreasing refcount of char object
[Elysia/DEBUG] Address: 0x1598043b0
[Elysia/DEBUG] Decreasing refcount of char object
[Elysia/DEBUG] Address: 0x1598043d0
[Elysia/DEBUG] Performing: jump_if_true codeBlock#6 
[Elysia/DEBUG] Performing: jump codeBlock#8 
[Elysia/DEBUG] Performing: load_local localVar#4 
[Elysia/DEBUG] Performing: push_integer int(0) 
[Elysia/DEBUG] Performing: equal 
[Elysia/DEBUG] Performing: jump_if_true codeBlock#9 
[Elysia/DEBUG] Performing: push_integer int(0) 
[Elysia/DEBUG] Performing: load_local localVar#3 
[Elysia/DEBUG] Entering function array_int[]_gc_refcount_increase
[Elysia/DEBUG] Performing: push_unsigned unsigned(0) 
[Elysia/DEBUG] Performing: load_local localVar#5 
[Elysia/DEBUG] Increasing refcount of int object
[Elysia/DEBUG] Address: 0x159804390
[Elysia/DEBUG] Performing: basic_cast_unsigned 
[Elysia/DEBUG] Decreasing refcount of int object
[Elysia/DEBUG] Address: 0x159804390
[Elysia/DEBUG] Performing: push_unsigned unsigned(1) 
[Elysia/DEBUG] Performing: mul 
[Elysia/DEBUG] Performing: add 
[Elysia/DEBUG] Performing: store_element unknown 
[Elysia/DEBUG] Entering function array_int[]_gc_refcount_decrease
[Elysia/DEBUG] Performing: load_local localVar#3 
[Elysia/DEBUG] Entering function array_int[]_gc_refcount_increase
[Elysia/DEBUG] Performing: push_unsigned unsigned(0) 
[Elysia/DEBUG] Performing: load_local localVar#5 
[Elysia/DEBUG] Increasing refcount of int object
[Elysia/DEBUG] Address: 0x159804390
[Elysia/DEBUG] Performing: basic_cast_unsigned 
[Elysia/DEBUG] Decreasing refcount of int object
[Elysia/DEBUG] Address: 0x159804390
[Elysia/DEBUG] Performing: push_unsigned unsigned(1) 
[Elysia/DEBUG] Performing: mul 
[Elysia/DEBUG] Performing: add 
[Elysia/DEBUG] Performing: load_element 
[Elysia/DEBUG] Entering function array_int[]_gc_refcount_decrease
[Elysia/DEBUG] Performing: pop 
[Elysia/DEBUG] Popped value: loaded_val340
[Elysia/DEBUG] Performing: load_local localVar#5 
[Elysia/DEBUG] Increasing refcount of int object
[Elysia/DEBUG] Address: 0x159804390
[Elysia/DEBUG] Performing: push_integer int(1) 
[Elysia/DEBUG] Performing: add 
[Elysia/DEBUG] Decreasing refcount of int object
[Elysia/DEBUG] Address: 0x159804390
[Elysia/DEBUG] Performing: store_local localVar#5 
[Elysia/DEBUG] Decreasing refcount of int object
[Elysia/DEBUG] Address: 0x159804390
[Elysia/DEBUG] Performing: jump codeBlock#10 
[Elysia/DEBUG] Performing: jump codeBlock#7 
[Elysia/DEBUG] Performing: jump codeBlock#3 
[Elysia/DEBUG] Performing: load_local localVar#5 
[Elysia/DEBUG] Increasing refcount of int object
[Elysia/DEBUG] Address: 0x159804390
[Elysia/DEBUG] Performing: load_local localVar#1 
[Elysia/DEBUG] Performing: load_member index(1) 
[Elysia/DEBUG] Increasing refcount of unsigned object
[Elysia/DEBUG] Address: 0x1598040d0
[Elysia/DEBUG] Performing: basic_cast_int 
[Elysia/DEBUG] Decreasing refcount of unsigned object
[Elysia/DEBUG] Address: 0x1598040d0
[Elysia/DEBUG] Performing: less_than 
[Elysia/DEBUG] Decreasing refcount of int object
[Elysia/DEBUG] Address: 0x159804390
[Elysia/DEBUG] Performing: jump_if_true codeBlock#4 
[Elysia/DEBUG] Performing: jump codeBlock#5 
[Elysia/DEBUG] Performing: load_local localVar#2 
[Elysia/DEBUG] Increasing refcount of int object
[Elysia/DEBUG] Address: 0x1598042f0
[Elysia/DEBUG] Performing: store_local localVar#5 
[Elysia/DEBUG] Decreasing refcount of int object
[Elysia/DEBUG] Address: 0x159804390
[Elysia/DEBUG] Performing: push_integer int(0) 
[Elysia/DEBUG] Performing: store_local localVar#6 
[Elysia/DEBUG] Performing: jump codeBlock#12 
[Elysia/DEBUG] Performing: load_local localVar#5 
[Elysia/DEBUG] Increasing refcount of int object
[Elysia/DEBUG] Address: 0x1598042f0
[Elysia/DEBUG] Performing: load_local localVar#0 
[Elysia/DEBUG] Performing: load_member index(1) 
[Elysia/DEBUG] Increasing refcount of unsigned object
[Elysia/DEBUG] Address: 0x159904280
[Elysia/DEBUG] Performing: basic_cast_int 
[Elysia/DEBUG] Decreasing refcount of unsigned object
[Elysia/DEBUG] Address: 0x159904280
[Elysia/DEBUG] Performing: less_than 
[Elysia/DEBUG] Decreasing refcount of int object
[Elysia/DEBUG] Address: 0x1598042f0
[Elysia/DEBUG] Performing: jump_if_true codeBlock#13 
[Elysia/DEBUG] Performing: load_local localVar#0 
[Elysia/DEBUG] Performing: load_local localVar#5 
[Elysia/DEBUG] Increasing refcount of int object
[Elysia/DEBUG] Address: 0x1598042f0
[Elysia/DEBUG] Performing: invoke index(3782547968) index(37) index(2) 
[Elysia/DEBUG] Entering function 1_Str::operator[]#struct#1#0#int
[Elysia/DEBUG] Performing: load_local localVar#1 
[Elysia/DEBUG] Increasing refcount of int object
[Elysia/DEBUG] Address: 0x1598042f0
[Elysia/DEBUG] Performing: push_integer int(0) 
[Elysia/DEBUG] Performing: less_than 
[Elysia/DEBUG] Decreasing refcount of int object
[Elysia/DEBUG] Address: 0x1598042f0
[Elysia/DEBUG] Performing: jump_if_true codeBlock#1 
[Elysia/DEBUG] Performing: load_local localVar#1 
[Elysia/DEBUG] Increasing refcount of int object
[Elysia/DEBUG] Address: 0x1598042f0
[Elysia/DEBUG] Performing: load_local localVar#0 
[Elysia/DEBUG] Performing: load_member index(1) 
[Elysia/DEBUG] Increasing refcount of unsigned object
[Elysia/DEBUG] Address: 0x159904280
[Elysia/DEBUG] Performing: basic_cast_int 
[Elysia/DEBUG] Decreasing refcount of unsigned object
[Elysia/DEBUG] Address: 0x159904280
[Elysia/DEBUG] Performing: greater_equal 
[Elysia/DEBUG] Decreasing refcount of int object
[Elysia/DEBUG] Address: 0x1598042f0
[Elysia/DEBUG] Performing: jump_if_true codeBlock#1 
[Elysia/DEBUG] Performing: jump codeBlock#2 
[Elysia/DEBUG] Performing: push_boolean bool(false) 
[Elysia/DEBUG] Performing: jump codeBlock#3 
[Elysia/DEBUG] Performing: jump_if_true codeBlock#4 
[Elysia/DEBUG] Performing: jump codeBlock#5 
[Elysia/DEBUG] Performing: load_local localVar#0 
[Elysia/DEBUG] Performing: load_member index(0) 
[Elysia/DEBUG] Entering function array_char[]_gc_refcount_increase
[Elysia/DEBUG] Performing: load_local localVar#1 
[Elysia/DEBUG] Increasing refcount of int object
[Elysia/DEBUG] Address: 0x1598042f0
[Elysia/DEBUG] Performing: basic_cast_unsigned 
[Elysia/DEBUG] Decreasing refcount of int object
[Elysia/DEBUG] Address: 0x1598042f0
[Elysia/DEBUG] Performing: load_element 
[Elysia/DEBUG] Entering function array_char[]_gc_refcount_decrease
[Elysia/DEBUG] Performing: ret 
[Elysia/DEBUG] Decreasing refcount of int object
[Elysia/DEBUG] Address: 0x1598042f0
[Elysia/DEBUG] Performing: load_local localVar#1 
[Elysia/DEBUG] Performing: load_local localVar#6 
[Elysia/DEBUG] Performing: invoke index(3782547968) index(37) index(2) 
[Elysia/DEBUG] Entering function 1_Str::operator[]#struct#1#0#int
[Elysia/DEBUG] Performing: load_local localVar#1 
[Elysia/DEBUG] Increasing refcount of int object
[Elysia/DEBUG] Address: 0x1598043b0
[Elysia/DEBUG] Performing: push_integer int(0) 
[Elysia/DEBUG] Performing: less_than 
[Elysia/DEBUG] Decreasing refcount of int object
[Elysia/DEBUG] Address: 0x1598043b0
[Elysia/DEBUG] Performing: jump_if_true codeBlock#1 
[Elysia/DEBUG] Performing: load_local localVar#1 
[Elysia/DEBUG] Increasing refcount of int object
[Elysia/DEBUG] Address: 0x1598043b0
[Elysia/DEBUG] Performing: load_local localVar#0 
[Elysia/DEBUG] Performing: load_member index(1) 
[Elysia/DEBUG] Increasing refcount of unsigned object
[Elysia/DEBUG] Address: 0x1598040d0
[Elysia/DEBUG] Performing: basic_cast_int 
[Elysia/DEBUG] Decreasing refcount of unsigned object
[Elysia/DEBUG] Address: 0x1598040d0
[Elysia/DEBUG] Performing: greater_equal 
[Elysia/DEBUG] Decreasing refcount of int object
[Elysia/DEBUG] Address: 0x1598043b0
[Elysia/DEBUG] Performing: jump_if_true codeBlock#1 
[Elysia/DEBUG] Performing: jump codeBlock#2 
[Elysia/DEBUG] Performing: push_boolean bool(false) 
[Elysia/DEBUG] Performing: jump codeBlock#3 
[Elysia/DEBUG] Performing: jump_if_true codeBlock#4 
[Elysia/DEBUG] Performing: jump codeBlock#5 
[Elysia/DEBUG] Performing: load_local localVar#0 
[Elysia/DEBUG] Performing: load_member index(0) 
[Elysia/DEBUG] Entering function array_char[]_gc_refcount_increase
[Elysia/DEBUG] Performing: load_local localVar#1 
[Elysia/DEBUG] Increasing refcount of int object
[Elysia/DEBUG] Address: 0x1598043b0
[Elysia/DEBUG] Performing: basic_cast_unsigned 
[Elysia/DEBUG] Decreasing refcount of int object
[Elysia/DEBUG] Address: 0x1598043b0
[Elysia/DEBUG] Performing: load_element 
[Elysia/DEBUG] Entering function array_char[]_gc_refcount_decrease
[Elysia/DEBUG] Performing: ret 
[Elysia/DEBUG] Decreasing refcount of int object
[Elysia/DEBUG] Address: 0x1598043b0
[Elysia/DEBUG] Performing: equal 
[Elysia/DEBUG] Decreasing refcount of char object
[Elysia/DEBUG] Address: 0x159804390
[Elysia/DEBUG] Decreasing refcount of char object
[Elysia/DEBUG] Address: 0x1598043b0
[Elysia/DEBUG] Performing: jump_if_true codeBlock#15 
[Elysia/DEBUG] Performing: load_local localVar#6 
[Elysia/DEBUG] Performing: push_integer int(0) 
[Elysia/DEBUG] Performing: greater_than 
[Elysia/DEBUG] Performing: jump_if_true codeBlock#17 
[Elysia/DEBUG] Performing: jump codeBlock#18 
[Elysia/DEBUG] Performing: load_local localVar#5 
[Elysia/DEBUG] Increasing refcount of int object
[Elysia/DEBUG] Address: 0x1598042f0
[Elysia/DEBUG] Performing: push_integer int(1) 
[Elysia/DEBUG] Performing: add 
[Elysia/DEBUG] Decreasing refcount of int object
[Elysia/DEBUG] Address: 0x1598042f0
[Elysia/DEBUG] Performing: store_local localVar#5 
[Elysia/DEBUG] Decreasing refcount of int object
[Elysia/DEBUG] Address: 0x1598042f0
[Elysia/DEBUG] Performing: jump codeBlock#16 
[Elysia/DEBUG] Performing: load_local localVar#6 
[Elysia/DEBUG] Performing: load_local localVar#1 
[Elysia/DEBUG] Performing: load_member index(1) 
[Elysia/DEBUG] Increasing refcount of unsigned object
[Elysia/DEBUG] Address: 0x1598040d0
[Elysia/DEBUG] Performing: basic_cast_int 
[Elysia/DEBUG] Decreasing refcount of unsigned object
[Elysia/DEBUG] Address: 0x1598040d0
[Elysia/DEBUG] Performing: equal 
[Elysia/DEBUG] Performing: jump_if_true codeBlock#19 
[Elysia/DEBUG] Performing: jump codeBlock#20 
[Elysia/DEBUG] Performing: jump codeBlock#12 
[Elysia/DEBUG] Performing: load_local localVar#5 
[Elysia/DEBUG] Increasing refcount of int object
[Elysia/DEBUG] Address: 0x1598043b0
[Elysia/DEBUG] Performing: load_local localVar#0 
[Elysia/DEBUG] Performing: load_member index(1) 
[Elysia/DEBUG] Increasing refcount of unsigned object
[Elysia/DEBUG] Address: 0x159904280
[Elysia/DEBUG] Performing: basic_cast_int 
[Elysia/DEBUG] Decreasing refcount of unsigned object
[Elysia/DEBUG] Address: 0x159904280
[Elysia/DEBUG] Performing: less_than 
[Elysia/DEBUG] Decreasing refcount of int object
[Elysia/DEBUG] Address: 0x1598043b0
[Elysia/DEBUG] Performing: jump_if_true codeBlock#13 
[Elysia/DEBUG] Performing: load_local localVar#0 
[Elysia/DEBUG] Performing: load_local localVar#5 
[Elysia/DEBUG] Increasing refcount of int object
[Elysia/DEBUG] Address: 0x1598043b0
[Elysia/DEBUG] Performing: invoke index(3782547968) index(37) index(2) 
[Elysia/DEBUG] Entering function 1_Str::operator[]#struct#1#0#int
[Elysia/DEBUG] Performing: load_local localVar#1 
[Elysia/DEBUG] Increasing refcount of int object
[Elysia/DEBUG] Address: 0x1598043b0
[Elysia/DEBUG] Performing: push_integer int(0) 
[Elysia/DEBUG] Performing: less_than 
[Elysia/DEBUG] Decreasing refcount of int object
[Elysia/DEBUG] Address: 0x1598043b0
[Elysia/DEBUG] Performing: jump_if_true codeBlock#1 
[Elysia/DEBUG] Performing: load_local localVar#1 
[Elysia/DEBUG] Increasing refcount of int object
[Elysia/DEBUG] Address: 0x1598043b0
[Elysia/DEBUG] Performing: load_local localVar#0 
[Elysia/DEBUG] Performing: load_member index(1) 
[Elysia/DEBUG] Increasing refcount of unsigned object
[Elysia/DEBUG] Address: 0x159904280
[Elysia/DEBUG] Performing: basic_cast_int 
[Elysia/DEBUG] Decreasing refcount of unsigned object
[Elysia/DEBUG] Address: 0x159904280
[Elysia/DEBUG] Performing: greater_equal 
[Elysia/DEBUG] Decreasing refcount of int object
[Elysia/DEBUG] Address: 0x1598043b0
[Elysia/DEBUG] Performing: jump_if_true codeBlock#1 
[Elysia/DEBUG] Performing: jump codeBlock#2 
[Elysia/DEBUG] Performing: push_boolean bool(false) 
[Elysia/DEBUG] Performing: jump codeBlock#3 
[Elysia/DEBUG] Performing: jump_if_true codeBlock#4 
[Elysia/DEBUG] Performing: jump codeBlock#5 
[Elysia/DEBUG] Performing: load_local localVar#0 
[Elysia/DEBUG] Performing: load_member index(0) 
[Elysia/DEBUG] Entering function array_char[]_gc_refcount_increase
[Elysia/DEBUG] Performing: load_local localVar#1 
[Elysia/DEBUG] Increasing refcount of int object
[Elysia/DEBUG] Address: 0x1598043b0
[Elysia/DEBUG] Performing: basic_cast_unsigned 
[Elysia/DEBUG] Decreasing refcount of int object
[Elysia/DEBUG] Address: 0x1598043b0
[Elysia/DEBUG] Performing: load_element 
[Elysia/DEBUG] Entering function array_char[]_gc_refcount_decrease
[Elysia/DEBUG] Performing: ret 
[Elysia/DEBUG] Decreasing refcount of int object
[Elysia/DEBUG] Address: 0x1598043b0
[Elysia/DEBUG] Performing: load_local localVar#1 
[Elysia/DEBUG] Performing: load_local localVar#6 
[Elysia/DEBUG] Performing: invoke index(3782547968) index(37) index(2) 
[Elysia/DEBUG] Entering function 1_Str::operator[]#struct#1#0#int
[Elysia/DEBUG] Performing: load_local localVar#1 
[Elysia/DEBUG] Increasing refcount of int object
[Elysia/DEBUG] Address: 0x1598043d0
[Elysia/DEBUG] Performing: push_integer int(0) 
[Elysia/DEBUG] Performing: less_than 
[Elysia/DEBUG] Decreasing refcount of int object
[Elysia/DEBUG] Address: 0x1598043d0
[Elysia/DEBUG] Performing: jump_if_true codeBlock#1 
[Elysia/DEBUG] Performing: load_local localVar#1 
[Elysia/DEBUG] Increasing refcount of int object
[Elysia/DEBUG] Address: 0x1598043d0
[Elysia/DEBUG] Performing: load_local localVar#0 
[Elysia/DEBUG] Performing: load_member index(1) 
[Elysia/DEBUG] Increasing refcount of unsigned object
[Elysia/DEBUG] Address: 0x1598040d0
[Elysia/DEBUG] Performing: basic_cast_int 
[Elysia/DEBUG] Decreasing refcount of unsigned object
[Elysia/DEBUG] Address: 0x1598040d0
[Elysia/DEBUG] Performing: greater_equal 
[Elysia/DEBUG] Decreasing refcount of int object
[Elysia/DEBUG] Address: 0x1598043d0
[Elysia/DEBUG] Performing: jump_if_true codeBlock#1 
[Elysia/DEBUG] Performing: jump codeBlock#2 
[Elysia/DEBUG] Performing: push_boolean bool(false) 
[Elysia/DEBUG] Performing: jump codeBlock#3 
[Elysia/DEBUG] Performing: jump_if_true codeBlock#4 
[Elysia/DEBUG] Performing: jump codeBlock#5 
[Elysia/DEBUG] Performing: load_local localVar#0 
[Elysia/DEBUG] Performing: load_member index(0) 
[Elysia/DEBUG] Entering function array_char[]_gc_refcount_increase
[Elysia/DEBUG] Performing: load_local localVar#1 
[Elysia/DEBUG] Increasing refcount of int object
[Elysia/DEBUG] Address: 0x1598043d0
[Elysia/DEBUG] Performing: basic_cast_unsigned 
[Elysia/DEBUG] Decreasing refcount of int object
[Elysia/DEBUG] Address: 0x1598043d0
[Elysia/DEBUG] Performing: load_element 
[Elysia/DEBUG] Entering function array_char[]_gc_refcount_decrease
[Elysia/DEBUG] Performing: ret 
[Elysia/DEBUG] Decreasing refcount of int object
[Elysia/DEBUG] Address: 0x1598043d0
[Elysia/DEBUG] Performing: equal 
[Elysia/DEBUG] Decreasing refcount of char object
[Elysia/DEBUG] Address: 0x159804390
[Elysia/DEBUG] Decreasing refcount of char object
[Elysia/DEBUG] Address: 0x1598043d0
[Elysia/DEBUG] Performing: jump_if_true codeBlock#15 
[Elysia/DEBUG] Performing: load_local localVar#6 
[Elysia/DEBUG] Performing: push_integer int(0) 
[Elysia/DEBUG] Performing: greater_than 
[Elysia/DEBUG] Performing: jump_if_true codeBlock#17 
[Elysia/DEBUG] Performing: jump codeBlock#18 
[Elysia/DEBUG] Performing: load_local localVar#5 
[Elysia/DEBUG] Increasing refcount of int object
[Elysia/DEBUG] Address: 0x1598043b0
[Elysia/DEBUG] Performing: push_integer int(1) 
[Elysia/DEBUG] Performing: add 
[Elysia/DEBUG] Decreasing refcount of int object
[Elysia/DEBUG] Address: 0x1598043b0
[Elysia/DEBUG] Performing: store_local localVar#5 
[Elysia/DEBUG] Decreasing refcount of int object
[Elysia/DEBUG] Address: 0x1598043b0
[Elysia/DEBUG] Performing: jump codeBlock#16 
[Elysia/DEBUG] Performing: load_local localVar#6 
[Elysia/DEBUG] Performing: load_local localVar#1 
[Elysia/DEBUG] Performing: load_member index(1) 
[Elysia/DEBUG] Increasing refcount of unsigned object
[Elysia/DEBUG] Address: 0x1598040d0
[Elysia/DEBUG] Performing: basic_cast_int 
[Elysia/DEBUG] Decreasing refcount of unsigned object
[Elysia/DEBUG] Address: 0x1598040d0
[Elysia/DEBUG] Performing: equal 
[Elysia/DEBUG] Performing: jump_if_true codeBlock#19 
[Elysia/DEBUG] Performing: jump codeBlock#20 
[Elysia/DEBUG] Performing: jump codeBlock#12 
[Elysia/DEBUG] Performing: load_local localVar#5 
[Elysia/DEBUG] Increasing refcount of int object
[Elysia/DEBUG] Address: 0x1598043b0
[Elysia/DEBUG] Performing: load_local localVar#0 
[Elysia/DEBUG] Performing: load_member index(1) 
[Elysia/DEBUG] Increasing refcount of unsigned object
[Elysia/DEBUG] Address: 0x159904280
[Elysia/DEBUG] Performing: basic_cast_int 
[Elysia/DEBUG] Decreasing refcount of unsigned object
[Elysia/DEBUG] Address: 0x159904280
[Elysia/DEBUG] Performing: less_than 
[Elysia/DEBUG] Decreasing refcount of int object
[Elysia/DEBUG] Address: 0x1598043b0
[Elysia/DEBUG] Performing: jump_if_true codeBlock#13 
[Elysia/DEBUG] Performing: load_local localVar#0 
[Elysia/DEBUG] Performing: load_local localVar#5 
[Elysia/DEBUG] Increasing refcount of int object
[Elysia/DEBUG] Address: 0x1598043b0
[Elysia/DEBUG] Performing: invoke index(3782547968) index(37) index(2) 
[Elysia/DEBUG] Entering function 1_Str::operator[]#struct#1#0#int
[Elysia/DEBUG] Performing: load_local localVar#1 
[Elysia/DEBUG] Increasing refcount of int object
[Elysia/DEBUG] Address: 0x1598043b0
[Elysia/DEBUG] Performing: push_integer int(0) 
[Elysia/DEBUG] Performing: less_than 
[Elysia/DEBUG] Decreasing refcount of int object
[Elysia/DEBUG] Address: 0x1598043b0
[Elysia/DEBUG] Performing: jump_if_true codeBlock#1 
[Elysia/DEBUG] Performing: load_local localVar#1 
[Elysia/DEBUG] Increasing refcount of int object
[Elysia/DEBUG] Address: 0x1598043b0
[Elysia/DEBUG] Performing: load_local localVar#0 
[Elysia/DEBUG] Performing: load_member index(1) 
[Elysia/DEBUG] Increasing refcount of unsigned object
[Elysia/DEBUG] Address: 0x159904280
[Elysia/DEBUG] Performing: basic_cast_int 
[Elysia/DEBUG] Decreasing refcount of unsigned object
[Elysia/DEBUG] Address: 0x159904280
[Elysia/DEBUG] Performing: greater_equal 
[Elysia/DEBUG] Decreasing refcount of int object
[Elysia/DEBUG] Address: 0x1598043b0
[Elysia/DEBUG] Performing: jump_if_true codeBlock#1 
[Elysia/DEBUG] Performing: jump codeBlock#2 
[Elysia/DEBUG] Performing: push_boolean bool(false) 
[Elysia/DEBUG] Performing: jump codeBlock#3 
[Elysia/DEBUG] Performing: jump_if_true codeBlock#4 
[Elysia/DEBUG] Performing: jump codeBlock#5 
[Elysia/DEBUG] Performing: load_local localVar#0 
[Elysia/DEBUG] Performing: load_member index(0) 
[Elysia/DEBUG] Entering function array_char[]_gc_refcount_increase
[Elysia/DEBUG] Performing: load_local localVar#1 
[Elysia/DEBUG] Increasing refcount of int object
[Elysia/DEBUG] Address: 0x1598043b0
[Elysia/DEBUG] Performing: basic_cast_unsigned 
[Elysia/DEBUG] Decreasing refcount of int object
[Elysia/DEBUG] Address: 0x1598043b0
[Elysia/DEBUG] Performing: load_element 
[Elysia/DEBUG] Entering function array_char[]_gc_refcount_decrease
[Elysia/DEBUG] Performing: ret 
[Elysia/DEBUG] Decreasing refcount of int object
[Elysia/DEBUG] Address: 0x1598043b0
[Elysia/DEBUG] Performing: load_local localVar#1 
[Elysia/DEBUG] Performing: load_local localVar#6 
[Elysia/DEBUG] Performing: invoke index(3782547968) index(37) index(2) 
[Elysia/DEBUG] Entering function 1_Str::operator[]#struct#1#0#int
[Elysia/DEBUG] Performing: load_local localVar#1 
[Elysia/DEBUG] Increasing refcount of int object
[Elysia/DEBUG] Address: 0x159804390
[Elysia/DEBUG] Performing: push_integer int(0) 
[Elysia/DEBUG] Performing: less_than 
[Elysia/DEBUG] Decreasing refcount of int object
[Elysia/DEBUG] Address: 0x159804390
[Elysia/DEBUG] Performing: jump_if_true codeBlock#1 
[Elysia/DEBUG] Performing: load_local localVar#1 
[Elysia/DEBUG] Increasing refcount of int object
[Elysia/DEBUG] Address: 0x159804390
[Elysia/DEBUG] Performing: load_local localVar#0 
[Elysia/DEBUG] Performing: load_member index(1) 
[Elysia/DEBUG] Increasing refcount of unsigned object
[Elysia/DEBUG] Address: 0x1598040d0
[Elysia/DEBUG] Performing: basic_cast_int 
[Elysia/DEBUG] Decreasing refcount of unsigned object
[Elysia/DEBUG] Address: 0x1598040d0
[Elysia/DEBUG] Performing: greater_equal 
[Elysia/DEBUG] Decreasing refcount of int object
[Elysia/DEBUG] Address: 0x159804390
[Elysia/DEBUG] Performing: jump_if_true codeBlock#1 
[Elysia/DEBUG] Performing: jump codeBlock#2 
[Elysia/DEBUG] Performing: push_boolean bool(false) 
[Elysia/DEBUG] Performing: jump codeBlock#3 
[Elysia/DEBUG] Performing: jump_if_true codeBlock#4 
[Elysia/DEBUG] Performing: jump codeBlock#5 
[Elysia/DEBUG] Performing: load_local localVar#0 
[Elysia/DEBUG] Performing: load_member index(0) 
[Elysia/DEBUG] Entering function array_char[]_gc_refcount_increase
[Elysia/DEBUG] Performing: load_local localVar#1 
[Elysia/DEBUG] Increasing refcount of int object
[Elysia/DEBUG] Address: 0x159804390
[Elysia/DEBUG] Performing: basic_cast_unsigned 
[Elysia/DEBUG] Decreasing refcount of int object
[Elysia/DEBUG] Address: 0x159804390
[Elysia/DEBUG] Performing: load_element 
[Elysia/DEBUG] Entering function array_char[]_gc_refcount_decrease
[Elysia/DEBUG] Performing: ret 
[Elysia/DEBUG] Decreasing refcount of int object
[Elysia/DEBUG] Address: 0x159804390
[Elysia/DEBUG] Performing: equal 
[Elysia/DEBUG] Decreasing refcount of char object
[Elysia/DEBUG] Address: 0x1598043d0
[Elysia/DEBUG] Decreasing refcount of char object
[Elysia/DEBUG] Address: 0x159804390
[Elysia/DEBUG] Performing: jump_if_true codeBlock#15 
[Elysia/DEBUG] Performing: load_local localVar#6 
[Elysia/DEBUG] Performing: push_integer int(0) 
[Elysia/DEBUG] Performing: greater_than 
[Elysia/DEBUG] Performing: jump_if_true codeBlock#17 
[Elysia/DEBUG] Performing: jump codeBlock#18 
[Elysia/DEBUG] Performing: load_local localVar#5 
[Elysia/DEBUG] Increasing refcount of int object
[Elysia/DEBUG] Address: 0x1598043b0
[Elysia/DEBUG] Performing: push_integer int(1) 
[Elysia/DEBUG] Performing: add 
[Elysia/DEBUG] Decreasing refcount of int object
[Elysia/DEBUG] Address: 0x1598043b0
[Elysia/DEBUG] Performing: store_local localVar#5 
[Elysia/DEBUG] Decreasing refcount of int object
[Elysia/DEBUG] Address: 0x1598043b0
[Elysia/DEBUG] Performing: jump codeBlock#16 
[Elysia/DEBUG] Performing: load_local localVar#6 
[Elysia/DEBUG] Performing: load_local localVar#1 
[Elysia/DEBUG] Performing: load_member index(1) 
[Elysia/DEBUG] Increasing refcount of unsigned object
[Elysia/DEBUG] Address: 0x1598040d0
[Elysia/DEBUG] Performing: basic_cast_int 
[Elysia/DEBUG] Decreasing refcount of unsigned object
[Elysia/DEBUG] Address: 0x1598040d0
[Elysia/DEBUG] Performing: equal 
[Elysia/DEBUG] Performing: jump_if_true codeBlock#19 
[Elysia/DEBUG] Performing: jump codeBlock#20 
[Elysia/DEBUG] Performing: jump codeBlock#12 
[Elysia/DEBUG] Performing: load_local localVar#5 
[Elysia/DEBUG] Increasing refcount of int object
[Elysia/DEBUG] Address: 0x1598043b0
[Elysia/DEBUG] Performing: load_local localVar#0 
[Elysia/DEBUG] Performing: load_member index(1) 
[Elysia/DEBUG] Increasing refcount of unsigned object
[Elysia/DEBUG] Address: 0x159904280
[Elysia/DEBUG] Performing: basic_cast_int 
[Elysia/DEBUG] Decreasing refcount of unsigned object
[Elysia/DEBUG] Address: 0x159904280
[Elysia/DEBUG] Performing: less_than 
[Elysia/DEBUG] Decreasing refcount of int object
[Elysia/DEBUG] Address: 0x1598043b0
[Elysia/DEBUG] Performing: jump_if_true codeBlock#13 
[Elysia/DEBUG] Performing: load_local localVar#0 
[Elysia/DEBUG] Performing: load_local localVar#5 
[Elysia/DEBUG] Increasing refcount of int object
[Elysia/DEBUG] Address: 0x1598043b0
[Elysia/DEBUG] Performing: invoke index(3782547968) index(37) index(2) 
[Elysia/DEBUG] Entering function 1_Str::operator[]#struct#1#0#int
[Elysia/DEBUG] Performing: load_local localVar#1 
[Elysia/DEBUG] Increasing refcount of int object
[Elysia/DEBUG] Address: 0x1598043b0
[Elysia/DEBUG] Performing: push_integer int(0) 
[Elysia/DEBUG] Performing: less_than 
[Elysia/DEBUG] Decreasing refcount of int object
[Elysia/DEBUG] Address: 0x1598043b0
[Elysia/DEBUG] Performing: jump_if_true codeBlock#1 
[Elysia/DEBUG] Performing: load_local localVar#1 
[Elysia/DEBUG] Increasing refcount of int object
[Elysia/DEBUG] Address: 0x1598043b0
[Elysia/DEBUG] Performing: load_local localVar#0 
[Elysia/DEBUG] Performing: load_member index(1) 
[Elysia/DEBUG] Increasing refcount of unsigned object
[Elysia/DEBUG] Address: 0x159904280
[Elysia/DEBUG] Performing: basic_cast_int 
[Elysia/DEBUG] Decreasing refcount of unsigned object
[Elysia/DEBUG] Address: 0x159904280
[Elysia/DEBUG] Performing: greater_equal 
[Elysia/DEBUG] Decreasing refcount of int object
[Elysia/DEBUG] Address: 0x1598043b0
[Elysia/DEBUG] Performing: jump_if_true codeBlock#1 
[Elysia/DEBUG] Performing: jump codeBlock#2 
[Elysia/DEBUG] Performing: push_boolean bool(false) 
[Elysia/DEBUG] Performing: jump codeBlock#3 
[Elysia/DEBUG] Performing: jump_if_true codeBlock#4 
[Elysia/DEBUG] Performing: jump codeBlock#5 
[Elysia/DEBUG] Performing: load_local localVar#0 
[Elysia/DEBUG] Performing: load_member index(0) 
[Elysia/DEBUG] Entering function array_char[]_gc_refcount_increase
[Elysia/DEBUG] Performing: load_local localVar#1 
[Elysia/DEBUG] Increasing refcount of int object
[Elysia/DEBUG] Address: 0x1598043b0
[Elysia/DEBUG] Performing: basic_cast_unsigned 
[Elysia/DEBUG] Decreasing refcount of int object
[Elysia/DEBUG] Address: 0x1598043b0
[Elysia/DEBUG] Performing: load_element 
[Elysia/DEBUG] Entering function array_char[]_gc_refcount_decrease
[Elysia/DEBUG] Performing: ret 
[Elysia/DEBUG] Decreasing refcount of int object
[Elysia/DEBUG] Address: 0x1598043b0
[Elysia/DEBUG] Performing: load_local localVar#1 
[Elysia/DEBUG] Performing: load_local localVar#6 
[Elysia/DEBUG] Performing: invoke index(3782547968) index(37) index(2) 
[Elysia/DEBUG] Entering function 1_Str::operator[]#struct#1#0#int
[Elysia/DEBUG] Performing: load_local localVar#1 
[Elysia/DEBUG] Increasing refcount of int object
[Elysia/DEBUG] Address: 0x1598043d0
[Elysia/DEBUG] Performing: push_integer int(0) 
[Elysia/DEBUG] Performing: less_than 
[Elysia/DEBUG] Decreasing refcount of int object
[Elysia/DEBUG] Address: 0x1598043d0
[Elysia/DEBUG] Performing: jump_if_true codeBlock#1 
[Elysia/DEBUG] Performing: load_local localVar#1 
[Elysia/DEBUG] Increasing refcount of int object
[Elysia/DEBUG] Address: 0x1598043d0
[Elysia/DEBUG] Performing: load_local localVar#0 
[Elysia/DEBUG] Performing: load_member index(1) 
[Elysia/DEBUG] Increasing refcount of unsigned object
[Elysia/DEBUG] Address: 0x1598040d0
[Elysia/DEBUG] Performing: basic_cast_int 
[Elysia/DEBUG] Decreasing refcount of unsigned object
[Elysia/DEBUG] Address: 0x1598040d0
[Elysia/DEBUG] Performing: greater_equal 
[Elysia/DEBUG] Decreasing refcount of int object
[Elysia/DEBUG] Address: 0x1598043d0
[Elysia/DEBUG] Performing: jump_if_true codeBlock#1 
[Elysia/DEBUG] Performing: jump codeBlock#2 
[Elysia/DEBUG] Performing: push_boolean bool(false) 
[Elysia/DEBUG] Performing: jump codeBlock#3 
[Elysia/DEBUG] Performing: jump_if_true codeBlock#4 
[Elysia/DEBUG] Performing: jump codeBlock#5 
[Elysia/DEBUG] Performing: load_local localVar#0 
[Elysia/DEBUG] Performing: load_member index(0) 
[Elysia/DEBUG] Entering function array_char[]_gc_refcount_increase
[Elysia/DEBUG] Performing: load_local localVar#1 
[Elysia/DEBUG] Increasing refcount of int object
[Elysia/DEBUG] Address: 0x1598043d0
[Elysia/DEBUG] Performing: basic_cast_unsigned 
[Elysia/DEBUG] Decreasing refcount of int object
[Elysia/DEBUG] Address: 0x1598043d0
[Elysia/DEBUG] Performing: load_element 
[Elysia/DEBUG] Entering function array_char[]_gc_refcount_decrease
[Elysia/DEBUG] Performing: ret 
[Elysia/DEBUG] Decreasing refcount of int object
[Elysia/DEBUG] Address: 0x1598043d0
[Elysia/DEBUG] Performing: equal 
[Elysia/DEBUG] Decreasing refcount of char object
[Elysia/DEBUG] Address: 0x159804390
[Elysia/DEBUG] Decreasing refcount of char object
[Elysia/DEBUG] Address: 0x1598043d0
[Elysia/DEBUG] Performing: jump_if_true codeBlock#15 
[Elysia/DEBUG] Performing: load_local localVar#6 
[Elysia/DEBUG] Performing: push_integer int(0) 
[Elysia/DEBUG] Performing: greater_than 
[Elysia/DEBUG] Performing: jump_if_true codeBlock#17 
[Elysia/DEBUG] Performing: jump codeBlock#18 
[Elysia/DEBUG] Performing: load_local localVar#5 
[Elysia/DEBUG] Increasing refcount of int object
[Elysia/DEBUG] Address: 0x1598043b0
[Elysia/DEBUG] Performing: push_integer int(1) 
[Elysia/DEBUG] Performing: add 
[Elysia/DEBUG] Decreasing refcount of int object
[Elysia/DEBUG] Address: 0x1598043b0
[Elysia/DEBUG] Performing: store_local localVar#5 
[Elysia/DEBUG] Decreasing refcount of int object
[Elysia/DEBUG] Address: 0x1598043b0
[Elysia/DEBUG] Performing: jump codeBlock#16 
[Elysia/DEBUG] Performing: load_local localVar#6 
[Elysia/DEBUG] Performing: load_local localVar#1 
[Elysia/DEBUG] Performing: load_member index(1) 
[Elysia/DEBUG] Increasing refcount of unsigned object
[Elysia/DEBUG] Address: 0x1598040d0
[Elysia/DEBUG] Performing: basic_cast_int 
[Elysia/DEBUG] Decreasing refcount of unsigned object
[Elysia/DEBUG] Address: 0x1598040d0
[Elysia/DEBUG] Performing: equal 
[Elysia/DEBUG] Performing: jump_if_true codeBlock#19 
[Elysia/DEBUG] Performing: jump codeBlock#20 
[Elysia/DEBUG] Performing: jump codeBlock#12 
[Elysia/DEBUG] Performing: load_local localVar#5 
[Elysia/DEBUG] Increasing refcount of int object
[Elysia/DEBUG] Address: 0x1598043b0
[Elysia/DEBUG] Performing: load_local localVar#0 
[Elysia/DEBUG] Performing: load_member index(1) 
[Elysia/DEBUG] Increasing refcount of unsigned object
[Elysia/DEBUG] Address: 0x159904280
[Elysia/DEBUG] Performing: basic_cast_int 
[Elysia/DEBUG] Decreasing refcount of unsigned object
[Elysia/DEBUG] Address: 0x159904280
[Elysia/DEBUG] Performing: less_than 
[Elysia/DEBUG] Decreasing refcount of int object
[Elysia/DEBUG] Address: 0x1598043b0
[Elysia/DEBUG] Performing: jump_if_true codeBlock#13 
[Elysia/DEBUG] Performing: load_local localVar#0 
[Elysia/DEBUG] Performing: load_local localVar#5 
[Elysia/DEBUG] Increasing refcount of int object
[Elysia/DEBUG] Address: 0x1598043b0
[Elysia/DEBUG] Performing: invoke index(3782547968) index(37) index(2) 
[Elysia/DEBUG] Entering function 1_Str::operator[]#struct#1#0#int
[Elysia/DEBUG] Performing: load_local localVar#1 
[Elysia/DEBUG] Increasing refcount of int object
[Elysia/DEBUG] Address: 0x1598043b0
[Elysia/DEBUG] Performing: push_integer int(0) 
[Elysia/DEBUG] Performing: less_than 
[Elysia/DEBUG] Decreasing refcount of int object
[Elysia/DEBUG] Address: 0x1598043b0
[Elysia/DEBUG] Performing: jump_if_true codeBlock#1 
[Elysia/DEBUG] Performing: load_local localVar#1 
[Elysia/DEBUG] Increasing refcount of int object
[Elysia/DEBUG] Address: 0x1598043b0
[Elysia/DEBUG] Performing: load_local localVar#0 
[Elysia/DEBUG] Performing: load_member index(1) 
[Elysia/DEBUG] Increasing refcount of unsigned object
[Elysia/DEBUG] Address: 0x159904280
[Elysia/DEBUG] Performing: basic_cast_int 
[Elysia/DEBUG] Decreasing refcount of unsigned object
[Elysia/DEBUG] Address: 0x159904280
[Elysia/DEBUG] Performing: greater_equal 
[Elysia/DEBUG] Decreasing refcount of int object
[Elysia/DEBUG] Address: 0x1598043b0
[Elysia/DEBUG] Performing: jump_if_true codeBlock#1 
[Elysia/DEBUG] Performing: jump codeBlock#2 
[Elysia/DEBUG] Performing: push_boolean bool(false) 
[Elysia/DEBUG] Performing: jump codeBlock#3 
[Elysia/DEBUG] Performing: jump_if_true codeBlock#4 
[Elysia/DEBUG] Performing: jump codeBlock#5 
[Elysia/DEBUG] Performing: load_local localVar#0 
[Elysia/DEBUG] Performing: load_member index(0) 
[Elysia/DEBUG] Entering function array_char[]_gc_refcount_increase
[Elysia/DEBUG] Performing: load_local localVar#1 
[Elysia/DEBUG] Increasing refcount of int object
[Elysia/DEBUG] Address: 0x1598043b0
[Elysia/DEBUG] Performing: basic_cast_unsigned 
[Elysia/DEBUG] Decreasing refcount of int object
[Elysia/DEBUG] Address: 0x1598043b0
[Elysia/DEBUG] Performing: load_element 
[Elysia/DEBUG] Entering function array_char[]_gc_refcount_decrease
[Elysia/DEBUG] Performing: ret 
[Elysia/DEBUG] Decreasing refcount of int object
[Elysia/DEBUG] Address: 0x1598043b0
[Elysia/DEBUG] Performing: load_local localVar#1 
[Elysia/DEBUG] Performing: load_local localVar#6 
[Elysia/DEBUG] Performing: invoke index(3782547968) index(37) index(2) 
[Elysia/DEBUG] Entering function 1_Str::operator[]#struct#1#0#int
[Elysia/DEBUG] Performing: load_local localVar#1 
[Elysia/DEBUG] Increasing refcount of int object
[Elysia/DEBUG] Address: 0x159804390
[Elysia/DEBUG] Performing: push_integer int(0) 
[Elysia/DEBUG] Performing: less_than 
[Elysia/DEBUG] Decreasing refcount of int object
[Elysia/DEBUG] Address: 0x159804390
[Elysia/DEBUG] Performing: jump_if_true codeBlock#1 
[Elysia/DEBUG] Performing: load_local localVar#1 
[Elysia/DEBUG] Increasing refcount of int object
[Elysia/DEBUG] Address: 0x159804390
[Elysia/DEBUG] Performing: load_local localVar#0 
[Elysia/DEBUG] Performing: load_member index(1) 
[Elysia/DEBUG] Increasing refcount of unsigned object
[Elysia/DEBUG] Address: 0x1598040d0
[Elysia/DEBUG] Performing: basic_cast_int 
[Elysia/DEBUG] Decreasing refcount of unsigned object
[Elysia/DEBUG] Address: 0x1598040d0
[Elysia/DEBUG] Performing: greater_equal 
[Elysia/DEBUG] Decreasing refcount of int object
[Elysia/DEBUG] Address: 0x159804390
[Elysia/DEBUG] Performing: jump_if_true codeBlock#1 
[Elysia/DEBUG] Performing: jump codeBlock#2 
[Elysia/DEBUG] Performing: push_boolean bool(false) 
[Elysia/DEBUG] Performing: jump codeBlock#3 
[Elysia/DEBUG] Performing: jump_if_true codeBlock#4 
[Elysia/DEBUG] Performing: jump codeBlock#5 
[Elysia/DEBUG] Performing: load_local localVar#0 
[Elysia/DEBUG] Performing: load_member index(0) 
[Elysia/DEBUG] Entering function array_char[]_gc_refcount_increase
[Elysia/DEBUG] Performing: load_local localVar#1 
[Elysia/DEBUG] Increasing refcount of int object
[Elysia/DEBUG] Address: 0x159804390
[Elysia/DEBUG] Performing: basic_cast_unsigned 
[Elysia/DEBUG] Decreasing refcount of int object
[Elysia/DEBUG] Address: 0x159804390
[Elysia/DEBUG] Performing: load_element 
[Elysia/DEBUG] Entering function array_char[]_gc_refcount_decrease
[Elysia/DEBUG] Performing: ret 
[Elysia/DEBUG] Decreasing refcount of int object
[Elysia/DEBUG] Address: 0x159804390
[Elysia/DEBUG] Performing: equal 
[Elysia/DEBUG] Decreasing refcount of char object
[Elysia/DEBUG] Address: 0x1598043d0
[Elysia/DEBUG] Decreasing refcount of char object
[Elysia/DEBUG] Address: 0x159804390
[Elysia/DEBUG] Performing: jump_if_true codeBlock#15 
[Elysia/DEBUG] Performing: load_local localVar#6 
[Elysia/DEBUG] Performing: push_integer int(0) 
[Elysia/DEBUG] Performing: greater_than 
[Elysia/DEBUG] Performing: jump_if_true codeBlock#17 
[Elysia/DEBUG] Performing: jump codeBlock#18 
[Elysia/DEBUG] Performing: load_local localVar#5 
[Elysia/DEBUG] Increasing refcount of int object
[Elysia/DEBUG] Address: 0x1598043b0
[Elysia/DEBUG] Performing: push_integer int(1) 
[Elysia/DEBUG] Performing: add 
[Elysia/DEBUG] Decreasing refcount of int object
[Elysia/DEBUG] Address: 0x1598043b0
[Elysia/DEBUG] Performing: store_local localVar#5 
[Elysia/DEBUG] Decreasing refcount of int object
[Elysia/DEBUG] Address: 0x1598043b0
[Elysia/DEBUG] Performing: jump codeBlock#16 
[Elysia/DEBUG] Performing: load_local localVar#6 
[Elysia/DEBUG] Performing: load_local localVar#1 
[Elysia/DEBUG] Performing: load_member index(1) 
[Elysia/DEBUG] Increasing refcount of unsigned object
[Elysia/DEBUG] Address: 0x1598040d0
[Elysia/DEBUG] Performing: basic_cast_int 
[Elysia/DEBUG] Decreasing refcount of unsigned object
[Elysia/DEBUG] Address: 0x1598040d0
[Elysia/DEBUG] Performing: equal 
[Elysia/DEBUG] Performing: jump_if_true codeBlock#19 
[Elysia/DEBUG] Performing: jump codeBlock#20 
[Elysia/DEBUG] Performing: jump codeBlock#12 
[Elysia/DEBUG] Performing: load_local localVar#5 
[Elysia/DEBUG] Increasing refcount of int object
[Elysia/DEBUG] Address: 0x1598043b0
[Elysia/DEBUG] Performing: load_local localVar#0 
[Elysia/DEBUG] Performing: load_member index(1) 
[Elysia/DEBUG] Increasing refcount of unsigned object
[Elysia/DEBUG] Address: 0x159904280
[Elysia/DEBUG] Performing: basic_cast_int 
[Elysia/DEBUG] Decreasing refcount of unsigned object
[Elysia/DEBUG] Address: 0x159904280
[Elysia/DEBUG] Performing: less_than 
[Elysia/DEBUG] Decreasing refcount of int object
[Elysia/DEBUG] Address: 0x1598043b0
[Elysia/DEBUG] Performing: jump_if_true codeBlock#13 
[Elysia/DEBUG] Performing: load_local localVar#0 
[Elysia/DEBUG] Performing: load_local localVar#5 
[Elysia/DEBUG] Increasing refcount of int object
[Elysia/DEBUG] Address: 0x1598043b0
[Elysia/DEBUG] Performing: invoke index(3782547968) index(37) index(2) 
[Elysia/DEBUG] Entering function 1_Str::operator[]#struct#1#0#int
[Elysia/DEBUG] Performing: load_local localVar#1 
[Elysia/DEBUG] Increasing refcount of int object
[Elysia/DEBUG] Address: 0x1598043b0
[Elysia/DEBUG] Performing: push_integer int(0) 
[Elysia/DEBUG] Performing: less_than 
[Elysia/DEBUG] Decreasing refcount of int object
[Elysia/DEBUG] Address: 0x1598043b0
[Elysia/DEBUG] Performing: jump_if_true codeBlock#1 
[Elysia/DEBUG] Performing: load_local localVar#1 
[Elysia/DEBUG] Increasing refcount of int object
[Elysia/DEBUG] Address: 0x1598043b0
[Elysia/DEBUG] Performing: load_local localVar#0 
[Elysia/DEBUG] Performing: load_member index(1) 
[Elysia/DEBUG] Increasing refcount of unsigned object
[Elysia/DEBUG] Address: 0x159904280
[Elysia/DEBUG] Performing: basic_cast_int 
[Elysia/DEBUG] Decreasing refcount of unsigned object
[Elysia/DEBUG] Address: 0x159904280
[Elysia/DEBUG] Performing: greater_equal 
[Elysia/DEBUG] Decreasing refcount of int object
[Elysia/DEBUG] Address: 0x1598043b0
[Elysia/DEBUG] Performing: jump_if_true codeBlock#1 
[Elysia/DEBUG] Performing: jump codeBlock#2 
[Elysia/DEBUG] Performing: push_boolean bool(false) 
[Elysia/DEBUG] Performing: jump codeBlock#3 
[Elysia/DEBUG] Performing: jump_if_true codeBlock#4 
[Elysia/DEBUG] Performing: jump codeBlock#5 
[Elysia/DEBUG] Performing: load_local localVar#0 
[Elysia/DEBUG] Performing: load_member index(0) 
[Elysia/DEBUG] Entering function array_char[]_gc_refcount_increase
[Elysia/DEBUG] Performing: load_local localVar#1 
[Elysia/DEBUG] Increasing refcount of int object
[Elysia/DEBUG] Address: 0x1598043b0
[Elysia/DEBUG] Performing: basic_cast_unsigned 
[Elysia/DEBUG] Decreasing refcount of int object
[Elysia/DEBUG] Address: 0x1598043b0
[Elysia/DEBUG] Performing: load_element 
[Elysia/DEBUG] Entering function array_char[]_gc_refcount_decrease
[Elysia/DEBUG] Performing: ret 
[Elysia/DEBUG] Decreasing refcount of int object
[Elysia/DEBUG] Address: 0x1598043b0
[Elysia/DEBUG] Performing: load_local localVar#1 
[Elysia/DEBUG] Performing: load_local localVar#6 
[Elysia/DEBUG] Performing: invoke index(3782547968) index(37) index(2) 
[Elysia/DEBUG] Entering function 1_Str::operator[]#struct#1#0#int
[Elysia/DEBUG] Performing: load_local localVar#1 
[Elysia/DEBUG] Increasing refcount of int object
[Elysia/DEBUG] Address: 0x1598043d0
[Elysia/DEBUG] Performing: push_integer int(0) 
[Elysia/DEBUG] Performing: less_than 
[Elysia/DEBUG] Decreasing refcount of int object
[Elysia/DEBUG] Address: 0x1598043d0
[Elysia/DEBUG] Performing: jump_if_true codeBlock#1 
[Elysia/DEBUG] Performing: load_local localVar#1 
[Elysia/DEBUG] Increasing refcount of int object
[Elysia/DEBUG] Address: 0x1598043d0
[Elysia/DEBUG] Performing: load_local localVar#0 
[Elysia/DEBUG] Performing: load_member index(1) 
[Elysia/DEBUG] Increasing refcount of unsigned object
[Elysia/DEBUG] Address: 0x1598040d0
[Elysia/DEBUG] Performing: basic_cast_int 
[Elysia/DEBUG] Decreasing refcount of unsigned object
[Elysia/DEBUG] Address: 0x1598040d0
[Elysia/DEBUG] Performing: greater_equal 
[Elysia/DEBUG] Decreasing refcount of int object
[Elysia/DEBUG] Address: 0x1598043d0
[Elysia/DEBUG] Performing: jump_if_true codeBlock#1 
[Elysia/DEBUG] Performing: jump codeBlock#2 
[Elysia/DEBUG] Performing: push_boolean bool(false) 
[Elysia/DEBUG] Performing: jump codeBlock#3 
[Elysia/DEBUG] Performing: jump_if_true codeBlock#4 
[Elysia/DEBUG] Performing: jump codeBlock#5 
[Elysia/DEBUG] Performing: load_local localVar#0 
[Elysia/DEBUG] Performing: load_member index(0) 
[Elysia/DEBUG] Entering function array_char[]_gc_refcount_increase
[Elysia/DEBUG] Performing: load_local localVar#1 
[Elysia/DEBUG] Increasing refcount of int object
[Elysia/DEBUG] Address: 0x1598043d0
[Elysia/DEBUG] Performing: basic_cast_unsigned 
[Elysia/DEBUG] Decreasing refcount of int object
[Elysia/DEBUG] Address: 0x1598043d0
[Elysia/DEBUG] Performing: load_element 
[Elysia/DEBUG] Entering function array_char[]_gc_refcount_decrease
[Elysia/DEBUG] Performing: ret 
[Elysia/DEBUG] Decreasing refcount of int object
[Elysia/DEBUG] Address: 0x1598043d0
[Elysia/DEBUG] Performing: equal 
[Elysia/DEBUG] Decreasing refcount of char object
[Elysia/DEBUG] Address: 0x159804390
[Elysia/DEBUG] Decreasing refcount of char object
[Elysia/DEBUG] Address: 0x1598043d0
[Elysia/DEBUG] Performing: jump_if_true codeBlock#15 
[Elysia/DEBUG] Performing: load_local localVar#6 
[Elysia/DEBUG] Performing: push_integer int(0) 
[Elysia/DEBUG] Performing: greater_than 
[Elysia/DEBUG] Performing: jump_if_true codeBlock#17 
[Elysia/DEBUG] Performing: jump codeBlock#18 
[Elysia/DEBUG] Performing: load_local localVar#5 
[Elysia/DEBUG] Increasing refcount of int object
[Elysia/DEBUG] Address: 0x1598043b0
[Elysia/DEBUG] Performing: push_integer int(1) 
[Elysia/DEBUG] Performing: add 
[Elysia/DEBUG] Decreasing refcount of int object
[Elysia/DEBUG] Address: 0x1598043b0
[Elysia/DEBUG] Performing: store_local localVar#5 
[Elysia/DEBUG] Decreasing refcount of int object
[Elysia/DEBUG] Address: 0x1598043b0
[Elysia/DEBUG] Performing: jump codeBlock#16 
[Elysia/DEBUG] Performing: load_local localVar#6 
[Elysia/DEBUG] Performing: load_local localVar#1 
[Elysia/DEBUG] Performing: load_member index(1) 
[Elysia/DEBUG] Increasing refcount of unsigned object
[Elysia/DEBUG] Address: 0x1598040d0
[Elysia/DEBUG] Performing: basic_cast_int 
[Elysia/DEBUG] Decreasing refcount of unsigned object
[Elysia/DEBUG] Address: 0x1598040d0
[Elysia/DEBUG] Performing: equal 
[Elysia/DEBUG] Performing: jump_if_true codeBlock#19 
[Elysia/DEBUG] Performing: jump codeBlock#20 
[Elysia/DEBUG] Performing: jump codeBlock#12 
[Elysia/DEBUG] Performing: load_local localVar#5 
[Elysia/DEBUG] Increasing refcount of int object
[Elysia/DEBUG] Address: 0x1598043b0
[Elysia/DEBUG] Performing: load_local localVar#0 
[Elysia/DEBUG] Performing: load_member index(1) 
[Elysia/DEBUG] Increasing refcount of unsigned object
[Elysia/DEBUG] Address: 0x159904280
[Elysia/DEBUG] Performing: basic_cast_int 
[Elysia/DEBUG] Decreasing refcount of unsigned object
[Elysia/DEBUG] Address: 0x159904280
[Elysia/DEBUG] Performing: less_than 
[Elysia/DEBUG] Decreasing refcount of int object
[Elysia/DEBUG] Address: 0x1598043b0
[Elysia/DEBUG] Performing: jump_if_true codeBlock#13 
[Elysia/DEBUG] Performing: load_local localVar#0 
[Elysia/DEBUG] Performing: load_local localVar#5 
[Elysia/DEBUG] Increasing refcount of int object
[Elysia/DEBUG] Address: 0x1598043b0
[Elysia/DEBUG] Performing: invoke index(3782547968) index(37) index(2) 
[Elysia/DEBUG] Entering function 1_Str::operator[]#struct#1#0#int
[Elysia/DEBUG] Performing: load_local localVar#1 
[Elysia/DEBUG] Increasing refcount of int object
[Elysia/DEBUG] Address: 0x1598043b0
[Elysia/DEBUG] Performing: push_integer int(0) 
[Elysia/DEBUG] Performing: less_than 
[Elysia/DEBUG] Decreasing refcount of int object
[Elysia/DEBUG] Address: 0x1598043b0
[Elysia/DEBUG] Performing: jump_if_true codeBlock#1 
[Elysia/DEBUG] Performing: load_local localVar#1 
[Elysia/DEBUG] Increasing refcount of int object
[Elysia/DEBUG] Address: 0x1598043b0
[Elysia/DEBUG] Performing: load_local localVar#0 
[Elysia/DEBUG] Performing: load_member index(1) 
[Elysia/DEBUG] Increasing refcount of unsigned object
[Elysia/DEBUG] Address: 0x159904280
[Elysia/DEBUG] Performing: basic_cast_int 
[Elysia/DEBUG] Decreasing refcount of unsigned object
[Elysia/DEBUG] Address: 0x159904280
[Elysia/DEBUG] Performing: greater_equal 
[Elysia/DEBUG] Decreasing refcount of int object
[Elysia/DEBUG] Address: 0x1598043b0
[Elysia/DEBUG] Performing: jump_if_true codeBlock#1 
[Elysia/DEBUG] Performing: jump codeBlock#2 
[Elysia/DEBUG] Performing: push_boolean bool(false) 
[Elysia/DEBUG] Performing: jump codeBlock#3 
[Elysia/DEBUG] Performing: jump_if_true codeBlock#4 
[Elysia/DEBUG] Performing: jump codeBlock#5 
[Elysia/DEBUG] Performing: load_local localVar#0 
[Elysia/DEBUG] Performing: load_member index(0) 
[Elysia/DEBUG] Entering function array_char[]_gc_refcount_increase
[Elysia/DEBUG] Performing: load_local localVar#1 
[Elysia/DEBUG] Increasing refcount of int object
[Elysia/DEBUG] Address: 0x1598043b0
[Elysia/DEBUG] Performing: basic_cast_unsigned 
[Elysia/DEBUG] Decreasing refcount of int object
[Elysia/DEBUG] Address: 0x1598043b0
[Elysia/DEBUG] Performing: load_element 
[Elysia/DEBUG] Entering function array_char[]_gc_refcount_decrease
[Elysia/DEBUG] Performing: ret 
[Elysia/DEBUG] Decreasing refcount of int object
[Elysia/DEBUG] Address: 0x1598043b0
[Elysia/DEBUG] Performing: load_local localVar#1 
[Elysia/DEBUG] Performing: load_local localVar#6 
[Elysia/DEBUG] Performing: invoke index(3782547968) index(37) index(2) 
[Elysia/DEBUG] Entering function 1_Str::operator[]#struct#1#0#int
[Elysia/DEBUG] Performing: load_local localVar#1 
[Elysia/DEBUG] Increasing refcount of int object
[Elysia/DEBUG] Address: 0x159804390
[Elysia/DEBUG] Performing: push_integer int(0) 
[Elysia/DEBUG] Performing: less_than 
[Elysia/DEBUG] Decreasing refcount of int object
[Elysia/DEBUG] Address: 0x159804390
[Elysia/DEBUG] Performing: jump_if_true codeBlock#1 
[Elysia/DEBUG] Performing: load_local localVar#1 
[Elysia/DEBUG] Increasing refcount of int object
[Elysia/DEBUG] Address: 0x159804390
[Elysia/DEBUG] Performing: load_local localVar#0 
[Elysia/DEBUG] Performing: load_member index(1) 
[Elysia/DEBUG] Increasing refcount of unsigned object
[Elysia/DEBUG] Address: 0x1598040d0
[Elysia/DEBUG] Performing: basic_cast_int 
[Elysia/DEBUG] Decreasing refcount of unsigned object
[Elysia/DEBUG] Address: 0x1598040d0
[Elysia/DEBUG] Performing: greater_equal 
[Elysia/DEBUG] Decreasing refcount of int object
[Elysia/DEBUG] Address: 0x159804390
[Elysia/DEBUG] Performing: jump_if_true codeBlock#1 
[Elysia/DEBUG] Performing: jump codeBlock#2 
[Elysia/DEBUG] Performing: push_boolean bool(false) 
[Elysia/DEBUG] Performing: jump codeBlock#3 
[Elysia/DEBUG] Performing: jump_if_true codeBlock#4 
[Elysia/DEBUG] Performing: jump codeBlock#5 
[Elysia/DEBUG] Performing: load_local localVar#0 
[Elysia/DEBUG] Performing: load_member index(0) 
[Elysia/DEBUG] Entering function array_char[]_gc_refcount_increase
[Elysia/DEBUG] Performing: load_local localVar#1 
[Elysia/DEBUG] Increasing refcount of int object
[Elysia/DEBUG] Address: 0x159804390
[Elysia/DEBUG] Performing: basic_cast_unsigned 
[Elysia/DEBUG] Decreasing refcount of int object
[Elysia/DEBUG] Address: 0x159804390
[Elysia/DEBUG] Performing: load_element 
[Elysia/DEBUG] Entering function array_char[]_gc_refcount_decrease
[Elysia/DEBUG] Performing: ret 
[Elysia/DEBUG] Decreasing refcount of int object
[Elysia/DEBUG] Address: 0x159804390
[Elysia/DEBUG] Performing: equal 
[Elysia/DEBUG] Decreasing refcount of char object
[Elysia/DEBUG] Address: 0x1598043d0
[Elysia/DEBUG] Decreasing refcount of char object
[Elysia/DEBUG] Address: 0x159804390
[Elysia/DEBUG] Performing: jump_if_true codeBlock#15 
[Elysia/DEBUG] Performing: load_local localVar#6 
[Elysia/DEBUG] Performing: push_integer int(0) 
[Elysia/DEBUG] Performing: greater_than 
[Elysia/DEBUG] Performing: jump_if_true codeBlock#17 
[Elysia/DEBUG] Performing: jump codeBlock#18 
[Elysia/DEBUG] Performing: load_local localVar#5 
[Elysia/DEBUG] Increasing refcount of int object
[Elysia/DEBUG] Address: 0x1598043b0
[Elysia/DEBUG] Performing: push_integer int(1) 
[Elysia/DEBUG] Performing: add 
[Elysia/DEBUG] Decreasing refcount of int object
[Elysia/DEBUG] Address: 0x1598043b0
[Elysia/DEBUG] Performing: store_local localVar#5 
[Elysia/DEBUG] Decreasing refcount of int object
[Elysia/DEBUG] Address: 0x1598043b0
[Elysia/DEBUG] Performing: jump codeBlock#16 
[Elysia/DEBUG] Performing: load_local localVar#6 
[Elysia/DEBUG] Performing: load_local localVar#1 
[Elysia/DEBUG] Performing: load_member index(1) 
[Elysia/DEBUG] Increasing refcount of unsigned object
[Elysia/DEBUG] Address: 0x1598040d0
[Elysia/DEBUG] Performing: basic_cast_int 
[Elysia/DEBUG] Decreasing refcount of unsigned object
[Elysia/DEBUG] Address: 0x1598040d0
[Elysia/DEBUG] Performing: equal 
[Elysia/DEBUG] Performing: jump_if_true codeBlock#19 
[Elysia/DEBUG] Performing: jump codeBlock#20 
[Elysia/DEBUG] Performing: jump codeBlock#12 
[Elysia/DEBUG] Performing: load_local localVar#5 
[Elysia/DEBUG] Increasing refcount of int object
[Elysia/DEBUG] Address: 0x1598043b0
[Elysia/DEBUG] Performing: load_local localVar#0 
[Elysia/DEBUG] Performing: load_member index(1) 
[Elysia/DEBUG] Increasing refcount of unsigned object
[Elysia/DEBUG] Address: 0x159904280
[Elysia/DEBUG] Performing: basic_cast_int 
[Elysia/DEBUG] Decreasing refcount of unsigned object
[Elysia/DEBUG] Address: 0x159904280
[Elysia/DEBUG] Performing: less_than 
[Elysia/DEBUG] Decreasing refcount of int object
[Elysia/DEBUG] Address: 0x1598043b0
[Elysia/DEBUG] Performing: jump_if_true codeBlock#13 
[Elysia/DEBUG] Performing: load_local localVar#0 
[Elysia/DEBUG] Performing: load_local localVar#5 
[Elysia/DEBUG] Increasing refcount of int object
[Elysia/DEBUG] Address: 0x1598043b0
[Elysia/DEBUG] Performing: invoke index(3782547968) index(37) index(2) 
[Elysia/DEBUG] Entering function 1_Str::operator[]#struct#1#0#int
[Elysia/DEBUG] Performing: load_local localVar#1 
[Elysia/DEBUG] Increasing refcount of int object
[Elysia/DEBUG] Address: 0x1598043b0
[Elysia/DEBUG] Performing: push_integer int(0) 
[Elysia/DEBUG] Performing: less_than 
[Elysia/DEBUG] Decreasing refcount of int object
[Elysia/DEBUG] Address: 0x1598043b0
[Elysia/DEBUG] Performing: jump_if_true codeBlock#1 
[Elysia/DEBUG] Performing: load_local localVar#1 
[Elysia/DEBUG] Increasing refcount of int object
[Elysia/DEBUG] Address: 0x1598043b0
[Elysia/DEBUG] Performing: load_local localVar#0 
[Elysia/DEBUG] Performing: load_member index(1) 
[Elysia/DEBUG] Increasing refcount of unsigned object
[Elysia/DEBUG] Address: 0x159904280
[Elysia/DEBUG] Performing: basic_cast_int 
[Elysia/DEBUG] Decreasing refcount of unsigned object
[Elysia/DEBUG] Address: 0x159904280
[Elysia/DEBUG] Performing: greater_equal 
[Elysia/DEBUG] Decreasing refcount of int object
[Elysia/DEBUG] Address: 0x1598043b0
[Elysia/DEBUG] Performing: jump_if_true codeBlock#1 
[Elysia/DEBUG] Performing: jump codeBlock#2 
[Elysia/DEBUG] Performing: push_boolean bool(false) 
[Elysia/DEBUG] Performing: jump codeBlock#3 
[Elysia/DEBUG] Performing: jump_if_true codeBlock#4 
[Elysia/DEBUG] Performing: jump codeBlock#5 
[Elysia/DEBUG] Performing: load_local localVar#0 
[Elysia/DEBUG] Performing: load_member index(0) 
[Elysia/DEBUG] Entering function array_char[]_gc_refcount_increase
[Elysia/DEBUG] Performing: load_local localVar#1 
[Elysia/DEBUG] Increasing refcount of int object
[Elysia/DEBUG] Address: 0x1598043b0
[Elysia/DEBUG] Performing: basic_cast_unsigned 
[Elysia/DEBUG] Decreasing refcount of int object
[Elysia/DEBUG] Address: 0x1598043b0
[Elysia/DEBUG] Performing: load_element 
[Elysia/DEBUG] Entering function array_char[]_gc_refcount_decrease
[Elysia/DEBUG] Performing: ret 
[Elysia/DEBUG] Decreasing refcount of int object
[Elysia/DEBUG] Address: 0x1598043b0
[Elysia/DEBUG] Performing: load_local localVar#1 
[Elysia/DEBUG] Performing: load_local localVar#6 
[Elysia/DEBUG] Performing: invoke index(3782547968) index(37) index(2) 
[Elysia/DEBUG] Entering function 1_Str::operator[]#struct#1#0#int
[Elysia/DEBUG] Performing: load_local localVar#1 
[Elysia/DEBUG] Increasing refcount of int object
[Elysia/DEBUG] Address: 0x1598043d0
[Elysia/DEBUG] Performing: push_integer int(0) 
[Elysia/DEBUG] Performing: less_than 
[Elysia/DEBUG] Decreasing refcount of int object
[Elysia/DEBUG] Address: 0x1598043d0
[Elysia/DEBUG] Performing: jump_if_true codeBlock#1 
[Elysia/DEBUG] Performing: load_local localVar#1 
[Elysia/DEBUG] Increasing refcount of int object
[Elysia/DEBUG] Address: 0x1598043d0
[Elysia/DEBUG] Performing: load_local localVar#0 
[Elysia/DEBUG] Performing: load_member index(1) 
[Elysia/DEBUG] Increasing refcount of unsigned object
[Elysia/DEBUG] Address: 0x1598040d0
[Elysia/DEBUG] Performing: basic_cast_int 
[Elysia/DEBUG] Decreasing refcount of unsigned object
[Elysia/DEBUG] Address: 0x1598040d0
[Elysia/DEBUG] Performing: greater_equal 
[Elysia/DEBUG] Decreasing refcount of int object
[Elysia/DEBUG] Address: 0x1598043d0
[Elysia/DEBUG] Performing: jump_if_true codeBlock#1 
[Elysia/DEBUG] Performing: jump codeBlock#2 
[Elysia/DEBUG] Performing: push_boolean bool(false) 
[Elysia/DEBUG] Performing: jump codeBlock#3 
[Elysia/DEBUG] Performing: jump_if_true codeBlock#4 
[Elysia/DEBUG] Performing: jump codeBlock#5 
[Elysia/DEBUG] Performing: load_local localVar#0 
[Elysia/DEBUG] Performing: load_member index(0) 
[Elysia/DEBUG] Entering function array_char[]_gc_refcount_increase
[Elysia/DEBUG] Performing: load_local localVar#1 
[Elysia/DEBUG] Increasing refcount of int object
[Elysia/DEBUG] Address: 0x1598043d0
[Elysia/DEBUG] Performing: basic_cast_unsigned 
[Elysia/DEBUG] Decreasing refcount of int object
[Elysia/DEBUG] Address: 0x1598043d0
[Elysia/DEBUG] Performing: load_element 
[Elysia/DEBUG] Entering function array_char[]_gc_refcount_decrease
[Elysia/DEBUG] Performing: ret 
[Elysia/DEBUG] Decreasing refcount of int object
[Elysia/DEBUG] Address: 0x1598043d0
[Elysia/DEBUG] Performing: equal 
[Elysia/DEBUG] Decreasing refcount of char object
[Elysia/DEBUG] Address: 0x159804390
[Elysia/DEBUG] Decreasing refcount of char object
[Elysia/DEBUG] Address: 0x1598043d0
[Elysia/DEBUG] Performing: jump_if_true codeBlock#15 
[Elysia/DEBUG] Performing: load_local localVar#6 
[Elysia/DEBUG] Performing: push_integer int(0) 
[Elysia/DEBUG] Performing: greater_than 
[Elysia/DEBUG] Performing: jump_if_true codeBlock#17 
[Elysia/DEBUG] Performing: jump codeBlock#18 
[Elysia/DEBUG] Performing: load_local localVar#5 
[Elysia/DEBUG] Increasing refcount of int object
[Elysia/DEBUG] Address: 0x1598043b0
[Elysia/DEBUG] Performing: push_integer int(1) 
[Elysia/DEBUG] Performing: add 
[Elysia/DEBUG] Decreasing refcount of int object
[Elysia/DEBUG] Address: 0x1598043b0
[Elysia/DEBUG] Performing: store_local localVar#5 
[Elysia/DEBUG] Decreasing refcount of int object
[Elysia/DEBUG] Address: 0x1598043b0
[Elysia/DEBUG] Performing: jump codeBlock#16 
[Elysia/DEBUG] Performing: load_local localVar#6 
[Elysia/DEBUG] Performing: load_local localVar#1 
[Elysia/DEBUG] Performing: load_member index(1) 
[Elysia/DEBUG] Increasing refcount of unsigned object
[Elysia/DEBUG] Address: 0x1598040d0
[Elysia/DEBUG] Performing: basic_cast_int 
[Elysia/DEBUG] Decreasing refcount of unsigned object
[Elysia/DEBUG] Address: 0x1598040d0
[Elysia/DEBUG] Performing: equal 
[Elysia/DEBUG] Performing: jump_if_true codeBlock#19 
[Elysia/DEBUG] Performing: jump codeBlock#20 
[Elysia/DEBUG] Performing: jump codeBlock#12 
[Elysia/DEBUG] Performing: load_local localVar#5 
[Elysia/DEBUG] Increasing refcount of int object
[Elysia/DEBUG] Address: 0x1598043b0
[Elysia/DEBUG] Performing: load_local localVar#0 
[Elysia/DEBUG] Performing: load_member index(1) 
[Elysia/DEBUG] Increasing refcount of unsigned object
[Elysia/DEBUG] Address: 0x159904280
[Elysia/DEBUG] Performing: basic_cast_int 
[Elysia/DEBUG] Decreasing refcount of unsigned object
[Elysia/DEBUG] Address: 0x159904280
[Elysia/DEBUG] Performing: less_than 
[Elysia/DEBUG] Decreasing refcount of int object
[Elysia/DEBUG] Address: 0x1598043b0
[Elysia/DEBUG] Performing: jump_if_true codeBlock#13 
[Elysia/DEBUG] Performing: load_local localVar#0 
[Elysia/DEBUG] Performing: load_local localVar#5 
[Elysia/DEBUG] Increasing refcount of int object
[Elysia/DEBUG] Address: 0x1598043b0
[Elysia/DEBUG] Performing: invoke index(3782547968) index(37) index(2) 
[Elysia/DEBUG] Entering function 1_Str::operator[]#struct#1#0#int
[Elysia/DEBUG] Performing: load_local localVar#1 
[Elysia/DEBUG] Increasing refcount of int object
[Elysia/DEBUG] Address: 0x1598043b0
[Elysia/DEBUG] Performing: push_integer int(0) 
[Elysia/DEBUG] Performing: less_than 
[Elysia/DEBUG] Decreasing refcount of int object
[Elysia/DEBUG] Address: 0x1598043b0
[Elysia/DEBUG] Performing: jump_if_true codeBlock#1 
[Elysia/DEBUG] Performing: load_local localVar#1 
[Elysia/DEBUG] Increasing refcount of int object
[Elysia/DEBUG] Address: 0x1598043b0
[Elysia/DEBUG] Performing: load_local localVar#0 
[Elysia/DEBUG] Performing: load_member index(1) 
[Elysia/DEBUG] Increasing refcount of unsigned object
[Elysia/DEBUG] Address: 0x159904280
[Elysia/DEBUG] Performing: basic_cast_int 
[Elysia/DEBUG] Decreasing refcount of unsigned object
[Elysia/DEBUG] Address: 0x159904280
[Elysia/DEBUG] Performing: greater_equal 
[Elysia/DEBUG] Decreasing refcount of int object
[Elysia/DEBUG] Address: 0x1598043b0
[Elysia/DEBUG] Performing: jump_if_true codeBlock#1 
[Elysia/DEBUG] Performing: jump codeBlock#2 
[Elysia/DEBUG] Performing: push_boolean bool(false) 
[Elysia/DEBUG] Performing: jump codeBlock#3 
[Elysia/DEBUG] Performing: jump_if_true codeBlock#4 
[Elysia/DEBUG] Performing: jump codeBlock#5 
[Elysia/DEBUG] Performing: load_local localVar#0 
[Elysia/DEBUG] Performing: load_member index(0) 
[Elysia/DEBUG] Entering function array_char[]_gc_refcount_increase
[Elysia/DEBUG] Performing: load_local localVar#1 
[Elysia/DEBUG] Increasing refcount of int object
[Elysia/DEBUG] Address: 0x1598043b0
[Elysia/DEBUG] Performing: basic_cast_unsigned 
[Elysia/DEBUG] Decreasing refcount of int object
[Elysia/DEBUG] Address: 0x1598043b0
[Elysia/DEBUG] Performing: load_element 
[Elysia/DEBUG] Entering function array_char[]_gc_refcount_decrease
[Elysia/DEBUG] Performing: ret 
[Elysia/DEBUG] Decreasing refcount of int object
[Elysia/DEBUG] Address: 0x1598043b0
[Elysia/DEBUG] Performing: load_local localVar#1 
[Elysia/DEBUG] Performing: load_local localVar#6 
[Elysia/DEBUG] Performing: invoke index(3782547968) index(37) index(2) 
[Elysia/DEBUG] Entering function 1_Str::operator[]#struct#1#0#int
[Elysia/DEBUG] Performing: load_local localVar#1 
[Elysia/DEBUG] Increasing refcount of int object
[Elysia/DEBUG] Address: 0x159804390
[Elysia/DEBUG] Performing: push_integer int(0) 
[Elysia/DEBUG] Performing: less_than 
[Elysia/DEBUG] Decreasing refcount of int object
[Elysia/DEBUG] Address: 0x159804390
[Elysia/DEBUG] Performing: jump_if_true codeBlock#1 
[Elysia/DEBUG] Performing: load_local localVar#1 
[Elysia/DEBUG] Increasing refcount of int object
[Elysia/DEBUG] Address: 0x159804390
[Elysia/DEBUG] Performing: load_local localVar#0 
[Elysia/DEBUG] Performing: load_member index(1) 
[Elysia/DEBUG] Increasing refcount of unsigned object
[Elysia/DEBUG] Address: 0x1598040d0
[Elysia/DEBUG] Performing: basic_cast_int 
[Elysia/DEBUG] Decreasing refcount of unsigned object
[Elysia/DEBUG] Address: 0x1598040d0
[Elysia/DEBUG] Performing: greater_equal 
[Elysia/DEBUG] Decreasing refcount of int object
[Elysia/DEBUG] Address: 0x159804390
[Elysia/DEBUG] Performing: jump_if_true codeBlock#1 
[Elysia/DEBUG] Performing: jump codeBlock#2 
[Elysia/DEBUG] Performing: push_boolean bool(false) 
[Elysia/DEBUG] Performing: jump codeBlock#3 
[Elysia/DEBUG] Performing: jump_if_true codeBlock#4 
[Elysia/DEBUG] Performing: jump codeBlock#5 
[Elysia/DEBUG] Performing: load_local localVar#0 
[Elysia/DEBUG] Performing: load_member index(0) 
[Elysia/DEBUG] Entering function array_char[]_gc_refcount_increase
[Elysia/DEBUG] Performing: load_local localVar#1 
[Elysia/DEBUG] Increasing refcount of int object
[Elysia/DEBUG] Address: 0x159804390
[Elysia/DEBUG] Performing: basic_cast_unsigned 
[Elysia/DEBUG] Decreasing refcount of int object
[Elysia/DEBUG] Address: 0x159804390
[Elysia/DEBUG] Performing: load_element 
[Elysia/DEBUG] Entering function array_char[]_gc_refcount_decrease
[Elysia/DEBUG] Performing: ret 
[Elysia/DEBUG] Decreasing refcount of int object
[Elysia/DEBUG] Address: 0x159804390
[Elysia/DEBUG] Performing: equal 
[Elysia/DEBUG] Decreasing refcount of char object
[Elysia/DEBUG] Address: 0x1598043d0
[Elysia/DEBUG] Decreasing refcount of char object
[Elysia/DEBUG] Address: 0x159804390
[Elysia/DEBUG] Performing: jump_if_true codeBlock#15 
[Elysia/DEBUG] Performing: load_local localVar#6 
[Elysia/DEBUG] Performing: push_integer int(0) 
[Elysia/DEBUG] Performing: greater_than 
[Elysia/DEBUG] Performing: jump_if_true codeBlock#17 
[Elysia/DEBUG] Performing: jump codeBlock#18 
[Elysia/DEBUG] Performing: load_local localVar#5 
[Elysia/DEBUG] Increasing refcount of int object
[Elysia/DEBUG] Address: 0x1598043b0
[Elysia/DEBUG] Performing: push_integer int(1) 
[Elysia/DEBUG] Performing: add 
[Elysia/DEBUG] Decreasing refcount of int object
[Elysia/DEBUG] Address: 0x1598043b0
[Elysia/DEBUG] Performing: store_local localVar#5 
[Elysia/DEBUG] Decreasing refcount of int object
[Elysia/DEBUG] Address: 0x1598043b0
[Elysia/DEBUG] Performing: jump codeBlock#16 
[Elysia/DEBUG] Performing: load_local localVar#6 
[Elysia/DEBUG] Performing: load_local localVar#1 
[Elysia/DEBUG] Performing: load_member index(1) 
[Elysia/DEBUG] Increasing refcount of unsigned object
[Elysia/DEBUG] Address: 0x1598040d0
[Elysia/DEBUG] Performing: basic_cast_int 
[Elysia/DEBUG] Decreasing refcount of unsigned object
[Elysia/DEBUG] Address: 0x1598040d0
[Elysia/DEBUG] Performing: equal 
[Elysia/DEBUG] Performing: jump_if_true codeBlock#19 
[Elysia/DEBUG] Performing: jump codeBlock#20 
[Elysia/DEBUG] Performing: jump codeBlock#12 
[Elysia/DEBUG] Performing: load_local localVar#5 
[Elysia/DEBUG] Increasing refcount of int object
[Elysia/DEBUG] Address: 0x1598043b0
[Elysia/DEBUG] Performing: load_local localVar#0 
[Elysia/DEBUG] Performing: load_member index(1) 
[Elysia/DEBUG] Increasing refcount of unsigned object
[Elysia/DEBUG] Address: 0x159904280
[Elysia/DEBUG] Performing: basic_cast_int 
[Elysia/DEBUG] Decreasing refcount of unsigned object
[Elysia/DEBUG] Address: 0x159904280
[Elysia/DEBUG] Performing: less_than 
[Elysia/DEBUG] Decreasing refcount of int object
[Elysia/DEBUG] Address: 0x1598043b0
[Elysia/DEBUG] Performing: jump_if_true codeBlock#13 
[Elysia/DEBUG] Performing: load_local localVar#0 
[Elysia/DEBUG] Performing: load_local localVar#5 
[Elysia/DEBUG] Increasing refcount of int object
[Elysia/DEBUG] Address: 0x1598043b0
[Elysia/DEBUG] Performing: invoke index(3782547968) index(37) index(2) 
[Elysia/DEBUG] Entering function 1_Str::operator[]#struct#1#0#int
[Elysia/DEBUG] Performing: load_local localVar#1 
[Elysia/DEBUG] Increasing refcount of int object
[Elysia/DEBUG] Address: 0x1598043b0
[Elysia/DEBUG] Performing: push_integer int(0) 
[Elysia/DEBUG] Performing: less_than 
[Elysia/DEBUG] Decreasing refcount of int object
[Elysia/DEBUG] Address: 0x1598043b0
[Elysia/DEBUG] Performing: jump_if_true codeBlock#1 
[Elysia/DEBUG] Performing: load_local localVar#1 
[Elysia/DEBUG] Increasing refcount of int object
[Elysia/DEBUG] Address: 0x1598043b0
[Elysia/DEBUG] Performing: load_local localVar#0 
[Elysia/DEBUG] Performing: load_member index(1) 
[Elysia/DEBUG] Increasing refcount of unsigned object
[Elysia/DEBUG] Address: 0x159904280
[Elysia/DEBUG] Performing: basic_cast_int 
[Elysia/DEBUG] Decreasing refcount of unsigned object
[Elysia/DEBUG] Address: 0x159904280
[Elysia/DEBUG] Performing: greater_equal 
[Elysia/DEBUG] Decreasing refcount of int object
[Elysia/DEBUG] Address: 0x1598043b0
[Elysia/DEBUG] Performing: jump_if_true codeBlock#1 
[Elysia/DEBUG] Performing: jump codeBlock#2 
[Elysia/DEBUG] Performing: push_boolean bool(false) 
[Elysia/DEBUG] Performing: jump codeBlock#3 
[Elysia/DEBUG] Performing: jump_if_true codeBlock#4 
[Elysia/DEBUG] Performing: jump codeBlock#5 
[Elysia/DEBUG] Performing: load_local localVar#0 
[Elysia/DEBUG] Performing: load_member index(0) 
[Elysia/DEBUG] Entering function array_char[]_gc_refcount_increase
[Elysia/DEBUG] Performing: load_local localVar#1 
[Elysia/DEBUG] Increasing refcount of int object
[Elysia/DEBUG] Address: 0x1598043b0
[Elysia/DEBUG] Performing: basic_cast_unsigned 
[Elysia/DEBUG] Decreasing refcount of int object
[Elysia/DEBUG] Address: 0x1598043b0
[Elysia/DEBUG] Performing: load_element 
[Elysia/DEBUG] Entering function array_char[]_gc_refcount_decrease
[Elysia/DEBUG] Performing: ret 
[Elysia/DEBUG] Decreasing refcount of int object
[Elysia/DEBUG] Address: 0x1598043b0
[Elysia/DEBUG] Performing: load_local localVar#1 
[Elysia/DEBUG] Performing: load_local localVar#6 
[Elysia/DEBUG] Performing: invoke index(3782547968) index(37) index(2) 
[Elysia/DEBUG] Entering function 1_Str::operator[]#struct#1#0#int
[Elysia/DEBUG] Performing: load_local localVar#1 
[Elysia/DEBUG] Increasing refcount of int object
[Elysia/DEBUG] Address: 0x1598043d0
[Elysia/DEBUG] Performing: push_integer int(0) 
[Elysia/DEBUG] Performing: less_than 
[Elysia/DEBUG] Decreasing refcount of int object
[Elysia/DEBUG] Address: 0x1598043d0
[Elysia/DEBUG] Performing: jump_if_true codeBlock#1 
[Elysia/DEBUG] Performing: load_local localVar#1 
[Elysia/DEBUG] Increasing refcount of int object
[Elysia/DEBUG] Address: 0x1598043d0
[Elysia/DEBUG] Performing: load_local localVar#0 
[Elysia/DEBUG] Performing: load_member index(1) 
[Elysia/DEBUG] Increasing refcount of unsigned object
[Elysia/DEBUG] Address: 0x1598040d0
[Elysia/DEBUG] Performing: basic_cast_int 
[Elysia/DEBUG] Decreasing refcount of unsigned object
[Elysia/DEBUG] Address: 0x1598040d0
[Elysia/DEBUG] Performing: greater_equal 
[Elysia/DEBUG] Decreasing refcount of int object
[Elysia/DEBUG] Address: 0x1598043d0
[Elysia/DEBUG] Performing: jump_if_true codeBlock#1 
[Elysia/DEBUG] Performing: jump codeBlock#2 
[Elysia/DEBUG] Performing: push_boolean bool(false) 
[Elysia/DEBUG] Performing: jump codeBlock#3 
[Elysia/DEBUG] Performing: jump_if_true codeBlock#4 
[Elysia/DEBUG] Performing: jump codeBlock#5 
[Elysia/DEBUG] Performing: load_local localVar#0 
[Elysia/DEBUG] Performing: load_member index(0) 
[Elysia/DEBUG] Entering function array_char[]_gc_refcount_increase
[Elysia/DEBUG] Performing: load_local localVar#1 
[Elysia/DEBUG] Increasing refcount of int object
[Elysia/DEBUG] Address: 0x1598043d0
[Elysia/DEBUG] Performing: basic_cast_unsigned 
[Elysia/DEBUG] Decreasing refcount of int object
[Elysia/DEBUG] Address: 0x1598043d0
[Elysia/DEBUG] Performing: load_element 
[Elysia/DEBUG] Entering function array_char[]_gc_refcount_decrease
[Elysia/DEBUG] Performing: ret 
[Elysia/DEBUG] Decreasing refcount of int object
[Elysia/DEBUG] Address: 0x1598043d0
[Elysia/DEBUG] Performing: equal 
[Elysia/DEBUG] Decreasing refcount of char object
[Elysia/DEBUG] Address: 0x159804390
[Elysia/DEBUG] Decreasing refcount of char object
[Elysia/DEBUG] Address: 0x1598043d0
[Elysia/DEBUG] Performing: jump_if_true codeBlock#15 
[Elysia/DEBUG] Performing: load_local localVar#6 
[Elysia/DEBUG] Performing: push_integer int(0) 
[Elysia/DEBUG] Performing: greater_than 
[Elysia/DEBUG] Performing: jump_if_true codeBlock#17 
[Elysia/DEBUG] Performing: jump codeBlock#18 
[Elysia/DEBUG] Performing: load_local localVar#5 
[Elysia/DEBUG] Increasing refcount of int object
[Elysia/DEBUG] Address: 0x1598043b0
[Elysia/DEBUG] Performing: push_integer int(1) 
[Elysia/DEBUG] Performing: add 
[Elysia/DEBUG] Decreasing refcount of int object
[Elysia/DEBUG] Address: 0x1598043b0
[Elysia/DEBUG] Performing: store_local localVar#5 
[Elysia/DEBUG] Decreasing refcount of int object
[Elysia/DEBUG] Address: 0x1598043b0
[Elysia/DEBUG] Performing: jump codeBlock#16 
[Elysia/DEBUG] Performing: load_local localVar#6 
[Elysia/DEBUG] Performing: load_local localVar#1 
[Elysia/DEBUG] Performing: load_member index(1) 
[Elysia/DEBUG] Increasing refcount of unsigned object
[Elysia/DEBUG] Address: 0x1598040d0
[Elysia/DEBUG] Performing: basic_cast_int 
[Elysia/DEBUG] Decreasing refcount of unsigned object
[Elysia/DEBUG] Address: 0x1598040d0
[Elysia/DEBUG] Performing: equal 
[Elysia/DEBUG] Performing: jump_if_true codeBlock#19 
[Elysia/DEBUG] Performing: jump codeBlock#20 
[Elysia/DEBUG] Performing: jump codeBlock#12 
[Elysia/DEBUG] Performing: load_local localVar#5 
[Elysia/DEBUG] Increasing refcount of int object
[Elysia/DEBUG] Address: 0x1598043b0
[Elysia/DEBUG] Performing: load_local localVar#0 
[Elysia/DEBUG] Performing: load_member index(1) 
[Elysia/DEBUG] Increasing refcount of unsigned object
[Elysia/DEBUG] Address: 0x159904280
[Elysia/DEBUG] Performing: basic_cast_int 
[Elysia/DEBUG] Decreasing refcount of unsigned object
[Elysia/DEBUG] Address: 0x159904280
[Elysia/DEBUG] Performing: less_than 
[Elysia/DEBUG] Decreasing refcount of int object
[Elysia/DEBUG] Address: 0x1598043b0
[Elysia/DEBUG] Performing: jump_if_true codeBlock#13 
[Elysia/DEBUG] Performing: load_local localVar#0 
[Elysia/DEBUG] Performing: load_local localVar#5 
[Elysia/DEBUG] Increasing refcount of int object
[Elysia/DEBUG] Address: 0x1598043b0
[Elysia/DEBUG] Performing: invoke index(3782547968) index(37) index(2) 
[Elysia/DEBUG] Entering function 1_Str::operator[]#struct#1#0#int
[Elysia/DEBUG] Performing: load_local localVar#1 
[Elysia/DEBUG] Increasing refcount of int object
[Elysia/DEBUG] Address: 0x1598043b0
[Elysia/DEBUG] Performing: push_integer int(0) 
[Elysia/DEBUG] Performing: less_than 
[Elysia/DEBUG] Decreasing refcount of int object
[Elysia/DEBUG] Address: 0x1598043b0
[Elysia/DEBUG] Performing: jump_if_true codeBlock#1 
[Elysia/DEBUG] Performing: load_local localVar#1 
[Elysia/DEBUG] Increasing refcount of int object
[Elysia/DEBUG] Address: 0x1598043b0
[Elysia/DEBUG] Performing: load_local localVar#0 
[Elysia/DEBUG] Performing: load_member index(1) 
[Elysia/DEBUG] Increasing refcount of unsigned object
[Elysia/DEBUG] Address: 0x159904280
[Elysia/DEBUG] Performing: basic_cast_int 
[Elysia/DEBUG] Decreasing refcount of unsigned object
[Elysia/DEBUG] Address: 0x159904280
[Elysia/DEBUG] Performing: greater_equal 
[Elysia/DEBUG] Decreasing refcount of int object
[Elysia/DEBUG] Address: 0x1598043b0
[Elysia/DEBUG] Performing: jump_if_true codeBlock#1 
[Elysia/DEBUG] Performing: jump codeBlock#2 
[Elysia/DEBUG] Performing: push_boolean bool(false) 
[Elysia/DEBUG] Performing: jump codeBlock#3 
[Elysia/DEBUG] Performing: jump_if_true codeBlock#4 
[Elysia/DEBUG] Performing: jump codeBlock#5 
[Elysia/DEBUG] Performing: load_local localVar#0 
[Elysia/DEBUG] Performing: load_member index(0) 
[Elysia/DEBUG] Entering function array_char[]_gc_refcount_increase
[Elysia/DEBUG] Performing: load_local localVar#1 
[Elysia/DEBUG] Increasing refcount of int object
[Elysia/DEBUG] Address: 0x1598043b0
[Elysia/DEBUG] Performing: basic_cast_unsigned 
[Elysia/DEBUG] Decreasing refcount of int object
[Elysia/DEBUG] Address: 0x1598043b0
[Elysia/DEBUG] Performing: load_element 
[Elysia/DEBUG] Entering function array_char[]_gc_refcount_decrease
[Elysia/DEBUG] Performing: ret 
[Elysia/DEBUG] Decreasing refcount of int object
[Elysia/DEBUG] Address: 0x1598043b0
[Elysia/DEBUG] Performing: load_local localVar#1 
[Elysia/DEBUG] Performing: load_local localVar#6 
[Elysia/DEBUG] Performing: invoke index(3782547968) index(37) index(2) 
[Elysia/DEBUG] Entering function 1_Str::operator[]#struct#1#0#int
[Elysia/DEBUG] Performing: load_local localVar#1 
[Elysia/DEBUG] Increasing refcount of int object
[Elysia/DEBUG] Address: 0x159804390
[Elysia/DEBUG] Performing: push_integer int(0) 
[Elysia/DEBUG] Performing: less_than 
[Elysia/DEBUG] Decreasing refcount of int object
[Elysia/DEBUG] Address: 0x159804390
[Elysia/DEBUG] Performing: jump_if_true codeBlock#1 
[Elysia/DEBUG] Performing: load_local localVar#1 
[Elysia/DEBUG] Increasing refcount of int object
[Elysia/DEBUG] Address: 0x159804390
[Elysia/DEBUG] Performing: load_local localVar#0 
[Elysia/DEBUG] Performing: load_member index(1) 
[Elysia/DEBUG] Increasing refcount of unsigned object
[Elysia/DEBUG] Address: 0x1598040d0
[Elysia/DEBUG] Performing: basic_cast_int 
[Elysia/DEBUG] Decreasing refcount of unsigned object
[Elysia/DEBUG] Address: 0x1598040d0
[Elysia/DEBUG] Performing: greater_equal 
[Elysia/DEBUG] Decreasing refcount of int object
[Elysia/DEBUG] Address: 0x159804390
[Elysia/DEBUG] Performing: jump_if_true codeBlock#1 
[Elysia/DEBUG] Performing: jump codeBlock#2 
[Elysia/DEBUG] Performing: push_boolean bool(false) 
[Elysia/DEBUG] Performing: jump codeBlock#3 
[Elysia/DEBUG] Performing: jump_if_true codeBlock#4 
[Elysia/DEBUG] Performing: jump codeBlock#5 
[Elysia/DEBUG] Performing: load_local localVar#0 
[Elysia/DEBUG] Performing: load_member index(0) 
[Elysia/DEBUG] Entering function array_char[]_gc_refcount_increase
[Elysia/DEBUG] Performing: load_local localVar#1 
[Elysia/DEBUG] Increasing refcount of int object
[Elysia/DEBUG] Address: 0x159804390
[Elysia/DEBUG] Performing: basic_cast_unsigned 
[Elysia/DEBUG] Decreasing refcount of int object
[Elysia/DEBUG] Address: 0x159804390
[Elysia/DEBUG] Performing: load_element 
[Elysia/DEBUG] Entering function array_char[]_gc_refcount_decrease
[Elysia/DEBUG] Performing: ret 
[Elysia/DEBUG] Decreasing refcount of int object
[Elysia/DEBUG] Address: 0x159804390
[Elysia/DEBUG] Performing: equal 
[Elysia/DEBUG] Decreasing refcount of char object
[Elysia/DEBUG] Address: 0x1598043d0
[Elysia/DEBUG] Decreasing refcount of char object
[Elysia/DEBUG] Address: 0x159804390
[Elysia/DEBUG] Performing: jump_if_true codeBlock#15 
[Elysia/DEBUG] Performing: load_local localVar#6 
[Elysia/DEBUG] Performing: push_integer int(0) 
[Elysia/DEBUG] Performing: greater_than 
[Elysia/DEBUG] Performing: jump_if_true codeBlock#17 
[Elysia/DEBUG] Performing: jump codeBlock#18 
[Elysia/DEBUG] Performing: load_local localVar#5 
[Elysia/DEBUG] Increasing refcount of int object
[Elysia/DEBUG] Address: 0x1598043b0
[Elysia/DEBUG] Performing: push_integer int(1) 
[Elysia/DEBUG] Performing: add 
[Elysia/DEBUG] Decreasing refcount of int object
[Elysia/DEBUG] Address: 0x1598043b0
[Elysia/DEBUG] Performing: store_local localVar#5 
[Elysia/DEBUG] Decreasing refcount of int object
[Elysia/DEBUG] Address: 0x1598043b0
[Elysia/DEBUG] Performing: jump codeBlock#16 
[Elysia/DEBUG] Performing: load_local localVar#6 
[Elysia/DEBUG] Performing: load_local localVar#1 
[Elysia/DEBUG] Performing: load_member index(1) 
[Elysia/DEBUG] Increasing refcount of unsigned object
[Elysia/DEBUG] Address: 0x1598040d0
[Elysia/DEBUG] Performing: basic_cast_int 
[Elysia/DEBUG] Decreasing refcount of unsigned object
[Elysia/DEBUG] Address: 0x1598040d0
[Elysia/DEBUG] Performing: equal 
[Elysia/DEBUG] Performing: jump_if_true codeBlock#19 
[Elysia/DEBUG] Performing: jump codeBlock#20 
[Elysia/DEBUG] Performing: jump codeBlock#12 
[Elysia/DEBUG] Performing: load_local localVar#5 
[Elysia/DEBUG] Increasing refcount of int object
[Elysia/DEBUG] Address: 0x1598043b0
[Elysia/DEBUG] Performing: load_local localVar#0 
[Elysia/DEBUG] Performing: load_member index(1) 
[Elysia/DEBUG] Increasing refcount of unsigned object
[Elysia/DEBUG] Address: 0x159904280
[Elysia/DEBUG] Performing: basic_cast_int 
[Elysia/DEBUG] Decreasing refcount of unsigned object
[Elysia/DEBUG] Address: 0x159904280
[Elysia/DEBUG] Performing: less_than 
[Elysia/DEBUG] Decreasing refcount of int object
[Elysia/DEBUG] Address: 0x1598043b0
[Elysia/DEBUG] Performing: jump_if_true codeBlock#13 
[Elysia/DEBUG] Performing: load_local localVar#0 
[Elysia/DEBUG] Performing: load_local localVar#5 
[Elysia/DEBUG] Increasing refcount of int object
[Elysia/DEBUG] Address: 0x1598043b0
[Elysia/DEBUG] Performing: invoke index(3782547968) index(37) index(2) 
[Elysia/DEBUG] Entering function 1_Str::operator[]#struct#1#0#int
[Elysia/DEBUG] Performing: load_local localVar#1 
[Elysia/DEBUG] Increasing refcount of int object
[Elysia/DEBUG] Address: 0x1598043b0
[Elysia/DEBUG] Performing: push_integer int(0) 
[Elysia/DEBUG] Performing: less_than 
[Elysia/DEBUG] Decreasing refcount of int object
[Elysia/DEBUG] Address: 0x1598043b0
[Elysia/DEBUG] Performing: jump_if_true codeBlock#1 
[Elysia/DEBUG] Performing: load_local localVar#1 
[Elysia/DEBUG] Increasing refcount of int object
[Elysia/DEBUG] Address: 0x1598043b0
[Elysia/DEBUG] Performing: load_local localVar#0 
[Elysia/DEBUG] Performing: load_member index(1) 
[Elysia/DEBUG] Increasing refcount of unsigned object
[Elysia/DEBUG] Address: 0x159904280
[Elysia/DEBUG] Performing: basic_cast_int 
[Elysia/DEBUG] Decreasing refcount of unsigned object
[Elysia/DEBUG] Address: 0x159904280
[Elysia/DEBUG] Performing: greater_equal 
[Elysia/DEBUG] Decreasing refcount of int object
[Elysia/DEBUG] Address: 0x1598043b0
[Elysia/DEBUG] Performing: jump_if_true codeBlock#1 
[Elysia/DEBUG] Performing: jump codeBlock#2 
[Elysia/DEBUG] Performing: push_boolean bool(false) 
[Elysia/DEBUG] Performing: jump codeBlock#3 
[Elysia/DEBUG] Performing: jump_if_true codeBlock#4 
[Elysia/DEBUG] Performing: jump codeBlock#5 
[Elysia/DEBUG] Performing: load_local localVar#0 
[Elysia/DEBUG] Performing: load_member index(0) 
[Elysia/DEBUG] Entering function array_char[]_gc_refcount_increase
[Elysia/DEBUG] Performing: load_local localVar#1 
[Elysia/DEBUG] Increasing refcount of int object
[Elysia/DEBUG] Address: 0x1598043b0
[Elysia/DEBUG] Performing: basic_cast_unsigned 
[Elysia/DEBUG] Decreasing refcount of int object
[Elysia/DEBUG] Address: 0x1598043b0
[Elysia/DEBUG] Performing: load_element 
[Elysia/DEBUG] Entering function array_char[]_gc_refcount_decrease
[Elysia/DEBUG] Performing: ret 
[Elysia/DEBUG] Decreasing refcount of int object
[Elysia/DEBUG] Address: 0x1598043b0
[Elysia/DEBUG] Performing: load_local localVar#1 
[Elysia/DEBUG] Performing: load_local localVar#6 
[Elysia/DEBUG] Performing: invoke index(3782547968) index(37) index(2) 
[Elysia/DEBUG] Entering function 1_Str::operator[]#struct#1#0#int
[Elysia/DEBUG] Performing: load_local localVar#1 
[Elysia/DEBUG] Increasing refcount of int object
[Elysia/DEBUG] Address: 0x1598043d0
[Elysia/DEBUG] Performing: push_integer int(0) 
[Elysia/DEBUG] Performing: less_than 
[Elysia/DEBUG] Decreasing refcount of int object
[Elysia/DEBUG] Address: 0x1598043d0
[Elysia/DEBUG] Performing: jump_if_true codeBlock#1 
[Elysia/DEBUG] Performing: load_local localVar#1 
[Elysia/DEBUG] Increasing refcount of int object
[Elysia/DEBUG] Address: 0x1598043d0
[Elysia/DEBUG] Performing: load_local localVar#0 
[Elysia/DEBUG] Performing: load_member index(1) 
[Elysia/DEBUG] Increasing refcount of unsigned object
[Elysia/DEBUG] Address: 0x1598040d0
[Elysia/DEBUG] Performing: basic_cast_int 
[Elysia/DEBUG] Decreasing refcount of unsigned object
[Elysia/DEBUG] Address: 0x1598040d0
[Elysia/DEBUG] Performing: greater_equal 
[Elysia/DEBUG] Decreasing refcount of int object
[Elysia/DEBUG] Address: 0x1598043d0
[Elysia/DEBUG] Performing: jump_if_true codeBlock#1 
[Elysia/DEBUG] Performing: jump codeBlock#2 
[Elysia/DEBUG] Performing: push_boolean bool(false) 
[Elysia/DEBUG] Performing: jump codeBlock#3 
[Elysia/DEBUG] Performing: jump_if_true codeBlock#4 
[Elysia/DEBUG] Performing: jump codeBlock#5 
[Elysia/DEBUG] Performing: load_local localVar#0 
[Elysia/DEBUG] Performing: load_member index(0) 
[Elysia/DEBUG] Entering function array_char[]_gc_refcount_increase
[Elysia/DEBUG] Performing: load_local localVar#1 
[Elysia/DEBUG] Increasing refcount of int object
[Elysia/DEBUG] Address: 0x1598043d0
[Elysia/DEBUG] Performing: basic_cast_unsigned 
[Elysia/DEBUG] Decreasing refcount of int object
[Elysia/DEBUG] Address: 0x1598043d0
[Elysia/DEBUG] Performing: load_element 
[Elysia/DEBUG] Entering function array_char[]_gc_refcount_decrease
[Elysia/DEBUG] Performing: ret 
[Elysia/DEBUG] Decreasing refcount of int object
[Elysia/DEBUG] Address: 0x1598043d0
[Elysia/DEBUG] Performing: equal 
[Elysia/DEBUG] Decreasing refcount of char object
[Elysia/DEBUG] Address: 0x159804390
[Elysia/DEBUG] Decreasing refcount of char object
[Elysia/DEBUG] Address: 0x1598043d0
[Elysia/DEBUG] Performing: jump_if_true codeBlock#15 
[Elysia/DEBUG] Performing: load_local localVar#6 
[Elysia/DEBUG] Performing: push_integer int(0) 
[Elysia/DEBUG] Performing: greater_than 
[Elysia/DEBUG] Performing: jump_if_true codeBlock#17 
[Elysia/DEBUG] Performing: jump codeBlock#18 
[Elysia/DEBUG] Performing: load_local localVar#5 
[Elysia/DEBUG] Increasing refcount of int object
[Elysia/DEBUG] Address: 0x1598043b0
[Elysia/DEBUG] Performing: push_integer int(1) 
[Elysia/DEBUG] Performing: add 
[Elysia/DEBUG] Decreasing refcount of int object
[Elysia/DEBUG] Address: 0x1598043b0
[Elysia/DEBUG] Performing: store_local localVar#5 
[Elysia/DEBUG] Decreasing refcount of int object
[Elysia/DEBUG] Address: 0x1598043b0
[Elysia/DEBUG] Performing: jump codeBlock#16 
[Elysia/DEBUG] Performing: load_local localVar#6 
[Elysia/DEBUG] Performing: load_local localVar#1 
[Elysia/DEBUG] Performing: load_member index(1) 
[Elysia/DEBUG] Increasing refcount of unsigned object
[Elysia/DEBUG] Address: 0x1598040d0
[Elysia/DEBUG] Performing: basic_cast_int 
[Elysia/DEBUG] Decreasing refcount of unsigned object
[Elysia/DEBUG] Address: 0x1598040d0
[Elysia/DEBUG] Performing: equal 
[Elysia/DEBUG] Performing: jump_if_true codeBlock#19 
[Elysia/DEBUG] Performing: jump codeBlock#20 
[Elysia/DEBUG] Performing: jump codeBlock#12 
[Elysia/DEBUG] Performing: load_local localVar#5 
[Elysia/DEBUG] Increasing refcount of int object
[Elysia/DEBUG] Address: 0x1598043b0
[Elysia/DEBUG] Performing: load_local localVar#0 
[Elysia/DEBUG] Performing: load_member index(1) 
[Elysia/DEBUG] Increasing refcount of unsigned object
[Elysia/DEBUG] Address: 0x159904280
[Elysia/DEBUG] Performing: basic_cast_int 
[Elysia/DEBUG] Decreasing refcount of unsigned object
[Elysia/DEBUG] Address: 0x159904280
[Elysia/DEBUG] Performing: less_than 
[Elysia/DEBUG] Decreasing refcount of int object
[Elysia/DEBUG] Address: 0x1598043b0
[Elysia/DEBUG] Performing: jump_if_true codeBlock#13 
[Elysia/DEBUG] Performing: load_local localVar#0 
[Elysia/DEBUG] Performing: load_local localVar#5 
[Elysia/DEBUG] Increasing refcount of int object
[Elysia/DEBUG] Address: 0x1598043b0
[Elysia/DEBUG] Performing: invoke index(3782547968) index(37) index(2) 
[Elysia/DEBUG] Entering function 1_Str::operator[]#struct#1#0#int
[Elysia/DEBUG] Performing: load_local localVar#1 
[Elysia/DEBUG] Increasing refcount of int object
[Elysia/DEBUG] Address: 0x1598043b0
[Elysia/DEBUG] Performing: push_integer int(0) 
[Elysia/DEBUG] Performing: less_than 
[Elysia/DEBUG] Decreasing refcount of int object
[Elysia/DEBUG] Address: 0x1598043b0
[Elysia/DEBUG] Performing: jump_if_true codeBlock#1 
[Elysia/DEBUG] Performing: load_local localVar#1 
[Elysia/DEBUG] Increasing refcount of int object
[Elysia/DEBUG] Address: 0x1598043b0
[Elysia/DEBUG] Performing: load_local localVar#0 
[Elysia/DEBUG] Performing: load_member index(1) 
[Elysia/DEBUG] Increasing refcount of unsigned object
[Elysia/DEBUG] Address: 0x159904280
[Elysia/DEBUG] Performing: basic_cast_int 
[Elysia/DEBUG] Decreasing refcount of unsigned object
[Elysia/DEBUG] Address: 0x159904280
[Elysia/DEBUG] Performing: greater_equal 
[Elysia/DEBUG] Decreasing refcount of int object
[Elysia/DEBUG] Address: 0x1598043b0
[Elysia/DEBUG] Performing: jump_if_true codeBlock#1 
[Elysia/DEBUG] Performing: jump codeBlock#2 
[Elysia/DEBUG] Performing: push_boolean bool(false) 
[Elysia/DEBUG] Performing: jump codeBlock#3 
[Elysia/DEBUG] Performing: jump_if_true codeBlock#4 
[Elysia/DEBUG] Performing: jump codeBlock#5 
[Elysia/DEBUG] Performing: load_local localVar#0 
[Elysia/DEBUG] Performing: load_member index(0) 
[Elysia/DEBUG] Entering function array_char[]_gc_refcount_increase
[Elysia/DEBUG] Performing: load_local localVar#1 
[Elysia/DEBUG] Increasing refcount of int object
[Elysia/DEBUG] Address: 0x1598043b0
[Elysia/DEBUG] Performing: basic_cast_unsigned 
[Elysia/DEBUG] Decreasing refcount of int object
[Elysia/DEBUG] Address: 0x1598043b0
[Elysia/DEBUG] Performing: load_element 
[Elysia/DEBUG] Entering function array_char[]_gc_refcount_decrease
[Elysia/DEBUG] Performing: ret 
[Elysia/DEBUG] Decreasing refcount of int object
[Elysia/DEBUG] Address: 0x1598043b0
[Elysia/DEBUG] Performing: load_local localVar#1 
[Elysia/DEBUG] Performing: load_local localVar#6 
[Elysia/DEBUG] Performing: invoke index(3782547968) index(37) index(2) 
[Elysia/DEBUG] Entering function 1_Str::operator[]#struct#1#0#int
[Elysia/DEBUG] Performing: load_local localVar#1 
[Elysia/DEBUG] Increasing refcount of int object
[Elysia/DEBUG] Address: 0x159804390
[Elysia/DEBUG] Performing: push_integer int(0) 
[Elysia/DEBUG] Performing: less_than 
[Elysia/DEBUG] Decreasing refcount of int object
[Elysia/DEBUG] Address: 0x159804390
[Elysia/DEBUG] Performing: jump_if_true codeBlock#1 
[Elysia/DEBUG] Performing: load_local localVar#1 
[Elysia/DEBUG] Increasing refcount of int object
[Elysia/DEBUG] Address: 0x159804390
[Elysia/DEBUG] Performing: load_local localVar#0 
[Elysia/DEBUG] Performing: load_member index(1) 
[Elysia/DEBUG] Increasing refcount of unsigned object
[Elysia/DEBUG] Address: 0x1598040d0
[Elysia/DEBUG] Performing: basic_cast_int 
[Elysia/DEBUG] Decreasing refcount of unsigned object
[Elysia/DEBUG] Address: 0x1598040d0
[Elysia/DEBUG] Performing: greater_equal 
[Elysia/DEBUG] Decreasing refcount of int object
[Elysia/DEBUG] Address: 0x159804390
[Elysia/DEBUG] Performing: jump_if_true codeBlock#1 
[Elysia/DEBUG] Performing: jump codeBlock#2 
[Elysia/DEBUG] Performing: push_boolean bool(false) 
[Elysia/DEBUG] Performing: jump codeBlock#3 
[Elysia/DEBUG] Performing: jump_if_true codeBlock#4 
[Elysia/DEBUG] Performing: jump codeBlock#5 
[Elysia/DEBUG] Performing: load_local localVar#0 
[Elysia/DEBUG] Performing: load_member index(0) 
[Elysia/DEBUG] Entering function array_char[]_gc_refcount_increase
[Elysia/DEBUG] Performing: load_local localVar#1 
[Elysia/DEBUG] Increasing refcount of int object
[Elysia/DEBUG] Address: 0x159804390
[Elysia/DEBUG] Performing: basic_cast_unsigned 
[Elysia/DEBUG] Decreasing refcount of int object
[Elysia/DEBUG] Address: 0x159804390
[Elysia/DEBUG] Performing: load_element 
[Elysia/DEBUG] Entering function array_char[]_gc_refcount_decrease
[Elysia/DEBUG] Performing: ret 
[Elysia/DEBUG] Decreasing refcount of int object
[Elysia/DEBUG] Address: 0x159804390
[Elysia/DEBUG] Performing: equal 
[Elysia/DEBUG] Decreasing refcount of char object
[Elysia/DEBUG] Address: 0x1598043d0
[Elysia/DEBUG] Decreasing refcount of char object
[Elysia/DEBUG] Address: 0x159804390
[Elysia/DEBUG] Performing: jump_if_true codeBlock#15 
[Elysia/DEBUG] Performing: load_local localVar#6 
[Elysia/DEBUG] Performing: push_integer int(0) 
[Elysia/DEBUG] Performing: greater_than 
[Elysia/DEBUG] Performing: jump_if_true codeBlock#17 
[Elysia/DEBUG] Performing: jump codeBlock#18 
[Elysia/DEBUG] Performing: load_local localVar#5 
[Elysia/DEBUG] Increasing refcount of int object
[Elysia/DEBUG] Address: 0x1598043b0
[Elysia/DEBUG] Performing: push_integer int(1) 
[Elysia/DEBUG] Performing: add 
[Elysia/DEBUG] Decreasing refcount of int object
[Elysia/DEBUG] Address: 0x1598043b0
[Elysia/DEBUG] Performing: store_local localVar#5 
[Elysia/DEBUG] Decreasing refcount of int object
[Elysia/DEBUG] Address: 0x1598043b0
[Elysia/DEBUG] Performing: jump codeBlock#16 
[Elysia/DEBUG] Performing: load_local localVar#6 
[Elysia/DEBUG] Performing: load_local localVar#1 
[Elysia/DEBUG] Performing: load_member index(1) 
[Elysia/DEBUG] Increasing refcount of unsigned object
[Elysia/DEBUG] Address: 0x1598040d0
[Elysia/DEBUG] Performing: basic_cast_int 
[Elysia/DEBUG] Decreasing refcount of unsigned object
[Elysia/DEBUG] Address: 0x1598040d0
[Elysia/DEBUG] Performing: equal 
[Elysia/DEBUG] Performing: jump_if_true codeBlock#19 
[Elysia/DEBUG] Performing: jump codeBlock#20 
[Elysia/DEBUG] Performing: jump codeBlock#12 
[Elysia/DEBUG] Performing: load_local localVar#5 
[Elysia/DEBUG] Increasing refcount of int object
[Elysia/DEBUG] Address: 0x1598043b0
[Elysia/DEBUG] Performing: load_local localVar#0 
[Elysia/DEBUG] Performing: load_member index(1) 
[Elysia/DEBUG] Increasing refcount of unsigned object
[Elysia/DEBUG] Address: 0x159904280
[Elysia/DEBUG] Performing: basic_cast_int 
[Elysia/DEBUG] Decreasing refcount of unsigned object
[Elysia/DEBUG] Address: 0x159904280
[Elysia/DEBUG] Performing: less_than 
[Elysia/DEBUG] Decreasing refcount of int object
[Elysia/DEBUG] Address: 0x1598043b0
[Elysia/DEBUG] Performing: jump_if_true codeBlock#13 
[Elysia/DEBUG] Performing: load_local localVar#0 
[Elysia/DEBUG] Performing: load_local localVar#5 
[Elysia/DEBUG] Increasing refcount of int object
[Elysia/DEBUG] Address: 0x1598043b0
[Elysia/DEBUG] Performing: invoke index(3782547968) index(37) index(2) 
[Elysia/DEBUG] Entering function 1_Str::operator[]#struct#1#0#int
[Elysia/DEBUG] Performing: load_local localVar#1 
[Elysia/DEBUG] Increasing refcount of int object
[Elysia/DEBUG] Address: 0x1598043b0
[Elysia/DEBUG] Performing: push_integer int(0) 
[Elysia/DEBUG] Performing: less_than 
[Elysia/DEBUG] Decreasing refcount of int object
[Elysia/DEBUG] Address: 0x1598043b0
[Elysia/DEBUG] Performing: jump_if_true codeBlock#1 
[Elysia/DEBUG] Performing: load_local localVar#1 
[Elysia/DEBUG] Increasing refcount of int object
[Elysia/DEBUG] Address: 0x1598043b0
[Elysia/DEBUG] Performing: load_local localVar#0 
[Elysia/DEBUG] Performing: load_member index(1) 
[Elysia/DEBUG] Increasing refcount of unsigned object
[Elysia/DEBUG] Address: 0x159904280
[Elysia/DEBUG] Performing: basic_cast_int 
[Elysia/DEBUG] Decreasing refcount of unsigned object
[Elysia/DEBUG] Address: 0x159904280
[Elysia/DEBUG] Performing: greater_equal 
[Elysia/DEBUG] Decreasing refcount of int object
[Elysia/DEBUG] Address: 0x1598043b0
[Elysia/DEBUG] Performing: jump_if_true codeBlock#1 
[Elysia/DEBUG] Performing: jump codeBlock#2 
[Elysia/DEBUG] Performing: push_boolean bool(false) 
[Elysia/DEBUG] Performing: jump codeBlock#3 
[Elysia/DEBUG] Performing: jump_if_true codeBlock#4 
[Elysia/DEBUG] Performing: jump codeBlock#5 
[Elysia/DEBUG] Performing: load_local localVar#0 
[Elysia/DEBUG] Performing: load_member index(0) 
[Elysia/DEBUG] Entering function array_char[]_gc_refcount_increase
[Elysia/DEBUG] Performing: load_local localVar#1 
[Elysia/DEBUG] Increasing refcount of int object
[Elysia/DEBUG] Address: 0x1598043b0
[Elysia/DEBUG] Performing: basic_cast_unsigned 
[Elysia/DEBUG] Decreasing refcount of int object
[Elysia/DEBUG] Address: 0x1598043b0
[Elysia/DEBUG] Performing: load_element 
[Elysia/DEBUG] Entering function array_char[]_gc_refcount_decrease
[Elysia/DEBUG] Performing: ret 
[Elysia/DEBUG] Decreasing refcount of int object
[Elysia/DEBUG] Address: 0x1598043b0
[Elysia/DEBUG] Performing: load_local localVar#1 
[Elysia/DEBUG] Performing: load_local localVar#6 
[Elysia/DEBUG] Performing: invoke index(3782547968) index(37) index(2) 
[Elysia/DEBUG] Entering function 1_Str::operator[]#struct#1#0#int
[Elysia/DEBUG] Performing: load_local localVar#1 
[Elysia/DEBUG] Increasing refcount of int object
[Elysia/DEBUG] Address: 0x1598043d0
[Elysia/DEBUG] Performing: push_integer int(0) 
[Elysia/DEBUG] Performing: less_than 
[Elysia/DEBUG] Decreasing refcount of int object
[Elysia/DEBUG] Address: 0x1598043d0
[Elysia/DEBUG] Performing: jump_if_true codeBlock#1 
[Elysia/DEBUG] Performing: load_local localVar#1 
[Elysia/DEBUG] Increasing refcount of int object
[Elysia/DEBUG] Address: 0x1598043d0
[Elysia/DEBUG] Performing: load_local localVar#0 
[Elysia/DEBUG] Performing: load_member index(1) 
[Elysia/DEBUG] Increasing refcount of unsigned object
[Elysia/DEBUG] Address: 0x1598040d0
[Elysia/DEBUG] Performing: basic_cast_int 
[Elysia/DEBUG] Decreasing refcount of unsigned object
[Elysia/DEBUG] Address: 0x1598040d0
[Elysia/DEBUG] Performing: greater_equal 
[Elysia/DEBUG] Decreasing refcount of int object
[Elysia/DEBUG] Address: 0x1598043d0
[Elysia/DEBUG] Performing: jump_if_true codeBlock#1 
[Elysia/DEBUG] Performing: jump codeBlock#2 
[Elysia/DEBUG] Performing: push_boolean bool(false) 
[Elysia/DEBUG] Performing: jump codeBlock#3 
[Elysia/DEBUG] Performing: jump_if_true codeBlock#4 
[Elysia/DEBUG] Performing: jump codeBlock#5 
[Elysia/DEBUG] Performing: load_local localVar#0 
[Elysia/DEBUG] Performing: load_member index(0) 
[Elysia/DEBUG] Entering function array_char[]_gc_refcount_increase
[Elysia/DEBUG] Performing: load_local localVar#1 
[Elysia/DEBUG] Increasing refcount of int object
[Elysia/DEBUG] Address: 0x1598043d0
[Elysia/DEBUG] Performing: basic_cast_unsigned 
[Elysia/DEBUG] Decreasing refcount of int object
[Elysia/DEBUG] Address: 0x1598043d0
[Elysia/DEBUG] Performing: load_element 
[Elysia/DEBUG] Entering function array_char[]_gc_refcount_decrease
[Elysia/DEBUG] Performing: ret 
[Elysia/DEBUG] Decreasing refcount of int object
[Elysia/DEBUG] Address: 0x1598043d0
[Elysia/DEBUG] Performing: equal 
[Elysia/DEBUG] Decreasing refcount of char object
[Elysia/DEBUG] Address: 0x159804390
[Elysia/DEBUG] Decreasing refcount of char object
[Elysia/DEBUG] Address: 0x1598043d0
[Elysia/DEBUG] Performing: jump_if_true codeBlock#15 
[Elysia/DEBUG] Performing: load_local localVar#6 
[Elysia/DEBUG] Performing: push_integer int(0) 
[Elysia/DEBUG] Performing: greater_than 
[Elysia/DEBUG] Performing: jump_if_true codeBlock#17 
[Elysia/DEBUG] Performing: jump codeBlock#18 
[Elysia/DEBUG] Performing: load_local localVar#5 
[Elysia/DEBUG] Increasing refcount of int object
[Elysia/DEBUG] Address: 0x1598043b0
[Elysia/DEBUG] Performing: push_integer int(1) 
[Elysia/DEBUG] Performing: add 
[Elysia/DEBUG] Decreasing refcount of int object
[Elysia/DEBUG] Address: 0x1598043b0
[Elysia/DEBUG] Performing: store_local localVar#5 
[Elysia/DEBUG] Decreasing refcount of int object
[Elysia/DEBUG] Address: 0x1598043b0
[Elysia/DEBUG] Performing: jump codeBlock#16 
[Elysia/DEBUG] Performing: load_local localVar#6 
[Elysia/DEBUG] Performing: load_local localVar#1 
[Elysia/DEBUG] Performing: load_member index(1) 
[Elysia/DEBUG] Increasing refcount of unsigned object
[Elysia/DEBUG] Address: 0x1598040d0
[Elysia/DEBUG] Performing: basic_cast_int 
[Elysia/DEBUG] Decreasing refcount of unsigned object
[Elysia/DEBUG] Address: 0x1598040d0
[Elysia/DEBUG] Performing: equal 
[Elysia/DEBUG] Performing: jump_if_true codeBlock#19 
[Elysia/DEBUG] Performing: jump codeBlock#20 
[Elysia/DEBUG] Performing: jump codeBlock#12 
[Elysia/DEBUG] Performing: load_local localVar#5 
[Elysia/DEBUG] Increasing refcount of int object
[Elysia/DEBUG] Address: 0x1598043b0
[Elysia/DEBUG] Performing: load_local localVar#0 
[Elysia/DEBUG] Performing: load_member index(1) 
[Elysia/DEBUG] Increasing refcount of unsigned object
[Elysia/DEBUG] Address: 0x159904280
[Elysia/DEBUG] Performing: basic_cast_int 
[Elysia/DEBUG] Decreasing refcount of unsigned object
[Elysia/DEBUG] Address: 0x159904280
[Elysia/DEBUG] Performing: less_than 
[Elysia/DEBUG] Decreasing refcount of int object
[Elysia/DEBUG] Address: 0x1598043b0
[Elysia/DEBUG] Performing: jump_if_true codeBlock#13 
[Elysia/DEBUG] Performing: load_local localVar#0 
[Elysia/DEBUG] Performing: load_local localVar#5 
[Elysia/DEBUG] Increasing refcount of int object
[Elysia/DEBUG] Address: 0x1598043b0
[Elysia/DEBUG] Performing: invoke index(3782547968) index(37) index(2) 
[Elysia/DEBUG] Entering function 1_Str::operator[]#struct#1#0#int
[Elysia/DEBUG] Performing: load_local localVar#1 
[Elysia/DEBUG] Increasing refcount of int object
[Elysia/DEBUG] Address: 0x1598043b0
[Elysia/DEBUG] Performing: push_integer int(0) 
[Elysia/DEBUG] Performing: less_than 
[Elysia/DEBUG] Decreasing refcount of int object
[Elysia/DEBUG] Address: 0x1598043b0
[Elysia/DEBUG] Performing: jump_if_true codeBlock#1 
[Elysia/DEBUG] Performing: load_local localVar#1 
[Elysia/DEBUG] Increasing refcount of int object
[Elysia/DEBUG] Address: 0x1598043b0
[Elysia/DEBUG] Performing: load_local localVar#0 
[Elysia/DEBUG] Performing: load_member index(1) 
[Elysia/DEBUG] Increasing refcount of unsigned object
[Elysia/DEBUG] Address: 0x159904280
[Elysia/DEBUG] Performing: basic_cast_int 
[Elysia/DEBUG] Decreasing refcount of unsigned object
[Elysia/DEBUG] Address: 0x159904280
[Elysia/DEBUG] Performing: greater_equal 
[Elysia/DEBUG] Decreasing refcount of int object
[Elysia/DEBUG] Address: 0x1598043b0
[Elysia/DEBUG] Performing: jump_if_true codeBlock#1 
[Elysia/DEBUG] Performing: jump codeBlock#2 
[Elysia/DEBUG] Performing: push_boolean bool(false) 
[Elysia/DEBUG] Performing: jump codeBlock#3 
[Elysia/DEBUG] Performing: jump_if_true codeBlock#4 
[Elysia/DEBUG] Performing: jump codeBlock#5 
[Elysia/DEBUG] Performing: load_local localVar#0 
[Elysia/DEBUG] Performing: load_member index(0) 
[Elysia/DEBUG] Entering function array_char[]_gc_refcount_increase
[Elysia/DEBUG] Performing: load_local localVar#1 
[Elysia/DEBUG] Increasing refcount of int object
[Elysia/DEBUG] Address: 0x1598043b0
[Elysia/DEBUG] Performing: basic_cast_unsigned 
[Elysia/DEBUG] Decreasing refcount of int object
[Elysia/DEBUG] Address: 0x1598043b0
[Elysia/DEBUG] Performing: load_element 
[Elysia/DEBUG] Entering function array_char[]_gc_refcount_decrease
[Elysia/DEBUG] Performing: ret 
[Elysia/DEBUG] Decreasing refcount of int object
[Elysia/DEBUG] Address: 0x1598043b0
[Elysia/DEBUG] Performing: load_local localVar#1 
[Elysia/DEBUG] Performing: load_local localVar#6 
[Elysia/DEBUG] Performing: invoke index(3782547968) index(37) index(2) 
[Elysia/DEBUG] Entering function 1_Str::operator[]#struct#1#0#int
[Elysia/DEBUG] Performing: load_local localVar#1 
[Elysia/DEBUG] Increasing refcount of int object
[Elysia/DEBUG] Address: 0x159804390
[Elysia/DEBUG] Performing: push_integer int(0) 
[Elysia/DEBUG] Performing: less_than 
[Elysia/DEBUG] Decreasing refcount of int object
[Elysia/DEBUG] Address: 0x159804390
[Elysia/DEBUG] Performing: jump_if_true codeBlock#1 
[Elysia/DEBUG] Performing: load_local localVar#1 
[Elysia/DEBUG] Increasing refcount of int object
[Elysia/DEBUG] Address: 0x159804390
[Elysia/DEBUG] Performing: load_local localVar#0 
[Elysia/DEBUG] Performing: load_member index(1) 
[Elysia/DEBUG] Increasing refcount of unsigned object
[Elysia/DEBUG] Address: 0x1598040d0
[Elysia/DEBUG] Performing: basic_cast_int 
[Elysia/DEBUG] Decreasing refcount of unsigned object
[Elysia/DEBUG] Address: 0x1598040d0
[Elysia/DEBUG] Performing: greater_equal 
[Elysia/DEBUG] Decreasing refcount of int object
[Elysia/DEBUG] Address: 0x159804390
[Elysia/DEBUG] Performing: jump_if_true codeBlock#1 
[Elysia/DEBUG] Performing: jump codeBlock#2 
[Elysia/DEBUG] Performing: push_boolean bool(false) 
[Elysia/DEBUG] Performing: jump codeBlock#3 
[Elysia/DEBUG] Performing: jump_if_true codeBlock#4 
[Elysia/DEBUG] Performing: jump codeBlock#5 
[Elysia/DEBUG] Performing: load_local localVar#0 
[Elysia/DEBUG] Performing: load_member index(0) 
[Elysia/DEBUG] Entering function array_char[]_gc_refcount_increase
[Elysia/DEBUG] Performing: load_local localVar#1 
[Elysia/DEBUG] Increasing refcount of int object
[Elysia/DEBUG] Address: 0x159804390
[Elysia/DEBUG] Performing: basic_cast_unsigned 
[Elysia/DEBUG] Decreasing refcount of int object
[Elysia/DEBUG] Address: 0x159804390
[Elysia/DEBUG] Performing: load_element 
[Elysia/DEBUG] Entering function array_char[]_gc_refcount_decrease
[Elysia/DEBUG] Performing: ret 
[Elysia/DEBUG] Decreasing refcount of int object
[Elysia/DEBUG] Address: 0x159804390
[Elysia/DEBUG] Performing: equal 
[Elysia/DEBUG] Decreasing refcount of char object
[Elysia/DEBUG] Address: 0x1598043d0
[Elysia/DEBUG] Decreasing refcount of char object
[Elysia/DEBUG] Address: 0x159804390
[Elysia/DEBUG] Performing: jump_if_true codeBlock#15 
[Elysia/DEBUG] Performing: load_local localVar#6 
[Elysia/DEBUG] Performing: push_integer int(0) 
[Elysia/DEBUG] Performing: greater_than 
[Elysia/DEBUG] Performing: jump_if_true codeBlock#17 
[Elysia/DEBUG] Performing: jump codeBlock#18 
[Elysia/DEBUG] Performing: load_local localVar#5 
[Elysia/DEBUG] Increasing refcount of int object
[Elysia/DEBUG] Address: 0x1598043b0
[Elysia/DEBUG] Performing: push_integer int(1) 
[Elysia/DEBUG] Performing: add 
[Elysia/DEBUG] Decreasing refcount of int object
[Elysia/DEBUG] Address: 0x1598043b0
[Elysia/DEBUG] Performing: store_local localVar#5 
[Elysia/DEBUG] Decreasing refcount of int object
[Elysia/DEBUG] Address: 0x1598043b0
[Elysia/DEBUG] Performing: jump codeBlock#16 
[Elysia/DEBUG] Performing: load_local localVar#6 
[Elysia/DEBUG] Performing: load_local localVar#1 
[Elysia/DEBUG] Performing: load_member index(1) 
[Elysia/DEBUG] Increasing refcount of unsigned object
[Elysia/DEBUG] Address: 0x1598040d0
[Elysia/DEBUG] Performing: basic_cast_int 
[Elysia/DEBUG] Decreasing refcount of unsigned object
[Elysia/DEBUG] Address: 0x1598040d0
[Elysia/DEBUG] Performing: equal 
[Elysia/DEBUG] Performing: jump_if_true codeBlock#19 
[Elysia/DEBUG] Performing: jump codeBlock#20 
[Elysia/DEBUG] Performing: jump codeBlock#12 
[Elysia/DEBUG] Performing: load_local localVar#5 
[Elysia/DEBUG] Increasing refcount of int object
[Elysia/DEBUG] Address: 0x1598043b0
[Elysia/DEBUG] Performing: load_local localVar#0 
[Elysia/DEBUG] Performing: load_member index(1) 
[Elysia/DEBUG] Increasing refcount of unsigned object
[Elysia/DEBUG] Address: 0x159904280
[Elysia/DEBUG] Performing: basic_cast_int 
[Elysia/DEBUG] Decreasing refcount of unsigned object
[Elysia/DEBUG] Address: 0x159904280
[Elysia/DEBUG] Performing: less_than 
[Elysia/DEBUG] Decreasing refcount of int object
[Elysia/DEBUG] Address: 0x1598043b0
[Elysia/DEBUG] Performing: jump_if_true codeBlock#13 
[Elysia/DEBUG] Performing: load_local localVar#0 
[Elysia/DEBUG] Performing: load_local localVar#5 
[Elysia/DEBUG] Increasing refcount of int object
[Elysia/DEBUG] Address: 0x1598043b0
[Elysia/DEBUG] Performing: invoke index(3782547968) index(37) index(2) 
[Elysia/DEBUG] Entering function 1_Str::operator[]#struct#1#0#int
[Elysia/DEBUG] Performing: load_local localVar#1 
[Elysia/DEBUG] Increasing refcount of int object
[Elysia/DEBUG] Address: 0x1598043b0
[Elysia/DEBUG] Performing: push_integer int(0) 
[Elysia/DEBUG] Performing: less_than 
[Elysia/DEBUG] Decreasing refcount of int object
[Elysia/DEBUG] Address: 0x1598043b0
[Elysia/DEBUG] Performing: jump_if_true codeBlock#1 
[Elysia/DEBUG] Performing: load_local localVar#1 
[Elysia/DEBUG] Increasing refcount of int object
[Elysia/DEBUG] Address: 0x1598043b0
[Elysia/DEBUG] Performing: load_local localVar#0 
[Elysia/DEBUG] Performing: load_member index(1) 
[Elysia/DEBUG] Increasing refcount of unsigned object
[Elysia/DEBUG] Address: 0x159904280
[Elysia/DEBUG] Performing: basic_cast_int 
[Elysia/DEBUG] Decreasing refcount of unsigned object
[Elysia/DEBUG] Address: 0x159904280
[Elysia/DEBUG] Performing: greater_equal 
[Elysia/DEBUG] Decreasing refcount of int object
[Elysia/DEBUG] Address: 0x1598043b0
[Elysia/DEBUG] Performing: jump_if_true codeBlock#1 
[Elysia/DEBUG] Performing: jump codeBlock#2 
[Elysia/DEBUG] Performing: push_boolean bool(false) 
[Elysia/DEBUG] Performing: jump codeBlock#3 
[Elysia/DEBUG] Performing: jump_if_true codeBlock#4 
[Elysia/DEBUG] Performing: jump codeBlock#5 
[Elysia/DEBUG] Performing: load_local localVar#0 
[Elysia/DEBUG] Performing: load_member index(0) 
[Elysia/DEBUG] Entering function array_char[]_gc_refcount_increase
[Elysia/DEBUG] Performing: load_local localVar#1 
[Elysia/DEBUG] Increasing refcount of int object
[Elysia/DEBUG] Address: 0x1598043b0
[Elysia/DEBUG] Performing: basic_cast_unsigned 
[Elysia/DEBUG] Decreasing refcount of int object
[Elysia/DEBUG] Address: 0x1598043b0
[Elysia/DEBUG] Performing: load_element 
[Elysia/DEBUG] Entering function array_char[]_gc_refcount_decrease
[Elysia/DEBUG] Performing: ret 
[Elysia/DEBUG] Decreasing refcount of int object
[Elysia/DEBUG] Address: 0x1598043b0
[Elysia/DEBUG] Performing: load_local localVar#1 
[Elysia/DEBUG] Performing: load_local localVar#6 
[Elysia/DEBUG] Performing: invoke index(3782547968) index(37) index(2) 
[Elysia/DEBUG] Entering function 1_Str::operator[]#struct#1#0#int
[Elysia/DEBUG] Performing: load_local localVar#1 
[Elysia/DEBUG] Increasing refcount of int object
[Elysia/DEBUG] Address: 0x1598043d0
[Elysia/DEBUG] Performing: push_integer int(0) 
[Elysia/DEBUG] Performing: less_than 
[Elysia/DEBUG] Decreasing refcount of int object
[Elysia/DEBUG] Address: 0x1598043d0
[Elysia/DEBUG] Performing: jump_if_true codeBlock#1 
[Elysia/DEBUG] Performing: load_local localVar#1 
[Elysia/DEBUG] Increasing refcount of int object
[Elysia/DEBUG] Address: 0x1598043d0
[Elysia/DEBUG] Performing: load_local localVar#0 
[Elysia/DEBUG] Performing: load_member index(1) 
[Elysia/DEBUG] Increasing refcount of unsigned object
[Elysia/DEBUG] Address: 0x1598040d0
[Elysia/DEBUG] Performing: basic_cast_int 
[Elysia/DEBUG] Decreasing refcount of unsigned object
[Elysia/DEBUG] Address: 0x1598040d0
[Elysia/DEBUG] Performing: greater_equal 
[Elysia/DEBUG] Decreasing refcount of int object
[Elysia/DEBUG] Address: 0x1598043d0
[Elysia/DEBUG] Performing: jump_if_true codeBlock#1 
[Elysia/DEBUG] Performing: jump codeBlock#2 
[Elysia/DEBUG] Performing: push_boolean bool(false) 
[Elysia/DEBUG] Performing: jump codeBlock#3 
[Elysia/DEBUG] Performing: jump_if_true codeBlock#4 
[Elysia/DEBUG] Performing: jump codeBlock#5 
[Elysia/DEBUG] Performing: load_local localVar#0 
[Elysia/DEBUG] Performing: load_member index(0) 
[Elysia/DEBUG] Entering function array_char[]_gc_refcount_increase
[Elysia/DEBUG] Performing: load_local localVar#1 
[Elysia/DEBUG] Increasing refcount of int object
[Elysia/DEBUG] Address: 0x1598043d0
[Elysia/DEBUG] Performing: basic_cast_unsigned 
[Elysia/DEBUG] Decreasing refcount of int object
[Elysia/DEBUG] Address: 0x1598043d0
[Elysia/DEBUG] Performing: load_element 
[Elysia/DEBUG] Entering function array_char[]_gc_refcount_decrease
[Elysia/DEBUG] Performing: ret 
[Elysia/DEBUG] Decreasing refcount of int object
[Elysia/DEBUG] Address: 0x1598043d0
[Elysia/DEBUG] Performing: equal 
[Elysia/DEBUG] Decreasing refcount of char object
[Elysia/DEBUG] Address: 0x159804390
[Elysia/DEBUG] Decreasing refcount of char object
[Elysia/DEBUG] Address: 0x1598043d0
[Elysia/DEBUG] Performing: jump_if_true codeBlock#15 
[Elysia/DEBUG] Performing: load_local localVar#6 
[Elysia/DEBUG] Performing: push_integer int(0) 
[Elysia/DEBUG] Performing: greater_than 
[Elysia/DEBUG] Performing: jump_if_true codeBlock#17 
[Elysia/DEBUG] Performing: jump codeBlock#18 
[Elysia/DEBUG] Performing: load_local localVar#5 
[Elysia/DEBUG] Increasing refcount of int object
[Elysia/DEBUG] Address: 0x1598043b0
[Elysia/DEBUG] Performing: push_integer int(1) 
[Elysia/DEBUG] Performing: add 
[Elysia/DEBUG] Decreasing refcount of int object
[Elysia/DEBUG] Address: 0x1598043b0
[Elysia/DEBUG] Performing: store_local localVar#5 
[Elysia/DEBUG] Decreasing refcount of int object
[Elysia/DEBUG] Address: 0x1598043b0
[Elysia/DEBUG] Performing: jump codeBlock#16 
[Elysia/DEBUG] Performing: load_local localVar#6 
[Elysia/DEBUG] Performing: load_local localVar#1 
[Elysia/DEBUG] Performing: load_member index(1) 
[Elysia/DEBUG] Increasing refcount of unsigned object
[Elysia/DEBUG] Address: 0x1598040d0
[Elysia/DEBUG] Performing: basic_cast_int 
[Elysia/DEBUG] Decreasing refcount of unsigned object
[Elysia/DEBUG] Address: 0x1598040d0
[Elysia/DEBUG] Performing: equal 
[Elysia/DEBUG] Performing: jump_if_true codeBlock#19 
[Elysia/DEBUG] Performing: jump codeBlock#20 
[Elysia/DEBUG] Performing: jump codeBlock#12 
[Elysia/DEBUG] Performing: load_local localVar#5 
[Elysia/DEBUG] Increasing refcount of int object
[Elysia/DEBUG] Address: 0x1598043b0
[Elysia/DEBUG] Performing: load_local localVar#0 
[Elysia/DEBUG] Performing: load_member index(1) 
[Elysia/DEBUG] Increasing refcount of unsigned object
[Elysia/DEBUG] Address: 0x159904280
[Elysia/DEBUG] Performing: basic_cast_int 
[Elysia/DEBUG] Decreasing refcount of unsigned object
[Elysia/DEBUG] Address: 0x159904280
[Elysia/DEBUG] Performing: less_than 
[Elysia/DEBUG] Decreasing refcount of int object
[Elysia/DEBUG] Address: 0x1598043b0
[Elysia/DEBUG] Performing: jump_if_true codeBlock#13 
[Elysia/DEBUG] Performing: load_local localVar#0 
[Elysia/DEBUG] Performing: load_local localVar#5 
[Elysia/DEBUG] Increasing refcount of int object
[Elysia/DEBUG] Address: 0x1598043b0
[Elysia/DEBUG] Performing: invoke index(3782547968) index(37) index(2) 
[Elysia/DEBUG] Entering function 1_Str::operator[]#struct#1#0#int
[Elysia/DEBUG] Performing: load_local localVar#1 
[Elysia/DEBUG] Increasing refcount of int object
[Elysia/DEBUG] Address: 0x1598043b0
[Elysia/DEBUG] Performing: push_integer int(0) 
[Elysia/DEBUG] Performing: less_than 
[Elysia/DEBUG] Decreasing refcount of int object
[Elysia/DEBUG] Address: 0x1598043b0
[Elysia/DEBUG] Performing: jump_if_true codeBlock#1 
[Elysia/DEBUG] Performing: load_local localVar#1 
[Elysia/DEBUG] Increasing refcount of int object
[Elysia/DEBUG] Address: 0x1598043b0
[Elysia/DEBUG] Performing: load_local localVar#0 
[Elysia/DEBUG] Performing: load_member index(1) 
[Elysia/DEBUG] Increasing refcount of unsigned object
[Elysia/DEBUG] Address: 0x159904280
[Elysia/DEBUG] Performing: basic_cast_int 
[Elysia/DEBUG] Decreasing refcount of unsigned object
[Elysia/DEBUG] Address: 0x159904280
[Elysia/DEBUG] Performing: greater_equal 
[Elysia/DEBUG] Decreasing refcount of int object
[Elysia/DEBUG] Address: 0x1598043b0
[Elysia/DEBUG] Performing: jump_if_true codeBlock#1 
[Elysia/DEBUG] Performing: jump codeBlock#2 
[Elysia/DEBUG] Performing: push_boolean bool(false) 
[Elysia/DEBUG] Performing: jump codeBlock#3 
[Elysia/DEBUG] Performing: jump_if_true codeBlock#4 
[Elysia/DEBUG] Performing: jump codeBlock#5 
[Elysia/DEBUG] Performing: load_local localVar#0 
[Elysia/DEBUG] Performing: load_member index(0) 
[Elysia/DEBUG] Entering function array_char[]_gc_refcount_increase
[Elysia/DEBUG] Performing: load_local localVar#1 
[Elysia/DEBUG] Increasing refcount of int object
[Elysia/DEBUG] Address: 0x1598043b0
[Elysia/DEBUG] Performing: basic_cast_unsigned 
[Elysia/DEBUG] Decreasing refcount of int object
[Elysia/DEBUG] Address: 0x1598043b0
[Elysia/DEBUG] Performing: load_element 
[Elysia/DEBUG] Entering function array_char[]_gc_refcount_decrease
[Elysia/DEBUG] Performing: ret 
[Elysia/DEBUG] Decreasing refcount of int object
[Elysia/DEBUG] Address: 0x1598043b0
[Elysia/DEBUG] Performing: load_local localVar#1 
[Elysia/DEBUG] Performing: load_local localVar#6 
[Elysia/DEBUG] Performing: invoke index(3782547968) index(37) index(2) 
[Elysia/DEBUG] Entering function 1_Str::operator[]#struct#1#0#int
[Elysia/DEBUG] Performing: load_local localVar#1 
[Elysia/DEBUG] Increasing refcount of int object
[Elysia/DEBUG] Address: 0x159804390
[Elysia/DEBUG] Performing: push_integer int(0) 
[Elysia/DEBUG] Performing: less_than 
[Elysia/DEBUG] Decreasing refcount of int object
[Elysia/DEBUG] Address: 0x159804390
[Elysia/DEBUG] Performing: jump_if_true codeBlock#1 
[Elysia/DEBUG] Performing: load_local localVar#1 
[Elysia/DEBUG] Increasing refcount of int object
[Elysia/DEBUG] Address: 0x159804390
[Elysia/DEBUG] Performing: load_local localVar#0 
[Elysia/DEBUG] Performing: load_member index(1) 
[Elysia/DEBUG] Increasing refcount of unsigned object
[Elysia/DEBUG] Address: 0x1598040d0
[Elysia/DEBUG] Performing: basic_cast_int 
[Elysia/DEBUG] Decreasing refcount of unsigned object
[Elysia/DEBUG] Address: 0x1598040d0
[Elysia/DEBUG] Performing: greater_equal 
[Elysia/DEBUG] Decreasing refcount of int object
[Elysia/DEBUG] Address: 0x159804390
[Elysia/DEBUG] Performing: jump_if_true codeBlock#1 
[Elysia/DEBUG] Performing: jump codeBlock#2 
[Elysia/DEBUG] Performing: push_boolean bool(false) 
[Elysia/DEBUG] Performing: jump codeBlock#3 
[Elysia/DEBUG] Performing: jump_if_true codeBlock#4 
[Elysia/DEBUG] Performing: jump codeBlock#5 
[Elysia/DEBUG] Performing: load_local localVar#0 
[Elysia/DEBUG] Performing: load_member index(0) 
[Elysia/DEBUG] Entering function array_char[]_gc_refcount_increase
[Elysia/DEBUG] Performing: load_local localVar#1 
[Elysia/DEBUG] Increasing refcount of int object
[Elysia/DEBUG] Address: 0x159804390
[Elysia/DEBUG] Performing: basic_cast_unsigned 
[Elysia/DEBUG] Decreasing refcount of int object
[Elysia/DEBUG] Address: 0x159804390
[Elysia/DEBUG] Performing: load_element 
[Elysia/DEBUG] Entering function array_char[]_gc_refcount_decrease
[Elysia/DEBUG] Performing: ret 
[Elysia/DEBUG] Decreasing refcount of int object
[Elysia/DEBUG] Address: 0x159804390
[Elysia/DEBUG] Performing: equal 
[Elysia/DEBUG] Decreasing refcount of char object
[Elysia/DEBUG] Address: 0x1598043d0
[Elysia/DEBUG] Decreasing refcount of char object
[Elysia/DEBUG] Address: 0x159804390
[Elysia/DEBUG] Performing: jump_if_true codeBlock#15 
[Elysia/DEBUG] Performing: load_local localVar#5 
[Elysia/DEBUG] Increasing refcount of int object
[Elysia/DEBUG] Address: 0x1598043b0
[Elysia/DEBUG] Performing: push_integer int(1) 
[Elysia/DEBUG] Performing: add 
[Elysia/DEBUG] Decreasing refcount of int object
[Elysia/DEBUG] Address: 0x1598043b0
[Elysia/DEBUG] Performing: store_local localVar#5 
[Elysia/DEBUG] Decreasing refcount of int object
[Elysia/DEBUG] Address: 0x1598043b0
[Elysia/DEBUG] Performing: load_local localVar#6 
[Elysia/DEBUG] Performing: push_integer int(1) 
[Elysia/DEBUG] Performing: add 
[Elysia/DEBUG] Performing: store_local localVar#6 
[Elysia/DEBUG] Performing: jump codeBlock#16 
[Elysia/DEBUG] Performing: load_local localVar#6 
[Elysia/DEBUG] Performing: load_local localVar#1 
[Elysia/DEBUG] Performing: load_member index(1) 
[Elysia/DEBUG] Increasing refcount of unsigned object
[Elysia/DEBUG] Address: 0x1598040d0
[Elysia/DEBUG] Performing: basic_cast_int 
[Elysia/DEBUG] Decreasing refcount of unsigned object
[Elysia/DEBUG] Address: 0x1598040d0
[Elysia/DEBUG] Performing: equal 
[Elysia/DEBUG] Performing: jump_if_true codeBlock#19 
[Elysia/DEBUG] Performing: jump codeBlock#20 
[Elysia/DEBUG] Performing: jump codeBlock#12 
[Elysia/DEBUG] Performing: load_local localVar#5 
[Elysia/DEBUG] Increasing refcount of int object
[Elysia/DEBUG] Address: 0x1598043b0
[Elysia/DEBUG] Performing: load_local localVar#0 
[Elysia/DEBUG] Performing: load_member index(1) 
[Elysia/DEBUG] Increasing refcount of unsigned object
[Elysia/DEBUG] Address: 0x159904280
[Elysia/DEBUG] Performing: basic_cast_int 
[Elysia/DEBUG] Decreasing refcount of unsigned object
[Elysia/DEBUG] Address: 0x159904280
[Elysia/DEBUG] Performing: less_than 
[Elysia/DEBUG] Decreasing refcount of int object
[Elysia/DEBUG] Address: 0x1598043b0
[Elysia/DEBUG] Performing: jump_if_true codeBlock#13 
[Elysia/DEBUG] Performing: load_local localVar#0 
[Elysia/DEBUG] Performing: load_local localVar#5 
[Elysia/DEBUG] Increasing refcount of int object
[Elysia/DEBUG] Address: 0x1598043b0
[Elysia/DEBUG] Performing: invoke index(3782547968) index(37) index(2) 
[Elysia/DEBUG] Entering function 1_Str::operator[]#struct#1#0#int
[Elysia/DEBUG] Performing: load_local localVar#1 
[Elysia/DEBUG] Increasing refcount of int object
[Elysia/DEBUG] Address: 0x1598043b0
[Elysia/DEBUG] Performing: push_integer int(0) 
[Elysia/DEBUG] Performing: less_than 
[Elysia/DEBUG] Decreasing refcount of int object
[Elysia/DEBUG] Address: 0x1598043b0
[Elysia/DEBUG] Performing: jump_if_true codeBlock#1 
[Elysia/DEBUG] Performing: load_local localVar#1 
[Elysia/DEBUG] Increasing refcount of int object
[Elysia/DEBUG] Address: 0x1598043b0
[Elysia/DEBUG] Performing: load_local localVar#0 
[Elysia/DEBUG] Performing: load_member index(1) 
[Elysia/DEBUG] Increasing refcount of unsigned object
[Elysia/DEBUG] Address: 0x159904280
[Elysia/DEBUG] Performing: basic_cast_int 
[Elysia/DEBUG] Decreasing refcount of unsigned object
[Elysia/DEBUG] Address: 0x159904280
[Elysia/DEBUG] Performing: greater_equal 
[Elysia/DEBUG] Decreasing refcount of int object
[Elysia/DEBUG] Address: 0x1598043b0
[Elysia/DEBUG] Performing: jump_if_true codeBlock#1 
[Elysia/DEBUG] Performing: jump codeBlock#2 
[Elysia/DEBUG] Performing: push_boolean bool(false) 
[Elysia/DEBUG] Performing: jump codeBlock#3 
[Elysia/DEBUG] Performing: jump_if_true codeBlock#4 
[Elysia/DEBUG] Performing: jump codeBlock#5 
[Elysia/DEBUG] Performing: load_local localVar#0 
[Elysia/DEBUG] Performing: load_member index(0) 
[Elysia/DEBUG] Entering function array_char[]_gc_refcount_increase
[Elysia/DEBUG] Performing: load_local localVar#1 
[Elysia/DEBUG] Increasing refcount of int object
[Elysia/DEBUG] Address: 0x1598043b0
[Elysia/DEBUG] Performing: basic_cast_unsigned 
[Elysia/DEBUG] Decreasing refcount of int object
[Elysia/DEBUG] Address: 0x1598043b0
[Elysia/DEBUG] Performing: load_element 
[Elysia/DEBUG] Entering function array_char[]_gc_refcount_decrease
[Elysia/DEBUG] Performing: ret 
[Elysia/DEBUG] Decreasing refcount of int object
[Elysia/DEBUG] Address: 0x1598043b0
[Elysia/DEBUG] Performing: load_local localVar#1 
[Elysia/DEBUG] Performing: load_local localVar#6 
[Elysia/DEBUG] Performing: invoke index(3782547968) index(37) index(2) 
[Elysia/DEBUG] Entering function 1_Str::operator[]#struct#1#0#int
[Elysia/DEBUG] Performing: load_local localVar#1 
[Elysia/DEBUG] Increasing refcount of int object
[Elysia/DEBUG] Address: 0x1598043d0
[Elysia/DEBUG] Performing: push_integer int(0) 
[Elysia/DEBUG] Performing: less_than 
[Elysia/DEBUG] Decreasing refcount of int object
[Elysia/DEBUG] Address: 0x1598043d0
[Elysia/DEBUG] Performing: jump_if_true codeBlock#1 
[Elysia/DEBUG] Performing: load_local localVar#1 
[Elysia/DEBUG] Increasing refcount of int object
[Elysia/DEBUG] Address: 0x1598043d0
[Elysia/DEBUG] Performing: load_local localVar#0 
[Elysia/DEBUG] Performing: load_member index(1) 
[Elysia/DEBUG] Increasing refcount of unsigned object
[Elysia/DEBUG] Address: 0x1598040d0
[Elysia/DEBUG] Performing: basic_cast_int 
[Elysia/DEBUG] Decreasing refcount of unsigned object
[Elysia/DEBUG] Address: 0x1598040d0
[Elysia/DEBUG] Performing: greater_equal 
[Elysia/DEBUG] Decreasing refcount of int object
[Elysia/DEBUG] Address: 0x1598043d0
[Elysia/DEBUG] Performing: jump_if_true codeBlock#1 
[Elysia/DEBUG] Performing: jump codeBlock#2 
[Elysia/DEBUG] Performing: push_boolean bool(false) 
[Elysia/DEBUG] Performing: jump codeBlock#3 
[Elysia/DEBUG] Performing: jump_if_true codeBlock#4 
[Elysia/DEBUG] Performing: jump codeBlock#5 
[Elysia/DEBUG] Performing: load_local localVar#0 
[Elysia/DEBUG] Performing: load_member index(0) 
[Elysia/DEBUG] Entering function array_char[]_gc_refcount_increase
[Elysia/DEBUG] Performing: load_local localVar#1 
[Elysia/DEBUG] Increasing refcount of int object
[Elysia/DEBUG] Address: 0x1598043d0
[Elysia/DEBUG] Performing: basic_cast_unsigned 
[Elysia/DEBUG] Decreasing refcount of int object
[Elysia/DEBUG] Address: 0x1598043d0
[Elysia/DEBUG] Performing: load_element 
[Elysia/DEBUG] Entering function array_char[]_gc_refcount_decrease
[Elysia/DEBUG] Performing: ret 
[Elysia/DEBUG] Decreasing refcount of int object
[Elysia/DEBUG] Address: 0x1598043d0
[Elysia/DEBUG] Performing: equal 
[Elysia/DEBUG] Decreasing refcount of char object
[Elysia/DEBUG] Address: 0x159804390
[Elysia/DEBUG] Decreasing refcount of char object
[Elysia/DEBUG] Address: 0x1598043d0
[Elysia/DEBUG] Performing: jump_if_true codeBlock#15 
[Elysia/DEBUG] Performing: load_local localVar#5 
[Elysia/DEBUG] Increasing refcount of int object
[Elysia/DEBUG] Address: 0x1598043b0
[Elysia/DEBUG] Performing: push_integer int(1) 
[Elysia/DEBUG] Performing: add 
[Elysia/DEBUG] Decreasing refcount of int object
[Elysia/DEBUG] Address: 0x1598043b0
[Elysia/DEBUG] Performing: store_local localVar#5 
[Elysia/DEBUG] Decreasing refcount of int object
[Elysia/DEBUG] Address: 0x1598043b0
[Elysia/DEBUG] Performing: load_local localVar#6 
[Elysia/DEBUG] Performing: push_integer int(1) 
[Elysia/DEBUG] Performing: add 
[Elysia/DEBUG] Performing: store_local localVar#6 
[Elysia/DEBUG] Performing: jump codeBlock#16 
[Elysia/DEBUG] Performing: load_local localVar#6 
[Elysia/DEBUG] Performing: load_local localVar#1 
[Elysia/DEBUG] Performing: load_member index(1) 
[Elysia/DEBUG] Increasing refcount of unsigned object
[Elysia/DEBUG] Address: 0x1598040d0
[Elysia/DEBUG] Performing: basic_cast_int 
[Elysia/DEBUG] Decreasing refcount of unsigned object
[Elysia/DEBUG] Address: 0x1598040d0
[Elysia/DEBUG] Performing: equal 
[Elysia/DEBUG] Performing: jump_if_true codeBlock#19 
[Elysia/DEBUG] Performing: jump codeBlock#20 
[Elysia/DEBUG] Performing: jump codeBlock#12 
[Elysia/DEBUG] Performing: load_local localVar#5 
[Elysia/DEBUG] Increasing refcount of int object
[Elysia/DEBUG] Address: 0x1598043b0
[Elysia/DEBUG] Performing: load_local localVar#0 
[Elysia/DEBUG] Performing: load_member index(1) 
[Elysia/DEBUG] Increasing refcount of unsigned object
[Elysia/DEBUG] Address: 0x159904280
[Elysia/DEBUG] Performing: basic_cast_int 
[Elysia/DEBUG] Decreasing refcount of unsigned object
[Elysia/DEBUG] Address: 0x159904280
[Elysia/DEBUG] Performing: less_than 
[Elysia/DEBUG] Decreasing refcount of int object
[Elysia/DEBUG] Address: 0x1598043b0
[Elysia/DEBUG] Performing: jump_if_true codeBlock#13 
[Elysia/DEBUG] Performing: load_local localVar#0 
[Elysia/DEBUG] Performing: load_local localVar#5 
[Elysia/DEBUG] Increasing refcount of int object
[Elysia/DEBUG] Address: 0x1598043b0
[Elysia/DEBUG] Performing: invoke index(3782547968) index(37) index(2) 
[Elysia/DEBUG] Entering function 1_Str::operator[]#struct#1#0#int
[Elysia/DEBUG] Performing: load_local localVar#1 
[Elysia/DEBUG] Increasing refcount of int object
[Elysia/DEBUG] Address: 0x1598043b0
[Elysia/DEBUG] Performing: push_integer int(0) 
[Elysia/DEBUG] Performing: less_than 
[Elysia/DEBUG] Decreasing refcount of int object
[Elysia/DEBUG] Address: 0x1598043b0
[Elysia/DEBUG] Performing: jump_if_true codeBlock#1 
[Elysia/DEBUG] Performing: load_local localVar#1 
[Elysia/DEBUG] Increasing refcount of int object
[Elysia/DEBUG] Address: 0x1598043b0
[Elysia/DEBUG] Performing: load_local localVar#0 
[Elysia/DEBUG] Performing: load_member index(1) 
[Elysia/DEBUG] Increasing refcount of unsigned object
[Elysia/DEBUG] Address: 0x159904280
[Elysia/DEBUG] Performing: basic_cast_int 
[Elysia/DEBUG] Decreasing refcount of unsigned object
[Elysia/DEBUG] Address: 0x159904280
[Elysia/DEBUG] Performing: greater_equal 
[Elysia/DEBUG] Decreasing refcount of int object
[Elysia/DEBUG] Address: 0x1598043b0
[Elysia/DEBUG] Performing: jump_if_true codeBlock#1 
[Elysia/DEBUG] Performing: jump codeBlock#2 
[Elysia/DEBUG] Performing: push_boolean bool(false) 
[Elysia/DEBUG] Performing: jump codeBlock#3 
[Elysia/DEBUG] Performing: jump_if_true codeBlock#4 
[Elysia/DEBUG] Performing: jump codeBlock#5 
[Elysia/DEBUG] Performing: load_local localVar#0 
[Elysia/DEBUG] Performing: load_member index(0) 
[Elysia/DEBUG] Entering function array_char[]_gc_refcount_increase
[Elysia/DEBUG] Performing: load_local localVar#1 
[Elysia/DEBUG] Increasing refcount of int object
[Elysia/DEBUG] Address: 0x1598043b0
[Elysia/DEBUG] Performing: basic_cast_unsigned 
[Elysia/DEBUG] Decreasing refcount of int object
[Elysia/DEBUG] Address: 0x1598043b0
[Elysia/DEBUG] Performing: load_element 
[Elysia/DEBUG] Entering function array_char[]_gc_refcount_decrease
[Elysia/DEBUG] Performing: ret 
[Elysia/DEBUG] Decreasing refcount of int object
[Elysia/DEBUG] Address: 0x1598043b0
[Elysia/DEBUG] Performing: load_local localVar#1 
[Elysia/DEBUG] Performing: load_local localVar#6 
[Elysia/DEBUG] Performing: invoke index(3782547968) index(37) index(2) 
[Elysia/DEBUG] Entering function 1_Str::operator[]#struct#1#0#int
[Elysia/DEBUG] Performing: load_local localVar#1 
[Elysia/DEBUG] Increasing refcount of int object
[Elysia/DEBUG] Address: 0x159804390
[Elysia/DEBUG] Performing: push_integer int(0) 
[Elysia/DEBUG] Performing: less_than 
[Elysia/DEBUG] Decreasing refcount of int object
[Elysia/DEBUG] Address: 0x159804390
[Elysia/DEBUG] Performing: jump_if_true codeBlock#1 
[Elysia/DEBUG] Performing: load_local localVar#1 
[Elysia/DEBUG] Increasing refcount of int object
[Elysia/DEBUG] Address: 0x159804390
[Elysia/DEBUG] Performing: load_local localVar#0 
[Elysia/DEBUG] Performing: load_member index(1) 
[Elysia/DEBUG] Increasing refcount of unsigned object
[Elysia/DEBUG] Address: 0x1598040d0
[Elysia/DEBUG] Performing: basic_cast_int 
[Elysia/DEBUG] Decreasing refcount of unsigned object
[Elysia/DEBUG] Address: 0x1598040d0
[Elysia/DEBUG] Performing: greater_equal 
[Elysia/DEBUG] Decreasing refcount of int object
[Elysia/DEBUG] Address: 0x159804390
[Elysia/DEBUG] Performing: jump_if_true codeBlock#1 
[Elysia/DEBUG] Performing: jump codeBlock#2 
[Elysia/DEBUG] Performing: push_boolean bool(false) 
[Elysia/DEBUG] Performing: jump codeBlock#3 
[Elysia/DEBUG] Performing: jump_if_true codeBlock#4 
[Elysia/DEBUG] Performing: jump codeBlock#5 
[Elysia/DEBUG] Performing: load_local localVar#0 
[Elysia/DEBUG] Performing: load_member index(0) 
[Elysia/DEBUG] Entering function array_char[]_gc_refcount_increase
[Elysia/DEBUG] Performing: load_local localVar#1 
[Elysia/DEBUG] Increasing refcount of int object
[Elysia/DEBUG] Address: 0x159804390
[Elysia/DEBUG] Performing: basic_cast_unsigned 
[Elysia/DEBUG] Decreasing refcount of int object
[Elysia/DEBUG] Address: 0x159804390
[Elysia/DEBUG] Performing: load_element 
[Elysia/DEBUG] Entering function array_char[]_gc_refcount_decrease
[Elysia/DEBUG] Performing: ret 
[Elysia/DEBUG] Decreasing refcount of int object
[Elysia/DEBUG] Address: 0x159804390
[Elysia/DEBUG] Performing: equal 
[Elysia/DEBUG] Decreasing refcount of char object
[Elysia/DEBUG] Address: 0x1598043d0
[Elysia/DEBUG] Decreasing refcount of char object
[Elysia/DEBUG] Address: 0x159804390
[Elysia/DEBUG] Performing: jump_if_true codeBlock#15 
[Elysia/DEBUG] Performing: load_local localVar#5 
[Elysia/DEBUG] Increasing refcount of int object
[Elysia/DEBUG] Address: 0x1598043b0
[Elysia/DEBUG] Performing: push_integer int(1) 
[Elysia/DEBUG] Performing: add 
[Elysia/DEBUG] Decreasing refcount of int object
[Elysia/DEBUG] Address: 0x1598043b0
[Elysia/DEBUG] Performing: store_local localVar#5 
[Elysia/DEBUG] Decreasing refcount of int object
[Elysia/DEBUG] Address: 0x1598043b0
[Elysia/DEBUG] Performing: load_local localVar#6 
[Elysia/DEBUG] Performing: push_integer int(1) 
[Elysia/DEBUG] Performing: add 
[Elysia/DEBUG] Performing: store_local localVar#6 
[Elysia/DEBUG] Performing: jump codeBlock#16 
[Elysia/DEBUG] Performing: load_local localVar#6 
[Elysia/DEBUG] Performing: load_local localVar#1 
[Elysia/DEBUG] Performing: load_member index(1) 
[Elysia/DEBUG] Increasing refcount of unsigned object
[Elysia/DEBUG] Address: 0x1598040d0
[Elysia/DEBUG] Performing: basic_cast_int 
[Elysia/DEBUG] Decreasing refcount of unsigned object
[Elysia/DEBUG] Address: 0x1598040d0
[Elysia/DEBUG] Performing: equal 
[Elysia/DEBUG] Performing: jump_if_true codeBlock#19 
[Elysia/DEBUG] Performing: jump codeBlock#20 
[Elysia/DEBUG] Performing: jump codeBlock#12 
[Elysia/DEBUG] Performing: load_local localVar#5 
[Elysia/DEBUG] Increasing refcount of int object
[Elysia/DEBUG] Address: 0x1598043b0
[Elysia/DEBUG] Performing: load_local localVar#0 
[Elysia/DEBUG] Performing: load_member index(1) 
[Elysia/DEBUG] Increasing refcount of unsigned object
[Elysia/DEBUG] Address: 0x159904280
[Elysia/DEBUG] Performing: basic_cast_int 
[Elysia/DEBUG] Decreasing refcount of unsigned object
[Elysia/DEBUG] Address: 0x159904280
[Elysia/DEBUG] Performing: less_than 
[Elysia/DEBUG] Decreasing refcount of int object
[Elysia/DEBUG] Address: 0x1598043b0
[Elysia/DEBUG] Performing: jump_if_true codeBlock#13 
[Elysia/DEBUG] Performing: load_local localVar#0 
[Elysia/DEBUG] Performing: load_local localVar#5 
[Elysia/DEBUG] Increasing refcount of int object
[Elysia/DEBUG] Address: 0x1598043b0
[Elysia/DEBUG] Performing: invoke index(3782547968) index(37) index(2) 
[Elysia/DEBUG] Entering function 1_Str::operator[]#struct#1#0#int
[Elysia/DEBUG] Performing: load_local localVar#1 
[Elysia/DEBUG] Increasing refcount of int object
[Elysia/DEBUG] Address: 0x1598043b0
[Elysia/DEBUG] Performing: push_integer int(0) 
[Elysia/DEBUG] Performing: less_than 
[Elysia/DEBUG] Decreasing refcount of int object
[Elysia/DEBUG] Address: 0x1598043b0
[Elysia/DEBUG] Performing: jump_if_true codeBlock#1 
[Elysia/DEBUG] Performing: load_local localVar#1 
[Elysia/DEBUG] Increasing refcount of int object
[Elysia/DEBUG] Address: 0x1598043b0
[Elysia/DEBUG] Performing: load_local localVar#0 
[Elysia/DEBUG] Performing: load_member index(1) 
[Elysia/DEBUG] Increasing refcount of unsigned object
[Elysia/DEBUG] Address: 0x159904280
[Elysia/DEBUG] Performing: basic_cast_int 
[Elysia/DEBUG] Decreasing refcount of unsigned object
[Elysia/DEBUG] Address: 0x159904280
[Elysia/DEBUG] Performing: greater_equal 
[Elysia/DEBUG] Decreasing refcount of int object
[Elysia/DEBUG] Address: 0x1598043b0
[Elysia/DEBUG] Performing: jump_if_true codeBlock#1 
[Elysia/DEBUG] Performing: jump codeBlock#2 
[Elysia/DEBUG] Performing: push_boolean bool(false) 
[Elysia/DEBUG] Performing: jump codeBlock#3 
[Elysia/DEBUG] Performing: jump_if_true codeBlock#4 
[Elysia/DEBUG] Performing: jump codeBlock#5 
[Elysia/DEBUG] Performing: load_local localVar#0 
[Elysia/DEBUG] Performing: load_member index(0) 
[Elysia/DEBUG] Entering function array_char[]_gc_refcount_increase
[Elysia/DEBUG] Performing: load_local localVar#1 
[Elysia/DEBUG] Increasing refcount of int object
[Elysia/DEBUG] Address: 0x1598043b0
[Elysia/DEBUG] Performing: basic_cast_unsigned 
[Elysia/DEBUG] Decreasing refcount of int object
[Elysia/DEBUG] Address: 0x1598043b0
[Elysia/DEBUG] Performing: load_element 
[Elysia/DEBUG] Entering function array_char[]_gc_refcount_decrease
[Elysia/DEBUG] Performing: ret 
[Elysia/DEBUG] Decreasing refcount of int object
[Elysia/DEBUG] Address: 0x1598043b0
[Elysia/DEBUG] Performing: load_local localVar#1 
[Elysia/DEBUG] Performing: load_local localVar#6 
[Elysia/DEBUG] Performing: invoke index(3782547968) index(37) index(2) 
[Elysia/DEBUG] Entering function 1_Str::operator[]#struct#1#0#int
[Elysia/DEBUG] Performing: load_local localVar#1 
[Elysia/DEBUG] Increasing refcount of int object
[Elysia/DEBUG] Address: 0x1598043d0
[Elysia/DEBUG] Performing: push_integer int(0) 
[Elysia/DEBUG] Performing: less_than 
[Elysia/DEBUG] Decreasing refcount of int object
[Elysia/DEBUG] Address: 0x1598043d0
[Elysia/DEBUG] Performing: jump_if_true codeBlock#1 
[Elysia/DEBUG] Performing: load_local localVar#1 
[Elysia/DEBUG] Increasing refcount of int object
[Elysia/DEBUG] Address: 0x1598043d0
[Elysia/DEBUG] Performing: load_local localVar#0 
[Elysia/DEBUG] Performing: load_member index(1) 
[Elysia/DEBUG] Increasing refcount of unsigned object
[Elysia/DEBUG] Address: 0x1598040d0
[Elysia/DEBUG] Performing: basic_cast_int 
[Elysia/DEBUG] Decreasing refcount of unsigned object
[Elysia/DEBUG] Address: 0x1598040d0
[Elysia/DEBUG] Performing: greater_equal 
[Elysia/DEBUG] Decreasing refcount of int object
[Elysia/DEBUG] Address: 0x1598043d0
[Elysia/DEBUG] Performing: jump_if_true codeBlock#1 
[Elysia/DEBUG] Performing: jump codeBlock#2 
[Elysia/DEBUG] Performing: push_boolean bool(false) 
[Elysia/DEBUG] Performing: jump codeBlock#3 
[Elysia/DEBUG] Performing: jump_if_true codeBlock#4 
[Elysia/DEBUG] Performing: jump codeBlock#5 
[Elysia/DEBUG] Performing: load_local localVar#0 
[Elysia/DEBUG] Performing: load_member index(0) 
[Elysia/DEBUG] Entering function array_char[]_gc_refcount_increase
[Elysia/DEBUG] Performing: load_local localVar#1 
[Elysia/DEBUG] Increasing refcount of int object
[Elysia/DEBUG] Address: 0x1598043d0
[Elysia/DEBUG] Performing: basic_cast_unsigned 
[Elysia/DEBUG] Decreasing refcount of int object
[Elysia/DEBUG] Address: 0x1598043d0
[Elysia/DEBUG] Performing: load_element 
[Elysia/DEBUG] Entering function array_char[]_gc_refcount_decrease
[Elysia/DEBUG] Performing: ret 
[Elysia/DEBUG] Decreasing refcount of int object
[Elysia/DEBUG] Address: 0x1598043d0
[Elysia/DEBUG] Performing: equal 
[Elysia/DEBUG] Decreasing refcount of char object
[Elysia/DEBUG] Address: 0x159804390
[Elysia/DEBUG] Decreasing refcount of char object
[Elysia/DEBUG] Address: 0x1598043d0
[Elysia/DEBUG] Performing: jump_if_true codeBlock#15 
[Elysia/DEBUG] Performing: load_local localVar#5 
[Elysia/DEBUG] Increasing refcount of int object
[Elysia/DEBUG] Address: 0x1598043b0
[Elysia/DEBUG] Performing: push_integer int(1) 
[Elysia/DEBUG] Performing: add 
[Elysia/DEBUG] Decreasing refcount of int object
[Elysia/DEBUG] Address: 0x1598043b0
[Elysia/DEBUG] Performing: store_local localVar#5 
[Elysia/DEBUG] Decreasing refcount of int object
[Elysia/DEBUG] Address: 0x1598043b0
[Elysia/DEBUG] Performing: load_local localVar#6 
[Elysia/DEBUG] Performing: push_integer int(1) 
[Elysia/DEBUG] Performing: add 
[Elysia/DEBUG] Performing: store_local localVar#6 
[Elysia/DEBUG] Performing: jump codeBlock#16 
[Elysia/DEBUG] Performing: load_local localVar#6 
[Elysia/DEBUG] Performing: load_local localVar#1 
[Elysia/DEBUG] Performing: load_member index(1) 
[Elysia/DEBUG] Increasing refcount of unsigned object
[Elysia/DEBUG] Address: 0x1598040d0
[Elysia/DEBUG] Performing: basic_cast_int 
[Elysia/DEBUG] Decreasing refcount of unsigned object
[Elysia/DEBUG] Address: 0x1598040d0
[Elysia/DEBUG] Performing: equal 
[Elysia/DEBUG] Performing: jump_if_true codeBlock#19 
[Elysia/DEBUG] Performing: load_local localVar#5 
[Elysia/DEBUG] Increasing refcount of int object
[Elysia/DEBUG] Address: 0x1598043b0
[Elysia/DEBUG] Performing: load_local localVar#6 
[Elysia/DEBUG] Performing: sub 
[Elysia/DEBUG] Decreasing refcount of int object
[Elysia/DEBUG] Address: 0x1598043b0
[Elysia/DEBUG] Performing: ret 
[Elysia/DEBUG] Decreasing refcount of int object
[Elysia/DEBUG] Address: 0x1598042f0
[Elysia/DEBUG] Entering function array_int[]_gc_refcount_decrease
[Elysia/DEBUG] Decreasing refcount of int object
[Elysia/DEBUG] Address: 0x1598043b0
[Elysia/DEBUG] Performing: basic_cast_unsigned 
[Elysia/DEBUG] Decreasing refcount of int object
[Elysia/DEBUG] Address: 0x1598043b0
[Elysia/DEBUG] Performing: store_local localVar#5 
[Elysia/DEBUG] Decreasing refcount of unsigned object
[Elysia/DEBUG] Address: 0x159804310
[Elysia/DEBUG] Performing: jump codeBlock#3 
[Elysia/DEBUG] Performing: load_local localVar#5 
[Elysia/DEBUG] Increasing refcount of unsigned object
[Elysia/DEBUG] Address: 0x159804310
[Elysia/DEBUG] Performing: basic_cast_int 
[Elysia/DEBUG] Decreasing refcount of unsigned object
[Elysia/DEBUG] Address: 0x159804310
[Elysia/DEBUG] Performing: push_integer int(-1) 
[Elysia/DEBUG] Performing: not_equal 
[Elysia/DEBUG] Performing: jump_if_true codeBlock#4 
[Elysia/DEBUG] Performing: load_local localVar#8 
[Elysia/DEBUG] Increasing refcount of int object
[Elysia/DEBUG] Address: 0x159804290
[Elysia/DEBUG] Performing: load_local localVar#7 
[Elysia/DEBUG] Performing: basic_cast_int 
[Elysia/DEBUG] Performing: add 
[Elysia/DEBUG] Decreasing refcount of int object
[Elysia/DEBUG] Address: 0x159804290
[Elysia/DEBUG] Performing: load_local localVar#9 
[Elysia/DEBUG] Increasing refcount of int object
[Elysia/DEBUG] Address: 0x1598042b0
[Elysia/DEBUG] Performing: load_local localVar#6 
[Elysia/DEBUG] Increasing refcount of unsigned object
[Elysia/DEBUG] Address: 0x159804330
[Elysia/DEBUG] Performing: basic_cast_int 
[Elysia/DEBUG] Decreasing refcount of unsigned object
[Elysia/DEBUG] Address: 0x159804330
[Elysia/DEBUG] Performing: add 
[Elysia/DEBUG] Decreasing refcount of int object
[Elysia/DEBUG] Address: 0x1598042b0
[Elysia/DEBUG] Performing: load_local localVar#5 
[Elysia/DEBUG] Increasing refcount of unsigned object
[Elysia/DEBUG] Address: 0x159804310
[Elysia/DEBUG] Performing: load_local localVar#6 
[Elysia/DEBUG] Increasing refcount of unsigned object
[Elysia/DEBUG] Address: 0x159804330
[Elysia/DEBUG] Performing: sub 
[Elysia/DEBUG] Decreasing refcount of unsigned object
[Elysia/DEBUG] Address: 0x159804310
[Elysia/DEBUG] Decreasing refcount of unsigned object
[Elysia/DEBUG] Address: 0x159804330
[Elysia/DEBUG] Performing: invoke_imported index(0) index(5) index(3) 
[Elysia/DEBUG] Entering function memcpy
[Elysia/DEBUG] Decreasing refcount of unsigned object
[Elysia/DEBUG] Address: 0x1598042f0
[Elysia/DEBUG] Decreasing refcount of int object
[Elysia/DEBUG] Address: 0x159804350
[Elysia/DEBUG] Decreasing refcount of int object
[Elysia/DEBUG] Address: 0x159804370
[Elysia/DEBUG] Performing: pop 
[Elysia/DEBUG] Popped value: calltmp175
[Elysia/DEBUG] Decreasing refcount of unsigned object
[Elysia/DEBUG] Address: 0x159804390
[Elysia/DEBUG] Performing: load_local localVar#7 
[Elysia/DEBUG] Performing: load_local localVar#5 
[Elysia/DEBUG] Increasing refcount of unsigned object
[Elysia/DEBUG] Address: 0x159804310
[Elysia/DEBUG] Performing: load_local localVar#6 
[Elysia/DEBUG] Increasing refcount of unsigned object
[Elysia/DEBUG] Address: 0x159804330
[Elysia/DEBUG] Performing: sub 
[Elysia/DEBUG] Decreasing refcount of unsigned object
[Elysia/DEBUG] Address: 0x159804310
[Elysia/DEBUG] Decreasing refcount of unsigned object
[Elysia/DEBUG] Address: 0x159804330
[Elysia/DEBUG] Performing: add 
[Elysia/DEBUG] Performing: store_local localVar#7 
[Elysia/DEBUG] Performing: load_local localVar#8 
[Elysia/DEBUG] Increasing refcount of int object
[Elysia/DEBUG] Address: 0x159804290
[Elysia/DEBUG] Performing: load_local localVar#7 
[Elysia/DEBUG] Performing: basic_cast_int 
[Elysia/DEBUG] Performing: add 
[Elysia/DEBUG] Decreasing refcount of int object
[Elysia/DEBUG] Address: 0x159804290
[Elysia/DEBUG] Performing: load_local localVar#10 
[Elysia/DEBUG] Increasing refcount of int object
[Elysia/DEBUG] Address: 0x1598042d0
[Elysia/DEBUG] Performing: load_local localVar#2 
[Elysia/DEBUG] Performing: load_member index(1) 
[Elysia/DEBUG] Increasing refcount of unsigned object
[Elysia/DEBUG] Address: 0x159804160
[Elysia/DEBUG] Performing: invoke_imported index(0) index(5) index(3) 
[Elysia/DEBUG] Entering function memcpy
[Elysia/DEBUG] Decreasing refcount of unsigned object
[Elysia/DEBUG] Address: 0x159804160
[Elysia/DEBUG] Decreasing refcount of int object
[Elysia/DEBUG] Address: 0x1598042d0
[Elysia/DEBUG] Decreasing refcount of int object
[Elysia/DEBUG] Address: 0x159804390
[Elysia/DEBUG] Performing: pop 
[Elysia/DEBUG] Popped value: calltmp220
[Elysia/DEBUG] Decreasing refcount of unsigned object
[Elysia/DEBUG] Address: 0x1598042f0
[Elysia/DEBUG] Performing: load_local localVar#7 
[Elysia/DEBUG] Performing: load_local localVar#2 
[Elysia/DEBUG] Performing: load_member index(1) 
[Elysia/DEBUG] Increasing refcount of unsigned object
[Elysia/DEBUG] Address: 0x159804160
[Elysia/DEBUG] Performing: add 
[Elysia/DEBUG] Decreasing refcount of unsigned object
[Elysia/DEBUG] Address: 0x159804160
[Elysia/DEBUG] Performing: store_local localVar#7 
[Elysia/DEBUG] Performing: load_local localVar#5 
[Elysia/DEBUG] Increasing refcount of unsigned object
[Elysia/DEBUG] Address: 0x159804310
[Elysia/DEBUG] Performing: load_local localVar#1 
[Elysia/DEBUG] Performing: load_member index(1) 
[Elysia/DEBUG] Increasing refcount of unsigned object
[Elysia/DEBUG] Address: 0x1598040d0
[Elysia/DEBUG] Performing: add 
[Elysia/DEBUG] Decreasing refcount of unsigned object
[Elysia/DEBUG] Address: 0x159804310
[Elysia/DEBUG] Decreasing refcount of unsigned object
[Elysia/DEBUG] Address: 0x1598040d0
[Elysia/DEBUG] Performing: store_local localVar#6 
[Elysia/DEBUG] Decreasing refcount of unsigned object
[Elysia/DEBUG] Address: 0x159804330
[Elysia/DEBUG] Performing: load_local localVar#0 
[Elysia/DEBUG] Performing: load_local localVar#1 
[Elysia/DEBUG] Performing: load_local localVar#6 
[Elysia/DEBUG] Increasing refcount of unsigned object
[Elysia/DEBUG] Address: 0x159804330
[Elysia/DEBUG] Performing: basic_cast_int 
[Elysia/DEBUG] Decreasing refcount of unsigned object
[Elysia/DEBUG] Address: 0x159804330
[Elysia/DEBUG] Performing: invoke index(3782547968) index(12) index(3) 
[Elysia/DEBUG] Entering function 1_Str::find#struct#1#0#int
[Elysia/DEBUG] Performing: load_local localVar#1 
[Elysia/DEBUG] Performing: load_member index(1) 
[Elysia/DEBUG] Increasing refcount of unsigned object
[Elysia/DEBUG] Address: 0x1598040d0
[Elysia/DEBUG] Performing: load_local localVar#0 
[Elysia/DEBUG] Performing: load_member index(1) 
[Elysia/DEBUG] Increasing refcount of unsigned object
[Elysia/DEBUG] Address: 0x159904280
[Elysia/DEBUG] Performing: greater_than 
[Elysia/DEBUG] Decreasing refcount of unsigned object
[Elysia/DEBUG] Address: 0x1598040d0
[Elysia/DEBUG] Decreasing refcount of unsigned object
[Elysia/DEBUG] Address: 0x159904280
[Elysia/DEBUG] Performing: jump_if_true codeBlock#1 
[Elysia/DEBUG] Performing: jump codeBlock#2 
[Elysia/DEBUG] Performing: push_integer int(0) 
[Elysia/DEBUG] Performing: load_local localVar#1 
[Elysia/DEBUG] Performing: load_member index(1) 
[Elysia/DEBUG] Increasing refcount of unsigned object
[Elysia/DEBUG] Address: 0x1598040d0
[Elysia/DEBUG] Performing: new_dynamic_array_int index(1) 
[Elysia/DEBUG] Decreasing refcount of unsigned object
[Elysia/DEBUG] Address: 0x1598040d0
[Elysia/DEBUG] Performing: store_local localVar#3 
[Elysia/DEBUG] Entering function array_int[]_gc_refcount_decrease
[Elysia/DEBUG] Performing: push_integer int(0) 
[Elysia/DEBUG] Performing: store_local localVar#4 
[Elysia/DEBUG] Performing: push_integer int(1) 
[Elysia/DEBUG] Performing: store_local localVar#5 
[Elysia/DEBUG] Performing: jump codeBlock#3 
[Elysia/DEBUG] Performing: load_local localVar#5 
[Elysia/DEBUG] Increasing refcount of int object
[Elysia/DEBUG] Address: 0x159804390
[Elysia/DEBUG] Performing: load_local localVar#1 
[Elysia/DEBUG] Performing: load_member index(1) 
[Elysia/DEBUG] Increasing refcount of unsigned object
[Elysia/DEBUG] Address: 0x1598040d0
[Elysia/DEBUG] Performing: basic_cast_int 
[Elysia/DEBUG] Decreasing refcount of unsigned object
[Elysia/DEBUG] Address: 0x1598040d0
[Elysia/DEBUG] Performing: less_than 
[Elysia/DEBUG] Decreasing refcount of int object
[Elysia/DEBUG] Address: 0x159804390
[Elysia/DEBUG] Performing: jump_if_true codeBlock#4 
[Elysia/DEBUG] Performing: load_local localVar#1 
[Elysia/DEBUG] Performing: load_local localVar#5 
[Elysia/DEBUG] Increasing refcount of int object
[Elysia/DEBUG] Address: 0x159804390
[Elysia/DEBUG] Performing: invoke index(3782547968) index(37) index(2) 
[Elysia/DEBUG] Entering function 1_Str::operator[]#struct#1#0#int
[Elysia/DEBUG] Performing: load_local localVar#1 
[Elysia/DEBUG] Increasing refcount of int object
[Elysia/DEBUG] Address: 0x159804390
[Elysia/DEBUG] Performing: push_integer int(0) 
[Elysia/DEBUG] Performing: less_than 
[Elysia/DEBUG] Decreasing refcount of int object
[Elysia/DEBUG] Address: 0x159804390
[Elysia/DEBUG] Performing: jump_if_true codeBlock#1 
[Elysia/DEBUG] Performing: load_local localVar#1 
[Elysia/DEBUG] Increasing refcount of int object
[Elysia/DEBUG] Address: 0x159804390
[Elysia/DEBUG] Performing: load_local localVar#0 
[Elysia/DEBUG] Performing: load_member index(1) 
[Elysia/DEBUG] Increasing refcount of unsigned object
[Elysia/DEBUG] Address: 0x1598040d0
[Elysia/DEBUG] Performing: basic_cast_int 
[Elysia/DEBUG] Decreasing refcount of unsigned object
[Elysia/DEBUG] Address: 0x1598040d0
[Elysia/DEBUG] Performing: greater_equal 
[Elysia/DEBUG] Decreasing refcount of int object
[Elysia/DEBUG] Address: 0x159804390
[Elysia/DEBUG] Performing: jump_if_true codeBlock#1 
[Elysia/DEBUG] Performing: jump codeBlock#2 
[Elysia/DEBUG] Performing: push_boolean bool(false) 
[Elysia/DEBUG] Performing: jump codeBlock#3 
[Elysia/DEBUG] Performing: jump_if_true codeBlock#4 
[Elysia/DEBUG] Performing: jump codeBlock#5 
[Elysia/DEBUG] Performing: load_local localVar#0 
[Elysia/DEBUG] Performing: load_member index(0) 
[Elysia/DEBUG] Entering function array_char[]_gc_refcount_increase
[Elysia/DEBUG] Performing: load_local localVar#1 
[Elysia/DEBUG] Increasing refcount of int object
[Elysia/DEBUG] Address: 0x159804390
[Elysia/DEBUG] Performing: basic_cast_unsigned 
[Elysia/DEBUG] Decreasing refcount of int object
[Elysia/DEBUG] Address: 0x159804390
[Elysia/DEBUG] Performing: load_element 
[Elysia/DEBUG] Entering function array_char[]_gc_refcount_decrease
[Elysia/DEBUG] Performing: ret 
[Elysia/DEBUG] Decreasing refcount of int object
[Elysia/DEBUG] Address: 0x159804390
[Elysia/DEBUG] Performing: load_local localVar#1 
[Elysia/DEBUG] Performing: load_local localVar#4 
[Elysia/DEBUG] Performing: invoke index(3782547968) index(37) index(2) 
[Elysia/DEBUG] Entering function 1_Str::operator[]#struct#1#0#int
[Elysia/DEBUG] Performing: load_local localVar#1 
[Elysia/DEBUG] Increasing refcount of int object
[Elysia/DEBUG] Address: 0x1598043d0
[Elysia/DEBUG] Performing: push_integer int(0) 
[Elysia/DEBUG] Performing: less_than 
[Elysia/DEBUG] Decreasing refcount of int object
[Elysia/DEBUG] Address: 0x1598043d0
[Elysia/DEBUG] Performing: jump_if_true codeBlock#1 
[Elysia/DEBUG] Performing: load_local localVar#1 
[Elysia/DEBUG] Increasing refcount of int object
[Elysia/DEBUG] Address: 0x1598043d0
[Elysia/DEBUG] Performing: load_local localVar#0 
[Elysia/DEBUG] Performing: load_member index(1) 
[Elysia/DEBUG] Increasing refcount of unsigned object
[Elysia/DEBUG] Address: 0x1598040d0
[Elysia/DEBUG] Performing: basic_cast_int 
[Elysia/DEBUG] Decreasing refcount of unsigned object
[Elysia/DEBUG] Address: 0x1598040d0
[Elysia/DEBUG] Performing: greater_equal 
[Elysia/DEBUG] Decreasing refcount of int object
[Elysia/DEBUG] Address: 0x1598043d0
[Elysia/DEBUG] Performing: jump_if_true codeBlock#1 
[Elysia/DEBUG] Performing: jump codeBlock#2 
[Elysia/DEBUG] Performing: push_boolean bool(false) 
[Elysia/DEBUG] Performing: jump codeBlock#3 
[Elysia/DEBUG] Performing: jump_if_true codeBlock#4 
[Elysia/DEBUG] Performing: jump codeBlock#5 
[Elysia/DEBUG] Performing: load_local localVar#0 
[Elysia/DEBUG] Performing: load_member index(0) 
[Elysia/DEBUG] Entering function array_char[]_gc_refcount_increase
[Elysia/DEBUG] Performing: load_local localVar#1 
[Elysia/DEBUG] Increasing refcount of int object
[Elysia/DEBUG] Address: 0x1598043d0
[Elysia/DEBUG] Performing: basic_cast_unsigned 
[Elysia/DEBUG] Decreasing refcount of int object
[Elysia/DEBUG] Address: 0x1598043d0
[Elysia/DEBUG] Performing: load_element 
[Elysia/DEBUG] Entering function array_char[]_gc_refcount_decrease
[Elysia/DEBUG] Performing: ret 
[Elysia/DEBUG] Decreasing refcount of int object
[Elysia/DEBUG] Address: 0x1598043d0
[Elysia/DEBUG] Performing: equal 
[Elysia/DEBUG] Decreasing refcount of char object
[Elysia/DEBUG] Address: 0x1598043b0
[Elysia/DEBUG] Decreasing refcount of char object
[Elysia/DEBUG] Address: 0x1598043d0
[Elysia/DEBUG] Performing: jump_if_true codeBlock#6 
[Elysia/DEBUG] Performing: jump codeBlock#8 
[Elysia/DEBUG] Performing: load_local localVar#4 
[Elysia/DEBUG] Performing: push_integer int(0) 
[Elysia/DEBUG] Performing: equal 
[Elysia/DEBUG] Performing: jump_if_true codeBlock#9 
[Elysia/DEBUG] Performing: push_integer int(0) 
[Elysia/DEBUG] Performing: load_local localVar#3 
[Elysia/DEBUG] Entering function array_int[]_gc_refcount_increase
[Elysia/DEBUG] Performing: push_unsigned unsigned(0) 
[Elysia/DEBUG] Performing: load_local localVar#5 
[Elysia/DEBUG] Increasing refcount of int object
[Elysia/DEBUG] Address: 0x159804390
[Elysia/DEBUG] Performing: basic_cast_unsigned 
[Elysia/DEBUG] Decreasing refcount of int object
[Elysia/DEBUG] Address: 0x159804390
[Elysia/DEBUG] Performing: push_unsigned unsigned(1) 
[Elysia/DEBUG] Performing: mul 
[Elysia/DEBUG] Performing: add 
[Elysia/DEBUG] Performing: store_element unknown 
[Elysia/DEBUG] Entering function array_int[]_gc_refcount_decrease
[Elysia/DEBUG] Performing: load_local localVar#3 
[Elysia/DEBUG] Entering function array_int[]_gc_refcount_increase
[Elysia/DEBUG] Performing: push_unsigned unsigned(0) 
[Elysia/DEBUG] Performing: load_local localVar#5 
[Elysia/DEBUG] Increasing refcount of int object
[Elysia/DEBUG] Address: 0x159804390
[Elysia/DEBUG] Performing: basic_cast_unsigned 
[Elysia/DEBUG] Decreasing refcount of int object
[Elysia/DEBUG] Address: 0x159804390
[Elysia/DEBUG] Performing: push_unsigned unsigned(1) 
[Elysia/DEBUG] Performing: mul 
[Elysia/DEBUG] Performing: add 
[Elysia/DEBUG] Performing: load_element 
[Elysia/DEBUG] Entering function array_int[]_gc_refcount_decrease
[Elysia/DEBUG] Performing: pop 
[Elysia/DEBUG] Popped value: loaded_val340
[Elysia/DEBUG] Performing: load_local localVar#5 
[Elysia/DEBUG] Increasing refcount of int object
[Elysia/DEBUG] Address: 0x159804390
[Elysia/DEBUG] Performing: push_integer int(1) 
[Elysia/DEBUG] Performing: add 
[Elysia/DEBUG] Decreasing refcount of int object
[Elysia/DEBUG] Address: 0x159804390
[Elysia/DEBUG] Performing: store_local localVar#5 
[Elysia/DEBUG] Decreasing refcount of int object
[Elysia/DEBUG] Address: 0x159804390
[Elysia/DEBUG] Performing: jump codeBlock#10 
[Elysia/DEBUG] Performing: jump codeBlock#7 
[Elysia/DEBUG] Performing: jump codeBlock#3 
[Elysia/DEBUG] Performing: load_local localVar#5 
[Elysia/DEBUG] Increasing refcount of int object
[Elysia/DEBUG] Address: 0x159804390
[Elysia/DEBUG] Performing: load_local localVar#1 
[Elysia/DEBUG] Performing: load_member index(1) 
[Elysia/DEBUG] Increasing refcount of unsigned object
[Elysia/DEBUG] Address: 0x1598040d0
[Elysia/DEBUG] Performing: basic_cast_int 
[Elysia/DEBUG] Decreasing refcount of unsigned object
[Elysia/DEBUG] Address: 0x1598040d0
[Elysia/DEBUG] Performing: less_than 
[Elysia/DEBUG] Decreasing refcount of int object
[Elysia/DEBUG] Address: 0x159804390
[Elysia/DEBUG] Performing: jump_if_true codeBlock#4 
[Elysia/DEBUG] Performing: load_local localVar#1 
[Elysia/DEBUG] Performing: load_local localVar#5 
[Elysia/DEBUG] Increasing refcount of int object
[Elysia/DEBUG] Address: 0x159804390
[Elysia/DEBUG] Performing: invoke index(3782547968) index(37) index(2) 
[Elysia/DEBUG] Entering function 1_Str::operator[]#struct#1#0#int
[Elysia/DEBUG] Performing: load_local localVar#1 
[Elysia/DEBUG] Increasing refcount of int object
[Elysia/DEBUG] Address: 0x159804390
[Elysia/DEBUG] Performing: push_integer int(0) 
[Elysia/DEBUG] Performing: less_than 
[Elysia/DEBUG] Decreasing refcount of int object
[Elysia/DEBUG] Address: 0x159804390
[Elysia/DEBUG] Performing: jump_if_true codeBlock#1 
[Elysia/DEBUG] Performing: load_local localVar#1 
[Elysia/DEBUG] Increasing refcount of int object
[Elysia/DEBUG] Address: 0x159804390
[Elysia/DEBUG] Performing: load_local localVar#0 
[Elysia/DEBUG] Performing: load_member index(1) 
[Elysia/DEBUG] Increasing refcount of unsigned object
[Elysia/DEBUG] Address: 0x1598040d0
[Elysia/DEBUG] Performing: basic_cast_int 
[Elysia/DEBUG] Decreasing refcount of unsigned object
[Elysia/DEBUG] Address: 0x1598040d0
[Elysia/DEBUG] Performing: greater_equal 
[Elysia/DEBUG] Decreasing refcount of int object
[Elysia/DEBUG] Address: 0x159804390
[Elysia/DEBUG] Performing: jump_if_true codeBlock#1 
[Elysia/DEBUG] Performing: jump codeBlock#2 
[Elysia/DEBUG] Performing: push_boolean bool(false) 
[Elysia/DEBUG] Performing: jump codeBlock#3 
[Elysia/DEBUG] Performing: jump_if_true codeBlock#4 
[Elysia/DEBUG] Performing: jump codeBlock#5 
[Elysia/DEBUG] Performing: load_local localVar#0 
[Elysia/DEBUG] Performing: load_member index(0) 
[Elysia/DEBUG] Entering function array_char[]_gc_refcount_increase
[Elysia/DEBUG] Performing: load_local localVar#1 
[Elysia/DEBUG] Increasing refcount of int object
[Elysia/DEBUG] Address: 0x159804390
[Elysia/DEBUG] Performing: basic_cast_unsigned 
[Elysia/DEBUG] Decreasing refcount of int object
[Elysia/DEBUG] Address: 0x159804390
[Elysia/DEBUG] Performing: load_element 
[Elysia/DEBUG] Entering function array_char[]_gc_refcount_decrease
[Elysia/DEBUG] Performing: ret 
[Elysia/DEBUG] Decreasing refcount of int object
[Elysia/DEBUG] Address: 0x159804390
[Elysia/DEBUG] Performing: load_local localVar#1 
[Elysia/DEBUG] Performing: load_local localVar#4 
[Elysia/DEBUG] Performing: invoke index(3782547968) index(37) index(2) 
[Elysia/DEBUG] Entering function 1_Str::operator[]#struct#1#0#int
[Elysia/DEBUG] Performing: load_local localVar#1 
[Elysia/DEBUG] Increasing refcount of int object
[Elysia/DEBUG] Address: 0x1598043d0
[Elysia/DEBUG] Performing: push_integer int(0) 
[Elysia/DEBUG] Performing: less_than 
[Elysia/DEBUG] Decreasing refcount of int object
[Elysia/DEBUG] Address: 0x1598043d0
[Elysia/DEBUG] Performing: jump_if_true codeBlock#1 
[Elysia/DEBUG] Performing: load_local localVar#1 
[Elysia/DEBUG] Increasing refcount of int object
[Elysia/DEBUG] Address: 0x1598043d0
[Elysia/DEBUG] Performing: load_local localVar#0 
[Elysia/DEBUG] Performing: load_member index(1) 
[Elysia/DEBUG] Increasing refcount of unsigned object
[Elysia/DEBUG] Address: 0x1598040d0
[Elysia/DEBUG] Performing: basic_cast_int 
[Elysia/DEBUG] Decreasing refcount of unsigned object
[Elysia/DEBUG] Address: 0x1598040d0
[Elysia/DEBUG] Performing: greater_equal 
[Elysia/DEBUG] Decreasing refcount of int object
[Elysia/DEBUG] Address: 0x1598043d0
[Elysia/DEBUG] Performing: jump_if_true codeBlock#1 
[Elysia/DEBUG] Performing: jump codeBlock#2 
[Elysia/DEBUG] Performing: push_boolean bool(false) 
[Elysia/DEBUG] Performing: jump codeBlock#3 
[Elysia/DEBUG] Performing: jump_if_true codeBlock#4 
[Elysia/DEBUG] Performing: jump codeBlock#5 
[Elysia/DEBUG] Performing: load_local localVar#0 
[Elysia/DEBUG] Performing: load_member index(0) 
[Elysia/DEBUG] Entering function array_char[]_gc_refcount_increase
[Elysia/DEBUG] Performing: load_local localVar#1 
[Elysia/DEBUG] Increasing refcount of int object
[Elysia/DEBUG] Address: 0x1598043d0
[Elysia/DEBUG] Performing: basic_cast_unsigned 
[Elysia/DEBUG] Decreasing refcount of int object
[Elysia/DEBUG] Address: 0x1598043d0
[Elysia/DEBUG] Performing: load_element 
[Elysia/DEBUG] Entering function array_char[]_gc_refcount_decrease
[Elysia/DEBUG] Performing: ret 
[Elysia/DEBUG] Decreasing refcount of int object
[Elysia/DEBUG] Address: 0x1598043d0
[Elysia/DEBUG] Performing: equal 
[Elysia/DEBUG] Decreasing refcount of char object
[Elysia/DEBUG] Address: 0x1598043b0
[Elysia/DEBUG] Decreasing refcount of char object
[Elysia/DEBUG] Address: 0x1598043d0
[Elysia/DEBUG] Performing: jump_if_true codeBlock#6 
[Elysia/DEBUG] Performing: jump codeBlock#8 
[Elysia/DEBUG] Performing: load_local localVar#4 
[Elysia/DEBUG] Performing: push_integer int(0) 
[Elysia/DEBUG] Performing: equal 
[Elysia/DEBUG] Performing: jump_if_true codeBlock#9 
[Elysia/DEBUG] Performing: push_integer int(0) 
[Elysia/DEBUG] Performing: load_local localVar#3 
[Elysia/DEBUG] Entering function array_int[]_gc_refcount_increase
[Elysia/DEBUG] Performing: push_unsigned unsigned(0) 
[Elysia/DEBUG] Performing: load_local localVar#5 
[Elysia/DEBUG] Increasing refcount of int object
[Elysia/DEBUG] Address: 0x159804390
[Elysia/DEBUG] Performing: basic_cast_unsigned 
[Elysia/DEBUG] Decreasing refcount of int object
[Elysia/DEBUG] Address: 0x159804390
[Elysia/DEBUG] Performing: push_unsigned unsigned(1) 
[Elysia/DEBUG] Performing: mul 
[Elysia/DEBUG] Performing: add 
[Elysia/DEBUG] Performing: store_element unknown 
[Elysia/DEBUG] Entering function array_int[]_gc_refcount_decrease
[Elysia/DEBUG] Performing: load_local localVar#3 
[Elysia/DEBUG] Entering function array_int[]_gc_refcount_increase
[Elysia/DEBUG] Performing: push_unsigned unsigned(0) 
[Elysia/DEBUG] Performing: load_local localVar#5 
[Elysia/DEBUG] Increasing refcount of int object
[Elysia/DEBUG] Address: 0x159804390
[Elysia/DEBUG] Performing: basic_cast_unsigned 
[Elysia/DEBUG] Decreasing refcount of int object
[Elysia/DEBUG] Address: 0x159804390
[Elysia/DEBUG] Performing: push_unsigned unsigned(1) 
[Elysia/DEBUG] Performing: mul 
[Elysia/DEBUG] Performing: add 
[Elysia/DEBUG] Performing: load_element 
[Elysia/DEBUG] Entering function array_int[]_gc_refcount_decrease
[Elysia/DEBUG] Performing: pop 
[Elysia/DEBUG] Popped value: loaded_val340
[Elysia/DEBUG] Performing: load_local localVar#5 
[Elysia/DEBUG] Increasing refcount of int object
[Elysia/DEBUG] Address: 0x159804390
[Elysia/DEBUG] Performing: push_integer int(1) 
[Elysia/DEBUG] Performing: add 
[Elysia/DEBUG] Decreasing refcount of int object
[Elysia/DEBUG] Address: 0x159804390
[Elysia/DEBUG] Performing: store_local localVar#5 
[Elysia/DEBUG] Decreasing refcount of int object
[Elysia/DEBUG] Address: 0x159804390
[Elysia/DEBUG] Performing: jump codeBlock#10 
[Elysia/DEBUG] Performing: jump codeBlock#7 
[Elysia/DEBUG] Performing: jump codeBlock#3 
[Elysia/DEBUG] Performing: load_local localVar#5 
[Elysia/DEBUG] Increasing refcount of int object
[Elysia/DEBUG] Address: 0x159804390
[Elysia/DEBUG] Performing: load_local localVar#1 
[Elysia/DEBUG] Performing: load_member index(1) 
[Elysia/DEBUG] Increasing refcount of unsigned object
[Elysia/DEBUG] Address: 0x1598040d0
[Elysia/DEBUG] Performing: basic_cast_int 
[Elysia/DEBUG] Decreasing refcount of unsigned object
[Elysia/DEBUG] Address: 0x1598040d0
[Elysia/DEBUG] Performing: less_than 
[Elysia/DEBUG] Decreasing refcount of int object
[Elysia/DEBUG] Address: 0x159804390
[Elysia/DEBUG] Performing: jump_if_true codeBlock#4 
[Elysia/DEBUG] Performing: load_local localVar#1 
[Elysia/DEBUG] Performing: load_local localVar#5 
[Elysia/DEBUG] Increasing refcount of int object
[Elysia/DEBUG] Address: 0x159804390
[Elysia/DEBUG] Performing: invoke index(3782547968) index(37) index(2) 
[Elysia/DEBUG] Entering function 1_Str::operator[]#struct#1#0#int
[Elysia/DEBUG] Performing: load_local localVar#1 
[Elysia/DEBUG] Increasing refcount of int object
[Elysia/DEBUG] Address: 0x159804390
[Elysia/DEBUG] Performing: push_integer int(0) 
[Elysia/DEBUG] Performing: less_than 
[Elysia/DEBUG] Decreasing refcount of int object
[Elysia/DEBUG] Address: 0x159804390
[Elysia/DEBUG] Performing: jump_if_true codeBlock#1 
[Elysia/DEBUG] Performing: load_local localVar#1 
[Elysia/DEBUG] Increasing refcount of int object
[Elysia/DEBUG] Address: 0x159804390
[Elysia/DEBUG] Performing: load_local localVar#0 
[Elysia/DEBUG] Performing: load_member index(1) 
[Elysia/DEBUG] Increasing refcount of unsigned object
[Elysia/DEBUG] Address: 0x1598040d0
[Elysia/DEBUG] Performing: basic_cast_int 
[Elysia/DEBUG] Decreasing refcount of unsigned object
[Elysia/DEBUG] Address: 0x1598040d0
[Elysia/DEBUG] Performing: greater_equal 
[Elysia/DEBUG] Decreasing refcount of int object
[Elysia/DEBUG] Address: 0x159804390
[Elysia/DEBUG] Performing: jump_if_true codeBlock#1 
[Elysia/DEBUG] Performing: jump codeBlock#2 
[Elysia/DEBUG] Performing: push_boolean bool(false) 
[Elysia/DEBUG] Performing: jump codeBlock#3 
[Elysia/DEBUG] Performing: jump_if_true codeBlock#4 
[Elysia/DEBUG] Performing: jump codeBlock#5 
[Elysia/DEBUG] Performing: load_local localVar#0 
[Elysia/DEBUG] Performing: load_member index(0) 
[Elysia/DEBUG] Entering function array_char[]_gc_refcount_increase
[Elysia/DEBUG] Performing: load_local localVar#1 
[Elysia/DEBUG] Increasing refcount of int object
[Elysia/DEBUG] Address: 0x159804390
[Elysia/DEBUG] Performing: basic_cast_unsigned 
[Elysia/DEBUG] Decreasing refcount of int object
[Elysia/DEBUG] Address: 0x159804390
[Elysia/DEBUG] Performing: load_element 
[Elysia/DEBUG] Entering function array_char[]_gc_refcount_decrease
[Elysia/DEBUG] Performing: ret 
[Elysia/DEBUG] Decreasing refcount of int object
[Elysia/DEBUG] Address: 0x159804390
[Elysia/DEBUG] Performing: load_local localVar#1 
[Elysia/DEBUG] Performing: load_local localVar#4 
[Elysia/DEBUG] Performing: invoke index(3782547968) index(37) index(2) 
[Elysia/DEBUG] Entering function 1_Str::operator[]#struct#1#0#int
[Elysia/DEBUG] Performing: load_local localVar#1 
[Elysia/DEBUG] Increasing refcount of int object
[Elysia/DEBUG] Address: 0x1598043d0
[Elysia/DEBUG] Performing: push_integer int(0) 
[Elysia/DEBUG] Performing: less_than 
[Elysia/DEBUG] Decreasing refcount of int object
[Elysia/DEBUG] Address: 0x1598043d0
[Elysia/DEBUG] Performing: jump_if_true codeBlock#1 
[Elysia/DEBUG] Performing: load_local localVar#1 
[Elysia/DEBUG] Increasing refcount of int object
[Elysia/DEBUG] Address: 0x1598043d0
[Elysia/DEBUG] Performing: load_local localVar#0 
[Elysia/DEBUG] Performing: load_member index(1) 
[Elysia/DEBUG] Increasing refcount of unsigned object
[Elysia/DEBUG] Address: 0x1598040d0
[Elysia/DEBUG] Performing: basic_cast_int 
[Elysia/DEBUG] Decreasing refcount of unsigned object
[Elysia/DEBUG] Address: 0x1598040d0
[Elysia/DEBUG] Performing: greater_equal 
[Elysia/DEBUG] Decreasing refcount of int object
[Elysia/DEBUG] Address: 0x1598043d0
[Elysia/DEBUG] Performing: jump_if_true codeBlock#1 
[Elysia/DEBUG] Performing: jump codeBlock#2 
[Elysia/DEBUG] Performing: push_boolean bool(false) 
[Elysia/DEBUG] Performing: jump codeBlock#3 
[Elysia/DEBUG] Performing: jump_if_true codeBlock#4 
[Elysia/DEBUG] Performing: jump codeBlock#5 
[Elysia/DEBUG] Performing: load_local localVar#0 
[Elysia/DEBUG] Performing: load_member index(0) 
[Elysia/DEBUG] Entering function array_char[]_gc_refcount_increase
[Elysia/DEBUG] Performing: load_local localVar#1 
[Elysia/DEBUG] Increasing refcount of int object
[Elysia/DEBUG] Address: 0x1598043d0
[Elysia/DEBUG] Performing: basic_cast_unsigned 
[Elysia/DEBUG] Decreasing refcount of int object
[Elysia/DEBUG] Address: 0x1598043d0
[Elysia/DEBUG] Performing: load_element 
[Elysia/DEBUG] Entering function array_char[]_gc_refcount_decrease
[Elysia/DEBUG] Performing: ret 
[Elysia/DEBUG] Decreasing refcount of int object
[Elysia/DEBUG] Address: 0x1598043d0
[Elysia/DEBUG] Performing: equal 
[Elysia/DEBUG] Decreasing refcount of char object
[Elysia/DEBUG] Address: 0x1598043b0
[Elysia/DEBUG] Decreasing refcount of char object
[Elysia/DEBUG] Address: 0x1598043d0
[Elysia/DEBUG] Performing: jump_if_true codeBlock#6 
[Elysia/DEBUG] Performing: jump codeBlock#8 
[Elysia/DEBUG] Performing: load_local localVar#4 
[Elysia/DEBUG] Performing: push_integer int(0) 
[Elysia/DEBUG] Performing: equal 
[Elysia/DEBUG] Performing: jump_if_true codeBlock#9 
[Elysia/DEBUG] Performing: push_integer int(0) 
[Elysia/DEBUG] Performing: load_local localVar#3 
[Elysia/DEBUG] Entering function array_int[]_gc_refcount_increase
[Elysia/DEBUG] Performing: push_unsigned unsigned(0) 
[Elysia/DEBUG] Performing: load_local localVar#5 
[Elysia/DEBUG] Increasing refcount of int object
[Elysia/DEBUG] Address: 0x159804390
[Elysia/DEBUG] Performing: basic_cast_unsigned 
[Elysia/DEBUG] Decreasing refcount of int object
[Elysia/DEBUG] Address: 0x159804390
[Elysia/DEBUG] Performing: push_unsigned unsigned(1) 
[Elysia/DEBUG] Performing: mul 
[Elysia/DEBUG] Performing: add 
[Elysia/DEBUG] Performing: store_element unknown 
[Elysia/DEBUG] Entering function array_int[]_gc_refcount_decrease
[Elysia/DEBUG] Performing: load_local localVar#3 
[Elysia/DEBUG] Entering function array_int[]_gc_refcount_increase
[Elysia/DEBUG] Performing: push_unsigned unsigned(0) 
[Elysia/DEBUG] Performing: load_local localVar#5 
[Elysia/DEBUG] Increasing refcount of int object
[Elysia/DEBUG] Address: 0x159804390
[Elysia/DEBUG] Performing: basic_cast_unsigned 
[Elysia/DEBUG] Decreasing refcount of int object
[Elysia/DEBUG] Address: 0x159804390
[Elysia/DEBUG] Performing: push_unsigned unsigned(1) 
[Elysia/DEBUG] Performing: mul 
[Elysia/DEBUG] Performing: add 
[Elysia/DEBUG] Performing: load_element 
[Elysia/DEBUG] Entering function array_int[]_gc_refcount_decrease
[Elysia/DEBUG] Performing: pop 
[Elysia/DEBUG] Popped value: loaded_val340
[Elysia/DEBUG] Performing: load_local localVar#5 
[Elysia/DEBUG] Increasing refcount of int object
[Elysia/DEBUG] Address: 0x159804390
[Elysia/DEBUG] Performing: push_integer int(1) 
[Elysia/DEBUG] Performing: add 
[Elysia/DEBUG] Decreasing refcount of int object
[Elysia/DEBUG] Address: 0x159804390
[Elysia/DEBUG] Performing: store_local localVar#5 
[Elysia/DEBUG] Decreasing refcount of int object
[Elysia/DEBUG] Address: 0x159804390
[Elysia/DEBUG] Performing: jump codeBlock#10 
[Elysia/DEBUG] Performing: jump codeBlock#7 
[Elysia/DEBUG] Performing: jump codeBlock#3 
[Elysia/DEBUG] Performing: load_local localVar#5 
[Elysia/DEBUG] Increasing refcount of int object
[Elysia/DEBUG] Address: 0x159804390
[Elysia/DEBUG] Performing: load_local localVar#1 
[Elysia/DEBUG] Performing: load_member index(1) 
[Elysia/DEBUG] Increasing refcount of unsigned object
[Elysia/DEBUG] Address: 0x1598040d0
[Elysia/DEBUG] Performing: basic_cast_int 
[Elysia/DEBUG] Decreasing refcount of unsigned object
[Elysia/DEBUG] Address: 0x1598040d0
[Elysia/DEBUG] Performing: less_than 
[Elysia/DEBUG] Decreasing refcount of int object
[Elysia/DEBUG] Address: 0x159804390
[Elysia/DEBUG] Performing: jump_if_true codeBlock#4 
[Elysia/DEBUG] Performing: jump codeBlock#5 
[Elysia/DEBUG] Performing: load_local localVar#2 
[Elysia/DEBUG] Increasing refcount of int object
[Elysia/DEBUG] Address: 0x1598042f0
[Elysia/DEBUG] Performing: store_local localVar#5 
[Elysia/DEBUG] Decreasing refcount of int object
[Elysia/DEBUG] Address: 0x159804390
[Elysia/DEBUG] Performing: push_integer int(0) 
[Elysia/DEBUG] Performing: store_local localVar#6 
[Elysia/DEBUG] Performing: jump codeBlock#12 
[Elysia/DEBUG] Performing: load_local localVar#5 
[Elysia/DEBUG] Increasing refcount of int object
[Elysia/DEBUG] Address: 0x1598042f0
[Elysia/DEBUG] Performing: load_local localVar#0 
[Elysia/DEBUG] Performing: load_member index(1) 
[Elysia/DEBUG] Increasing refcount of unsigned object
[Elysia/DEBUG] Address: 0x159904280
[Elysia/DEBUG] Performing: basic_cast_int 
[Elysia/DEBUG] Decreasing refcount of unsigned object
[Elysia/DEBUG] Address: 0x159904280
[Elysia/DEBUG] Performing: less_than 
[Elysia/DEBUG] Decreasing refcount of int object
[Elysia/DEBUG] Address: 0x1598042f0
[Elysia/DEBUG] Performing: jump_if_true codeBlock#13 
[Elysia/DEBUG] Performing: jump codeBlock#14 
[Elysia/DEBUG] Performing: push_integer int(-1) 
[Elysia/DEBUG] Performing: ret 
[Elysia/DEBUG] Decreasing refcount of int object
[Elysia/DEBUG] Address: 0x1598042f0
[Elysia/DEBUG] Entering function array_int[]_gc_refcount_decrease
[Elysia/DEBUG] Decreasing refcount of int object
[Elysia/DEBUG] Address: 0x1598042f0
[Elysia/DEBUG] Performing: basic_cast_unsigned 
[Elysia/DEBUG] Decreasing refcount of int object
[Elysia/DEBUG] Address: 0x1598042f0
[Elysia/DEBUG] Performing: store_local localVar#5 
[Elysia/DEBUG] Decreasing refcount of unsigned object
[Elysia/DEBUG] Address: 0x159804310
[Elysia/DEBUG] Performing: jump codeBlock#3 
[Elysia/DEBUG] Performing: load_local localVar#5 
[Elysia/DEBUG] Increasing refcount of unsigned object
[Elysia/DEBUG] Address: 0x159804310
[Elysia/DEBUG] Performing: basic_cast_int 
[Elysia/DEBUG] Decreasing refcount of unsigned object
[Elysia/DEBUG] Address: 0x159804310
[Elysia/DEBUG] Performing: push_integer int(-1) 
[Elysia/DEBUG] Performing: not_equal 
[Elysia/DEBUG] Performing: jump_if_true codeBlock#4 
[Elysia/DEBUG] Performing: jump codeBlock#5 
[Elysia/DEBUG] Performing: load_local localVar#8 
[Elysia/DEBUG] Increasing refcount of int object
[Elysia/DEBUG] Address: 0x159804290
[Elysia/DEBUG] Performing: load_local localVar#7 
[Elysia/DEBUG] Performing: basic_cast_int 
[Elysia/DEBUG] Performing: add 
[Elysia/DEBUG] Decreasing refcount of int object
[Elysia/DEBUG] Address: 0x159804290
[Elysia/DEBUG] Performing: load_local localVar#9 
[Elysia/DEBUG] Increasing refcount of int object
[Elysia/DEBUG] Address: 0x1598042b0
[Elysia/DEBUG] Performing: load_local localVar#6 
[Elysia/DEBUG] Increasing refcount of unsigned object
[Elysia/DEBUG] Address: 0x159804330
[Elysia/DEBUG] Performing: basic_cast_int 
[Elysia/DEBUG] Decreasing refcount of unsigned object
[Elysia/DEBUG] Address: 0x159804330
[Elysia/DEBUG] Performing: add 
[Elysia/DEBUG] Decreasing refcount of int object
[Elysia/DEBUG] Address: 0x1598042b0
[Elysia/DEBUG] Performing: load_local localVar#0 
[Elysia/DEBUG] Performing: load_member index(1) 
[Elysia/DEBUG] Increasing refcount of unsigned object
[Elysia/DEBUG] Address: 0x159904280
[Elysia/DEBUG] Performing: load_local localVar#6 
[Elysia/DEBUG] Increasing refcount of unsigned object
[Elysia/DEBUG] Address: 0x159804330
[Elysia/DEBUG] Performing: sub 
[Elysia/DEBUG] Decreasing refcount of unsigned object
[Elysia/DEBUG] Address: 0x159904280
[Elysia/DEBUG] Decreasing refcount of unsigned object
[Elysia/DEBUG] Address: 0x159804330
[Elysia/DEBUG] Performing: invoke_imported index(0) index(5) index(3) 
[Elysia/DEBUG] Entering function memcpy
[Elysia/DEBUG] Decreasing refcount of unsigned object
[Elysia/DEBUG] Address: 0x1598042f0
[Elysia/DEBUG] Decreasing refcount of int object
[Elysia/DEBUG] Address: 0x159804350
[Elysia/DEBUG] Decreasing refcount of int object
[Elysia/DEBUG] Address: 0x159804370
[Elysia/DEBUG] Performing: pop 
[Elysia/DEBUG] Popped value: calltmp343
[Elysia/DEBUG] Decreasing refcount of unsigned object
[Elysia/DEBUG] Address: 0x159804390
[Elysia/DEBUG] Performing: load_local localVar#0 
[Elysia/DEBUG] Performing: load_member index(1) 
[Elysia/DEBUG] Increasing refcount of unsigned object
[Elysia/DEBUG] Address: 0x159904280
[Elysia/DEBUG] Performing: load_local localVar#1 
[Elysia/DEBUG] Performing: load_member index(1) 
[Elysia/DEBUG] Increasing refcount of unsigned object
[Elysia/DEBUG] Address: 0x1598040d0
[Elysia/DEBUG] Performing: load_local localVar#3 
[Elysia/DEBUG] Increasing refcount of unsigned object
[Elysia/DEBUG] Address: 0x1598041d0
[Elysia/DEBUG] Performing: mul 
[Elysia/DEBUG] Decreasing refcount of unsigned object
[Elysia/DEBUG] Address: 0x1598040d0
[Elysia/DEBUG] Decreasing refcount of unsigned object
[Elysia/DEBUG] Address: 0x1598041d0
[Elysia/DEBUG] Performing: sub 
[Elysia/DEBUG] Decreasing refcount of unsigned object
[Elysia/DEBUG] Address: 0x159904280
[Elysia/DEBUG] Performing: load_local localVar#2 
[Elysia/DEBUG] Performing: load_member index(1) 
[Elysia/DEBUG] Increasing refcount of unsigned object
[Elysia/DEBUG] Address: 0x159804160
[Elysia/DEBUG] Performing: load_local localVar#3 
[Elysia/DEBUG] Increasing refcount of unsigned object
[Elysia/DEBUG] Address: 0x1598041d0
[Elysia/DEBUG] Performing: mul 
[Elysia/DEBUG] Decreasing refcount of unsigned object
[Elysia/DEBUG] Address: 0x159804160
[Elysia/DEBUG] Decreasing refcount of unsigned object
[Elysia/DEBUG] Address: 0x1598041d0
[Elysia/DEBUG] Performing: add 
[Elysia/DEBUG] Performing: load_local localVar#4 
[Elysia/DEBUG] Performing: store_member index(1) 
[Elysia/DEBUG] Decreasing refcount of unsigned object
[Elysia/DEBUG] Address: 0x159804220
[Elysia/DEBUG] Performing: push_character char(
[Elysia/DEBUG] Performing: load_local localVar#4 
[Elysia/DEBUG] Performing: load_member index(0) 
[Elysia/DEBUG] Entering function array_char[]_gc_refcount_increase
[Elysia/DEBUG] Performing: load_local localVar#4 
[Elysia/DEBUG] Performing: load_member index(1) 
[Elysia/DEBUG] Increasing refcount of unsigned object
[Elysia/DEBUG] Address: 0x159804220
[Elysia/DEBUG] Performing: store_element unknown 
[Elysia/DEBUG] Decreasing refcount of unsigned object
[Elysia/DEBUG] Address: 0x159804220
[Elysia/DEBUG] Entering function array_char[]_gc_refcount_decrease
[Elysia/DEBUG] Performing: load_local localVar#4 
[Elysia/DEBUG] Performing: load_member index(0) 
[Elysia/DEBUG] Entering function array_char[]_gc_refcount_increase
[Elysia/DEBUG] Performing: load_local localVar#4 
[Elysia/DEBUG] Performing: load_member index(1) 
[Elysia/DEBUG] Increasing refcount of unsigned object
[Elysia/DEBUG] Address: 0x159804220
[Elysia/DEBUG] Performing: load_element 
[Elysia/DEBUG] Decreasing refcount of unsigned object
[Elysia/DEBUG] Address: 0x159804220
[Elysia/DEBUG] Entering function array_char[]_gc_refcount_decrease
[Elysia/DEBUG] Performing: pop 
[Elysia/DEBUG] Popped value: loaded_val
[Elysia/DEBUG] Performing: load_local localVar#4 
[Elysia/DEBUG] Performing: ret 
[Elysia/DEBUG] Entering function array_char[]_gc_refcount_decrease
[Elysia/DEBUG] Decreasing refcount of unsigned object
[Elysia/DEBUG] Address: 0x1598040d0
[Elysia/DEBUG] Decreasing refcount of unsigned object
[Elysia/DEBUG] Address: 0x1598040f0
[Elysia/DEBUG] Entering function array_char[]_gc_refcount_decrease
[Elysia/DEBUG] Decreasing refcount of unsigned object
[Elysia/DEBUG] Address: 0x159804160
[Elysia/DEBUG] Decreasing refcount of unsigned object
[Elysia/DEBUG] Address: 0x159804180
[Elysia/DEBUG] Decreasing refcount of unsigned object
[Elysia/DEBUG] Address: 0x1598041d0
[Elysia/DEBUG] Decreasing refcount of unsigned object
[Elysia/DEBUG] Address: 0x159804310
[Elysia/DEBUG] Decreasing refcount of unsigned object
[Elysia/DEBUG] Address: 0x159804330
[Elysia/DEBUG] Decreasing refcount of int object
[Elysia/DEBUG] Address: 0x159804290
[Elysia/DEBUG] Decreasing refcount of int object
[Elysia/DEBUG] Address: 0x1598042b0
[Elysia/DEBUG] Decreasing refcount of int object
[Elysia/DEBUG] Address: 0x1598042d0
[Elysia/DEBUG] Performing: store_local localVar#2 
[Elysia/DEBUG] Entering function array_char[]_gc_refcount_decrease
[Elysia/DEBUG] Decreasing refcount of unsigned object
[Elysia/DEBUG] Address: 0x159904280
[Elysia/DEBUG] Decreasing refcount of unsigned object
[Elysia/DEBUG] Address: 0x159904080
[Elysia/DEBUG] Performing: load_local localVar#2 
[Elysia/DEBUG] Performing: new_struct index(3782547968) index(0) 
[Elysia/DEBUG] Performing: push_string index(23) string_const#23 
[Elysia/DEBUG] Performing: invoke index(3782547968) index(24) index(2) 
[Elysia/DEBUG] Entering function 1_Str::constructor#str
[Elysia/DEBUG] Performing: load_local localVar#1 
[Elysia/DEBUG] Increasing refcount of string object
[Elysia/DEBUG] Address: 0x1598042d0
[Elysia/DEBUG] Performing: invoke_imported index(0) index(3) index(1) 
[Elysia/DEBUG] Entering function strlen
[Elysia/DEBUG] Decreasing refcount of string object
[Elysia/DEBUG] Address: 0x1598042d0
[Elysia/DEBUG] Performing: load_local localVar#0 
[Elysia/DEBUG] Performing: store_member index(1) 
[Elysia/DEBUG] Performing: load_local localVar#0 
[Elysia/DEBUG] Performing: load_member index(1) 
[Elysia/DEBUG] Increasing refcount of unsigned object
[Elysia/DEBUG] Address: 0x1598042f0
[Elysia/DEBUG] Performing: basic_cast_int 
[Elysia/DEBUG] Decreasing refcount of unsigned object
[Elysia/DEBUG] Address: 0x1598042f0
[Elysia/DEBUG] Performing: push_integer int(1) 
[Elysia/DEBUG] Performing: add 
[Elysia/DEBUG] Performing: basic_cast_unsigned 
[Elysia/DEBUG] Performing: load_local localVar#0 
[Elysia/DEBUG] Performing: store_member index(2) 
[Elysia/DEBUG] Performing: load_local localVar#0 
[Elysia/DEBUG] Performing: load_member index(2) 
[Elysia/DEBUG] Increasing refcount of unsigned object
[Elysia/DEBUG] Address: 0x159804310
[Elysia/DEBUG] Performing: new_dynamic_array_char index(0) 
[Elysia/DEBUG] Decreasing refcount of unsigned object
[Elysia/DEBUG] Address: 0x159804310
[Elysia/DEBUG] Performing: load_local localVar#0 
[Elysia/DEBUG] Performing: store_member index(0) 
[Elysia/DEBUG] Entering function array_char[]_gc_refcount_decrease
[Elysia/DEBUG] Performing: load_local localVar#0 
[Elysia/DEBUG] Performing: load_member index(0) 
[Elysia/DEBUG] Entering function array_char[]_gc_refcount_increase
[Elysia/DEBUG] Performing: invoke_imported index(0) index(2) index(1) 
[Elysia/DEBUG] Performing: load_local localVar#1 
[Elysia/DEBUG] Increasing refcount of string object
[Elysia/DEBUG] Address: 0x1598042d0
[Elysia/DEBUG] Performing: load_local localVar#0 
[Elysia/DEBUG] Performing: load_member index(1) 
[Elysia/DEBUG] Increasing refcount of unsigned object
[Elysia/DEBUG] Address: 0x1598042f0
[Elysia/DEBUG] Performing: invoke_imported index(0) index(5) index(3) 
[Elysia/DEBUG] Entering function memcpy
[Elysia/DEBUG] Decreasing refcount of unsigned object
[Elysia/DEBUG] Address: 0x1598042f0
[Elysia/DEBUG] Decreasing refcount of string object
[Elysia/DEBUG] Address: 0x1598042d0
[Elysia/DEBUG] Decreasing refcount of int object
[Elysia/DEBUG] Address: 0x159804380
[Elysia/DEBUG] Performing: pop 
[Elysia/DEBUG] Popped value: calltmp60
[Elysia/DEBUG] Decreasing refcount of unsigned object
[Elysia/DEBUG] Address: 0x1598043a0
[Elysia/DEBUG] Performing: push_character char(
[Elysia/DEBUG] Performing: load_local localVar#0 
[Elysia/DEBUG] Performing: load_member index(0) 
[Elysia/DEBUG] Entering function array_char[]_gc_refcount_increase
[Elysia/DEBUG] Performing: load_local localVar#0 
[Elysia/DEBUG] Performing: load_member index(1) 
[Elysia/DEBUG] Increasing refcount of unsigned object
[Elysia/DEBUG] Address: 0x1598042f0
[Elysia/DEBUG] Performing: store_element unknown 
[Elysia/DEBUG] Decreasing refcount of unsigned object
[Elysia/DEBUG] Address: 0x1598042f0
[Elysia/DEBUG] Entering function array_char[]_gc_refcount_decrease
[Elysia/DEBUG] Performing: load_local localVar#0 
[Elysia/DEBUG] Performing: load_member index(0) 
[Elysia/DEBUG] Entering function array_char[]_gc_refcount_increase
[Elysia/DEBUG] Performing: load_local localVar#0 
[Elysia/DEBUG] Performing: load_member index(1) 
[Elysia/DEBUG] Increasing refcount of unsigned object
[Elysia/DEBUG] Address: 0x1598042f0
[Elysia/DEBUG] Performing: load_element 
[Elysia/DEBUG] Decreasing refcount of unsigned object
[Elysia/DEBUG] Address: 0x1598042f0
[Elysia/DEBUG] Entering function array_char[]_gc_refcount_decrease
[Elysia/DEBUG] Performing: pop 
[Elysia/DEBUG] Popped value: loaded_val
[Elysia/DEBUG] Performing: load_local localVar#0 
[Elysia/DEBUG] Performing: ret 
[Elysia/DEBUG] Decreasing refcount of string object
[Elysia/DEBUG] Address: 0x1598042d0
[Elysia/DEBUG] Performing: invoke index(3782547968) index(34) index(2) 
[Elysia/DEBUG] Entering function 1_Str::operator!=#struct#1#0#struct#1#0
[Elysia/DEBUG] Performing: load_local localVar#0 
[Elysia/DEBUG] Performing: load_member index(1) 
[Elysia/DEBUG] Increasing refcount of unsigned object
[Elysia/DEBUG] Address: 0x159804220
[Elysia/DEBUG] Performing: load_local localVar#1 
[Elysia/DEBUG] Performing: load_member index(1) 
[Elysia/DEBUG] Increasing refcount of unsigned object
[Elysia/DEBUG] Address: 0x1598042f0
[Elysia/DEBUG] Performing: not_equal 
[Elysia/DEBUG] Decreasing refcount of unsigned object
[Elysia/DEBUG] Address: 0x159804220
[Elysia/DEBUG] Decreasing refcount of unsigned object
[Elysia/DEBUG] Address: 0x1598042f0
[Elysia/DEBUG] Performing: jump_if_true codeBlock#1 
[Elysia/DEBUG] Performing: jump codeBlock#2 
[Elysia/DEBUG] Performing: load_local localVar#0 
[Elysia/DEBUG] Performing: load_member index(0) 
[Elysia/DEBUG] Entering function array_char[]_gc_refcount_increase
[Elysia/DEBUG] Performing: invoke_imported index(0) index(2) index(1) 
[Elysia/DEBUG] Performing: load_local localVar#1 
[Elysia/DEBUG] Performing: load_member index(0) 
[Elysia/DEBUG] Entering function array_char[]_gc_refcount_increase
[Elysia/DEBUG] Performing: invoke_imported index(0) index(2) index(1) 
[Elysia/DEBUG] Performing: load_local localVar#0 
[Elysia/DEBUG] Performing: load_member index(1) 
[Elysia/DEBUG] Increasing refcount of unsigned object
[Elysia/DEBUG] Address: 0x159804220
[Elysia/DEBUG] Performing: invoke_imported index(0) index(4) index(3) 
[Elysia/DEBUG] Entering function memcmp
[Elysia/DEBUG] Decreasing refcount of unsigned object
[Elysia/DEBUG] Address: 0x159804220
[Elysia/DEBUG] Decreasing refcount of int object
[Elysia/DEBUG] Address: 0x159804380
[Elysia/DEBUG] Decreasing refcount of int object
[Elysia/DEBUG] Address: 0x1598042d0
[Elysia/DEBUG] Performing: push_integer int(0) 
[Elysia/DEBUG] Performing: not_equal 
[Elysia/DEBUG] Decreasing refcount of int object
[Elysia/DEBUG] Address: 0x1598043a0
[Elysia/DEBUG] Performing: ret 
[Elysia/DEBUG] Entering function array_char[]_gc_refcount_decrease
[Elysia/DEBUG] Decreasing refcount of unsigned object
[Elysia/DEBUG] Address: 0x1598042f0
[Elysia/DEBUG] Decreasing refcount of unsigned object
[Elysia/DEBUG] Address: 0x159804310
[Elysia/DEBUG] Performing: jump_if_true codeBlock#16 
[Elysia/DEBUG] Decreasing refcount of bool object
[Elysia/DEBUG] Address: 0x1598042c0
[Elysia/DEBUG] Performing: jump codeBlock#17 
[Elysia/DEBUG] Performing: push_integer int(-123) 
[Elysia/DEBUG] Performing: new_interface index(3782547968) index(0) 
[Elysia/DEBUG] Performing: construct_interface_impl index(3782547968) index(19) 
[Elysia/DEBUG] Performing: invoke_virtual index(3782547968) index(0) index(0) index(1) 
[Elysia/DEBUG] Entering function e1751aff_int::to_string#
[Elysia/DEBUG] Performing: load_local localVar#0 
[Elysia/DEBUG] Increasing refcount of int object
[Elysia/DEBUG] Address: 0x1598042c0
[Elysia/DEBUG] Performing: invoke index(3782547968) index(43) index(1) 
[Elysia/DEBUG] Entering function 2_abs<int>
[Elysia/DEBUG] Performing: load_local localVar#0 
[Elysia/DEBUG] Increasing refcount of int object
[Elysia/DEBUG] Address: 0x1598042c0
[Elysia/DEBUG] Performing: push_integer int(0) 
[Elysia/DEBUG] Performing: less_than 
[Elysia/DEBUG] Decreasing refcount of int object
[Elysia/DEBUG] Address: 0x1598042c0
[Elysia/DEBUG] Performing: jump_if_true codeBlock#1 
[Elysia/DEBUG] Performing: load_local localVar#0 
[Elysia/DEBUG] Increasing refcount of int object
[Elysia/DEBUG] Address: 0x1598042c0
[Elysia/DEBUG] Performing: negate 
[Elysia/DEBUG] Decreasing refcount of int object
[Elysia/DEBUG] Address: 0x1598042c0
[Elysia/DEBUG] Performing: ret 
[Elysia/DEBUG] Decreasing refcount of int object
[Elysia/DEBUG] Address: 0x1598042c0
[Elysia/DEBUG] Performing: store_local localVar#1 
[Elysia/DEBUG] Performing: new_struct index(3782547968) index(0) 
[Elysia/DEBUG] Performing: push_unsigned unsigned(24) 
[Elysia/DEBUG] Performing: invoke index(3782547968) index(26) index(2) 
[Elysia/DEBUG] Entering function 1_Str::constructor#unsigned
[Elysia/DEBUG] Performing: load_local localVar#1 
[Elysia/DEBUG] Increasing refcount of unsigned object
[Elysia/DEBUG] Address: 0x159804330
[Elysia/DEBUG] Performing: push_unsigned unsigned(1) 
[Elysia/DEBUG] Performing: less_than 
[Elysia/DEBUG] Decreasing refcount of unsigned object
[Elysia/DEBUG] Address: 0x159804330
[Elysia/DEBUG] Performing: jump_if_true codeBlock#1 
[Elysia/DEBUG] Performing: jump codeBlock#2 
[Elysia/DEBUG] Performing: push_unsigned unsigned(0) 
[Elysia/DEBUG] Performing: load_local localVar#0 
[Elysia/DEBUG] Performing: store_member index(1) 
[Elysia/DEBUG] Performing: load_local localVar#1 
[Elysia/DEBUG] Increasing refcount of unsigned object
[Elysia/DEBUG] Address: 0x159804330
[Elysia/DEBUG] Performing: load_local localVar#0 
[Elysia/DEBUG] Performing: store_member index(2) 
[Elysia/DEBUG] Performing: load_local localVar#1 
[Elysia/DEBUG] Increasing refcount of unsigned object
[Elysia/DEBUG] Address: 0x159804330
[Elysia/DEBUG] Performing: new_dynamic_array_char index(0) 
[Elysia/DEBUG] Decreasing refcount of unsigned object
[Elysia/DEBUG] Address: 0x159804330
[Elysia/DEBUG] Performing: load_local localVar#0 
[Elysia/DEBUG] Performing: store_member index(0) 
[Elysia/DEBUG] Entering function array_char[]_gc_refcount_decrease
[Elysia/DEBUG] Performing: push_character char(
[Elysia/DEBUG] Performing: load_local localVar#0 
[Elysia/DEBUG] Performing: load_member index(0) 
[Elysia/DEBUG] Entering function array_char[]_gc_refcount_increase
[Elysia/DEBUG] Performing: push_unsigned unsigned(0) 
[Elysia/DEBUG] Performing: store_element unknown 
[Elysia/DEBUG] Entering function array_char[]_gc_refcount_decrease
[Elysia/DEBUG] Performing: load_local localVar#0 
[Elysia/DEBUG] Performing: load_member index(0) 
[Elysia/DEBUG] Entering function array_char[]_gc_refcount_increase
[Elysia/DEBUG] Performing: push_unsigned unsigned(0) 
[Elysia/DEBUG] Performing: load_element 
[Elysia/DEBUG] Entering function array_char[]_gc_refcount_decrease
[Elysia/DEBUG] Performing: pop 
[Elysia/DEBUG] Popped value: loaded_val116
[Elysia/DEBUG] Performing: load_local localVar#0 
[Elysia/DEBUG] Performing: ret 
[Elysia/DEBUG] Decreasing refcount of unsigned object
[Elysia/DEBUG] Address: 0x159804330
[Elysia/DEBUG] Performing: store_local localVar#2 
[Elysia/DEBUG] Performing: load_local localVar#0 
[Elysia/DEBUG] Increasing refcount of int object
[Elysia/DEBUG] Address: 0x1598042c0
[Elysia/DEBUG] Performing: push_integer int(0) 
[Elysia/DEBUG] Performing: less_than 
[Elysia/DEBUG] Decreasing refcount of int object
[Elysia/DEBUG] Address: 0x1598042c0
[Elysia/DEBUG] Performing: store_local localVar#3 
[Elysia/DEBUG] Performing: jump codeBlock#1 
[Elysia/DEBUG] Performing: load_local localVar#1 
[Elysia/DEBUG] Increasing refcount of int object
[Elysia/DEBUG] Address: 0x1598042e0
[Elysia/DEBUG] Performing: push_integer int(0) 
[Elysia/DEBUG] Performing: greater_than 
[Elysia/DEBUG] Decreasing refcount of int object
[Elysia/DEBUG] Address: 0x1598042e0
[Elysia/DEBUG] Performing: jump_if_true codeBlock#2 
[Elysia/DEBUG] Performing: load_local localVar#1 
[Elysia/DEBUG] Increasing refcount of int object
[Elysia/DEBUG] Address: 0x1598042e0
[Elysia/DEBUG] Performing: push_integer int(10) 
[Elysia/DEBUG] Performing: mod 
[Elysia/DEBUG] Decreasing refcount of int object
[Elysia/DEBUG] Address: 0x1598042e0
[Elysia/DEBUG] Performing: basic_cast_char 
[Elysia/DEBUG] Performing: store_local localVar#4 
[Elysia/DEBUG] Performing: load_local localVar#2 
[Elysia/DEBUG] Performing: load_local localVar#4 
[Elysia/DEBUG] Increasing refcount of char object
[Elysia/DEBUG] Address: 0x1598043d0
[Elysia/DEBUG] Performing: push_character char(0) 
[Elysia/DEBUG] Performing: add 
[Elysia/DEBUG] Decreasing refcount of char object
[Elysia/DEBUG] Address: 0x1598043d0
[Elysia/DEBUG] Performing: invoke index(3782547968) index(3) index(2) 
[Elysia/DEBUG] Entering function 1_Str::push#char
[Elysia/DEBUG] Performing: load_local localVar#0 
[Elysia/DEBUG] Performing: load_member index(1) 
[Elysia/DEBUG] Increasing refcount of unsigned object
[Elysia/DEBUG] Address: 0x159804350
[Elysia/DEBUG] Performing: load_local localVar#0 
[Elysia/DEBUG] Performing: load_member index(2) 
[Elysia/DEBUG] Increasing refcount of unsigned object
[Elysia/DEBUG] Address: 0x159804330
[Elysia/DEBUG] Performing: equal 
[Elysia/DEBUG] Decreasing refcount of unsigned object
[Elysia/DEBUG] Address: 0x159804350
[Elysia/DEBUG] Decreasing refcount of unsigned object
[Elysia/DEBUG] Address: 0x159804330
[Elysia/DEBUG] Performing: jump_if_true codeBlock#1 
[Elysia/DEBUG] Performing: jump codeBlock#2 
[Elysia/DEBUG] Performing: load_local localVar#1 
[Elysia/DEBUG] Increasing refcount of char object
[Elysia/DEBUG] Address: 0x1598040a0
[Elysia/DEBUG] Performing: load_local localVar#0 
[Elysia/DEBUG] Performing: load_member index(0) 
[Elysia/DEBUG] Entering function array_char[]_gc_refcount_increase
[Elysia/DEBUG] Performing: load_local localVar#0 
[Elysia/DEBUG] Performing: load_member index(1) 
[Elysia/DEBUG] Increasing refcount of unsigned object
[Elysia/DEBUG] Address: 0x159804350
[Elysia/DEBUG] Performing: store_element unknown 
[Elysia/DEBUG] Decreasing refcount of unsigned object
[Elysia/DEBUG] Address: 0x159804350
[Elysia/DEBUG] Decreasing refcount of char object
[Elysia/DEBUG] Address: 0x1598040a0
[Elysia/DEBUG] Entering function array_char[]_gc_refcount_decrease
[Elysia/DEBUG] Performing: load_local localVar#0 
[Elysia/DEBUG] Performing: load_member index(0) 
[Elysia/DEBUG] Entering function array_char[]_gc_refcount_increase
[Elysia/DEBUG] Performing: load_local localVar#0 
[Elysia/DEBUG] Performing: load_member index(1) 
[Elysia/DEBUG] Increasing refcount of unsigned object
[Elysia/DEBUG] Address: 0x159804350
[Elysia/DEBUG] Performing: load_element 
[Elysia/DEBUG] Decreasing refcount of unsigned object
[Elysia/DEBUG] Address: 0x159804350
[Elysia/DEBUG] Entering function array_char[]_gc_refcount_decrease
[Elysia/DEBUG] Performing: pop 
[Elysia/DEBUG] Popped value: loaded_val195
[Elysia/DEBUG] Performing: load_local localVar#0 
[Elysia/DEBUG] Performing: load_member index(1) 
[Elysia/DEBUG] Increasing refcount of unsigned object
[Elysia/DEBUG] Address: 0x159804350
[Elysia/DEBUG] Performing: push_unsigned unsigned(1) 
[Elysia/DEBUG] Performing: add 
[Elysia/DEBUG] Decreasing refcount of unsigned object
[Elysia/DEBUG] Address: 0x159804350
[Elysia/DEBUG] Performing: load_local localVar#0 
[Elysia/DEBUG] Performing: store_member index(1) 
[Elysia/DEBUG] Decreasing refcount of unsigned object
[Elysia/DEBUG] Address: 0x159804350
[Elysia/DEBUG] Performing: push_character char(
[Elysia/DEBUG] Performing: load_local localVar#0 
[Elysia/DEBUG] Performing: load_member index(0) 
[Elysia/DEBUG] Entering function array_char[]_gc_refcount_increase
[Elysia/DEBUG] Performing: load_local localVar#0 
[Elysia/DEBUG] Performing: load_member index(1) 
[Elysia/DEBUG] Increasing refcount of unsigned object
[Elysia/DEBUG] Address: 0x159804350
[Elysia/DEBUG] Performing: store_element unknown 
[Elysia/DEBUG] Decreasing refcount of unsigned object
[Elysia/DEBUG] Address: 0x159804350
[Elysia/DEBUG] Entering function array_char[]_gc_refcount_decrease
[Elysia/DEBUG] Performing: load_local localVar#0 
[Elysia/DEBUG] Performing: load_member index(0) 
[Elysia/DEBUG] Entering function array_char[]_gc_refcount_increase
[Elysia/DEBUG] Performing: load_local localVar#0 
[Elysia/DEBUG] Performing: load_member index(1) 
[Elysia/DEBUG] Increasing refcount of unsigned object
[Elysia/DEBUG] Address: 0x159804350
[Elysia/DEBUG] Performing: load_element 
[Elysia/DEBUG] Decreasing refcount of unsigned object
[Elysia/DEBUG] Address: 0x159804350
[Elysia/DEBUG] Entering function array_char[]_gc_refcount_decrease
[Elysia/DEBUG] Performing: pop 
[Elysia/DEBUG] Popped value: loaded_val262
[Elysia/DEBUG] Performing: ret_none 
[Elysia/DEBUG] Decreasing refcount of char object
[Elysia/DEBUG] Address: 0x1598040a0
[Elysia/DEBUG] Performing: pop 
[Elysia/DEBUG] Popped value: calltmp48
[Elysia/DEBUG] Performing: load_local localVar#1 
[Elysia/DEBUG] Increasing refcount of int object
[Elysia/DEBUG] Address: 0x1598042e0
[Elysia/DEBUG] Performing: push_integer int(10) 
[Elysia/DEBUG] Performing: div 
[Elysia/DEBUG] Decreasing refcount of int object
[Elysia/DEBUG] Address: 0x1598042e0
[Elysia/DEBUG] Performing: store_local localVar#1 
[Elysia/DEBUG] Decreasing refcount of int object
[Elysia/DEBUG] Address: 0x1598042e0
[Elysia/DEBUG] Performing: jump codeBlock#1 
[Elysia/DEBUG] Performing: load_local localVar#1 
[Elysia/DEBUG] Increasing refcount of int object
[Elysia/DEBUG] Address: 0x1598042e0
[Elysia/DEBUG] Performing: push_integer int(0) 
[Elysia/DEBUG] Performing: greater_than 
[Elysia/DEBUG] Decreasing refcount of int object
[Elysia/DEBUG] Address: 0x1598042e0
[Elysia/DEBUG] Performing: jump_if_true codeBlock#2 
[Elysia/DEBUG] Performing: load_local localVar#1 
[Elysia/DEBUG] Increasing refcount of int object
[Elysia/DEBUG] Address: 0x1598042e0
[Elysia/DEBUG] Performing: push_integer int(10) 
[Elysia/DEBUG] Performing: mod 
[Elysia/DEBUG] Decreasing refcount of int object
[Elysia/DEBUG] Address: 0x1598042e0
[Elysia/DEBUG] Performing: basic_cast_char 
[Elysia/DEBUG] Performing: store_local localVar#4 
[Elysia/DEBUG] Decreasing refcount of char object
[Elysia/DEBUG] Address: 0x1598043d0
[Elysia/DEBUG] Performing: load_local localVar#2 
[Elysia/DEBUG] Performing: load_local localVar#4 
[Elysia/DEBUG] Increasing refcount of char object
[Elysia/DEBUG] Address: 0x1598043d0
[Elysia/DEBUG] Performing: push_character char(0) 
[Elysia/DEBUG] Performing: add 
[Elysia/DEBUG] Decreasing refcount of char object
[Elysia/DEBUG] Address: 0x1598043d0
[Elysia/DEBUG] Performing: invoke index(3782547968) index(3) index(2) 
[Elysia/DEBUG] Entering function 1_Str::push#char
[Elysia/DEBUG] Performing: load_local localVar#0 
[Elysia/DEBUG] Performing: load_member index(1) 
[Elysia/DEBUG] Increasing refcount of unsigned object
[Elysia/DEBUG] Address: 0x159804350
[Elysia/DEBUG] Performing: load_local localVar#0 
[Elysia/DEBUG] Performing: load_member index(2) 
[Elysia/DEBUG] Increasing refcount of unsigned object
[Elysia/DEBUG] Address: 0x159804330
[Elysia/DEBUG] Performing: equal 
[Elysia/DEBUG] Decreasing refcount of unsigned object
[Elysia/DEBUG] Address: 0x159804350
[Elysia/DEBUG] Decreasing refcount of unsigned object
[Elysia/DEBUG] Address: 0x159804330
[Elysia/DEBUG] Performing: jump_if_true codeBlock#1 
[Elysia/DEBUG] Performing: jump codeBlock#2 
[Elysia/DEBUG] Performing: load_local localVar#1 
[Elysia/DEBUG] Increasing refcount of char object
[Elysia/DEBUG] Address: 0x1598040a0
[Elysia/DEBUG] Performing: load_local localVar#0 
[Elysia/DEBUG] Performing: load_member index(0) 
[Elysia/DEBUG] Entering function array_char[]_gc_refcount_increase
[Elysia/DEBUG] Performing: load_local localVar#0 
[Elysia/DEBUG] Performing: load_member index(1) 
[Elysia/DEBUG] Increasing refcount of unsigned object
[Elysia/DEBUG] Address: 0x159804350
[Elysia/DEBUG] Performing: store_element unknown 
[Elysia/DEBUG] Decreasing refcount of unsigned object
[Elysia/DEBUG] Address: 0x159804350
[Elysia/DEBUG] Decreasing refcount of char object
[Elysia/DEBUG] Address: 0x1598040a0
[Elysia/DEBUG] Entering function array_char[]_gc_refcount_decrease
[Elysia/DEBUG] Performing: load_local localVar#0 
[Elysia/DEBUG] Performing: load_member index(0) 
[Elysia/DEBUG] Entering function array_char[]_gc_refcount_increase
[Elysia/DEBUG] Performing: load_local localVar#0 
[Elysia/DEBUG] Performing: load_member index(1) 
[Elysia/DEBUG] Increasing refcount of unsigned object
[Elysia/DEBUG] Address: 0x159804350
[Elysia/DEBUG] Performing: load_element 
[Elysia/DEBUG] Decreasing refcount of unsigned object
[Elysia/DEBUG] Address: 0x159804350
[Elysia/DEBUG] Entering function array_char[]_gc_refcount_decrease
[Elysia/DEBUG] Performing: pop 
[Elysia/DEBUG] Popped value: loaded_val195
[Elysia/DEBUG] Performing: load_local localVar#0 
[Elysia/DEBUG] Performing: load_member index(1) 
[Elysia/DEBUG] Increasing refcount of unsigned object
[Elysia/DEBUG] Address: 0x159804350
[Elysia/DEBUG] Performing: push_unsigned unsigned(1) 
[Elysia/DEBUG] Performing: add 
[Elysia/DEBUG] Decreasing refcount of unsigned object
[Elysia/DEBUG] Address: 0x159804350
[Elysia/DEBUG] Performing: load_local localVar#0 
[Elysia/DEBUG] Performing: store_member index(1) 
[Elysia/DEBUG] Decreasing refcount of unsigned object
[Elysia/DEBUG] Address: 0x159804350
[Elysia/DEBUG] Performing: push_character char(
[Elysia/DEBUG] Performing: load_local localVar#0 
[Elysia/DEBUG] Performing: load_member index(0) 
[Elysia/DEBUG] Entering function array_char[]_gc_refcount_increase
[Elysia/DEBUG] Performing: load_local localVar#0 
[Elysia/DEBUG] Performing: load_member index(1) 
[Elysia/DEBUG] Increasing refcount of unsigned object
[Elysia/DEBUG] Address: 0x159804350
[Elysia/DEBUG] Performing: store_element unknown 
[Elysia/DEBUG] Decreasing refcount of unsigned object
[Elysia/DEBUG] Address: 0x159804350
[Elysia/DEBUG] Entering function array_char[]_gc_refcount_decrease
[Elysia/DEBUG] Performing: load_local localVar#0 
[Elysia/DEBUG] Performing: load_member index(0) 
[Elysia/DEBUG] Entering function array_char[]_gc_refcount_increase
[Elysia/DEBUG] Performing: load_local localVar#0 
[Elysia/DEBUG] Performing: load_member index(1) 
[Elysia/DEBUG] Increasing refcount of unsigned object
[Elysia/DEBUG] Address: 0x159804350
[Elysia/DEBUG] Performing: load_element 
[Elysia/DEBUG] Decreasing refcount of unsigned object
[Elysia/DEBUG] Address: 0x159804350
[Elysia/DEBUG] Entering function array_char[]_gc_refcount_decrease
[Elysia/DEBUG] Performing: pop 
[Elysia/DEBUG] Popped value: loaded_val262
[Elysia/DEBUG] Performing: ret_none 
[Elysia/DEBUG] Decreasing refcount of char object
[Elysia/DEBUG] Address: 0x1598040a0
[Elysia/DEBUG] Performing: pop 
[Elysia/DEBUG] Popped value: calltmp48
[Elysia/DEBUG] Performing: load_local localVar#1 
[Elysia/DEBUG] Increasing refcount of int object
[Elysia/DEBUG] Address: 0x1598042e0
[Elysia/DEBUG] Performing: push_integer int(10) 
[Elysia/DEBUG] Performing: div 
[Elysia/DEBUG] Decreasing refcount of int object
[Elysia/DEBUG] Address: 0x1598042e0
[Elysia/DEBUG] Performing: store_local localVar#1 
[Elysia/DEBUG] Decreasing refcount of int object
[Elysia/DEBUG] Address: 0x1598042e0
[Elysia/DEBUG] Performing: jump codeBlock#1 
[Elysia/DEBUG] Performing: load_local localVar#1 
[Elysia/DEBUG] Increasing refcount of int object
[Elysia/DEBUG] Address: 0x1598042e0
[Elysia/DEBUG] Performing: push_integer int(0) 
[Elysia/DEBUG] Performing: greater_than 
[Elysia/DEBUG] Decreasing refcount of int object
[Elysia/DEBUG] Address: 0x1598042e0
[Elysia/DEBUG] Performing: jump_if_true codeBlock#2 
[Elysia/DEBUG] Performing: load_local localVar#1 
[Elysia/DEBUG] Increasing refcount of int object
[Elysia/DEBUG] Address: 0x1598042e0
[Elysia/DEBUG] Performing: push_integer int(10) 
[Elysia/DEBUG] Performing: mod 
[Elysia/DEBUG] Decreasing refcount of int object
[Elysia/DEBUG] Address: 0x1598042e0
[Elysia/DEBUG] Performing: basic_cast_char 
[Elysia/DEBUG] Performing: store_local localVar#4 
[Elysia/DEBUG] Decreasing refcount of char object
[Elysia/DEBUG] Address: 0x1598043d0
[Elysia/DEBUG] Performing: load_local localVar#2 
[Elysia/DEBUG] Performing: load_local localVar#4 
[Elysia/DEBUG] Increasing refcount of char object
[Elysia/DEBUG] Address: 0x1598043d0
[Elysia/DEBUG] Performing: push_character char(0) 
[Elysia/DEBUG] Performing: add 
[Elysia/DEBUG] Decreasing refcount of char object
[Elysia/DEBUG] Address: 0x1598043d0
[Elysia/DEBUG] Performing: invoke index(3782547968) index(3) index(2) 
[Elysia/DEBUG] Entering function 1_Str::push#char
[Elysia/DEBUG] Performing: load_local localVar#0 
[Elysia/DEBUG] Performing: load_member index(1) 
[Elysia/DEBUG] Increasing refcount of unsigned object
[Elysia/DEBUG] Address: 0x159804350
[Elysia/DEBUG] Performing: load_local localVar#0 
[Elysia/DEBUG] Performing: load_member index(2) 
[Elysia/DEBUG] Increasing refcount of unsigned object
[Elysia/DEBUG] Address: 0x159804330
[Elysia/DEBUG] Performing: equal 
[Elysia/DEBUG] Decreasing refcount of unsigned object
[Elysia/DEBUG] Address: 0x159804350
[Elysia/DEBUG] Decreasing refcount of unsigned object
[Elysia/DEBUG] Address: 0x159804330
[Elysia/DEBUG] Performing: jump_if_true codeBlock#1 
[Elysia/DEBUG] Performing: jump codeBlock#2 
[Elysia/DEBUG] Performing: load_local localVar#1 
[Elysia/DEBUG] Increasing refcount of char object
[Elysia/DEBUG] Address: 0x1598040a0
[Elysia/DEBUG] Performing: load_local localVar#0 
[Elysia/DEBUG] Performing: load_member index(0) 
[Elysia/DEBUG] Entering function array_char[]_gc_refcount_increase
[Elysia/DEBUG] Performing: load_local localVar#0 
[Elysia/DEBUG] Performing: load_member index(1) 
[Elysia/DEBUG] Increasing refcount of unsigned object
[Elysia/DEBUG] Address: 0x159804350
[Elysia/DEBUG] Performing: store_element unknown 
[Elysia/DEBUG] Decreasing refcount of unsigned object
[Elysia/DEBUG] Address: 0x159804350
[Elysia/DEBUG] Decreasing refcount of char object
[Elysia/DEBUG] Address: 0x1598040a0
[Elysia/DEBUG] Entering function array_char[]_gc_refcount_decrease
[Elysia/DEBUG] Performing: load_local localVar#0 
[Elysia/DEBUG] Performing: load_member index(0) 
[Elysia/DEBUG] Entering function array_char[]_gc_refcount_increase
[Elysia/DEBUG] Performing: load_local localVar#0 
[Elysia/DEBUG] Performing: load_member index(1) 
[Elysia/DEBUG] Increasing refcount of unsigned object
[Elysia/DEBUG] Address: 0x159804350
[Elysia/DEBUG] Performing: load_element 
[Elysia/DEBUG] Decreasing refcount of unsigned object
[Elysia/DEBUG] Address: 0x159804350
[Elysia/DEBUG] Entering function array_char[]_gc_refcount_decrease
[Elysia/DEBUG] Performing: pop 
[Elysia/DEBUG] Popped value: loaded_val195
[Elysia/DEBUG] Performing: load_local localVar#0 
[Elysia/DEBUG] Performing: load_member index(1) 
[Elysia/DEBUG] Increasing refcount of unsigned object
[Elysia/DEBUG] Address: 0x159804350
[Elysia/DEBUG] Performing: push_unsigned unsigned(1) 
[Elysia/DEBUG] Performing: add 
[Elysia/DEBUG] Decreasing refcount of unsigned object
[Elysia/DEBUG] Address: 0x159804350
[Elysia/DEBUG] Performing: load_local localVar#0 
[Elysia/DEBUG] Performing: store_member index(1) 
[Elysia/DEBUG] Decreasing refcount of unsigned object
[Elysia/DEBUG] Address: 0x159804350
[Elysia/DEBUG] Performing: push_character char(
[Elysia/DEBUG] Performing: load_local localVar#0 
[Elysia/DEBUG] Performing: load_member index(0) 
[Elysia/DEBUG] Entering function array_char[]_gc_refcount_increase
[Elysia/DEBUG] Performing: load_local localVar#0 
[Elysia/DEBUG] Performing: load_member index(1) 
[Elysia/DEBUG] Increasing refcount of unsigned object
[Elysia/DEBUG] Address: 0x159804350
[Elysia/DEBUG] Performing: store_element unknown 
[Elysia/DEBUG] Decreasing refcount of unsigned object
[Elysia/DEBUG] Address: 0x159804350
[Elysia/DEBUG] Entering function array_char[]_gc_refcount_decrease
[Elysia/DEBUG] Performing: load_local localVar#0 
[Elysia/DEBUG] Performing: load_member index(0) 
[Elysia/DEBUG] Entering function array_char[]_gc_refcount_increase
[Elysia/DEBUG] Performing: load_local localVar#0 
[Elysia/DEBUG] Performing: load_member index(1) 
[Elysia/DEBUG] Increasing refcount of unsigned object
[Elysia/DEBUG] Address: 0x159804350
[Elysia/DEBUG] Performing: load_element 
[Elysia/DEBUG] Decreasing refcount of unsigned object
[Elysia/DEBUG] Address: 0x159804350
[Elysia/DEBUG] Entering function array_char[]_gc_refcount_decrease
[Elysia/DEBUG] Performing: pop 
[Elysia/DEBUG] Popped value: loaded_val262
[Elysia/DEBUG] Performing: ret_none 
[Elysia/DEBUG] Decreasing refcount of char object
[Elysia/DEBUG] Address: 0x1598040a0
[Elysia/DEBUG] Performing: pop 
[Elysia/DEBUG] Popped value: calltmp48
[Elysia/DEBUG] Performing: load_local localVar#1 
[Elysia/DEBUG] Increasing refcount of int object
[Elysia/DEBUG] Address: 0x1598042e0
[Elysia/DEBUG] Performing: push_integer int(10) 
[Elysia/DEBUG] Performing: div 
[Elysia/DEBUG] Decreasing refcount of int object
[Elysia/DEBUG] Address: 0x1598042e0
[Elysia/DEBUG] Performing: store_local localVar#1 
[Elysia/DEBUG] Decreasing refcount of int object
[Elysia/DEBUG] Address: 0x1598042e0
[Elysia/DEBUG] Performing: jump codeBlock#1 
[Elysia/DEBUG] Performing: load_local localVar#1 
[Elysia/DEBUG] Increasing refcount of int object
[Elysia/DEBUG] Address: 0x1598042e0
[Elysia/DEBUG] Performing: push_integer int(0) 
[Elysia/DEBUG] Performing: greater_than 
[Elysia/DEBUG] Decreasing refcount of int object
[Elysia/DEBUG] Address: 0x1598042e0
[Elysia/DEBUG] Performing: jump_if_true codeBlock#2 
[Elysia/DEBUG] Performing: jump codeBlock#3 
[Elysia/DEBUG] Performing: load_local localVar#3 
[Elysia/DEBUG] Increasing refcount of bool object
[Elysia/DEBUG] Address: 0x1598043b0
[Elysia/DEBUG] Performing: jump_if_true codeBlock#4 
[Elysia/DEBUG] Decreasing refcount of bool object
[Elysia/DEBUG] Address: 0x1598043b0
[Elysia/DEBUG] Performing: load_local localVar#2 
[Elysia/DEBUG] Performing: push_character char(-) 
[Elysia/DEBUG] Performing: invoke index(3782547968) index(3) index(2) 
[Elysia/DEBUG] Entering function 1_Str::push#char
[Elysia/DEBUG] Performing: load_local localVar#0 
[Elysia/DEBUG] Performing: load_member index(1) 
[Elysia/DEBUG] Increasing refcount of unsigned object
[Elysia/DEBUG] Address: 0x159804350
[Elysia/DEBUG] Performing: load_local localVar#0 
[Elysia/DEBUG] Performing: load_member index(2) 
[Elysia/DEBUG] Increasing refcount of unsigned object
[Elysia/DEBUG] Address: 0x159804330
[Elysia/DEBUG] Performing: equal 
[Elysia/DEBUG] Decreasing refcount of unsigned object
[Elysia/DEBUG] Address: 0x159804350
[Elysia/DEBUG] Decreasing refcount of unsigned object
[Elysia/DEBUG] Address: 0x159804330
[Elysia/DEBUG] Performing: jump_if_true codeBlock#1 
[Elysia/DEBUG] Performing: jump codeBlock#2 
[Elysia/DEBUG] Performing: load_local localVar#1 
[Elysia/DEBUG] Increasing refcount of char object
[Elysia/DEBUG] Address: 0x1598040a0
[Elysia/DEBUG] Performing: load_local localVar#0 
[Elysia/DEBUG] Performing: load_member index(0) 
[Elysia/DEBUG] Entering function array_char[]_gc_refcount_increase
[Elysia/DEBUG] Performing: load_local localVar#0 
[Elysia/DEBUG] Performing: load_member index(1) 
[Elysia/DEBUG] Increasing refcount of unsigned object
[Elysia/DEBUG] Address: 0x159804350
[Elysia/DEBUG] Performing: store_element unknown 
[Elysia/DEBUG] Decreasing refcount of unsigned object
[Elysia/DEBUG] Address: 0x159804350
[Elysia/DEBUG] Decreasing refcount of char object
[Elysia/DEBUG] Address: 0x1598040a0
[Elysia/DEBUG] Entering function array_char[]_gc_refcount_decrease
[Elysia/DEBUG] Performing: load_local localVar#0 
[Elysia/DEBUG] Performing: load_member index(0) 
[Elysia/DEBUG] Entering function array_char[]_gc_refcount_increase
[Elysia/DEBUG] Performing: load_local localVar#0 
[Elysia/DEBUG] Performing: load_member index(1) 
[Elysia/DEBUG] Increasing refcount of unsigned object
[Elysia/DEBUG] Address: 0x159804350
[Elysia/DEBUG] Performing: load_element 
[Elysia/DEBUG] Decreasing refcount of unsigned object
[Elysia/DEBUG] Address: 0x159804350
[Elysia/DEBUG] Entering function array_char[]_gc_refcount_decrease
[Elysia/DEBUG] Performing: pop 
[Elysia/DEBUG] Popped value: loaded_val195
[Elysia/DEBUG] Performing: load_local localVar#0 
[Elysia/DEBUG] Performing: load_member index(1) 
[Elysia/DEBUG] Increasing refcount of unsigned object
[Elysia/DEBUG] Address: 0x159804350
[Elysia/DEBUG] Performing: push_unsigned unsigned(1) 
[Elysia/DEBUG] Performing: add 
[Elysia/DEBUG] Decreasing refcount of unsigned object
[Elysia/DEBUG] Address: 0x159804350
[Elysia/DEBUG] Performing: load_local localVar#0 
[Elysia/DEBUG] Performing: store_member index(1) 
[Elysia/DEBUG] Decreasing refcount of unsigned object
[Elysia/DEBUG] Address: 0x159804350
[Elysia/DEBUG] Performing: push_character char(
[Elysia/DEBUG] Performing: load_local localVar#0 
[Elysia/DEBUG] Performing: load_member index(0) 
[Elysia/DEBUG] Entering function array_char[]_gc_refcount_increase
[Elysia/DEBUG] Performing: load_local localVar#0 
[Elysia/DEBUG] Performing: load_member index(1) 
[Elysia/DEBUG] Increasing refcount of unsigned object
[Elysia/DEBUG] Address: 0x159804350
[Elysia/DEBUG] Performing: store_element unknown 
[Elysia/DEBUG] Decreasing refcount of unsigned object
[Elysia/DEBUG] Address: 0x159804350
[Elysia/DEBUG] Entering function array_char[]_gc_refcount_decrease
[Elysia/DEBUG] Performing: load_local localVar#0 
[Elysia/DEBUG] Performing: load_member index(0) 
[Elysia/DEBUG] Entering function array_char[]_gc_refcount_increase
[Elysia/DEBUG] Performing: load_local localVar#0 
[Elysia/DEBUG] Performing: load_member index(1) 
[Elysia/DEBUG] Increasing refcount of unsigned object
[Elysia/DEBUG] Address: 0x159804350
[Elysia/DEBUG] Performing: load_element 
[Elysia/DEBUG] Decreasing refcount of unsigned object
[Elysia/DEBUG] Address: 0x159804350
[Elysia/DEBUG] Entering function array_char[]_gc_refcount_decrease
[Elysia/DEBUG] Performing: pop 
[Elysia/DEBUG] Popped value: loaded_val262
[Elysia/DEBUG] Performing: ret_none 
[Elysia/DEBUG] Decreasing refcount of char object
[Elysia/DEBUG] Address: 0x1598040a0
[Elysia/DEBUG] Performing: pop 
[Elysia/DEBUG] Popped value: calltmp81
[Elysia/DEBUG] Performing: jump codeBlock#5 
[Elysia/DEBUG] Performing: load_local localVar#2 
[Elysia/DEBUG] Performing: invoke index(3782547968) index(20) index(1) 
[Elysia/DEBUG] Entering function 1_Str::reverse#
[Elysia/DEBUG] Performing: push_unsigned unsigned(0) 
[Elysia/DEBUG] Performing: store_local localVar#1 
[Elysia/DEBUG] Performing: load_local localVar#0 
[Elysia/DEBUG] Performing: load_member index(1) 
[Elysia/DEBUG] Increasing refcount of unsigned object
[Elysia/DEBUG] Address: 0x159804350
[Elysia/DEBUG] Performing: push_unsigned unsigned(1) 
[Elysia/DEBUG] Performing: sub 
[Elysia/DEBUG] Decreasing refcount of unsigned object
[Elysia/DEBUG] Address: 0x159804350
[Elysia/DEBUG] Performing: store_local localVar#2 
[Elysia/DEBUG] Performing: jump codeBlock#1 
[Elysia/DEBUG] Performing: load_local localVar#1 
[Elysia/DEBUG] Performing: load_local localVar#2 
[Elysia/DEBUG] Increasing refcount of unsigned object
[Elysia/DEBUG] Address: 0x1598040a0
[Elysia/DEBUG] Performing: less_than 
[Elysia/DEBUG] Decreasing refcount of unsigned object
[Elysia/DEBUG] Address: 0x1598040a0
[Elysia/DEBUG] Performing: jump_if_true codeBlock#2 
[Elysia/DEBUG] Performing: load_local localVar#0 
[Elysia/DEBUG] Performing: load_member index(0) 
[Elysia/DEBUG] Entering function array_char[]_gc_refcount_increase
[Elysia/DEBUG] Performing: load_local localVar#1 
[Elysia/DEBUG] Performing: load_element 
[Elysia/DEBUG] Entering function array_char[]_gc_refcount_decrease
[Elysia/DEBUG] Performing: store_local localVar#3 
[Elysia/DEBUG] Performing: load_local localVar#0 
[Elysia/DEBUG] Performing: load_member index(0) 
[Elysia/DEBUG] Entering function array_char[]_gc_refcount_increase
[Elysia/DEBUG] Performing: load_local localVar#2 
[Elysia/DEBUG] Increasing refcount of unsigned object
[Elysia/DEBUG] Address: 0x1598040a0
[Elysia/DEBUG] Performing: load_element 
[Elysia/DEBUG] Decreasing refcount of unsigned object
[Elysia/DEBUG] Address: 0x1598040a0
[Elysia/DEBUG] Entering function array_char[]_gc_refcount_decrease
[Elysia/DEBUG] Performing: load_local localVar#0 
[Elysia/DEBUG] Performing: load_member index(0) 
[Elysia/DEBUG] Entering function array_char[]_gc_refcount_increase
[Elysia/DEBUG] Performing: load_local localVar#1 
[Elysia/DEBUG] Performing: store_element unknown 
[Elysia/DEBUG] Entering function array_char[]_gc_refcount_decrease
[Elysia/DEBUG] Performing: load_local localVar#0 
[Elysia/DEBUG] Performing: load_member index(0) 
[Elysia/DEBUG] Entering function array_char[]_gc_refcount_increase
[Elysia/DEBUG] Performing: load_local localVar#1 
[Elysia/DEBUG] Performing: load_element 
[Elysia/DEBUG] Entering function array_char[]_gc_refcount_decrease
[Elysia/DEBUG] Performing: pop 
[Elysia/DEBUG] Popped value: loaded_val69
[Elysia/DEBUG] Performing: load_local localVar#3 
[Elysia/DEBUG] Increasing refcount of char object
[Elysia/DEBUG] Address: 0x1598040c0
[Elysia/DEBUG] Performing: load_local localVar#0 
[Elysia/DEBUG] Performing: load_member index(0) 
[Elysia/DEBUG] Entering function array_char[]_gc_refcount_increase
[Elysia/DEBUG] Performing: load_local localVar#2 
[Elysia/DEBUG] Increasing refcount of unsigned object
[Elysia/DEBUG] Address: 0x1598040a0
[Elysia/DEBUG] Performing: store_element unknown 
[Elysia/DEBUG] Decreasing refcount of unsigned object
[Elysia/DEBUG] Address: 0x1598040a0
[Elysia/DEBUG] Decreasing refcount of char object
[Elysia/DEBUG] Address: 0x1598040c0
[Elysia/DEBUG] Entering function array_char[]_gc_refcount_decrease
[Elysia/DEBUG] Performing: load_local localVar#0 
[Elysia/DEBUG] Performing: load_member index(0) 
[Elysia/DEBUG] Entering function array_char[]_gc_refcount_increase
[Elysia/DEBUG] Performing: load_local localVar#2 
[Elysia/DEBUG] Increasing refcount of unsigned object
[Elysia/DEBUG] Address: 0x1598040a0
[Elysia/DEBUG] Performing: load_element 
[Elysia/DEBUG] Decreasing refcount of unsigned object
[Elysia/DEBUG] Address: 0x1598040a0
[Elysia/DEBUG] Entering function array_char[]_gc_refcount_decrease
[Elysia/DEBUG] Performing: pop 
[Elysia/DEBUG] Popped value: loaded_val107
[Elysia/DEBUG] Performing: load_local localVar#1 
[Elysia/DEBUG] Performing: push_unsigned unsigned(1) 
[Elysia/DEBUG] Performing: add 
[Elysia/DEBUG] Performing: store_local localVar#1 
[Elysia/DEBUG] Performing: load_local localVar#2 
[Elysia/DEBUG] Increasing refcount of unsigned object
[Elysia/DEBUG] Address: 0x1598040a0
[Elysia/DEBUG] Performing: push_unsigned unsigned(1) 
[Elysia/DEBUG] Performing: sub 
[Elysia/DEBUG] Decreasing refcount of unsigned object
[Elysia/DEBUG] Address: 0x1598040a0
[Elysia/DEBUG] Performing: store_local localVar#2 
[Elysia/DEBUG] Decreasing refcount of unsigned object
[Elysia/DEBUG] Address: 0x1598040a0
[Elysia/DEBUG] Performing: jump codeBlock#1 
[Elysia/DEBUG] Performing: load_local localVar#1 
[Elysia/DEBUG] Performing: load_local localVar#2 
[Elysia/DEBUG] Increasing refcount of unsigned object
[Elysia/DEBUG] Address: 0x1598040a0
[Elysia/DEBUG] Performing: less_than 
[Elysia/DEBUG] Decreasing refcount of unsigned object
[Elysia/DEBUG] Address: 0x1598040a0
[Elysia/DEBUG] Performing: jump_if_true codeBlock#2 
[Elysia/DEBUG] Performing: load_local localVar#0 
[Elysia/DEBUG] Performing: load_member index(0) 
[Elysia/DEBUG] Entering function array_char[]_gc_refcount_increase
[Elysia/DEBUG] Performing: load_local localVar#1 
[Elysia/DEBUG] Performing: load_element 
[Elysia/DEBUG] Entering function array_char[]_gc_refcount_decrease
[Elysia/DEBUG] Performing: store_local localVar#3 
[Elysia/DEBUG] Decreasing refcount of char object
[Elysia/DEBUG] Address: 0x1598040c0
[Elysia/DEBUG] Performing: load_local localVar#0 
[Elysia/DEBUG] Performing: load_member index(0) 
[Elysia/DEBUG] Entering function array_char[]_gc_refcount_increase
[Elysia/DEBUG] Performing: load_local localVar#2 
[Elysia/DEBUG] Increasing refcount of unsigned object
[Elysia/DEBUG] Address: 0x1598040a0
[Elysia/DEBUG] Performing: load_element 
[Elysia/DEBUG] Decreasing refcount of unsigned object
[Elysia/DEBUG] Address: 0x1598040a0
[Elysia/DEBUG] Entering function array_char[]_gc_refcount_decrease
[Elysia/DEBUG] Performing: load_local localVar#0 
[Elysia/DEBUG] Performing: load_member index(0) 
[Elysia/DEBUG] Entering function array_char[]_gc_refcount_increase
[Elysia/DEBUG] Performing: load_local localVar#1 
[Elysia/DEBUG] Performing: store_element unknown 
[Elysia/DEBUG] Entering function array_char[]_gc_refcount_decrease
[Elysia/DEBUG] Performing: load_local localVar#0 
[Elysia/DEBUG] Performing: load_member index(0) 
[Elysia/DEBUG] Entering function array_char[]_gc_refcount_increase
[Elysia/DEBUG] Performing: load_local localVar#1 
[Elysia/DEBUG] Performing: load_element 
[Elysia/DEBUG] Entering function array_char[]_gc_refcount_decrease
[Elysia/DEBUG] Performing: pop 
[Elysia/DEBUG] Popped value: loaded_val69
[Elysia/DEBUG] Performing: load_local localVar#3 
[Elysia/DEBUG] Increasing refcount of char object
[Elysia/DEBUG] Address: 0x1598040c0
[Elysia/DEBUG] Performing: load_local localVar#0 
[Elysia/DEBUG] Performing: load_member index(0) 
[Elysia/DEBUG] Entering function array_char[]_gc_refcount_increase
[Elysia/DEBUG] Performing: load_local localVar#2 
[Elysia/DEBUG] Increasing refcount of unsigned object
[Elysia/DEBUG] Address: 0x1598040a0
[Elysia/DEBUG] Performing: store_element unknown 
[Elysia/DEBUG] Decreasing refcount of unsigned object
[Elysia/DEBUG] Address: 0x1598040a0
[Elysia/DEBUG] Decreasing refcount of char object
[Elysia/DEBUG] Address: 0x1598040c0
[Elysia/DEBUG] Entering function array_char[]_gc_refcount_decrease
[Elysia/DEBUG] Performing: load_local localVar#0 
[Elysia/DEBUG] Performing: load_member index(0) 
[Elysia/DEBUG] Entering function array_char[]_gc_refcount_increase
[Elysia/DEBUG] Performing: load_local localVar#2 
[Elysia/DEBUG] Increasing refcount of unsigned object
[Elysia/DEBUG] Address: 0x1598040a0
[Elysia/DEBUG] Performing: load_element 
[Elysia/DEBUG] Decreasing refcount of unsigned object
[Elysia/DEBUG] Address: 0x1598040a0
[Elysia/DEBUG] Entering function array_char[]_gc_refcount_decrease
[Elysia/DEBUG] Performing: pop 
[Elysia/DEBUG] Popped value: loaded_val107
[Elysia/DEBUG] Performing: load_local localVar#1 
[Elysia/DEBUG] Performing: push_unsigned unsigned(1) 
[Elysia/DEBUG] Performing: add 
[Elysia/DEBUG] Performing: store_local localVar#1 
[Elysia/DEBUG] Performing: load_local localVar#2 
[Elysia/DEBUG] Increasing refcount of unsigned object
[Elysia/DEBUG] Address: 0x1598040a0
[Elysia/DEBUG] Performing: push_unsigned unsigned(1) 
[Elysia/DEBUG] Performing: sub 
[Elysia/DEBUG] Decreasing refcount of unsigned object
[Elysia/DEBUG] Address: 0x1598040a0
[Elysia/DEBUG] Performing: store_local localVar#2 
[Elysia/DEBUG] Decreasing refcount of unsigned object
[Elysia/DEBUG] Address: 0x1598040a0
[Elysia/DEBUG] Performing: jump codeBlock#1 
[Elysia/DEBUG] Performing: load_local localVar#1 
[Elysia/DEBUG] Performing: load_local localVar#2 
[Elysia/DEBUG] Increasing refcount of unsigned object
[Elysia/DEBUG] Address: 0x1598040a0
[Elysia/DEBUG] Performing: less_than 
[Elysia/DEBUG] Decreasing refcount of unsigned object
[Elysia/DEBUG] Address: 0x1598040a0
[Elysia/DEBUG] Performing: jump_if_true codeBlock#2 
[Elysia/DEBUG] Performing: jump codeBlock#3 
[Elysia/DEBUG] Performing: ret_none 
[Elysia/DEBUG] Decreasing refcount of unsigned object
[Elysia/DEBUG] Address: 0x1598040a0
[Elysia/DEBUG] Decreasing refcount of char object
[Elysia/DEBUG] Address: 0x1598040c0
[Elysia/DEBUG] Performing: pop 
[Elysia/DEBUG] Popped value: calltmp86
[Elysia/DEBUG] Performing: load_local localVar#2 
[Elysia/DEBUG] Performing: ret 
[Elysia/DEBUG] Decreasing refcount of int object
[Elysia/DEBUG] Address: 0x1598042c0
[Elysia/DEBUG] Decreasing refcount of int object
[Elysia/DEBUG] Address: 0x1598042e0
[Elysia/DEBUG] Decreasing refcount of bool object
[Elysia/DEBUG] Address: 0x1598043b0
[Elysia/DEBUG] Decreasing refcount of char object
[Elysia/DEBUG] Address: 0x1598043d0
[Elysia/DEBUG] Decreasing refcount of int object
[Elysia/DEBUG] Address: 0x1598042c0
[Elysia/DEBUG] Performing: store_local localVar#3 
[Elysia/DEBUG] Performing: load_local localVar#3 
[Elysia/DEBUG] Performing: push_string index(25) string_const#25 
[Elysia/DEBUG] Performing: invoke index(3782547968) index(35) index(2) 
[Elysia/DEBUG] Entering function 1_Str::operator!=#struct#1#0#str
[Elysia/DEBUG] Performing: load_local localVar#0 
[Elysia/DEBUG] Performing: load_member index(1) 
[Elysia/DEBUG] Increasing refcount of unsigned object
[Elysia/DEBUG] Address: 0x159804350
[Elysia/DEBUG] Performing: load_local localVar#1 
[Elysia/DEBUG] Increasing refcount of string object
[Elysia/DEBUG] Address: 0x1598042c0
[Elysia/DEBUG] Performing: invoke_imported index(0) index(3) index(1) 
[Elysia/DEBUG] Entering function strlen
[Elysia/DEBUG] Decreasing refcount of string object
[Elysia/DEBUG] Address: 0x1598042c0
[Elysia/DEBUG] Performing: not_equal 
[Elysia/DEBUG] Decreasing refcount of unsigned object
[Elysia/DEBUG] Address: 0x159804350
[Elysia/DEBUG] Decreasing refcount of unsigned object
[Elysia/DEBUG] Address: 0x1598042e0
[Elysia/DEBUG] Performing: jump_if_true codeBlock#1 
[Elysia/DEBUG] Performing: jump codeBlock#2 
[Elysia/DEBUG] Performing: load_local localVar#0 
[Elysia/DEBUG] Performing: load_member index(0) 
[Elysia/DEBUG] Entering function array_char[]_gc_refcount_increase
[Elysia/DEBUG] Performing: invoke_imported index(0) index(2) index(1) 
[Elysia/DEBUG] Performing: load_local localVar#1 
[Elysia/DEBUG] Increasing refcount of string object
[Elysia/DEBUG] Address: 0x1598042c0
[Elysia/DEBUG] Performing: load_local localVar#0 
[Elysia/DEBUG] Performing: load_member index(1) 
[Elysia/DEBUG] Increasing refcount of unsigned object
[Elysia/DEBUG] Address: 0x159804350
[Elysia/DEBUG] Performing: invoke_imported index(0) index(4) index(3) 
[Elysia/DEBUG] Entering function memcmp
[Elysia/DEBUG] Decreasing refcount of unsigned object
[Elysia/DEBUG] Address: 0x159804350
[Elysia/DEBUG] Decreasing refcount of string object
[Elysia/DEBUG] Address: 0x1598042c0
[Elysia/DEBUG] Decreasing refcount of int object
[Elysia/DEBUG] Address: 0x1598042e0
[Elysia/DEBUG] Performing: push_integer int(0) 
[Elysia/DEBUG] Performing: not_equal 
[Elysia/DEBUG] Decreasing refcount of int object
[Elysia/DEBUG] Address: 0x159804290
[Elysia/DEBUG] Performing: ret 
[Elysia/DEBUG] Decreasing refcount of string object
[Elysia/DEBUG] Address: 0x1598042c0
[Elysia/DEBUG] Performing: jump_if_true codeBlock#18 
[Elysia/DEBUG] Decreasing refcount of bool object
[Elysia/DEBUG] Address: 0x1598042c0
[Elysia/DEBUG] Performing: jump codeBlock#19 
[Elysia/DEBUG] Performing: push_string index(27) string_const#27 
[Elysia/DEBUG] Performing: invoke_imported index(0) index(6) index(1) 
[Elysia/DEBUG] Entering function puts
string valiation passed: to_string()
[Elysia/DEBUG] Decreasing refcount of string object
[Elysia/DEBUG] Address: 0x1598042c0
[Elysia/DEBUG] Performing: pop 
[Elysia/DEBUG] Popped value: calltmp371
[Elysia/DEBUG] Decreasing refcount of int object
[Elysia/DEBUG] Address: 0x1598042e0
[Elysia/DEBUG] Performing: new_struct index(3782547968) index(0) 
[Elysia/DEBUG] Performing: push_string index(28) string_const#28 
[Elysia/DEBUG] Performing: invoke index(3782547968) index(24) index(2) 
[Elysia/DEBUG] Entering function 1_Str::constructor#str
[Elysia/DEBUG] Performing: load_local localVar#1 
[Elysia/DEBUG] Increasing refcount of string object
[Elysia/DEBUG] Address: 0x1598042e0
[Elysia/DEBUG] Performing: invoke_imported index(0) index(3) index(1) 
[Elysia/DEBUG] Entering function strlen
[Elysia/DEBUG] Decreasing refcount of string object
[Elysia/DEBUG] Address: 0x1598042e0
[Elysia/DEBUG] Performing: load_local localVar#0 
[Elysia/DEBUG] Performing: store_member index(1) 
[Elysia/DEBUG] Performing: load_local localVar#0 
[Elysia/DEBUG] Performing: load_member index(1) 
[Elysia/DEBUG] Increasing refcount of unsigned object
[Elysia/DEBUG] Address: 0x159804290
[Elysia/DEBUG] Performing: basic_cast_int 
[Elysia/DEBUG] Decreasing refcount of unsigned object
[Elysia/DEBUG] Address: 0x159804290
[Elysia/DEBUG] Performing: push_integer int(1) 
[Elysia/DEBUG] Performing: add 
[Elysia/DEBUG] Performing: basic_cast_unsigned 
[Elysia/DEBUG] Performing: load_local localVar#0 
[Elysia/DEBUG] Performing: store_member index(2) 
[Elysia/DEBUG] Performing: load_local localVar#0 
[Elysia/DEBUG] Performing: load_member index(2) 
[Elysia/DEBUG] Increasing refcount of unsigned object
[Elysia/DEBUG] Address: 0x1598042b0
[Elysia/DEBUG] Performing: new_dynamic_array_char index(0) 
[Elysia/DEBUG] Decreasing refcount of unsigned object
[Elysia/DEBUG] Address: 0x1598042b0
[Elysia/DEBUG] Performing: load_local localVar#0 
[Elysia/DEBUG] Performing: store_member index(0) 
[Elysia/DEBUG] Entering function array_char[]_gc_refcount_decrease
[Elysia/DEBUG] Performing: load_local localVar#0 
[Elysia/DEBUG] Performing: load_member index(0) 
[Elysia/DEBUG] Entering function array_char[]_gc_refcount_increase
[Elysia/DEBUG] Performing: invoke_imported index(0) index(2) index(1) 
[Elysia/DEBUG] Performing: load_local localVar#1 
[Elysia/DEBUG] Increasing refcount of string object
[Elysia/DEBUG] Address: 0x1598042e0
[Elysia/DEBUG] Performing: load_local localVar#0 
[Elysia/DEBUG] Performing: load_member index(1) 
[Elysia/DEBUG] Increasing refcount of unsigned object
[Elysia/DEBUG] Address: 0x159804290
[Elysia/DEBUG] Performing: invoke_imported index(0) index(5) index(3) 
[Elysia/DEBUG] Entering function memcpy
[Elysia/DEBUG] Decreasing refcount of unsigned object
[Elysia/DEBUG] Address: 0x159804290
[Elysia/DEBUG] Decreasing refcount of string object
[Elysia/DEBUG] Address: 0x1598042e0
[Elysia/DEBUG] Decreasing refcount of int object
[Elysia/DEBUG] Address: 0x1598040d0
[Elysia/DEBUG] Performing: pop 
[Elysia/DEBUG] Popped value: calltmp60
[Elysia/DEBUG] Decreasing refcount of unsigned object
[Elysia/DEBUG] Address: 0x1598040f0
[Elysia/DEBUG] Performing: push_character char(
[Elysia/DEBUG] Performing: load_local localVar#0 
[Elysia/DEBUG] Performing: load_member index(0) 
[Elysia/DEBUG] Entering function array_char[]_gc_refcount_increase
[Elysia/DEBUG] Performing: load_local localVar#0 
[Elysia/DEBUG] Performing: load_member index(1) 
[Elysia/DEBUG] Increasing refcount of unsigned object
[Elysia/DEBUG] Address: 0x159804290
[Elysia/DEBUG] Performing: store_element unknown 
[Elysia/DEBUG] Decreasing refcount of unsigned object
[Elysia/DEBUG] Address: 0x159804290
[Elysia/DEBUG] Entering function array_char[]_gc_refcount_decrease
[Elysia/DEBUG] Performing: load_local localVar#0 
[Elysia/DEBUG] Performing: load_member index(0) 
[Elysia/DEBUG] Entering function array_char[]_gc_refcount_increase
[Elysia/DEBUG] Performing: load_local localVar#0 
[Elysia/DEBUG] Performing: load_member index(1) 
[Elysia/DEBUG] Increasing refcount of unsigned object
[Elysia/DEBUG] Address: 0x159804290
[Elysia/DEBUG] Performing: load_element 
[Elysia/DEBUG] Decreasing refcount of unsigned object
[Elysia/DEBUG] Address: 0x159804290
[Elysia/DEBUG] Entering function array_char[]_gc_refcount_decrease
[Elysia/DEBUG] Performing: pop 
[Elysia/DEBUG] Popped value: loaded_val
[Elysia/DEBUG] Performing: load_local localVar#0 
[Elysia/DEBUG] Performing: ret 
[Elysia/DEBUG] Decreasing refcount of string object
[Elysia/DEBUG] Address: 0x1598042e0
[Elysia/DEBUG] Performing: push_string index(29) string_const#29 
[Elysia/DEBUG] Performing: new_interface index(3782547968) index(0) 
[Elysia/DEBUG] Performing: construct_interface_impl index(3782547968) index(21) 
[Elysia/DEBUG] Performing: push_string index(30) string_const#30 
[Elysia/DEBUG] Performing: new_interface index(3782547968) index(0) 
[Elysia/DEBUG] Performing: construct_interface_impl index(3782547968) index(21) 
[Elysia/DEBUG] Performing: push_integer int(2) 
[Elysia/DEBUG] Performing: new_dynamic_array_interface index(3782547968) index(0) index(2) 
[Elysia/DEBUG] Performing: invoke index(3782547968) index(40) index(2) 
[Elysia/DEBUG] Entering function 1_format#struct#1#0#interfaceObject#1#0[]
[Elysia/DEBUG] Performing: push_string index(37) string_const#2 
[Elysia/DEBUG] Performing: invoke_imported index(0) index(6) index(1) 
[Elysia/DEBUG] Entering function puts
string validation passed: operator+
[Elysia/DEBUG] Decreasing refcount of string object
[Elysia/DEBUG] Address: 0x159804180
[Elysia/DEBUG] Performing: pop 
[Elysia/DEBUG] Popped value: calltmp
[Elysia/DEBUG] Decreasing refcount of int object
[Elysia/DEBUG] Address: 0x1598041a0
[Elysia/DEBUG] Performing: load_local localVar#0 
[Elysia/DEBUG] Performing: new_struct index(3782547968) index(0) 
[Elysia/DEBUG] Performing: push_string index(38) string_const#3 
[Elysia/DEBUG] Performing: invoke index(3782547968) index(24) index(2) 
[Elysia/DEBUG] Entering function 1_Str::constructor#str
[Elysia/DEBUG] Performing: load_local localVar#1 
[Elysia/DEBUG] Increasing refcount of string object
[Elysia/DEBUG] Address: 0x1598041a0
[Elysia/DEBUG] Performing: invoke_imported index(0) index(3) index(1) 
[Elysia/DEBUG] Entering function strlen
[Elysia/DEBUG] Decreasing refcount of string object
[Elysia/DEBUG] Address: 0x1598041a0
[Elysia/DEBUG] Performing: load_local localVar#0 
[Elysia/DEBUG] Performing: store_member index(1) 
[Elysia/DEBUG] Performing: load_local localVar#0 
[Elysia/DEBUG] Performing: load_member index(1) 
[Elysia/DEBUG] Increasing refcount of unsigned object
[Elysia/DEBUG] Address: 0x159804180
[Elysia/DEBUG] Performing: basic_cast_int 
[Elysia/DEBUG] Decreasing refcount of unsigned object
[Elysia/DEBUG] Address: 0x159804180
[Elysia/DEBUG] Performing: push_integer int(1) 
[Elysia/DEBUG] Performing: add 
[Elysia/DEBUG] Performing: basic_cast_unsigned 
[Elysia/DEBUG] Performing: load_local localVar#0 
[Elysia/DEBUG] Performing: store_member index(2) 
[Elysia/DEBUG] Performing: load_local localVar#0 
[Elysia/DEBUG] Performing: load_member index(2) 
[Elysia/DEBUG] Increasing refcount of unsigned object
[Elysia/DEBUG] Address: 0x1598043f0
[Elysia/DEBUG] Performing: new_dynamic_array_char index(0) 
[Elysia/DEBUG] Decreasing refcount of unsigned object
[Elysia/DEBUG] Address: 0x1598043f0
[Elysia/DEBUG] Performing: load_local localVar#0 
[Elysia/DEBUG] Performing: store_member index(0) 
[Elysia/DEBUG] Entering function array_char[]_gc_refcount_decrease
[Elysia/DEBUG] Performing: load_local localVar#0 
[Elysia/DEBUG] Performing: load_member index(0) 
[Elysia/DEBUG] Entering function array_char[]_gc_refcount_increase
[Elysia/DEBUG] Performing: invoke_imported index(0) index(2) index(1) 
[Elysia/DEBUG] Performing: load_local localVar#1 
[Elysia/DEBUG] Increasing refcount of string object
[Elysia/DEBUG] Address: 0x1598041a0
[Elysia/DEBUG] Performing: load_local localVar#0 
[Elysia/DEBUG] Performing: load_member index(1) 
[Elysia/DEBUG] Increasing refcount of unsigned object
[Elysia/DEBUG] Address: 0x159804180
[Elysia/DEBUG] Performing: invoke_imported index(0) index(5) index(3) 
[Elysia/DEBUG] Entering function memcpy
[Elysia/DEBUG] Decreasing refcount of unsigned object
[Elysia/DEBUG] Address: 0x159804180
[Elysia/DEBUG] Decreasing refcount of string object
[Elysia/DEBUG] Address: 0x1598041a0
[Elysia/DEBUG] Decreasing refcount of int object
[Elysia/DEBUG] Address: 0x159804440
[Elysia/DEBUG] Performing: pop 
[Elysia/DEBUG] Popped value: calltmp60
[Elysia/DEBUG] Decreasing refcount of unsigned object
[Elysia/DEBUG] Address: 0x159804460
[Elysia/DEBUG] Performing: push_character char(
[Elysia/DEBUG] Performing: load_local localVar#0 
[Elysia/DEBUG] Performing: load_member index(0) 
[Elysia/DEBUG] Entering function array_char[]_gc_refcount_increase
[Elysia/DEBUG] Performing: load_local localVar#0 
[Elysia/DEBUG] Performing: load_member index(1) 
[Elysia/DEBUG] Increasing refcount of unsigned object
[Elysia/DEBUG] Address: 0x159804180
[Elysia/DEBUG] Performing: store_element unknown 
[Elysia/DEBUG] Decreasing refcount of unsigned object
[Elysia/DEBUG] Address: 0x159804180
[Elysia/DEBUG] Entering function array_char[]_gc_refcount_decrease
[Elysia/DEBUG] Performing: load_local localVar#0 
[Elysia/DEBUG] Performing: load_member index(0) 
[Elysia/DEBUG] Entering function array_char[]_gc_refcount_increase
[Elysia/DEBUG] Performing: load_local localVar#0 
[Elysia/DEBUG] Performing: load_member index(1) 
[Elysia/DEBUG] Increasing refcount of unsigned object
[Elysia/DEBUG] Address: 0x159804180
[Elysia/DEBUG] Performing: load_element 
[Elysia/DEBUG] Decreasing refcount of unsigned object
[Elysia/DEBUG] Address: 0x159804180
[Elysia/DEBUG] Entering function array_char[]_gc_refcount_decrease
[Elysia/DEBUG] Performing: pop 
[Elysia/DEBUG] Popped value: loaded_val
[Elysia/DEBUG] Performing: load_local localVar#0 
[Elysia/DEBUG] Performing: ret 
[Elysia/DEBUG] Decreasing refcount of string object
[Elysia/DEBUG] Address: 0x1598041a0
[Elysia/DEBUG] Performing: invoke index(3782547968) index(19) index(2) 
[Elysia/DEBUG] Entering function 1_Str::find_all#struct#1#0
[Elysia/DEBUG] Performing: push_integer int(0) 
[Elysia/DEBUG] Performing: store_local localVar#2 
[Elysia/DEBUG] Performing: push_integer int(0) 
[Elysia/DEBUG] Performing: store_local localVar#3 
[Elysia/DEBUG] Performing: push_integer int(0) 
[Elysia/DEBUG] Performing: store_local localVar#4 
[Elysia/DEBUG] Performing: jump codeBlock#1 
[Elysia/DEBUG] Performing: load_local localVar#3 
[Elysia/DEBUG] Increasing refcount of int object
[Elysia/DEBUG] Address: 0x1598041a0
[Elysia/DEBUG] Performing: push_integer int(-1) 
[Elysia/DEBUG] Performing: not_equal 
[Elysia/DEBUG] Decreasing refcount of int object
[Elysia/DEBUG] Address: 0x1598041a0
[Elysia/DEBUG] Performing: jump_if_true codeBlock#2 
[Elysia/DEBUG] Performing: load_local localVar#0 
[Elysia/DEBUG] Performing: load_local localVar#1 
[Elysia/DEBUG] Performing: load_local localVar#4 
[Elysia/DEBUG] Increasing refcount of int object
[Elysia/DEBUG] Address: 0x159804440
[Elysia/DEBUG] Performing: invoke index(3782547968) index(12) index(3) 
[Elysia/DEBUG] Entering function 1_Str::find#struct#1#0#int
[Elysia/DEBUG] Performing: load_local localVar#1 
[Elysia/DEBUG] Performing: load_member index(1) 
[Elysia/DEBUG] Increasing refcount of unsigned object
[Elysia/DEBUG] Address: 0x159804180
[Elysia/DEBUG] Performing: load_local localVar#0 
[Elysia/DEBUG] Performing: load_member index(1) 
[Elysia/DEBUG] Increasing refcount of unsigned object
[Elysia/DEBUG] Address: 0x159804290
[Elysia/DEBUG] Performing: greater_than 
[Elysia/DEBUG] Decreasing refcount of unsigned object
[Elysia/DEBUG] Address: 0x159804180
[Elysia/DEBUG] Decreasing refcount of unsigned object
[Elysia/DEBUG] Address: 0x159804290
[Elysia/DEBUG] Performing: jump_if_true codeBlock#1 
[Elysia/DEBUG] Performing: jump codeBlock#2 
[Elysia/DEBUG] Performing: push_integer int(0) 
[Elysia/DEBUG] Performing: load_local localVar#1 
[Elysia/DEBUG] Performing: load_member index(1) 
[Elysia/DEBUG] Increasing refcount of unsigned object
[Elysia/DEBUG] Address: 0x159804180
[Elysia/DEBUG] Performing: new_dynamic_array_int index(1) 
[Elysia/DEBUG] Decreasing refcount of unsigned object
[Elysia/DEBUG] Address: 0x159804180
[Elysia/DEBUG] Performing: store_local localVar#3 
[Elysia/DEBUG] Entering function array_int[]_gc_refcount_decrease
[Elysia/DEBUG] Performing: push_integer int(0) 
[Elysia/DEBUG] Performing: store_local localVar#4 
[Elysia/DEBUG] Performing: push_integer int(1) 
[Elysia/DEBUG] Performing: store_local localVar#5 
[Elysia/DEBUG] Performing: jump codeBlock#3 
[Elysia/DEBUG] Performing: load_local localVar#5 
[Elysia/DEBUG] Increasing refcount of int object
[Elysia/DEBUG] Address: 0x159804460
[Elysia/DEBUG] Performing: load_local localVar#1 
[Elysia/DEBUG] Performing: load_member index(1) 
[Elysia/DEBUG] Increasing refcount of unsigned object
[Elysia/DEBUG] Address: 0x159804180
[Elysia/DEBUG] Performing: basic_cast_int 
[Elysia/DEBUG] Decreasing refcount of unsigned object
[Elysia/DEBUG] Address: 0x159804180
[Elysia/DEBUG] Performing: less_than 
[Elysia/DEBUG] Decreasing refcount of int object
[Elysia/DEBUG] Address: 0x159804460
[Elysia/DEBUG] Performing: jump_if_true codeBlock#4 
[Elysia/DEBUG] Performing: load_local localVar#1 
[Elysia/DEBUG] Performing: load_local localVar#5 
[Elysia/DEBUG] Increasing refcount of int object
[Elysia/DEBUG] Address: 0x159804460
[Elysia/DEBUG] Performing: invoke index(3782547968) index(37) index(2) 
[Elysia/DEBUG] Entering function 1_Str::operator[]#struct#1#0#int
[Elysia/DEBUG] Performing: load_local localVar#1 
[Elysia/DEBUG] Increasing refcount of int object
[Elysia/DEBUG] Address: 0x159804460
[Elysia/DEBUG] Performing: push_integer int(0) 
[Elysia/DEBUG] Performing: less_than 
[Elysia/DEBUG] Decreasing refcount of int object
[Elysia/DEBUG] Address: 0x159804460
[Elysia/DEBUG] Performing: jump_if_true codeBlock#1 
[Elysia/DEBUG] Performing: load_local localVar#1 
[Elysia/DEBUG] Increasing refcount of int object
[Elysia/DEBUG] Address: 0x159804460
[Elysia/DEBUG] Performing: load_local localVar#0 
[Elysia/DEBUG] Performing: load_member index(1) 
[Elysia/DEBUG] Increasing refcount of unsigned object
[Elysia/DEBUG] Address: 0x159804180
[Elysia/DEBUG] Performing: basic_cast_int 
[Elysia/DEBUG] Decreasing refcount of unsigned object
[Elysia/DEBUG] Address: 0x159804180
[Elysia/DEBUG] Performing: greater_equal 
[Elysia/DEBUG] Decreasing refcount of int object
[Elysia/DEBUG] Address: 0x159804460
[Elysia/DEBUG] Performing: jump_if_true codeBlock#1 
[Elysia/DEBUG] Performing: jump codeBlock#2 
[Elysia/DEBUG] Performing: push_boolean bool(false) 
[Elysia/DEBUG] Performing: jump codeBlock#3 
[Elysia/DEBUG] Performing: jump_if_true codeBlock#4 
[Elysia/DEBUG] Performing: jump codeBlock#5 
[Elysia/DEBUG] Performing: load_local localVar#0 
[Elysia/DEBUG] Performing: load_member index(0) 
[Elysia/DEBUG] Entering function array_char[]_gc_refcount_increase
[Elysia/DEBUG] Performing: load_local localVar#1 
[Elysia/DEBUG] Increasing refcount of int object
[Elysia/DEBUG] Address: 0x159804460
[Elysia/DEBUG] Performing: basic_cast_unsigned 
[Elysia/DEBUG] Decreasing refcount of int object
[Elysia/DEBUG] Address: 0x159804460
[Elysia/DEBUG] Performing: load_element 
[Elysia/DEBUG] Entering function array_char[]_gc_refcount_decrease
[Elysia/DEBUG] Performing: ret 
[Elysia/DEBUG] Decreasing refcount of int object
[Elysia/DEBUG] Address: 0x159804460
[Elysia/DEBUG] Performing: load_local localVar#1 
[Elysia/DEBUG] Performing: load_local localVar#4 
[Elysia/DEBUG] Performing: invoke index(3782547968) index(37) index(2) 
[Elysia/DEBUG] Entering function 1_Str::operator[]#struct#1#0#int
[Elysia/DEBUG] Performing: load_local localVar#1 
[Elysia/DEBUG] Increasing refcount of int object
[Elysia/DEBUG] Address: 0x1598044e0
[Elysia/DEBUG] Performing: push_integer int(0) 
[Elysia/DEBUG] Performing: less_than 
[Elysia/DEBUG] Decreasing refcount of int object
[Elysia/DEBUG] Address: 0x1598044e0
[Elysia/DEBUG] Performing: jump_if_true codeBlock#1 
[Elysia/DEBUG] Performing: load_local localVar#1 
[Elysia/DEBUG] Increasing refcount of int object
[Elysia/DEBUG] Address: 0x1598044e0
[Elysia/DEBUG] Performing: load_local localVar#0 
[Elysia/DEBUG] Performing: load_member index(1) 
[Elysia/DEBUG] Increasing refcount of unsigned object
[Elysia/DEBUG] Address: 0x159804180
[Elysia/DEBUG] Performing: basic_cast_int 
[Elysia/DEBUG] Decreasing refcount of unsigned object
[Elysia/DEBUG] Address: 0x159804180
[Elysia/DEBUG] Performing: greater_equal 
[Elysia/DEBUG] Decreasing refcount of int object
[Elysia/DEBUG] Address: 0x1598044e0
[Elysia/DEBUG] Performing: jump_if_true codeBlock#1 
[Elysia/DEBUG] Performing: jump codeBlock#2 
[Elysia/DEBUG] Performing: push_boolean bool(false) 
[Elysia/DEBUG] Performing: jump codeBlock#3 
[Elysia/DEBUG] Performing: jump_if_true codeBlock#4 
[Elysia/DEBUG] Performing: jump codeBlock#5 
[Elysia/DEBUG] Performing: load_local localVar#0 
[Elysia/DEBUG] Performing: load_member index(0) 
[Elysia/DEBUG] Entering function array_char[]_gc_refcount_increase
[Elysia/DEBUG] Performing: load_local localVar#1 
[Elysia/DEBUG] Increasing refcount of int object
[Elysia/DEBUG] Address: 0x1598044e0
[Elysia/DEBUG] Performing: basic_cast_unsigned 
[Elysia/DEBUG] Decreasing refcount of int object
[Elysia/DEBUG] Address: 0x1598044e0
[Elysia/DEBUG] Performing: load_element 
[Elysia/DEBUG] Entering function array_char[]_gc_refcount_decrease
[Elysia/DEBUG] Performing: ret 
[Elysia/DEBUG] Decreasing refcount of int object
[Elysia/DEBUG] Address: 0x1598044e0
[Elysia/DEBUG] Performing: equal 
[Elysia/DEBUG] Decreasing refcount of char object
[Elysia/DEBUG] Address: 0x1598044c0
[Elysia/DEBUG] Decreasing refcount of char object
[Elysia/DEBUG] Address: 0x1598044e0
[Elysia/DEBUG] Performing: jump_if_true codeBlock#6 
[Elysia/DEBUG] Performing: jump codeBlock#8 
[Elysia/DEBUG] Performing: load_local localVar#4 
[Elysia/DEBUG] Performing: push_integer int(0) 
[Elysia/DEBUG] Performing: equal 
[Elysia/DEBUG] Performing: jump_if_true codeBlock#9 
[Elysia/DEBUG] Performing: push_integer int(0) 
[Elysia/DEBUG] Performing: load_local localVar#3 
[Elysia/DEBUG] Entering function array_int[]_gc_refcount_increase
[Elysia/DEBUG] Performing: push_unsigned unsigned(0) 
[Elysia/DEBUG] Performing: load_local localVar#5 
[Elysia/DEBUG] Increasing refcount of int object
[Elysia/DEBUG] Address: 0x159804460
[Elysia/DEBUG] Performing: basic_cast_unsigned 
[Elysia/DEBUG] Decreasing refcount of int object
[Elysia/DEBUG] Address: 0x159804460
[Elysia/DEBUG] Performing: push_unsigned unsigned(1) 
[Elysia/DEBUG] Performing: mul 
[Elysia/DEBUG] Performing: add 
[Elysia/DEBUG] Performing: store_element unknown 
[Elysia/DEBUG] Entering function array_int[]_gc_refcount_decrease
[Elysia/DEBUG] Performing: load_local localVar#3 
[Elysia/DEBUG] Entering function array_int[]_gc_refcount_increase
[Elysia/DEBUG] Performing: push_unsigned unsigned(0) 
[Elysia/DEBUG] Performing: load_local localVar#5 
[Elysia/DEBUG] Increasing refcount of int object
[Elysia/DEBUG] Address: 0x159804460
[Elysia/DEBUG] Performing: basic_cast_unsigned 
[Elysia/DEBUG] Decreasing refcount of int object
[Elysia/DEBUG] Address: 0x159804460
[Elysia/DEBUG] Performing: push_unsigned unsigned(1) 
[Elysia/DEBUG] Performing: mul 
[Elysia/DEBUG] Performing: add 
[Elysia/DEBUG] Performing: load_element 
[Elysia/DEBUG] Entering function array_int[]_gc_refcount_decrease
[Elysia/DEBUG] Performing: pop 
[Elysia/DEBUG] Popped value: loaded_val340
[Elysia/DEBUG] Performing: load_local localVar#5 
[Elysia/DEBUG] Increasing refcount of int object
[Elysia/DEBUG] Address: 0x159804460
[Elysia/DEBUG] Performing: push_integer int(1) 
[Elysia/DEBUG] Performing: add 
[Elysia/DEBUG] Decreasing refcount of int object
[Elysia/DEBUG] Address: 0x159804460
[Elysia/DEBUG] Performing: store_local localVar#5 
[Elysia/DEBUG] Decreasing refcount of int object
[Elysia/DEBUG] Address: 0x159804460
[Elysia/DEBUG] Performing: jump codeBlock#10 
[Elysia/DEBUG] Performing: jump codeBlock#7 
[Elysia/DEBUG] Performing: jump codeBlock#3 
[Elysia/DEBUG] Performing: load_local localVar#5 
[Elysia/DEBUG] Increasing refcount of int object
[Elysia/DEBUG] Address: 0x159804460
[Elysia/DEBUG] Performing: load_local localVar#1 
[Elysia/DEBUG] Performing: load_member index(1) 
[Elysia/DEBUG] Increasing refcount of unsigned object
[Elysia/DEBUG] Address: 0x159804180
[Elysia/DEBUG] Performing: basic_cast_int 
[Elysia/DEBUG] Decreasing refcount of unsigned object
[Elysia/DEBUG] Address: 0x159804180
[Elysia/DEBUG] Performing: less_than 
[Elysia/DEBUG] Decreasing refcount of int object
[Elysia/DEBUG] Address: 0x159804460
[Elysia/DEBUG] Performing: jump_if_true codeBlock#4 
[Elysia/DEBUG] Performing: load_local localVar#1 
[Elysia/DEBUG] Performing: load_local localVar#5 
[Elysia/DEBUG] Increasing refcount of int object
[Elysia/DEBUG] Address: 0x159804460
[Elysia/DEBUG] Performing: invoke index(3782547968) index(37) index(2) 
[Elysia/DEBUG] Entering function 1_Str::operator[]#struct#1#0#int
[Elysia/DEBUG] Performing: load_local localVar#1 
[Elysia/DEBUG] Increasing refcount of int object
[Elysia/DEBUG] Address: 0x159804460
[Elysia/DEBUG] Performing: push_integer int(0) 
[Elysia/DEBUG] Performing: less_than 
[Elysia/DEBUG] Decreasing refcount of int object
[Elysia/DEBUG] Address: 0x159804460
[Elysia/DEBUG] Performing: jump_if_true codeBlock#1 
[Elysia/DEBUG] Performing: load_local localVar#1 
[Elysia/DEBUG] Increasing refcount of int object
[Elysia/DEBUG] Address: 0x159804460
[Elysia/DEBUG] Performing: load_local localVar#0 
[Elysia/DEBUG] Performing: load_member index(1) 
[Elysia/DEBUG] Increasing refcount of unsigned object
[Elysia/DEBUG] Address: 0x159804180
[Elysia/DEBUG] Performing: basic_cast_int 
[Elysia/DEBUG] Decreasing refcount of unsigned object
[Elysia/DEBUG] Address: 0x159804180
[Elysia/DEBUG] Performing: greater_equal 
[Elysia/DEBUG] Decreasing refcount of int object
[Elysia/DEBUG] Address: 0x159804460
[Elysia/DEBUG] Performing: jump_if_true codeBlock#1 
[Elysia/DEBUG] Performing: jump codeBlock#2 
[Elysia/DEBUG] Performing: push_boolean bool(false) 
[Elysia/DEBUG] Performing: jump codeBlock#3 
[Elysia/DEBUG] Performing: jump_if_true codeBlock#4 
[Elysia/DEBUG] Performing: jump codeBlock#5 
[Elysia/DEBUG] Performing: load_local localVar#0 
[Elysia/DEBUG] Performing: load_member index(0) 
[Elysia/DEBUG] Entering function array_char[]_gc_refcount_increase
[Elysia/DEBUG] Performing: load_local localVar#1 
[Elysia/DEBUG] Increasing refcount of int object
[Elysia/DEBUG] Address: 0x159804460
[Elysia/DEBUG] Performing: basic_cast_unsigned 
[Elysia/DEBUG] Decreasing refcount of int object
[Elysia/DEBUG] Address: 0x159804460
[Elysia/DEBUG] Performing: load_element 
[Elysia/DEBUG] Entering function array_char[]_gc_refcount_decrease
[Elysia/DEBUG] Performing: ret 
[Elysia/DEBUG] Decreasing refcount of int object
[Elysia/DEBUG] Address: 0x159804460
[Elysia/DEBUG] Performing: load_local localVar#1 
[Elysia/DEBUG] Performing: load_local localVar#4 
[Elysia/DEBUG] Performing: invoke index(3782547968) index(37) index(2) 
[Elysia/DEBUG] Entering function 1_Str::operator[]#struct#1#0#int
[Elysia/DEBUG] Performing: load_local localVar#1 
[Elysia/DEBUG] Increasing refcount of int object
[Elysia/DEBUG] Address: 0x1598044e0
[Elysia/DEBUG] Performing: push_integer int(0) 
[Elysia/DEBUG] Performing: less_than 
[Elysia/DEBUG] Decreasing refcount of int object
[Elysia/DEBUG] Address: 0x1598044e0
[Elysia/DEBUG] Performing: jump_if_true codeBlock#1 
[Elysia/DEBUG] Performing: load_local localVar#1 
[Elysia/DEBUG] Increasing refcount of int object
[Elysia/DEBUG] Address: 0x1598044e0
[Elysia/DEBUG] Performing: load_local localVar#0 
[Elysia/DEBUG] Performing: load_member index(1) 
[Elysia/DEBUG] Increasing refcount of unsigned object
[Elysia/DEBUG] Address: 0x159804180
[Elysia/DEBUG] Performing: basic_cast_int 
[Elysia/DEBUG] Decreasing refcount of unsigned object
[Elysia/DEBUG] Address: 0x159804180
[Elysia/DEBUG] Performing: greater_equal 
[Elysia/DEBUG] Decreasing refcount of int object
[Elysia/DEBUG] Address: 0x1598044e0
[Elysia/DEBUG] Performing: jump_if_true codeBlock#1 
[Elysia/DEBUG] Performing: jump codeBlock#2 
[Elysia/DEBUG] Performing: push_boolean bool(false) 
[Elysia/DEBUG] Performing: jump codeBlock#3 
[Elysia/DEBUG] Performing: jump_if_true codeBlock#4 
[Elysia/DEBUG] Performing: jump codeBlock#5 
[Elysia/DEBUG] Performing: load_local localVar#0 
[Elysia/DEBUG] Performing: load_member index(0) 
[Elysia/DEBUG] Entering function array_char[]_gc_refcount_increase
[Elysia/DEBUG] Performing: load_local localVar#1 
[Elysia/DEBUG] Increasing refcount of int object
[Elysia/DEBUG] Address: 0x1598044e0
[Elysia/DEBUG] Performing: basic_cast_unsigned 
[Elysia/DEBUG] Decreasing refcount of int object
[Elysia/DEBUG] Address: 0x1598044e0
[Elysia/DEBUG] Performing: load_element 
[Elysia/DEBUG] Entering function array_char[]_gc_refcount_decrease
[Elysia/DEBUG] Performing: ret 
[Elysia/DEBUG] Decreasing refcount of int object
[Elysia/DEBUG] Address: 0x1598044e0
[Elysia/DEBUG] Performing: equal 
[Elysia/DEBUG] Decreasing refcount of char object
[Elysia/DEBUG] Address: 0x1598044c0
[Elysia/DEBUG] Decreasing refcount of char object
[Elysia/DEBUG] Address: 0x1598044e0
[Elysia/DEBUG] Performing: jump_if_true codeBlock#6 
[Elysia/DEBUG] Performing: jump codeBlock#8 
[Elysia/DEBUG] Performing: load_local localVar#4 
[Elysia/DEBUG] Performing: push_integer int(0) 
[Elysia/DEBUG] Performing: equal 
[Elysia/DEBUG] Performing: jump_if_true codeBlock#9 
[Elysia/DEBUG] Performing: push_integer int(0) 
[Elysia/DEBUG] Performing: load_local localVar#3 
[Elysia/DEBUG] Entering function array_int[]_gc_refcount_increase
[Elysia/DEBUG] Performing: push_unsigned unsigned(0) 
[Elysia/DEBUG] Performing: load_local localVar#5 
[Elysia/DEBUG] Increasing refcount of int object
[Elysia/DEBUG] Address: 0x159804460
[Elysia/DEBUG] Performing: basic_cast_unsigned 
[Elysia/DEBUG] Decreasing refcount of int object
[Elysia/DEBUG] Address: 0x159804460
[Elysia/DEBUG] Performing: push_unsigned unsigned(1) 
[Elysia/DEBUG] Performing: mul 
[Elysia/DEBUG] Performing: add 
[Elysia/DEBUG] Performing: store_element unknown 
[Elysia/DEBUG] Entering function array_int[]_gc_refcount_decrease
[Elysia/DEBUG] Performing: load_local localVar#3 
[Elysia/DEBUG] Entering function array_int[]_gc_refcount_increase
[Elysia/DEBUG] Performing: push_unsigned unsigned(0) 
[Elysia/DEBUG] Performing: load_local localVar#5 
[Elysia/DEBUG] Increasing refcount of int object
[Elysia/DEBUG] Address: 0x159804460
[Elysia/DEBUG] Performing: basic_cast_unsigned 
[Elysia/DEBUG] Decreasing refcount of int object
[Elysia/DEBUG] Address: 0x159804460
[Elysia/DEBUG] Performing: push_unsigned unsigned(1) 
[Elysia/DEBUG] Performing: mul 
[Elysia/DEBUG] Performing: add 
[Elysia/DEBUG] Performing: load_element 
[Elysia/DEBUG] Entering function array_int[]_gc_refcount_decrease
[Elysia/DEBUG] Performing: pop 
[Elysia/DEBUG] Popped value: loaded_val340
[Elysia/DEBUG] Performing: load_local localVar#5 
[Elysia/DEBUG] Increasing refcount of int object
[Elysia/DEBUG] Address: 0x159804460
[Elysia/DEBUG] Performing: push_integer int(1) 
[Elysia/DEBUG] Performing: add 
[Elysia/DEBUG] Decreasing refcount of int object
[Elysia/DEBUG] Address: 0x159804460
[Elysia/DEBUG] Performing: store_local localVar#5 
[Elysia/DEBUG] Decreasing refcount of int object
[Elysia/DEBUG] Address: 0x159804460
[Elysia/DEBUG] Performing: jump codeBlock#10 
[Elysia/DEBUG] Performing: jump codeBlock#7 
[Elysia/DEBUG] Performing: jump codeBlock#3 
[Elysia/DEBUG] Performing: load_local localVar#5 
[Elysia/DEBUG] Increasing refcount of int object
[Elysia/DEBUG] Address: 0x159804460
[Elysia/DEBUG] Performing: load_local localVar#1 
[Elysia/DEBUG] Performing: load_member index(1) 
[Elysia/DEBUG] Increasing refcount of unsigned object
[Elysia/DEBUG] Address: 0x159804180
[Elysia/DEBUG] Performing: basic_cast_int 
[Elysia/DEBUG] Decreasing refcount of unsigned object
[Elysia/DEBUG] Address: 0x159804180
[Elysia/DEBUG] Performing: less_than 
[Elysia/DEBUG] Decreasing refcount of int object
[Elysia/DEBUG] Address: 0x159804460
[Elysia/DEBUG] Performing: jump_if_true codeBlock#4 
[Elysia/DEBUG] Performing: load_local localVar#1 
[Elysia/DEBUG] Performing: load_local localVar#5 
[Elysia/DEBUG] Increasing refcount of int object
[Elysia/DEBUG] Address: 0x159804460
[Elysia/DEBUG] Performing: invoke index(3782547968) index(37) index(2) 
[Elysia/DEBUG] Entering function 1_Str::operator[]#struct#1#0#int
[Elysia/DEBUG] Performing: load_local localVar#1 
[Elysia/DEBUG] Increasing refcount of int object
[Elysia/DEBUG] Address: 0x159804460
[Elysia/DEBUG] Performing: push_integer int(0) 
[Elysia/DEBUG] Performing: less_than 
[Elysia/DEBUG] Decreasing refcount of int object
[Elysia/DEBUG] Address: 0x159804460
[Elysia/DEBUG] Performing: jump_if_true codeBlock#1 
[Elysia/DEBUG] Performing: load_local localVar#1 
[Elysia/DEBUG] Increasing refcount of int object
[Elysia/DEBUG] Address: 0x159804460
[Elysia/DEBUG] Performing: load_local localVar#0 
[Elysia/DEBUG] Performing: load_member index(1) 
[Elysia/DEBUG] Increasing refcount of unsigned object
[Elysia/DEBUG] Address: 0x159804180
[Elysia/DEBUG] Performing: basic_cast_int 
[Elysia/DEBUG] Decreasing refcount of unsigned object
[Elysia/DEBUG] Address: 0x159804180
[Elysia/DEBUG] Performing: greater_equal 
[Elysia/DEBUG] Decreasing refcount of int object
[Elysia/DEBUG] Address: 0x159804460
[Elysia/DEBUG] Performing: jump_if_true codeBlock#1 
[Elysia/DEBUG] Performing: jump codeBlock#2 
[Elysia/DEBUG] Performing: push_boolean bool(false) 
[Elysia/DEBUG] Performing: jump codeBlock#3 
[Elysia/DEBUG] Performing: jump_if_true codeBlock#4 
[Elysia/DEBUG] Performing: jump codeBlock#5 
[Elysia/DEBUG] Performing: load_local localVar#0 
[Elysia/DEBUG] Performing: load_member index(0) 
[Elysia/DEBUG] Entering function array_char[]_gc_refcount_increase
[Elysia/DEBUG] Performing: load_local localVar#1 
[Elysia/DEBUG] Increasing refcount of int object
[Elysia/DEBUG] Address: 0x159804460
[Elysia/DEBUG] Performing: basic_cast_unsigned 
[Elysia/DEBUG] Decreasing refcount of int object
[Elysia/DEBUG] Address: 0x159804460
[Elysia/DEBUG] Performing: load_element 
[Elysia/DEBUG] Entering function array_char[]_gc_refcount_decrease
[Elysia/DEBUG] Performing: ret 
[Elysia/DEBUG] Decreasing refcount of int object
[Elysia/DEBUG] Address: 0x159804460
[Elysia/DEBUG] Performing: load_local localVar#1 
[Elysia/DEBUG] Performing: load_local localVar#4 
[Elysia/DEBUG] Performing: invoke index(3782547968) index(37) index(2) 
[Elysia/DEBUG] Entering function 1_Str::operator[]#struct#1#0#int
[Elysia/DEBUG] Performing: load_local localVar#1 
[Elysia/DEBUG] Increasing refcount of int object
[Elysia/DEBUG] Address: 0x1598044e0
[Elysia/DEBUG] Performing: push_integer int(0) 
[Elysia/DEBUG] Performing: less_than 
[Elysia/DEBUG] Decreasing refcount of int object
[Elysia/DEBUG] Address: 0x1598044e0
[Elysia/DEBUG] Performing: jump_if_true codeBlock#1 
[Elysia/DEBUG] Performing: load_local localVar#1 
[Elysia/DEBUG] Increasing refcount of int object
[Elysia/DEBUG] Address: 0x1598044e0
[Elysia/DEBUG] Performing: load_local localVar#0 
[Elysia/DEBUG] Performing: load_member index(1) 
[Elysia/DEBUG] Increasing refcount of unsigned object
[Elysia/DEBUG] Address: 0x159804180
[Elysia/DEBUG] Performing: basic_cast_int 
[Elysia/DEBUG] Decreasing refcount of unsigned object
[Elysia/DEBUG] Address: 0x159804180
[Elysia/DEBUG] Performing: greater_equal 
[Elysia/DEBUG] Decreasing refcount of int object
[Elysia/DEBUG] Address: 0x1598044e0
[Elysia/DEBUG] Performing: jump_if_true codeBlock#1 
[Elysia/DEBUG] Performing: jump codeBlock#2 
[Elysia/DEBUG] Performing: push_boolean bool(false) 
[Elysia/DEBUG] Performing: jump codeBlock#3 
[Elysia/DEBUG] Performing: jump_if_true codeBlock#4 
[Elysia/DEBUG] Performing: jump codeBlock#5 
[Elysia/DEBUG] Performing: load_local localVar#0 
[Elysia/DEBUG] Performing: load_member index(0) 
[Elysia/DEBUG] Entering function array_char[]_gc_refcount_increase
[Elysia/DEBUG] Performing: load_local localVar#1 
[Elysia/DEBUG] Increasing refcount of int object
[Elysia/DEBUG] Address: 0x1598044e0
[Elysia/DEBUG] Performing: basic_cast_unsigned 
[Elysia/DEBUG] Decreasing refcount of int object
[Elysia/DEBUG] Address: 0x1598044e0
[Elysia/DEBUG] Performing: load_element 
[Elysia/DEBUG] Entering function array_char[]_gc_refcount_decrease
[Elysia/DEBUG] Performing: ret 
[Elysia/DEBUG] Decreasing refcount of int object
[Elysia/DEBUG] Address: 0x1598044e0
[Elysia/DEBUG] Performing: equal 
[Elysia/DEBUG] Decreasing refcount of char object
[Elysia/DEBUG] Address: 0x1598044c0
[Elysia/DEBUG] Decreasing refcount of char object
[Elysia/DEBUG] Address: 0x1598044e0
[Elysia/DEBUG] Performing: jump_if_true codeBlock#6 
[Elysia/DEBUG] Performing: jump codeBlock#8 
[Elysia/DEBUG] Performing: load_local localVar#4 
[Elysia/DEBUG] Performing: push_integer int(0) 
[Elysia/DEBUG] Performing: equal 
[Elysia/DEBUG] Performing: jump_if_true codeBlock#9 
[Elysia/DEBUG] Performing: push_integer int(0) 
[Elysia/DEBUG] Performing: load_local localVar#3 
[Elysia/DEBUG] Entering function array_int[]_gc_refcount_increase
[Elysia/DEBUG] Performing: push_unsigned unsigned(0) 
[Elysia/DEBUG] Performing: load_local localVar#5 
[Elysia/DEBUG] Increasing refcount of int object
[Elysia/DEBUG] Address: 0x159804460
[Elysia/DEBUG] Performing: basic_cast_unsigned 
[Elysia/DEBUG] Decreasing refcount of int object
[Elysia/DEBUG] Address: 0x159804460
[Elysia/DEBUG] Performing: push_unsigned unsigned(1) 
[Elysia/DEBUG] Performing: mul 
[Elysia/DEBUG] Performing: add 
[Elysia/DEBUG] Performing: store_element unknown 
[Elysia/DEBUG] Entering function array_int[]_gc_refcount_decrease
[Elysia/DEBUG] Performing: load_local localVar#3 
[Elysia/DEBUG] Entering function array_int[]_gc_refcount_increase
[Elysia/DEBUG] Performing: push_unsigned unsigned(0) 
[Elysia/DEBUG] Performing: load_local localVar#5 
[Elysia/DEBUG] Increasing refcount of int object
[Elysia/DEBUG] Address: 0x159804460
[Elysia/DEBUG] Performing: basic_cast_unsigned 
[Elysia/DEBUG] Decreasing refcount of int object
[Elysia/DEBUG] Address: 0x159804460
[Elysia/DEBUG] Performing: push_unsigned unsigned(1) 
[Elysia/DEBUG] Performing: mul 
[Elysia/DEBUG] Performing: add 
[Elysia/DEBUG] Performing: load_element 
[Elysia/DEBUG] Entering function array_int[]_gc_refcount_decrease
[Elysia/DEBUG] Performing: pop 
[Elysia/DEBUG] Popped value: loaded_val340
[Elysia/DEBUG] Performing: load_local localVar#5 
[Elysia/DEBUG] Increasing refcount of int object
[Elysia/DEBUG] Address: 0x159804460
[Elysia/DEBUG] Performing: push_integer int(1) 
[Elysia/DEBUG] Performing: add 
[Elysia/DEBUG] Decreasing refcount of int object
[Elysia/DEBUG] Address: 0x159804460
[Elysia/DEBUG] Performing: store_local localVar#5 
[Elysia/DEBUG] Decreasing refcount of int object
[Elysia/DEBUG] Address: 0x159804460
[Elysia/DEBUG] Performing: jump codeBlock#10 
[Elysia/DEBUG] Performing: jump codeBlock#7 
[Elysia/DEBUG] Performing: jump codeBlock#3 
[Elysia/DEBUG] Performing: load_local localVar#5 
[Elysia/DEBUG] Increasing refcount of int object
[Elysia/DEBUG] Address: 0x159804460
[Elysia/DEBUG] Performing: load_local localVar#1 
[Elysia/DEBUG] Performing: load_member index(1) 
[Elysia/DEBUG] Increasing refcount of unsigned object
[Elysia/DEBUG] Address: 0x159804180
[Elysia/DEBUG] Performing: basic_cast_int 
[Elysia/DEBUG] Decreasing refcount of unsigned object
[Elysia/DEBUG] Address: 0x159804180
[Elysia/DEBUG] Performing: less_than 
[Elysia/DEBUG] Decreasing refcount of int object
[Elysia/DEBUG] Address: 0x159804460
[Elysia/DEBUG] Performing: jump_if_true codeBlock#4 
[Elysia/DEBUG] Performing: load_local localVar#1 
[Elysia/DEBUG] Performing: load_local localVar#5 
[Elysia/DEBUG] Increasing refcount of int object
[Elysia/DEBUG] Address: 0x159804460
[Elysia/DEBUG] Performing: invoke index(3782547968) index(37) index(2) 
[Elysia/DEBUG] Entering function 1_Str::operator[]#struct#1#0#int
[Elysia/DEBUG] Performing: load_local localVar#1 
[Elysia/DEBUG] Increasing refcount of int object
[Elysia/DEBUG] Address: 0x159804460
[Elysia/DEBUG] Performing: push_integer int(0) 
[Elysia/DEBUG] Performing: less_than 
[Elysia/DEBUG] Decreasing refcount of int object
[Elysia/DEBUG] Address: 0x159804460
[Elysia/DEBUG] Performing: jump_if_true codeBlock#1 
[Elysia/DEBUG] Performing: load_local localVar#1 
[Elysia/DEBUG] Increasing refcount of int object
[Elysia/DEBUG] Address: 0x159804460
[Elysia/DEBUG] Performing: load_local localVar#0 
[Elysia/DEBUG] Performing: load_member index(1) 
[Elysia/DEBUG] Increasing refcount of unsigned object
[Elysia/DEBUG] Address: 0x159804180
[Elysia/DEBUG] Performing: basic_cast_int 
[Elysia/DEBUG] Decreasing refcount of unsigned object
[Elysia/DEBUG] Address: 0x159804180
[Elysia/DEBUG] Performing: greater_equal 
[Elysia/DEBUG] Decreasing refcount of int object
[Elysia/DEBUG] Address: 0x159804460
[Elysia/DEBUG] Performing: jump_if_true codeBlock#1 
[Elysia/DEBUG] Performing: jump codeBlock#2 
[Elysia/DEBUG] Performing: push_boolean bool(false) 
[Elysia/DEBUG] Performing: jump codeBlock#3 
[Elysia/DEBUG] Performing: jump_if_true codeBlock#4 
[Elysia/DEBUG] Performing: jump codeBlock#5 
[Elysia/DEBUG] Performing: load_local localVar#0 
[Elysia/DEBUG] Performing: load_member index(0) 
[Elysia/DEBUG] Entering function array_char[]_gc_refcount_increase
[Elysia/DEBUG] Performing: load_local localVar#1 
[Elysia/DEBUG] Increasing refcount of int object
[Elysia/DEBUG] Address: 0x159804460
[Elysia/DEBUG] Performing: basic_cast_unsigned 
[Elysia/DEBUG] Decreasing refcount of int object
[Elysia/DEBUG] Address: 0x159804460
[Elysia/DEBUG] Performing: load_element 
[Elysia/DEBUG] Entering function array_char[]_gc_refcount_decrease
[Elysia/DEBUG] Performing: ret 
[Elysia/DEBUG] Decreasing refcount of int object
[Elysia/DEBUG] Address: 0x159804460
[Elysia/DEBUG] Performing: load_local localVar#1 
[Elysia/DEBUG] Performing: load_local localVar#4 
[Elysia/DEBUG] Performing: invoke index(3782547968) index(37) index(2) 
[Elysia/DEBUG] Entering function 1_Str::operator[]#struct#1#0#int
[Elysia/DEBUG] Performing: load_local localVar#1 
[Elysia/DEBUG] Increasing refcount of int object
[Elysia/DEBUG] Address: 0x1598044e0
[Elysia/DEBUG] Performing: push_integer int(0) 
[Elysia/DEBUG] Performing: less_than 
[Elysia/DEBUG] Decreasing refcount of int object
[Elysia/DEBUG] Address: 0x1598044e0
[Elysia/DEBUG] Performing: jump_if_true codeBlock#1 
[Elysia/DEBUG] Performing: load_local localVar#1 
[Elysia/DEBUG] Increasing refcount of int object
[Elysia/DEBUG] Address: 0x1598044e0
[Elysia/DEBUG] Performing: load_local localVar#0 
[Elysia/DEBUG] Performing: load_member index(1) 
[Elysia/DEBUG] Increasing refcount of unsigned object
[Elysia/DEBUG] Address: 0x159804180
[Elysia/DEBUG] Performing: basic_cast_int 
[Elysia/DEBUG] Decreasing refcount of unsigned object
[Elysia/DEBUG] Address: 0x159804180
[Elysia/DEBUG] Performing: greater_equal 
[Elysia/DEBUG] Decreasing refcount of int object
[Elysia/DEBUG] Address: 0x1598044e0
[Elysia/DEBUG] Performing: jump_if_true codeBlock#1 
[Elysia/DEBUG] Performing: jump codeBlock#2 
[Elysia/DEBUG] Performing: push_boolean bool(false) 
[Elysia/DEBUG] Performing: jump codeBlock#3 
[Elysia/DEBUG] Performing: jump_if_true codeBlock#4 
[Elysia/DEBUG] Performing: jump codeBlock#5 
[Elysia/DEBUG] Performing: load_local localVar#0 
[Elysia/DEBUG] Performing: load_member index(0) 
[Elysia/DEBUG] Entering function array_char[]_gc_refcount_increase
[Elysia/DEBUG] Performing: load_local localVar#1 
[Elysia/DEBUG] Increasing refcount of int object
[Elysia/DEBUG] Address: 0x1598044e0
[Elysia/DEBUG] Performing: basic_cast_unsigned 
[Elysia/DEBUG] Decreasing refcount of int object
[Elysia/DEBUG] Address: 0x1598044e0
[Elysia/DEBUG] Performing: load_element 
[Elysia/DEBUG] Entering function array_char[]_gc_refcount_decrease
[Elysia/DEBUG] Performing: ret 
[Elysia/DEBUG] Decreasing refcount of int object
[Elysia/DEBUG] Address: 0x1598044e0
[Elysia/DEBUG] Performing: equal 
[Elysia/DEBUG] Decreasing refcount of char object
[Elysia/DEBUG] Address: 0x1598044c0
[Elysia/DEBUG] Decreasing refcount of char object
[Elysia/DEBUG] Address: 0x1598044e0
[Elysia/DEBUG] Performing: jump_if_true codeBlock#6 
[Elysia/DEBUG] Performing: jump codeBlock#8 
[Elysia/DEBUG] Performing: load_local localVar#4 
[Elysia/DEBUG] Performing: push_integer int(0) 
[Elysia/DEBUG] Performing: equal 
[Elysia/DEBUG] Performing: jump_if_true codeBlock#9 
[Elysia/DEBUG] Performing: push_integer int(0) 
[Elysia/DEBUG] Performing: load_local localVar#3 
[Elysia/DEBUG] Entering function array_int[]_gc_refcount_increase
[Elysia/DEBUG] Performing: push_unsigned unsigned(0) 
[Elysia/DEBUG] Performing: load_local localVar#5 
[Elysia/DEBUG] Increasing refcount of int object
[Elysia/DEBUG] Address: 0x159804460
[Elysia/DEBUG] Performing: basic_cast_unsigned 
[Elysia/DEBUG] Decreasing refcount of int object
[Elysia/DEBUG] Address: 0x159804460
[Elysia/DEBUG] Performing: push_unsigned unsigned(1) 
[Elysia/DEBUG] Performing: mul 
[Elysia/DEBUG] Performing: add 
[Elysia/DEBUG] Performing: store_element unknown 
[Elysia/DEBUG] Entering function array_int[]_gc_refcount_decrease
[Elysia/DEBUG] Performing: load_local localVar#3 
[Elysia/DEBUG] Entering function array_int[]_gc_refcount_increase
[Elysia/DEBUG] Performing: push_unsigned unsigned(0) 
[Elysia/DEBUG] Performing: load_local localVar#5 
[Elysia/DEBUG] Increasing refcount of int object
[Elysia/DEBUG] Address: 0x159804460
[Elysia/DEBUG] Performing: basic_cast_unsigned 
[Elysia/DEBUG] Decreasing refcount of int object
[Elysia/DEBUG] Address: 0x159804460
[Elysia/DEBUG] Performing: push_unsigned unsigned(1) 
[Elysia/DEBUG] Performing: mul 
[Elysia/DEBUG] Performing: add 
[Elysia/DEBUG] Performing: load_element 
[Elysia/DEBUG] Entering function array_int[]_gc_refcount_decrease
[Elysia/DEBUG] Performing: pop 
[Elysia/DEBUG] Popped value: loaded_val340
[Elysia/DEBUG] Performing: load_local localVar#5 
[Elysia/DEBUG] Increasing refcount of int object
[Elysia/DEBUG] Address: 0x159804460
[Elysia/DEBUG] Performing: push_integer int(1) 
[Elysia/DEBUG] Performing: add 
[Elysia/DEBUG] Decreasing refcount of int object
[Elysia/DEBUG] Address: 0x159804460
[Elysia/DEBUG] Performing: store_local localVar#5 
[Elysia/DEBUG] Decreasing refcount of int object
[Elysia/DEBUG] Address: 0x159804460
[Elysia/DEBUG] Performing: jump codeBlock#10 
[Elysia/DEBUG] Performing: jump codeBlock#7 
[Elysia/DEBUG] Performing: jump codeBlock#3 
[Elysia/DEBUG] Performing: load_local localVar#5 
[Elysia/DEBUG] Increasing refcount of int object
[Elysia/DEBUG] Address: 0x159804460
[Elysia/DEBUG] Performing: load_local localVar#1 
[Elysia/DEBUG] Performing: load_member index(1) 
[Elysia/DEBUG] Increasing refcount of unsigned object
[Elysia/DEBUG] Address: 0x159804180
[Elysia/DEBUG] Performing: basic_cast_int 
[Elysia/DEBUG] Decreasing refcount of unsigned object
[Elysia/DEBUG] Address: 0x159804180
[Elysia/DEBUG] Performing: less_than 
[Elysia/DEBUG] Decreasing refcount of int object
[Elysia/DEBUG] Address: 0x159804460
[Elysia/DEBUG] Performing: jump_if_true codeBlock#4 
[Elysia/DEBUG] Performing: jump codeBlock#5 
[Elysia/DEBUG] Performing: load_local localVar#2 
[Elysia/DEBUG] Increasing refcount of int object
[Elysia/DEBUG] Address: 0x159804440
[Elysia/DEBUG] Performing: store_local localVar#5 
[Elysia/DEBUG] Decreasing refcount of int object
[Elysia/DEBUG] Address: 0x159804460
[Elysia/DEBUG] Performing: push_integer int(0) 
[Elysia/DEBUG] Performing: store_local localVar#6 
[Elysia/DEBUG] Performing: jump codeBlock#12 
[Elysia/DEBUG] Performing: load_local localVar#5 
[Elysia/DEBUG] Increasing refcount of int object
[Elysia/DEBUG] Address: 0x159804440
[Elysia/DEBUG] Performing: load_local localVar#0 
[Elysia/DEBUG] Performing: load_member index(1) 
[Elysia/DEBUG] Increasing refcount of unsigned object
[Elysia/DEBUG] Address: 0x159804290
[Elysia/DEBUG] Performing: basic_cast_int 
[Elysia/DEBUG] Decreasing refcount of unsigned object
[Elysia/DEBUG] Address: 0x159804290
[Elysia/DEBUG] Performing: less_than 
[Elysia/DEBUG] Decreasing refcount of int object
[Elysia/DEBUG] Address: 0x159804440
[Elysia/DEBUG] Performing: jump_if_true codeBlock#13 
[Elysia/DEBUG] Performing: load_local localVar#0 
[Elysia/DEBUG] Performing: load_local localVar#5 
[Elysia/DEBUG] Increasing refcount of int object
[Elysia/DEBUG] Address: 0x159804440
[Elysia/DEBUG] Performing: invoke index(3782547968) index(37) index(2) 
[Elysia/DEBUG] Entering function 1_Str::operator[]#struct#1#0#int
[Elysia/DEBUG] Performing: load_local localVar#1 
[Elysia/DEBUG] Increasing refcount of int object
[Elysia/DEBUG] Address: 0x159804440
[Elysia/DEBUG] Performing: push_integer int(0) 
[Elysia/DEBUG] Performing: less_than 
[Elysia/DEBUG] Decreasing refcount of int object
[Elysia/DEBUG] Address: 0x159804440
[Elysia/DEBUG] Performing: jump_if_true codeBlock#1 
[Elysia/DEBUG] Performing: load_local localVar#1 
[Elysia/DEBUG] Increasing refcount of int object
[Elysia/DEBUG] Address: 0x159804440
[Elysia/DEBUG] Performing: load_local localVar#0 
[Elysia/DEBUG] Performing: load_member index(1) 
[Elysia/DEBUG] Increasing refcount of unsigned object
[Elysia/DEBUG] Address: 0x159804290
[Elysia/DEBUG] Performing: basic_cast_int 
[Elysia/DEBUG] Decreasing refcount of unsigned object
[Elysia/DEBUG] Address: 0x159804290
[Elysia/DEBUG] Performing: greater_equal 
[Elysia/DEBUG] Decreasing refcount of int object
[Elysia/DEBUG] Address: 0x159804440
[Elysia/DEBUG] Performing: jump_if_true codeBlock#1 
[Elysia/DEBUG] Performing: jump codeBlock#2 
[Elysia/DEBUG] Performing: push_boolean bool(false) 
[Elysia/DEBUG] Performing: jump codeBlock#3 
[Elysia/DEBUG] Performing: jump_if_true codeBlock#4 
[Elysia/DEBUG] Performing: jump codeBlock#5 
[Elysia/DEBUG] Performing: load_local localVar#0 
[Elysia/DEBUG] Performing: load_member index(0) 
[Elysia/DEBUG] Entering function array_char[]_gc_refcount_increase
[Elysia/DEBUG] Performing: load_local localVar#1 
[Elysia/DEBUG] Increasing refcount of int object
[Elysia/DEBUG] Address: 0x159804440
[Elysia/DEBUG] Performing: basic_cast_unsigned 
[Elysia/DEBUG] Decreasing refcount of int object
[Elysia/DEBUG] Address: 0x159804440
[Elysia/DEBUG] Performing: load_element 
[Elysia/DEBUG] Entering function array_char[]_gc_refcount_decrease
[Elysia/DEBUG] Performing: ret 
[Elysia/DEBUG] Decreasing refcount of int object
[Elysia/DEBUG] Address: 0x159804440
[Elysia/DEBUG] Performing: load_local localVar#1 
[Elysia/DEBUG] Performing: load_local localVar#6 
[Elysia/DEBUG] Performing: invoke index(3782547968) index(37) index(2) 
[Elysia/DEBUG] Entering function 1_Str::operator[]#struct#1#0#int
[Elysia/DEBUG] Performing: load_local localVar#1 
[Elysia/DEBUG] Increasing refcount of int object
[Elysia/DEBUG] Address: 0x1598044c0
[Elysia/DEBUG] Performing: push_integer int(0) 
[Elysia/DEBUG] Performing: less_than 
[Elysia/DEBUG] Decreasing refcount of int object
[Elysia/DEBUG] Address: 0x1598044c0
[Elysia/DEBUG] Performing: jump_if_true codeBlock#1 
[Elysia/DEBUG] Performing: load_local localVar#1 
[Elysia/DEBUG] Increasing refcount of int object
[Elysia/DEBUG] Address: 0x1598044c0
[Elysia/DEBUG] Performing: load_local localVar#0 
[Elysia/DEBUG] Performing: load_member index(1) 
[Elysia/DEBUG] Increasing refcount of unsigned object
[Elysia/DEBUG] Address: 0x159804180
[Elysia/DEBUG] Performing: basic_cast_int 
[Elysia/DEBUG] Decreasing refcount of unsigned object
[Elysia/DEBUG] Address: 0x159804180
[Elysia/DEBUG] Performing: greater_equal 
[Elysia/DEBUG] Decreasing refcount of int object
[Elysia/DEBUG] Address: 0x1598044c0
[Elysia/DEBUG] Performing: jump_if_true codeBlock#1 
[Elysia/DEBUG] Performing: jump codeBlock#2 
[Elysia/DEBUG] Performing: push_boolean bool(false) 
[Elysia/DEBUG] Performing: jump codeBlock#3 
[Elysia/DEBUG] Performing: jump_if_true codeBlock#4 
[Elysia/DEBUG] Performing: jump codeBlock#5 
[Elysia/DEBUG] Performing: load_local localVar#0 
[Elysia/DEBUG] Performing: load_member index(0) 
[Elysia/DEBUG] Entering function array_char[]_gc_refcount_increase
[Elysia/DEBUG] Performing: load_local localVar#1 
[Elysia/DEBUG] Increasing refcount of int object
[Elysia/DEBUG] Address: 0x1598044c0
[Elysia/DEBUG] Performing: basic_cast_unsigned 
[Elysia/DEBUG] Decreasing refcount of int object
[Elysia/DEBUG] Address: 0x1598044c0
[Elysia/DEBUG] Performing: load_element 
[Elysia/DEBUG] Entering function array_char[]_gc_refcount_decrease
[Elysia/DEBUG] Performing: ret 
[Elysia/DEBUG] Decreasing refcount of int object
[Elysia/DEBUG] Address: 0x1598044c0
[Elysia/DEBUG] Performing: equal 
[Elysia/DEBUG] Decreasing refcount of char object
[Elysia/DEBUG] Address: 0x159804460
[Elysia/DEBUG] Decreasing refcount of char object
[Elysia/DEBUG] Address: 0x1598044c0
[Elysia/DEBUG] Performing: jump_if_true codeBlock#15 
[Elysia/DEBUG] Performing: load_local localVar#6 
[Elysia/DEBUG] Performing: push_integer int(0) 
[Elysia/DEBUG] Performing: greater_than 
[Elysia/DEBUG] Performing: jump_if_true codeBlock#17 
[Elysia/DEBUG] Performing: jump codeBlock#18 
[Elysia/DEBUG] Performing: load_local localVar#5 
[Elysia/DEBUG] Increasing refcount of int object
[Elysia/DEBUG] Address: 0x159804440
[Elysia/DEBUG] Performing: push_integer int(1) 
[Elysia/DEBUG] Performing: add 
[Elysia/DEBUG] Decreasing refcount of int object
[Elysia/DEBUG] Address: 0x159804440
[Elysia/DEBUG] Performing: store_local localVar#5 
[Elysia/DEBUG] Decreasing refcount of int object
[Elysia/DEBUG] Address: 0x159804440
[Elysia/DEBUG] Performing: jump codeBlock#16 
[Elysia/DEBUG] Performing: load_local localVar#6 
[Elysia/DEBUG] Performing: load_local localVar#1 
[Elysia/DEBUG] Performing: load_member index(1) 
[Elysia/DEBUG] Increasing refcount of unsigned object
[Elysia/DEBUG] Address: 0x159804180
[Elysia/DEBUG] Performing: basic_cast_int 
[Elysia/DEBUG] Decreasing refcount of unsigned object
[Elysia/DEBUG] Address: 0x159804180
[Elysia/DEBUG] Performing: equal 
[Elysia/DEBUG] Performing: jump_if_true codeBlock#19 
[Elysia/DEBUG] Performing: jump codeBlock#20 
[Elysia/DEBUG] Performing: jump codeBlock#12 
[Elysia/DEBUG] Performing: load_local localVar#5 
[Elysia/DEBUG] Increasing refcount of int object
[Elysia/DEBUG] Address: 0x1598044c0
[Elysia/DEBUG] Performing: load_local localVar#0 
[Elysia/DEBUG] Performing: load_member index(1) 
[Elysia/DEBUG] Increasing refcount of unsigned object
[Elysia/DEBUG] Address: 0x159804290
[Elysia/DEBUG] Performing: basic_cast_int 
[Elysia/DEBUG] Decreasing refcount of unsigned object
[Elysia/DEBUG] Address: 0x159804290
[Elysia/DEBUG] Performing: less_than 
[Elysia/DEBUG] Decreasing refcount of int object
[Elysia/DEBUG] Address: 0x1598044c0
[Elysia/DEBUG] Performing: jump_if_true codeBlock#13 
[Elysia/DEBUG] Performing: load_local localVar#0 
[Elysia/DEBUG] Performing: load_local localVar#5 
[Elysia/DEBUG] Increasing refcount of int object
[Elysia/DEBUG] Address: 0x1598044c0
[Elysia/DEBUG] Performing: invoke index(3782547968) index(37) index(2) 
[Elysia/DEBUG] Entering function 1_Str::operator[]#struct#1#0#int
[Elysia/DEBUG] Performing: load_local localVar#1 
[Elysia/DEBUG] Increasing refcount of int object
[Elysia/DEBUG] Address: 0x1598044c0
[Elysia/DEBUG] Performing: push_integer int(0) 
[Elysia/DEBUG] Performing: less_than 
[Elysia/DEBUG] Decreasing refcount of int object
[Elysia/DEBUG] Address: 0x1598044c0
[Elysia/DEBUG] Performing: jump_if_true codeBlock#1 
[Elysia/DEBUG] Performing: load_local localVar#1 
[Elysia/DEBUG] Increasing refcount of int object
[Elysia/DEBUG] Address: 0x1598044c0
[Elysia/DEBUG] Performing: load_local localVar#0 
[Elysia/DEBUG] Performing: load_member index(1) 
[Elysia/DEBUG] Increasing refcount of unsigned object
[Elysia/DEBUG] Address: 0x159804290
[Elysia/DEBUG] Performing: basic_cast_int 
[Elysia/DEBUG] Decreasing refcount of unsigned object
[Elysia/DEBUG] Address: 0x159804290
[Elysia/DEBUG] Performing: greater_equal 
[Elysia/DEBUG] Decreasing refcount of int object
[Elysia/DEBUG] Address: 0x1598044c0
[Elysia/DEBUG] Performing: jump_if_true codeBlock#1 
[Elysia/DEBUG] Performing: jump codeBlock#2 
[Elysia/DEBUG] Performing: push_boolean bool(false) 
[Elysia/DEBUG] Performing: jump codeBlock#3 
[Elysia/DEBUG] Performing: jump_if_true codeBlock#4 
[Elysia/DEBUG] Performing: jump codeBlock#5 
[Elysia/DEBUG] Performing: load_local localVar#0 
[Elysia/DEBUG] Performing: load_member index(0) 
[Elysia/DEBUG] Entering function array_char[]_gc_refcount_increase
[Elysia/DEBUG] Performing: load_local localVar#1 
[Elysia/DEBUG] Increasing refcount of int object
[Elysia/DEBUG] Address: 0x1598044c0
[Elysia/DEBUG] Performing: basic_cast_unsigned 
[Elysia/DEBUG] Decreasing refcount of int object
[Elysia/DEBUG] Address: 0x1598044c0
[Elysia/DEBUG] Performing: load_element 
[Elysia/DEBUG] Entering function array_char[]_gc_refcount_decrease
[Elysia/DEBUG] Performing: ret 
[Elysia/DEBUG] Decreasing refcount of int object
[Elysia/DEBUG] Address: 0x1598044c0
[Elysia/DEBUG] Performing: load_local localVar#1 
[Elysia/DEBUG] Performing: load_local localVar#6 
[Elysia/DEBUG] Performing: invoke index(3782547968) index(37) index(2) 
[Elysia/DEBUG] Entering function 1_Str::operator[]#struct#1#0#int
[Elysia/DEBUG] Performing: load_local localVar#1 
[Elysia/DEBUG] Increasing refcount of int object
[Elysia/DEBUG] Address: 0x1598044e0
[Elysia/DEBUG] Performing: push_integer int(0) 
[Elysia/DEBUG] Performing: less_than 
[Elysia/DEBUG] Decreasing refcount of int object
[Elysia/DEBUG] Address: 0x1598044e0
[Elysia/DEBUG] Performing: jump_if_true codeBlock#1 
[Elysia/DEBUG] Performing: load_local localVar#1 
[Elysia/DEBUG] Increasing refcount of int object
[Elysia/DEBUG] Address: 0x1598044e0
[Elysia/DEBUG] Performing: load_local localVar#0 
[Elysia/DEBUG] Performing: load_member index(1) 
[Elysia/DEBUG] Increasing refcount of unsigned object
[Elysia/DEBUG] Address: 0x159804180
[Elysia/DEBUG] Performing: basic_cast_int 
[Elysia/DEBUG] Decreasing refcount of unsigned object
[Elysia/DEBUG] Address: 0x159804180
[Elysia/DEBUG] Performing: greater_equal 
[Elysia/DEBUG] Decreasing refcount of int object
[Elysia/DEBUG] Address: 0x1598044e0
[Elysia/DEBUG] Performing: jump_if_true codeBlock#1 
[Elysia/DEBUG] Performing: jump codeBlock#2 
[Elysia/DEBUG] Performing: push_boolean bool(false) 
[Elysia/DEBUG] Performing: jump codeBlock#3 
[Elysia/DEBUG] Performing: jump_if_true codeBlock#4 
[Elysia/DEBUG] Performing: jump codeBlock#5 
[Elysia/DEBUG] Performing: load_local localVar#0 
[Elysia/DEBUG] Performing: load_member index(0) 
[Elysia/DEBUG] Entering function array_char[]_gc_refcount_increase
[Elysia/DEBUG] Performing: load_local localVar#1 
[Elysia/DEBUG] Increasing refcount of int object
[Elysia/DEBUG] Address: 0x1598044e0
[Elysia/DEBUG] Performing: basic_cast_unsigned 
[Elysia/DEBUG] Decreasing refcount of int object
[Elysia/DEBUG] Address: 0x1598044e0
[Elysia/DEBUG] Performing: load_element 
[Elysia/DEBUG] Entering function array_char[]_gc_refcount_decrease
[Elysia/DEBUG] Performing: ret 
[Elysia/DEBUG] Decreasing refcount of int object
[Elysia/DEBUG] Address: 0x1598044e0
[Elysia/DEBUG] Performing: equal 
[Elysia/DEBUG] Decreasing refcount of char object
[Elysia/DEBUG] Address: 0x159804460
[Elysia/DEBUG] Decreasing refcount of char object
[Elysia/DEBUG] Address: 0x1598044e0
[Elysia/DEBUG] Performing: jump_if_true codeBlock#15 
[Elysia/DEBUG] Performing: load_local localVar#6 
[Elysia/DEBUG] Performing: push_integer int(0) 
[Elysia/DEBUG] Performing: greater_than 
[Elysia/DEBUG] Performing: jump_if_true codeBlock#17 
[Elysia/DEBUG] Performing: jump codeBlock#18 
[Elysia/DEBUG] Performing: load_local localVar#5 
[Elysia/DEBUG] Increasing refcount of int object
[Elysia/DEBUG] Address: 0x1598044c0
[Elysia/DEBUG] Performing: push_integer int(1) 
[Elysia/DEBUG] Performing: add 
[Elysia/DEBUG] Decreasing refcount of int object
[Elysia/DEBUG] Address: 0x1598044c0
[Elysia/DEBUG] Performing: store_local localVar#5 
[Elysia/DEBUG] Decreasing refcount of int object
[Elysia/DEBUG] Address: 0x1598044c0
[Elysia/DEBUG] Performing: jump codeBlock#16 
[Elysia/DEBUG] Performing: load_local localVar#6 
[Elysia/DEBUG] Performing: load_local localVar#1 
[Elysia/DEBUG] Performing: load_member index(1) 
[Elysia/DEBUG] Increasing refcount of unsigned object
[Elysia/DEBUG] Address: 0x159804180
[Elysia/DEBUG] Performing: basic_cast_int 
[Elysia/DEBUG] Decreasing refcount of unsigned object
[Elysia/DEBUG] Address: 0x159804180
[Elysia/DEBUG] Performing: equal 
[Elysia/DEBUG] Performing: jump_if_true codeBlock#19 
[Elysia/DEBUG] Performing: jump codeBlock#20 
[Elysia/DEBUG] Performing: jump codeBlock#12 
[Elysia/DEBUG] Performing: load_local localVar#5 
[Elysia/DEBUG] Increasing refcount of int object
[Elysia/DEBUG] Address: 0x1598044c0
[Elysia/DEBUG] Performing: load_local localVar#0 
[Elysia/DEBUG] Performing: load_member index(1) 
[Elysia/DEBUG] Increasing refcount of unsigned object
[Elysia/DEBUG] Address: 0x159804290
[Elysia/DEBUG] Performing: basic_cast_int 
[Elysia/DEBUG] Decreasing refcount of unsigned object
[Elysia/DEBUG] Address: 0x159804290
[Elysia/DEBUG] Performing: less_than 
[Elysia/DEBUG] Decreasing refcount of int object
[Elysia/DEBUG] Address: 0x1598044c0
[Elysia/DEBUG] Performing: jump_if_true codeBlock#13 
[Elysia/DEBUG] Performing: load_local localVar#0 
[Elysia/DEBUG] Performing: load_local localVar#5 
[Elysia/DEBUG] Increasing refcount of int object
[Elysia/DEBUG] Address: 0x1598044c0
[Elysia/DEBUG] Performing: invoke index(3782547968) index(37) index(2) 
[Elysia/DEBUG] Entering function 1_Str::operator[]#struct#1#0#int
[Elysia/DEBUG] Performing: load_local localVar#1 
[Elysia/DEBUG] Increasing refcount of int object
[Elysia/DEBUG] Address: 0x1598044c0
[Elysia/DEBUG] Performing: push_integer int(0) 
[Elysia/DEBUG] Performing: less_than 
[Elysia/DEBUG] Decreasing refcount of int object
[Elysia/DEBUG] Address: 0x1598044c0
[Elysia/DEBUG] Performing: jump_if_true codeBlock#1 
[Elysia/DEBUG] Performing: load_local localVar#1 
[Elysia/DEBUG] Increasing refcount of int object
[Elysia/DEBUG] Address: 0x1598044c0
[Elysia/DEBUG] Performing: load_local localVar#0 
[Elysia/DEBUG] Performing: load_member index(1) 
[Elysia/DEBUG] Increasing refcount of unsigned object
[Elysia/DEBUG] Address: 0x159804290
[Elysia/DEBUG] Performing: basic_cast_int 
[Elysia/DEBUG] Decreasing refcount of unsigned object
[Elysia/DEBUG] Address: 0x159804290
[Elysia/DEBUG] Performing: greater_equal 
[Elysia/DEBUG] Decreasing refcount of int object
[Elysia/DEBUG] Address: 0x1598044c0
[Elysia/DEBUG] Performing: jump_if_true codeBlock#1 
[Elysia/DEBUG] Performing: jump codeBlock#2 
[Elysia/DEBUG] Performing: push_boolean bool(false) 
[Elysia/DEBUG] Performing: jump codeBlock#3 
[Elysia/DEBUG] Performing: jump_if_true codeBlock#4 
[Elysia/DEBUG] Performing: jump codeBlock#5 
[Elysia/DEBUG] Performing: load_local localVar#0 
[Elysia/DEBUG] Performing: load_member index(0) 
[Elysia/DEBUG] Entering function array_char[]_gc_refcount_increase
[Elysia/DEBUG] Performing: load_local localVar#1 
[Elysia/DEBUG] Increasing refcount of int object
[Elysia/DEBUG] Address: 0x1598044c0
[Elysia/DEBUG] Performing: basic_cast_unsigned 
[Elysia/DEBUG] Decreasing refcount of int object
[Elysia/DEBUG] Address: 0x1598044c0
[Elysia/DEBUG] Performing: load_element 
[Elysia/DEBUG] Entering function array_char[]_gc_refcount_decrease
[Elysia/DEBUG] Performing: ret 
[Elysia/DEBUG] Decreasing refcount of int object
[Elysia/DEBUG] Address: 0x1598044c0
[Elysia/DEBUG] Performing: load_local localVar#1 
[Elysia/DEBUG] Performing: load_local localVar#6 
[Elysia/DEBUG] Performing: invoke index(3782547968) index(37) index(2) 
[Elysia/DEBUG] Entering function 1_Str::operator[]#struct#1#0#int
[Elysia/DEBUG] Performing: load_local localVar#1 
[Elysia/DEBUG] Increasing refcount of int object
[Elysia/DEBUG] Address: 0x159804460
[Elysia/DEBUG] Performing: push_integer int(0) 
[Elysia/DEBUG] Performing: less_than 
[Elysia/DEBUG] Decreasing refcount of int object
[Elysia/DEBUG] Address: 0x159804460
[Elysia/DEBUG] Performing: jump_if_true codeBlock#1 
[Elysia/DEBUG] Performing: load_local localVar#1 
[Elysia/DEBUG] Increasing refcount of int object
[Elysia/DEBUG] Address: 0x159804460
[Elysia/DEBUG] Performing: load_local localVar#0 
[Elysia/DEBUG] Performing: load_member index(1) 
[Elysia/DEBUG] Increasing refcount of unsigned object
[Elysia/DEBUG] Address: 0x159804180
[Elysia/DEBUG] Performing: basic_cast_int 
[Elysia/DEBUG] Decreasing refcount of unsigned object
[Elysia/DEBUG] Address: 0x159804180
[Elysia/DEBUG] Performing: greater_equal 
[Elysia/DEBUG] Decreasing refcount of int object
[Elysia/DEBUG] Address: 0x159804460
[Elysia/DEBUG] Performing: jump_if_true codeBlock#1 
[Elysia/DEBUG] Performing: jump codeBlock#2 
[Elysia/DEBUG] Performing: push_boolean bool(false) 
[Elysia/DEBUG] Performing: jump codeBlock#3 
[Elysia/DEBUG] Performing: jump_if_true codeBlock#4 
[Elysia/DEBUG] Performing: jump codeBlock#5 
[Elysia/DEBUG] Performing: load_local localVar#0 
[Elysia/DEBUG] Performing: load_member index(0) 
[Elysia/DEBUG] Entering function array_char[]_gc_refcount_increase
[Elysia/DEBUG] Performing: load_local localVar#1 
[Elysia/DEBUG] Increasing refcount of int object
[Elysia/DEBUG] Address: 0x159804460
[Elysia/DEBUG] Performing: basic_cast_unsigned 
[Elysia/DEBUG] Decreasing refcount of int object
[Elysia/DEBUG] Address: 0x159804460
[Elysia/DEBUG] Performing: load_element 
[Elysia/DEBUG] Entering function array_char[]_gc_refcount_decrease
[Elysia/DEBUG] Performing: ret 
[Elysia/DEBUG] Decreasing refcount of int object
[Elysia/DEBUG] Address: 0x159804460
[Elysia/DEBUG] Performing: equal 
[Elysia/DEBUG] Decreasing refcount of char object
[Elysia/DEBUG] Address: 0x1598044e0
[Elysia/DEBUG] Decreasing refcount of char object
[Elysia/DEBUG] Address: 0x159804460
[Elysia/DEBUG] Performing: jump_if_true codeBlock#15 
[Elysia/DEBUG] Performing: load_local localVar#6 
[Elysia/DEBUG] Performing: push_integer int(0) 
[Elysia/DEBUG] Performing: greater_than 
[Elysia/DEBUG] Performing: jump_if_true codeBlock#17 
[Elysia/DEBUG] Performing: jump codeBlock#18 
[Elysia/DEBUG] Performing: load_local localVar#5 
[Elysia/DEBUG] Increasing refcount of int object
[Elysia/DEBUG] Address: 0x1598044c0
[Elysia/DEBUG] Performing: push_integer int(1) 
[Elysia/DEBUG] Performing: add 
[Elysia/DEBUG] Decreasing refcount of int object
[Elysia/DEBUG] Address: 0x1598044c0
[Elysia/DEBUG] Performing: store_local localVar#5 
[Elysia/DEBUG] Decreasing refcount of int object
[Elysia/DEBUG] Address: 0x1598044c0
[Elysia/DEBUG] Performing: jump codeBlock#16 
[Elysia/DEBUG] Performing: load_local localVar#6 
[Elysia/DEBUG] Performing: load_local localVar#1 
[Elysia/DEBUG] Performing: load_member index(1) 
[Elysia/DEBUG] Increasing refcount of unsigned object
[Elysia/DEBUG] Address: 0x159804180
[Elysia/DEBUG] Performing: basic_cast_int 
[Elysia/DEBUG] Decreasing refcount of unsigned object
[Elysia/DEBUG] Address: 0x159804180
[Elysia/DEBUG] Performing: equal 
[Elysia/DEBUG] Performing: jump_if_true codeBlock#19 
[Elysia/DEBUG] Performing: jump codeBlock#20 
[Elysia/DEBUG] Performing: jump codeBlock#12 
[Elysia/DEBUG] Performing: load_local localVar#5 
[Elysia/DEBUG] Increasing refcount of int object
[Elysia/DEBUG] Address: 0x1598044c0
[Elysia/DEBUG] Performing: load_local localVar#0 
[Elysia/DEBUG] Performing: load_member index(1) 
[Elysia/DEBUG] Increasing refcount of unsigned object
[Elysia/DEBUG] Address: 0x159804290
[Elysia/DEBUG] Performing: basic_cast_int 
[Elysia/DEBUG] Decreasing refcount of unsigned object
[Elysia/DEBUG] Address: 0x159804290
[Elysia/DEBUG] Performing: less_than 
[Elysia/DEBUG] Decreasing refcount of int object
[Elysia/DEBUG] Address: 0x1598044c0
[Elysia/DEBUG] Performing: jump_if_true codeBlock#13 
[Elysia/DEBUG] Performing: load_local localVar#0 
[Elysia/DEBUG] Performing: load_local localVar#5 
[Elysia/DEBUG] Increasing refcount of int object
[Elysia/DEBUG] Address: 0x1598044c0
[Elysia/DEBUG] Performing: invoke index(3782547968) index(37) index(2) 
[Elysia/DEBUG] Entering function 1_Str::operator[]#struct#1#0#int
[Elysia/DEBUG] Performing: load_local localVar#1 
[Elysia/DEBUG] Increasing refcount of int object
[Elysia/DEBUG] Address: 0x1598044c0
[Elysia/DEBUG] Performing: push_integer int(0) 
[Elysia/DEBUG] Performing: less_than 
[Elysia/DEBUG] Decreasing refcount of int object
[Elysia/DEBUG] Address: 0x1598044c0
[Elysia/DEBUG] Performing: jump_if_true codeBlock#1 
[Elysia/DEBUG] Performing: load_local localVar#1 
[Elysia/DEBUG] Increasing refcount of int object
[Elysia/DEBUG] Address: 0x1598044c0
[Elysia/DEBUG] Performing: load_local localVar#0 
[Elysia/DEBUG] Performing: load_member index(1) 
[Elysia/DEBUG] Increasing refcount of unsigned object
[Elysia/DEBUG] Address: 0x159804290
[Elysia/DEBUG] Performing: basic_cast_int 
[Elysia/DEBUG] Decreasing refcount of unsigned object
[Elysia/DEBUG] Address: 0x159804290
[Elysia/DEBUG] Performing: greater_equal 
[Elysia/DEBUG] Decreasing refcount of int object
[Elysia/DEBUG] Address: 0x1598044c0
[Elysia/DEBUG] Performing: jump_if_true codeBlock#1 
[Elysia/DEBUG] Performing: jump codeBlock#2 
[Elysia/DEBUG] Performing: push_boolean bool(false) 
[Elysia/DEBUG] Performing: jump codeBlock#3 
[Elysia/DEBUG] Performing: jump_if_true codeBlock#4 
[Elysia/DEBUG] Performing: jump codeBlock#5 
[Elysia/DEBUG] Performing: load_local localVar#0 
[Elysia/DEBUG] Performing: load_member index(0) 
[Elysia/DEBUG] Entering function array_char[]_gc_refcount_increase
[Elysia/DEBUG] Performing: load_local localVar#1 
[Elysia/DEBUG] Increasing refcount of int object
[Elysia/DEBUG] Address: 0x1598044c0
[Elysia/DEBUG] Performing: basic_cast_unsigned 
[Elysia/DEBUG] Decreasing refcount of int object
[Elysia/DEBUG] Address: 0x1598044c0
[Elysia/DEBUG] Performing: load_element 
[Elysia/DEBUG] Entering function array_char[]_gc_refcount_decrease
[Elysia/DEBUG] Performing: ret 
[Elysia/DEBUG] Decreasing refcount of int object
[Elysia/DEBUG] Address: 0x1598044c0
[Elysia/DEBUG] Performing: load_local localVar#1 
[Elysia/DEBUG] Performing: load_local localVar#6 
[Elysia/DEBUG] Performing: invoke index(3782547968) index(37) index(2) 
[Elysia/DEBUG] Entering function 1_Str::operator[]#struct#1#0#int
[Elysia/DEBUG] Performing: load_local localVar#1 
[Elysia/DEBUG] Increasing refcount of int object
[Elysia/DEBUG] Address: 0x1598044e0
[Elysia/DEBUG] Performing: push_integer int(0) 
[Elysia/DEBUG] Performing: less_than 
[Elysia/DEBUG] Decreasing refcount of int object
[Elysia/DEBUG] Address: 0x1598044e0
[Elysia/DEBUG] Performing: jump_if_true codeBlock#1 
[Elysia/DEBUG] Performing: load_local localVar#1 
[Elysia/DEBUG] Increasing refcount of int object
[Elysia/DEBUG] Address: 0x1598044e0
[Elysia/DEBUG] Performing: load_local localVar#0 
[Elysia/DEBUG] Performing: load_member index(1) 
[Elysia/DEBUG] Increasing refcount of unsigned object
[Elysia/DEBUG] Address: 0x159804180
[Elysia/DEBUG] Performing: basic_cast_int 
[Elysia/DEBUG] Decreasing refcount of unsigned object
[Elysia/DEBUG] Address: 0x159804180
[Elysia/DEBUG] Performing: greater_equal 
[Elysia/DEBUG] Decreasing refcount of int object
[Elysia/DEBUG] Address: 0x1598044e0
[Elysia/DEBUG] Performing: jump_if_true codeBlock#1 
[Elysia/DEBUG] Performing: jump codeBlock#2 
[Elysia/DEBUG] Performing: push_boolean bool(false) 
[Elysia/DEBUG] Performing: jump codeBlock#3 
[Elysia/DEBUG] Performing: jump_if_true codeBlock#4 
[Elysia/DEBUG] Performing: jump codeBlock#5 
[Elysia/DEBUG] Performing: load_local localVar#0 
[Elysia/DEBUG] Performing: load_member index(0) 
[Elysia/DEBUG] Entering function array_char[]_gc_refcount_increase
[Elysia/DEBUG] Performing: load_local localVar#1 
[Elysia/DEBUG] Increasing refcount of int object
[Elysia/DEBUG] Address: 0x1598044e0
[Elysia/DEBUG] Performing: basic_cast_unsigned 
[Elysia/DEBUG] Decreasing refcount of int object
[Elysia/DEBUG] Address: 0x1598044e0
[Elysia/DEBUG] Performing: load_element 
[Elysia/DEBUG] Entering function array_char[]_gc_refcount_decrease
[Elysia/DEBUG] Performing: ret 
[Elysia/DEBUG] Decreasing refcount of int object
[Elysia/DEBUG] Address: 0x1598044e0
[Elysia/DEBUG] Performing: equal 
[Elysia/DEBUG] Decreasing refcount of char object
[Elysia/DEBUG] Address: 0x159804460
[Elysia/DEBUG] Decreasing refcount of char object
[Elysia/DEBUG] Address: 0x1598044e0
[Elysia/DEBUG] Performing: jump_if_true codeBlock#15 
[Elysia/DEBUG] Performing: load_local localVar#6 
[Elysia/DEBUG] Performing: push_integer int(0) 
[Elysia/DEBUG] Performing: greater_than 
[Elysia/DEBUG] Performing: jump_if_true codeBlock#17 
[Elysia/DEBUG] Performing: jump codeBlock#18 
[Elysia/DEBUG] Performing: load_local localVar#5 
[Elysia/DEBUG] Increasing refcount of int object
[Elysia/DEBUG] Address: 0x1598044c0
[Elysia/DEBUG] Performing: push_integer int(1) 
[Elysia/DEBUG] Performing: add 
[Elysia/DEBUG] Decreasing refcount of int object
[Elysia/DEBUG] Address: 0x1598044c0
[Elysia/DEBUG] Performing: store_local localVar#5 
[Elysia/DEBUG] Decreasing refcount of int object
[Elysia/DEBUG] Address: 0x1598044c0
[Elysia/DEBUG] Performing: jump codeBlock#16 
[Elysia/DEBUG] Performing: load_local localVar#6 
[Elysia/DEBUG] Performing: load_local localVar#1 
[Elysia/DEBUG] Performing: load_member index(1) 
[Elysia/DEBUG] Increasing refcount of unsigned object
[Elysia/DEBUG] Address: 0x159804180
[Elysia/DEBUG] Performing: basic_cast_int 
[Elysia/DEBUG] Decreasing refcount of unsigned object
[Elysia/DEBUG] Address: 0x159804180
[Elysia/DEBUG] Performing: equal 
[Elysia/DEBUG] Performing: jump_if_true codeBlock#19 
[Elysia/DEBUG] Performing: jump codeBlock#20 
[Elysia/DEBUG] Performing: jump codeBlock#12 
[Elysia/DEBUG] Performing: load_local localVar#5 
[Elysia/DEBUG] Increasing refcount of int object
[Elysia/DEBUG] Address: 0x1598044c0
[Elysia/DEBUG] Performing: load_local localVar#0 
[Elysia/DEBUG] Performing: load_member index(1) 
[Elysia/DEBUG] Increasing refcount of unsigned object
[Elysia/DEBUG] Address: 0x159804290
[Elysia/DEBUG] Performing: basic_cast_int 
[Elysia/DEBUG] Decreasing refcount of unsigned object
[Elysia/DEBUG] Address: 0x159804290
[Elysia/DEBUG] Performing: less_than 
[Elysia/DEBUG] Decreasing refcount of int object
[Elysia/DEBUG] Address: 0x1598044c0
[Elysia/DEBUG] Performing: jump_if_true codeBlock#13 
[Elysia/DEBUG] Performing: load_local localVar#0 
[Elysia/DEBUG] Performing: load_local localVar#5 
[Elysia/DEBUG] Increasing refcount of int object
[Elysia/DEBUG] Address: 0x1598044c0
[Elysia/DEBUG] Performing: invoke index(3782547968) index(37) index(2) 
[Elysia/DEBUG] Entering function 1_Str::operator[]#struct#1#0#int
[Elysia/DEBUG] Performing: load_local localVar#1 
[Elysia/DEBUG] Increasing refcount of int object
[Elysia/DEBUG] Address: 0x1598044c0
[Elysia/DEBUG] Performing: push_integer int(0) 
[Elysia/DEBUG] Performing: less_than 
[Elysia/DEBUG] Decreasing refcount of int object
[Elysia/DEBUG] Address: 0x1598044c0
[Elysia/DEBUG] Performing: jump_if_true codeBlock#1 
[Elysia/DEBUG] Performing: load_local localVar#1 
[Elysia/DEBUG] Increasing refcount of int object
[Elysia/DEBUG] Address: 0x1598044c0
[Elysia/DEBUG] Performing: load_local localVar#0 
[Elysia/DEBUG] Performing: load_member index(1) 
[Elysia/DEBUG] Increasing refcount of unsigned object
[Elysia/DEBUG] Address: 0x159804290
[Elysia/DEBUG] Performing: basic_cast_int 
[Elysia/DEBUG] Decreasing refcount of unsigned object
[Elysia/DEBUG] Address: 0x159804290
[Elysia/DEBUG] Performing: greater_equal 
[Elysia/DEBUG] Decreasing refcount of int object
[Elysia/DEBUG] Address: 0x1598044c0
[Elysia/DEBUG] Performing: jump_if_true codeBlock#1 
[Elysia/DEBUG] Performing: jump codeBlock#2 
[Elysia/DEBUG] Performing: push_boolean bool(false) 
[Elysia/DEBUG] Performing: jump codeBlock#3 
[Elysia/DEBUG] Performing: jump_if_true codeBlock#4 
[Elysia/DEBUG] Performing: jump codeBlock#5 
[Elysia/DEBUG] Performing: load_local localVar#0 
[Elysia/DEBUG] Performing: load_member index(0) 
[Elysia/DEBUG] Entering function array_char[]_gc_refcount_increase
[Elysia/DEBUG] Performing: load_local localVar#1 
[Elysia/DEBUG] Increasing refcount of int object
[Elysia/DEBUG] Address: 0x1598044c0
[Elysia/DEBUG] Performing: basic_cast_unsigned 
[Elysia/DEBUG] Decreasing refcount of int object
[Elysia/DEBUG] Address: 0x1598044c0
[Elysia/DEBUG] Performing: load_element 
[Elysia/DEBUG] Entering function array_char[]_gc_refcount_decrease
[Elysia/DEBUG] Performing: ret 
[Elysia/DEBUG] Decreasing refcount of int object
[Elysia/DEBUG] Address: 0x1598044c0
[Elysia/DEBUG] Performing: load_local localVar#1 
[Elysia/DEBUG] Performing: load_local localVar#6 
[Elysia/DEBUG] Performing: invoke index(3782547968) index(37) index(2) 
[Elysia/DEBUG] Entering function 1_Str::operator[]#struct#1#0#int
[Elysia/DEBUG] Performing: load_local localVar#1 
[Elysia/DEBUG] Increasing refcount of int object
[Elysia/DEBUG] Address: 0x159804460
[Elysia/DEBUG] Performing: push_integer int(0) 
[Elysia/DEBUG] Performing: less_than 
[Elysia/DEBUG] Decreasing refcount of int object
[Elysia/DEBUG] Address: 0x159804460
[Elysia/DEBUG] Performing: jump_if_true codeBlock#1 
[Elysia/DEBUG] Performing: load_local localVar#1 
[Elysia/DEBUG] Increasing refcount of int object
[Elysia/DEBUG] Address: 0x159804460
[Elysia/DEBUG] Performing: load_local localVar#0 
[Elysia/DEBUG] Performing: load_member index(1) 
[Elysia/DEBUG] Increasing refcount of unsigned object
[Elysia/DEBUG] Address: 0x159804180
[Elysia/DEBUG] Performing: basic_cast_int 
[Elysia/DEBUG] Decreasing refcount of unsigned object
[Elysia/DEBUG] Address: 0x159804180
[Elysia/DEBUG] Performing: greater_equal 
[Elysia/DEBUG] Decreasing refcount of int object
[Elysia/DEBUG] Address: 0x159804460
[Elysia/DEBUG] Performing: jump_if_true codeBlock#1 
[Elysia/DEBUG] Performing: jump codeBlock#2 
[Elysia/DEBUG] Performing: push_boolean bool(false) 
[Elysia/DEBUG] Performing: jump codeBlock#3 
[Elysia/DEBUG] Performing: jump_if_true codeBlock#4 
[Elysia/DEBUG] Performing: jump codeBlock#5 
[Elysia/DEBUG] Performing: load_local localVar#0 
[Elysia/DEBUG] Performing: load_member index(0) 
[Elysia/DEBUG] Entering function array_char[]_gc_refcount_increase
[Elysia/DEBUG] Performing: load_local localVar#1 
[Elysia/DEBUG] Increasing refcount of int object
[Elysia/DEBUG] Address: 0x159804460
[Elysia/DEBUG] Performing: basic_cast_unsigned 
[Elysia/DEBUG] Decreasing refcount of int object
[Elysia/DEBUG] Address: 0x159804460
[Elysia/DEBUG] Performing: load_element 
[Elysia/DEBUG] Entering function array_char[]_gc_refcount_decrease
[Elysia/DEBUG] Performing: ret 
[Elysia/DEBUG] Decreasing refcount of int object
[Elysia/DEBUG] Address: 0x159804460
[Elysia/DEBUG] Performing: equal 
[Elysia/DEBUG] Decreasing refcount of char object
[Elysia/DEBUG] Address: 0x1598044e0
[Elysia/DEBUG] Decreasing refcount of char object
[Elysia/DEBUG] Address: 0x159804460
[Elysia/DEBUG] Performing: jump_if_true codeBlock#15 
[Elysia/DEBUG] Performing: load_local localVar#6 
[Elysia/DEBUG] Performing: push_integer int(0) 
[Elysia/DEBUG] Performing: greater_than 
[Elysia/DEBUG] Performing: jump_if_true codeBlock#17 
[Elysia/DEBUG] Performing: jump codeBlock#18 
[Elysia/DEBUG] Performing: load_local localVar#5 
[Elysia/DEBUG] Increasing refcount of int object
[Elysia/DEBUG] Address: 0x1598044c0
[Elysia/DEBUG] Performing: push_integer int(1) 
[Elysia/DEBUG] Performing: add 
[Elysia/DEBUG] Decreasing refcount of int object
[Elysia/DEBUG] Address: 0x1598044c0
[Elysia/DEBUG] Performing: store_local localVar#5 
[Elysia/DEBUG] Decreasing refcount of int object
[Elysia/DEBUG] Address: 0x1598044c0
[Elysia/DEBUG] Performing: jump codeBlock#16 
[Elysia/DEBUG] Performing: load_local localVar#6 
[Elysia/DEBUG] Performing: load_local localVar#1 
[Elysia/DEBUG] Performing: load_member index(1) 
[Elysia/DEBUG] Increasing refcount of unsigned object
[Elysia/DEBUG] Address: 0x159804180
[Elysia/DEBUG] Performing: basic_cast_int 
[Elysia/DEBUG] Decreasing refcount of unsigned object
[Elysia/DEBUG] Address: 0x159804180
[Elysia/DEBUG] Performing: equal 
[Elysia/DEBUG] Performing: jump_if_true codeBlock#19 
[Elysia/DEBUG] Performing: jump codeBlock#20 
[Elysia/DEBUG] Performing: jump codeBlock#12 
[Elysia/DEBUG] Performing: load_local localVar#5 
[Elysia/DEBUG] Increasing refcount of int object
[Elysia/DEBUG] Address: 0x1598044c0
[Elysia/DEBUG] Performing: load_local localVar#0 
[Elysia/DEBUG] Performing: load_member index(1) 
[Elysia/DEBUG] Increasing refcount of unsigned object
[Elysia/DEBUG] Address: 0x159804290
[Elysia/DEBUG] Performing: basic_cast_int 
[Elysia/DEBUG] Decreasing refcount of unsigned object
[Elysia/DEBUG] Address: 0x159804290
[Elysia/DEBUG] Performing: less_than 
[Elysia/DEBUG] Decreasing refcount of int object
[Elysia/DEBUG] Address: 0x1598044c0
[Elysia/DEBUG] Performing: jump_if_true codeBlock#13 
[Elysia/DEBUG] Performing: load_local localVar#0 
[Elysia/DEBUG] Performing: load_local localVar#5 
[Elysia/DEBUG] Increasing refcount of int object
[Elysia/DEBUG] Address: 0x1598044c0
[Elysia/DEBUG] Performing: invoke index(3782547968) index(37) index(2) 
[Elysia/DEBUG] Entering function 1_Str::operator[]#struct#1#0#int
[Elysia/DEBUG] Performing: load_local localVar#1 
[Elysia/DEBUG] Increasing refcount of int object
[Elysia/DEBUG] Address: 0x1598044c0
[Elysia/DEBUG] Performing: push_integer int(0) 
[Elysia/DEBUG] Performing: less_than 
[Elysia/DEBUG] Decreasing refcount of int object
[Elysia/DEBUG] Address: 0x1598044c0
[Elysia/DEBUG] Performing: jump_if_true codeBlock#1 
[Elysia/DEBUG] Performing: load_local localVar#1 
[Elysia/DEBUG] Increasing refcount of int object
[Elysia/DEBUG] Address: 0x1598044c0
[Elysia/DEBUG] Performing: load_local localVar#0 
[Elysia/DEBUG] Performing: load_member index(1) 
[Elysia/DEBUG] Increasing refcount of unsigned object
[Elysia/DEBUG] Address: 0x159804290
[Elysia/DEBUG] Performing: basic_cast_int 
[Elysia/DEBUG] Decreasing refcount of unsigned object
[Elysia/DEBUG] Address: 0x159804290
[Elysia/DEBUG] Performing: greater_equal 
[Elysia/DEBUG] Decreasing refcount of int object
[Elysia/DEBUG] Address: 0x1598044c0
[Elysia/DEBUG] Performing: jump_if_true codeBlock#1 
[Elysia/DEBUG] Performing: jump codeBlock#2 
[Elysia/DEBUG] Performing: push_boolean bool(false) 
[Elysia/DEBUG] Performing: jump codeBlock#3 
[Elysia/DEBUG] Performing: jump_if_true codeBlock#4 
[Elysia/DEBUG] Performing: jump codeBlock#5 
[Elysia/DEBUG] Performing: load_local localVar#0 
[Elysia/DEBUG] Performing: load_member index(0) 
[Elysia/DEBUG] Entering function array_char[]_gc_refcount_increase
[Elysia/DEBUG] Performing: load_local localVar#1 
[Elysia/DEBUG] Increasing refcount of int object
[Elysia/DEBUG] Address: 0x1598044c0
[Elysia/DEBUG] Performing: basic_cast_unsigned 
[Elysia/DEBUG] Decreasing refcount of int object
[Elysia/DEBUG] Address: 0x1598044c0
[Elysia/DEBUG] Performing: load_element 
[Elysia/DEBUG] Entering function array_char[]_gc_refcount_decrease
[Elysia/DEBUG] Performing: ret 
[Elysia/DEBUG] Decreasing refcount of int object
[Elysia/DEBUG] Address: 0x1598044c0
[Elysia/DEBUG] Performing: load_local localVar#1 
[Elysia/DEBUG] Performing: load_local localVar#6 
[Elysia/DEBUG] Performing: invoke index(3782547968) index(37) index(2) 
[Elysia/DEBUG] Entering function 1_Str::operator[]#struct#1#0#int
[Elysia/DEBUG] Performing: load_local localVar#1 
[Elysia/DEBUG] Increasing refcount of int object
[Elysia/DEBUG] Address: 0x1598044e0
[Elysia/DEBUG] Performing: push_integer int(0) 
[Elysia/DEBUG] Performing: less_than 
[Elysia/DEBUG] Decreasing refcount of int object
[Elysia/DEBUG] Address: 0x1598044e0
[Elysia/DEBUG] Performing: jump_if_true codeBlock#1 
[Elysia/DEBUG] Performing: load_local localVar#1 
[Elysia/DEBUG] Increasing refcount of int object
[Elysia/DEBUG] Address: 0x1598044e0
[Elysia/DEBUG] Performing: load_local localVar#0 
[Elysia/DEBUG] Performing: load_member index(1) 
[Elysia/DEBUG] Increasing refcount of unsigned object
[Elysia/DEBUG] Address: 0x159804180
[Elysia/DEBUG] Performing: basic_cast_int 
[Elysia/DEBUG] Decreasing refcount of unsigned object
[Elysia/DEBUG] Address: 0x159804180
[Elysia/DEBUG] Performing: greater_equal 
[Elysia/DEBUG] Decreasing refcount of int object
[Elysia/DEBUG] Address: 0x1598044e0
[Elysia/DEBUG] Performing: jump_if_true codeBlock#1 
[Elysia/DEBUG] Performing: jump codeBlock#2 
[Elysia/DEBUG] Performing: push_boolean bool(false) 
[Elysia/DEBUG] Performing: jump codeBlock#3 
[Elysia/DEBUG] Performing: jump_if_true codeBlock#4 
[Elysia/DEBUG] Performing: jump codeBlock#5 
[Elysia/DEBUG] Performing: load_local localVar#0 
[Elysia/DEBUG] Performing: load_member index(0) 
[Elysia/DEBUG] Entering function array_char[]_gc_refcount_increase
[Elysia/DEBUG] Performing: load_local localVar#1 
[Elysia/DEBUG] Increasing refcount of int object
[Elysia/DEBUG] Address: 0x1598044e0
[Elysia/DEBUG] Performing: basic_cast_unsigned 
[Elysia/DEBUG] Decreasing refcount of int object
[Elysia/DEBUG] Address: 0x1598044e0
[Elysia/DEBUG] Performing: load_element 
[Elysia/DEBUG] Entering function array_char[]_gc_refcount_decrease
[Elysia/DEBUG] Performing: ret 
[Elysia/DEBUG] Decreasing refcount of int object
[Elysia/DEBUG] Address: 0x1598044e0
[Elysia/DEBUG] Performing: equal 
[Elysia/DEBUG] Decreasing refcount of char object
[Elysia/DEBUG] Address: 0x159804460
[Elysia/DEBUG] Decreasing refcount of char object
[Elysia/DEBUG] Address: 0x1598044e0
[Elysia/DEBUG] Performing: jump_if_true codeBlock#15 
[Elysia/DEBUG] Performing: load_local localVar#6 
[Elysia/DEBUG] Performing: push_integer int(0) 
[Elysia/DEBUG] Performing: greater_than 
[Elysia/DEBUG] Performing: jump_if_true codeBlock#17 
[Elysia/DEBUG] Performing: jump codeBlock#18 
[Elysia/DEBUG] Performing: load_local localVar#5 
[Elysia/DEBUG] Increasing refcount of int object
[Elysia/DEBUG] Address: 0x1598044c0
[Elysia/DEBUG] Performing: push_integer int(1) 
[Elysia/DEBUG] Performing: add 
[Elysia/DEBUG] Decreasing refcount of int object
[Elysia/DEBUG] Address: 0x1598044c0
[Elysia/DEBUG] Performing: store_local localVar#5 
[Elysia/DEBUG] Decreasing refcount of int object
[Elysia/DEBUG] Address: 0x1598044c0
[Elysia/DEBUG] Performing: jump codeBlock#16 
[Elysia/DEBUG] Performing: load_local localVar#6 
[Elysia/DEBUG] Performing: load_local localVar#1 
[Elysia/DEBUG] Performing: load_member index(1) 
[Elysia/DEBUG] Increasing refcount of unsigned object
[Elysia/DEBUG] Address: 0x159804180
[Elysia/DEBUG] Performing: basic_cast_int 
[Elysia/DEBUG] Decreasing refcount of unsigned object
[Elysia/DEBUG] Address: 0x159804180
[Elysia/DEBUG] Performing: equal 
[Elysia/DEBUG] Performing: jump_if_true codeBlock#19 
[Elysia/DEBUG] Performing: jump codeBlock#20 
[Elysia/DEBUG] Performing: jump codeBlock#12 
[Elysia/DEBUG] Performing: load_local localVar#5 
[Elysia/DEBUG] Increasing refcount of int object
[Elysia/DEBUG] Address: 0x1598044c0
[Elysia/DEBUG] Performing: load_local localVar#0 
[Elysia/DEBUG] Performing: load_member index(1) 
[Elysia/DEBUG] Increasing refcount of unsigned object
[Elysia/DEBUG] Address: 0x159804290
[Elysia/DEBUG] Performing: basic_cast_int 
[Elysia/DEBUG] Decreasing refcount of unsigned object
[Elysia/DEBUG] Address: 0x159804290
[Elysia/DEBUG] Performing: less_than 
[Elysia/DEBUG] Decreasing refcount of int object
[Elysia/DEBUG] Address: 0x1598044c0
[Elysia/DEBUG] Performing: jump_if_true codeBlock#13 
[Elysia/DEBUG] Performing: load_local localVar#0 
[Elysia/DEBUG] Performing: load_local localVar#5 
[Elysia/DEBUG] Increasing refcount of int object
[Elysia/DEBUG] Address: 0x1598044c0
[Elysia/DEBUG] Performing: invoke index(3782547968) index(37) index(2) 
[Elysia/DEBUG] Entering function 1_Str::operator[]#struct#1#0#int
[Elysia/DEBUG] Performing: load_local localVar#1 
[Elysia/DEBUG] Increasing refcount of int object
[Elysia/DEBUG] Address: 0x1598044c0
[Elysia/DEBUG] Performing: push_integer int(0) 
[Elysia/DEBUG] Performing: less_than 
[Elysia/DEBUG] Decreasing refcount of int object
[Elysia/DEBUG] Address: 0x1598044c0
[Elysia/DEBUG] Performing: jump_if_true codeBlock#1 
[Elysia/DEBUG] Performing: load_local localVar#1 
[Elysia/DEBUG] Increasing refcount of int object
[Elysia/DEBUG] Address: 0x1598044c0
[Elysia/DEBUG] Performing: load_local localVar#0 
[Elysia/DEBUG] Performing: load_member index(1) 
[Elysia/DEBUG] Increasing refcount of unsigned object
[Elysia/DEBUG] Address: 0x159804290
[Elysia/DEBUG] Performing: basic_cast_int 
[Elysia/DEBUG] Decreasing refcount of unsigned object
[Elysia/DEBUG] Address: 0x159804290
[Elysia/DEBUG] Performing: greater_equal 
[Elysia/DEBUG] Decreasing refcount of int object
[Elysia/DEBUG] Address: 0x1598044c0
[Elysia/DEBUG] Performing: jump_if_true codeBlock#1 
[Elysia/DEBUG] Performing: jump codeBlock#2 
[Elysia/DEBUG] Performing: push_boolean bool(false) 
[Elysia/DEBUG] Performing: jump codeBlock#3 
[Elysia/DEBUG] Performing: jump_if_true codeBlock#4 
[Elysia/DEBUG] Performing: jump codeBlock#5 
[Elysia/DEBUG] Performing: load_local localVar#0 
[Elysia/DEBUG] Performing: load_member index(0) 
[Elysia/DEBUG] Entering function array_char[]_gc_refcount_increase
[Elysia/DEBUG] Performing: load_local localVar#1 
[Elysia/DEBUG] Increasing refcount of int object
[Elysia/DEBUG] Address: 0x1598044c0
[Elysia/DEBUG] Performing: basic_cast_unsigned 
[Elysia/DEBUG] Decreasing refcount of int object
[Elysia/DEBUG] Address: 0x1598044c0
[Elysia/DEBUG] Performing: load_element 
[Elysia/DEBUG] Entering function array_char[]_gc_refcount_decrease
[Elysia/DEBUG] Performing: ret 
[Elysia/DEBUG] Decreasing refcount of int object
[Elysia/DEBUG] Address: 0x1598044c0
[Elysia/DEBUG] Performing: load_local localVar#1 
[Elysia/DEBUG] Performing: load_local localVar#6 
[Elysia/DEBUG] Performing: invoke index(3782547968) index(37) index(2) 
[Elysia/DEBUG] Entering function 1_Str::operator[]#struct#1#0#int
[Elysia/DEBUG] Performing: load_local localVar#1 
[Elysia/DEBUG] Increasing refcount of int object
[Elysia/DEBUG] Address: 0x159804460
[Elysia/DEBUG] Performing: push_integer int(0) 
[Elysia/DEBUG] Performing: less_than 
[Elysia/DEBUG] Decreasing refcount of int object
[Elysia/DEBUG] Address: 0x159804460
[Elysia/DEBUG] Performing: jump_if_true codeBlock#1 
[Elysia/DEBUG] Performing: load_local localVar#1 
[Elysia/DEBUG] Increasing refcount of int object
[Elysia/DEBUG] Address: 0x159804460
[Elysia/DEBUG] Performing: load_local localVar#0 
[Elysia/DEBUG] Performing: load_member index(1) 
[Elysia/DEBUG] Increasing refcount of unsigned object
[Elysia/DEBUG] Address: 0x159804180
[Elysia/DEBUG] Performing: basic_cast_int 
[Elysia/DEBUG] Decreasing refcount of unsigned object
[Elysia/DEBUG] Address: 0x159804180
[Elysia/DEBUG] Performing: greater_equal 
[Elysia/DEBUG] Decreasing refcount of int object
[Elysia/DEBUG] Address: 0x159804460
[Elysia/DEBUG] Performing: jump_if_true codeBlock#1 
[Elysia/DEBUG] Performing: jump codeBlock#2 
[Elysia/DEBUG] Performing: push_boolean bool(false) 
[Elysia/DEBUG] Performing: jump codeBlock#3 
[Elysia/DEBUG] Performing: jump_if_true codeBlock#4 
[Elysia/DEBUG] Performing: jump codeBlock#5 
[Elysia/DEBUG] Performing: load_local localVar#0 
[Elysia/DEBUG] Performing: load_member index(0) 
[Elysia/DEBUG] Entering function array_char[]_gc_refcount_increase
[Elysia/DEBUG] Performing: load_local localVar#1 
[Elysia/DEBUG] Increasing refcount of int object
[Elysia/DEBUG] Address: 0x159804460
[Elysia/DEBUG] Performing: basic_cast_unsigned 
[Elysia/DEBUG] Decreasing refcount of int object
[Elysia/DEBUG] Address: 0x159804460
[Elysia/DEBUG] Performing: load_element 
[Elysia/DEBUG] Entering function array_char[]_gc_refcount_decrease
[Elysia/DEBUG] Performing: ret 
[Elysia/DEBUG] Decreasing refcount of int object
[Elysia/DEBUG] Address: 0x159804460
[Elysia/DEBUG] Performing: equal 
[Elysia/DEBUG] Decreasing refcount of char object
[Elysia/DEBUG] Address: 0x1598044e0
[Elysia/DEBUG] Decreasing refcount of char object
[Elysia/DEBUG] Address: 0x159804460
[Elysia/DEBUG] Performing: jump_if_true codeBlock#15 
[Elysia/DEBUG] Performing: load_local localVar#6 
[Elysia/DEBUG] Performing: push_integer int(0) 
[Elysia/DEBUG] Performing: greater_than 
[Elysia/DEBUG] Performing: jump_if_true codeBlock#17 
[Elysia/DEBUG] Performing: jump codeBlock#18 
[Elysia/DEBUG] Performing: load_local localVar#5 
[Elysia/DEBUG] Increasing refcount of int object
[Elysia/DEBUG] Address: 0x1598044c0
[Elysia/DEBUG] Performing: push_integer int(1) 
[Elysia/DEBUG] Performing: add 
[Elysia/DEBUG] Decreasing refcount of int object
[Elysia/DEBUG] Address: 0x1598044c0
[Elysia/DEBUG] Performing: store_local localVar#5 
[Elysia/DEBUG] Decreasing refcount of int object
[Elysia/DEBUG] Address: 0x1598044c0
[Elysia/DEBUG] Performing: jump codeBlock#16 
[Elysia/DEBUG] Performing: load_local localVar#6 
[Elysia/DEBUG] Performing: load_local localVar#1 
[Elysia/DEBUG] Performing: load_member index(1) 
[Elysia/DEBUG] Increasing refcount of unsigned object
[Elysia/DEBUG] Address: 0x159804180
[Elysia/DEBUG] Performing: basic_cast_int 
[Elysia/DEBUG] Decreasing refcount of unsigned object
[Elysia/DEBUG] Address: 0x159804180
[Elysia/DEBUG] Performing: equal 
[Elysia/DEBUG] Performing: jump_if_true codeBlock#19 
[Elysia/DEBUG] Performing: jump codeBlock#20 
[Elysia/DEBUG] Performing: jump codeBlock#12 
[Elysia/DEBUG] Performing: load_local localVar#5 
[Elysia/DEBUG] Increasing refcount of int object
[Elysia/DEBUG] Address: 0x1598044c0
[Elysia/DEBUG] Performing: load_local localVar#0 
[Elysia/DEBUG] Performing: load_member index(1) 
[Elysia/DEBUG] Increasing refcount of unsigned object
[Elysia/DEBUG] Address: 0x159804290
[Elysia/DEBUG] Performing: basic_cast_int 
[Elysia/DEBUG] Decreasing refcount of unsigned object
[Elysia/DEBUG] Address: 0x159804290
[Elysia/DEBUG] Performing: less_than 
[Elysia/DEBUG] Decreasing refcount of int object
[Elysia/DEBUG] Address: 0x1598044c0
[Elysia/DEBUG] Performing: jump_if_true codeBlock#13 
[Elysia/DEBUG] Performing: load_local localVar#0 
[Elysia/DEBUG] Performing: load_local localVar#5 
[Elysia/DEBUG] Increasing refcount of int object
[Elysia/DEBUG] Address: 0x1598044c0
[Elysia/DEBUG] Performing: invoke index(3782547968) index(37) index(2) 
[Elysia/DEBUG] Entering function 1_Str::operator[]#struct#1#0#int
[Elysia/DEBUG] Performing: load_local localVar#1 
[Elysia/DEBUG] Increasing refcount of int object
[Elysia/DEBUG] Address: 0x1598044c0
[Elysia/DEBUG] Performing: push_integer int(0) 
[Elysia/DEBUG] Performing: less_than 
[Elysia/DEBUG] Decreasing refcount of int object
[Elysia/DEBUG] Address: 0x1598044c0
[Elysia/DEBUG] Performing: jump_if_true codeBlock#1 
[Elysia/DEBUG] Performing: load_local localVar#1 
[Elysia/DEBUG] Increasing refcount of int object
[Elysia/DEBUG] Address: 0x1598044c0
[Elysia/DEBUG] Performing: load_local localVar#0 
[Elysia/DEBUG] Performing: load_member index(1) 
[Elysia/DEBUG] Increasing refcount of unsigned object
[Elysia/DEBUG] Address: 0x159804290
[Elysia/DEBUG] Performing: basic_cast_int 
[Elysia/DEBUG] Decreasing refcount of unsigned object
[Elysia/DEBUG] Address: 0x159804290
[Elysia/DEBUG] Performing: greater_equal 
[Elysia/DEBUG] Decreasing refcount of int object
[Elysia/DEBUG] Address: 0x1598044c0
[Elysia/DEBUG] Performing: jump_if_true codeBlock#1 
[Elysia/DEBUG] Performing: jump codeBlock#2 
[Elysia/DEBUG] Performing: push_boolean bool(false) 
[Elysia/DEBUG] Performing: jump codeBlock#3 
[Elysia/DEBUG] Performing: jump_if_true codeBlock#4 
[Elysia/DEBUG] Performing: jump codeBlock#5 
[Elysia/DEBUG] Performing: load_local localVar#0 
[Elysia/DEBUG] Performing: load_member index(0) 
[Elysia/DEBUG] Entering function array_char[]_gc_refcount_increase
[Elysia/DEBUG] Performing: load_local localVar#1 
[Elysia/DEBUG] Increasing refcount of int object
[Elysia/DEBUG] Address: 0x1598044c0
[Elysia/DEBUG] Performing: basic_cast_unsigned 
[Elysia/DEBUG] Decreasing refcount of int object
[Elysia/DEBUG] Address: 0x1598044c0
[Elysia/DEBUG] Performing: load_element 
[Elysia/DEBUG] Entering function array_char[]_gc_refcount_decrease
[Elysia/DEBUG] Performing: ret 
[Elysia/DEBUG] Decreasing refcount of int object
[Elysia/DEBUG] Address: 0x1598044c0
[Elysia/DEBUG] Performing: load_local localVar#1 
[Elysia/DEBUG] Performing: load_local localVar#6 
[Elysia/DEBUG] Performing: invoke index(3782547968) index(37) index(2) 
[Elysia/DEBUG] Entering function 1_Str::operator[]#struct#1#0#int
[Elysia/DEBUG] Performing: load_local localVar#1 
[Elysia/DEBUG] Increasing refcount of int object
[Elysia/DEBUG] Address: 0x1598044e0
[Elysia/DEBUG] Performing: push_integer int(0) 
[Elysia/DEBUG] Performing: less_than 
[Elysia/DEBUG] Decreasing refcount of int object
[Elysia/DEBUG] Address: 0x1598044e0
[Elysia/DEBUG] Performing: jump_if_true codeBlock#1 
[Elysia/DEBUG] Performing: load_local localVar#1 
[Elysia/DEBUG] Increasing refcount of int object
[Elysia/DEBUG] Address: 0x1598044e0
[Elysia/DEBUG] Performing: load_local localVar#0 
[Elysia/DEBUG] Performing: load_member index(1) 
[Elysia/DEBUG] Increasing refcount of unsigned object
[Elysia/DEBUG] Address: 0x159804180
[Elysia/DEBUG] Performing: basic_cast_int 
[Elysia/DEBUG] Decreasing refcount of unsigned object
[Elysia/DEBUG] Address: 0x159804180
[Elysia/DEBUG] Performing: greater_equal 
[Elysia/DEBUG] Decreasing refcount of int object
[Elysia/DEBUG] Address: 0x1598044e0
[Elysia/DEBUG] Performing: jump_if_true codeBlock#1 
[Elysia/DEBUG] Performing: jump codeBlock#2 
[Elysia/DEBUG] Performing: push_boolean bool(false) 
[Elysia/DEBUG] Performing: jump codeBlock#3 
[Elysia/DEBUG] Performing: jump_if_true codeBlock#4 
[Elysia/DEBUG] Performing: jump codeBlock#5 
[Elysia/DEBUG] Performing: load_local localVar#0 
[Elysia/DEBUG] Performing: load_member index(0) 
[Elysia/DEBUG] Entering function array_char[]_gc_refcount_increase
[Elysia/DEBUG] Performing: load_local localVar#1 
[Elysia/DEBUG] Increasing refcount of int object
[Elysia/DEBUG] Address: 0x1598044e0
[Elysia/DEBUG] Performing: basic_cast_unsigned 
[Elysia/DEBUG] Decreasing refcount of int object
[Elysia/DEBUG] Address: 0x1598044e0
[Elysia/DEBUG] Performing: load_element 
[Elysia/DEBUG] Entering function array_char[]_gc_refcount_decrease
[Elysia/DEBUG] Performing: ret 
[Elysia/DEBUG] Decreasing refcount of int object
[Elysia/DEBUG] Address: 0x1598044e0
[Elysia/DEBUG] Performing: equal 
[Elysia/DEBUG] Decreasing refcount of char object
[Elysia/DEBUG] Address: 0x159804460
[Elysia/DEBUG] Decreasing refcount of char object
[Elysia/DEBUG] Address: 0x1598044e0
[Elysia/DEBUG] Performing: jump_if_true codeBlock#15 
[Elysia/DEBUG] Performing: load_local localVar#6 
[Elysia/DEBUG] Performing: push_integer int(0) 
[Elysia/DEBUG] Performing: greater_than 
[Elysia/DEBUG] Performing: jump_if_true codeBlock#17 
[Elysia/DEBUG] Performing: jump codeBlock#18 
[Elysia/DEBUG] Performing: load_local localVar#5 
[Elysia/DEBUG] Increasing refcount of int object
[Elysia/DEBUG] Address: 0x1598044c0
[Elysia/DEBUG] Performing: push_integer int(1) 
[Elysia/DEBUG] Performing: add 
[Elysia/DEBUG] Decreasing refcount of int object
[Elysia/DEBUG] Address: 0x1598044c0
[Elysia/DEBUG] Performing: store_local localVar#5 
[Elysia/DEBUG] Decreasing refcount of int object
[Elysia/DEBUG] Address: 0x1598044c0
[Elysia/DEBUG] Performing: jump codeBlock#16 
[Elysia/DEBUG] Performing: load_local localVar#6 
[Elysia/DEBUG] Performing: load_local localVar#1 
[Elysia/DEBUG] Performing: load_member index(1) 
[Elysia/DEBUG] Increasing refcount of unsigned object
[Elysia/DEBUG] Address: 0x159804180
[Elysia/DEBUG] Performing: basic_cast_int 
[Elysia/DEBUG] Decreasing refcount of unsigned object
[Elysia/DEBUG] Address: 0x159804180
[Elysia/DEBUG] Performing: equal 
[Elysia/DEBUG] Performing: jump_if_true codeBlock#19 
[Elysia/DEBUG] Performing: jump codeBlock#20 
[Elysia/DEBUG] Performing: jump codeBlock#12 
[Elysia/DEBUG] Performing: load_local localVar#5 
[Elysia/DEBUG] Increasing refcount of int object
[Elysia/DEBUG] Address: 0x1598044c0
[Elysia/DEBUG] Performing: load_local localVar#0 
[Elysia/DEBUG] Performing: load_member index(1) 
[Elysia/DEBUG] Increasing refcount of unsigned object
[Elysia/DEBUG] Address: 0x159804290
[Elysia/DEBUG] Performing: basic_cast_int 
[Elysia/DEBUG] Decreasing refcount of unsigned object
[Elysia/DEBUG] Address: 0x159804290
[Elysia/DEBUG] Performing: less_than 
[Elysia/DEBUG] Decreasing refcount of int object
[Elysia/DEBUG] Address: 0x1598044c0
[Elysia/DEBUG] Performing: jump_if_true codeBlock#13 
[Elysia/DEBUG] Performing: load_local localVar#0 
[Elysia/DEBUG] Performing: load_local localVar#5 
[Elysia/DEBUG] Increasing refcount of int object
[Elysia/DEBUG] Address: 0x1598044c0
[Elysia/DEBUG] Performing: invoke index(3782547968) index(37) index(2) 
[Elysia/DEBUG] Entering function 1_Str::operator[]#struct#1#0#int
[Elysia/DEBUG] Performing: load_local localVar#1 
[Elysia/DEBUG] Increasing refcount of int object
[Elysia/DEBUG] Address: 0x1598044c0
[Elysia/DEBUG] Performing: push_integer int(0) 
[Elysia/DEBUG] Performing: less_than 
[Elysia/DEBUG] Decreasing refcount of int object
[Elysia/DEBUG] Address: 0x1598044c0
[Elysia/DEBUG] Performing: jump_if_true codeBlock#1 
[Elysia/DEBUG] Performing: load_local localVar#1 
[Elysia/DEBUG] Increasing refcount of int object
[Elysia/DEBUG] Address: 0x1598044c0
[Elysia/DEBUG] Performing: load_local localVar#0 
[Elysia/DEBUG] Performing: load_member index(1) 
[Elysia/DEBUG] Increasing refcount of unsigned object
[Elysia/DEBUG] Address: 0x159804290
[Elysia/DEBUG] Performing: basic_cast_int 
[Elysia/DEBUG] Decreasing refcount of unsigned object
[Elysia/DEBUG] Address: 0x159804290
[Elysia/DEBUG] Performing: greater_equal 
[Elysia/DEBUG] Decreasing refcount of int object
[Elysia/DEBUG] Address: 0x1598044c0
[Elysia/DEBUG] Performing: jump_if_true codeBlock#1 
[Elysia/DEBUG] Performing: jump codeBlock#2 
[Elysia/DEBUG] Performing: push_boolean bool(false) 
[Elysia/DEBUG] Performing: jump codeBlock#3 
[Elysia/DEBUG] Performing: jump_if_true codeBlock#4 
[Elysia/DEBUG] Performing: jump codeBlock#5 
[Elysia/DEBUG] Performing: load_local localVar#0 
[Elysia/DEBUG] Performing: load_member index(0) 
[Elysia/DEBUG] Entering function array_char[]_gc_refcount_increase
[Elysia/DEBUG] Performing: load_local localVar#1 
[Elysia/DEBUG] Increasing refcount of int object
[Elysia/DEBUG] Address: 0x1598044c0
[Elysia/DEBUG] Performing: basic_cast_unsigned 
[Elysia/DEBUG] Decreasing refcount of int object
[Elysia/DEBUG] Address: 0x1598044c0
[Elysia/DEBUG] Performing: load_element 
[Elysia/DEBUG] Entering function array_char[]_gc_refcount_decrease
[Elysia/DEBUG] Performing: ret 
[Elysia/DEBUG] Decreasing refcount of int object
[Elysia/DEBUG] Address: 0x1598044c0
[Elysia/DEBUG] Performing: load_local localVar#1 
[Elysia/DEBUG] Performing: load_local localVar#6 
[Elysia/DEBUG] Performing: invoke index(3782547968) index(37) index(2) 
[Elysia/DEBUG] Entering function 1_Str::operator[]#struct#1#0#int
[Elysia/DEBUG] Performing: load_local localVar#1 
[Elysia/DEBUG] Increasing refcount of int object
[Elysia/DEBUG] Address: 0x159804460
[Elysia/DEBUG] Performing: push_integer int(0) 
[Elysia/DEBUG] Performing: less_than 
[Elysia/DEBUG] Decreasing refcount of int object
[Elysia/DEBUG] Address: 0x159804460
[Elysia/DEBUG] Performing: jump_if_true codeBlock#1 
[Elysia/DEBUG] Performing: load_local localVar#1 
[Elysia/DEBUG] Increasing refcount of int object
[Elysia/DEBUG] Address: 0x159804460
[Elysia/DEBUG] Performing: load_local localVar#0 
[Elysia/DEBUG] Performing: load_member index(1) 
[Elysia/DEBUG] Increasing refcount of unsigned object
[Elysia/DEBUG] Address: 0x159804180
[Elysia/DEBUG] Performing: basic_cast_int 
[Elysia/DEBUG] Decreasing refcount of unsigned object
[Elysia/DEBUG] Address: 0x159804180
[Elysia/DEBUG] Performing: greater_equal 
[Elysia/DEBUG] Decreasing refcount of int object
[Elysia/DEBUG] Address: 0x159804460
[Elysia/DEBUG] Performing: jump_if_true codeBlock#1 
[Elysia/DEBUG] Performing: jump codeBlock#2 
[Elysia/DEBUG] Performing: push_boolean bool(false) 
[Elysia/DEBUG] Performing: jump codeBlock#3 
[Elysia/DEBUG] Performing: jump_if_true codeBlock#4 
[Elysia/DEBUG] Performing: jump codeBlock#5 
[Elysia/DEBUG] Performing: load_local localVar#0 
[Elysia/DEBUG] Performing: load_member index(0) 
[Elysia/DEBUG] Entering function array_char[]_gc_refcount_increase
[Elysia/DEBUG] Performing: load_local localVar#1 
[Elysia/DEBUG] Increasing refcount of int object
[Elysia/DEBUG] Address: 0x159804460
[Elysia/DEBUG] Performing: basic_cast_unsigned 
[Elysia/DEBUG] Decreasing refcount of int object
[Elysia/DEBUG] Address: 0x159804460
[Elysia/DEBUG] Performing: load_element 
[Elysia/DEBUG] Entering function array_char[]_gc_refcount_decrease
[Elysia/DEBUG] Performing: ret 
[Elysia/DEBUG] Decreasing refcount of int object
[Elysia/DEBUG] Address: 0x159804460
[Elysia/DEBUG] Performing: equal 
[Elysia/DEBUG] Decreasing refcount of char object
[Elysia/DEBUG] Address: 0x1598044e0
[Elysia/DEBUG] Decreasing refcount of char object
[Elysia/DEBUG] Address: 0x159804460
[Elysia/DEBUG] Performing: jump_if_true codeBlock#15 
[Elysia/DEBUG] Performing: load_local localVar#6 
[Elysia/DEBUG] Performing: push_integer int(0) 
[Elysia/DEBUG] Performing: greater_than 
[Elysia/DEBUG] Performing: jump_if_true codeBlock#17 
[Elysia/DEBUG] Performing: jump codeBlock#18 
[Elysia/DEBUG] Performing: load_local localVar#5 
[Elysia/DEBUG] Increasing refcount of int object
[Elysia/DEBUG] Address: 0x1598044c0
[Elysia/DEBUG] Performing: push_integer int(1) 
[Elysia/DEBUG] Performing: add 
[Elysia/DEBUG] Decreasing refcount of int object
[Elysia/DEBUG] Address: 0x1598044c0
[Elysia/DEBUG] Performing: store_local localVar#5 
[Elysia/DEBUG] Decreasing refcount of int object
[Elysia/DEBUG] Address: 0x1598044c0
[Elysia/DEBUG] Performing: jump codeBlock#16 
[Elysia/DEBUG] Performing: load_local localVar#6 
[Elysia/DEBUG] Performing: load_local localVar#1 
[Elysia/DEBUG] Performing: load_member index(1) 
[Elysia/DEBUG] Increasing refcount of unsigned object
[Elysia/DEBUG] Address: 0x159804180
[Elysia/DEBUG] Performing: basic_cast_int 
[Elysia/DEBUG] Decreasing refcount of unsigned object
[Elysia/DEBUG] Address: 0x159804180
[Elysia/DEBUG] Performing: equal 
[Elysia/DEBUG] Performing: jump_if_true codeBlock#19 
[Elysia/DEBUG] Performing: jump codeBlock#20 
[Elysia/DEBUG] Performing: jump codeBlock#12 
[Elysia/DEBUG] Performing: load_local localVar#5 
[Elysia/DEBUG] Increasing refcount of int object
[Elysia/DEBUG] Address: 0x1598044c0
[Elysia/DEBUG] Performing: load_local localVar#0 
[Elysia/DEBUG] Performing: load_member index(1) 
[Elysia/DEBUG] Increasing refcount of unsigned object
[Elysia/DEBUG] Address: 0x159804290
[Elysia/DEBUG] Performing: basic_cast_int 
[Elysia/DEBUG] Decreasing refcount of unsigned object
[Elysia/DEBUG] Address: 0x159804290
[Elysia/DEBUG] Performing: less_than 
[Elysia/DEBUG] Decreasing refcount of int object
[Elysia/DEBUG] Address: 0x1598044c0
[Elysia/DEBUG] Performing: jump_if_true codeBlock#13 
[Elysia/DEBUG] Performing: load_local localVar#0 
[Elysia/DEBUG] Performing: load_local localVar#5 
[Elysia/DEBUG] Increasing refcount of int object
[Elysia/DEBUG] Address: 0x1598044c0
[Elysia/DEBUG] Performing: invoke index(3782547968) index(37) index(2) 
[Elysia/DEBUG] Entering function 1_Str::operator[]#struct#1#0#int
[Elysia/DEBUG] Performing: load_local localVar#1 
[Elysia/DEBUG] Increasing refcount of int object
[Elysia/DEBUG] Address: 0x1598044c0
[Elysia/DEBUG] Performing: push_integer int(0) 
[Elysia/DEBUG] Performing: less_than 
[Elysia/DEBUG] Decreasing refcount of int object
[Elysia/DEBUG] Address: 0x1598044c0
[Elysia/DEBUG] Performing: jump_if_true codeBlock#1 
[Elysia/DEBUG] Performing: load_local localVar#1 
[Elysia/DEBUG] Increasing refcount of int object
[Elysia/DEBUG] Address: 0x1598044c0
[Elysia/DEBUG] Performing: load_local localVar#0 
[Elysia/DEBUG] Performing: load_member index(1) 
[Elysia/DEBUG] Increasing refcount of unsigned object
[Elysia/DEBUG] Address: 0x159804290
[Elysia/DEBUG] Performing: basic_cast_int 
[Elysia/DEBUG] Decreasing refcount of unsigned object
[Elysia/DEBUG] Address: 0x159804290
[Elysia/DEBUG] Performing: greater_equal 
[Elysia/DEBUG] Decreasing refcount of int object
[Elysia/DEBUG] Address: 0x1598044c0
[Elysia/DEBUG] Performing: jump_if_true codeBlock#1 
[Elysia/DEBUG] Performing: jump codeBlock#2 
[Elysia/DEBUG] Performing: push_boolean bool(false) 
[Elysia/DEBUG] Performing: jump codeBlock#3 
[Elysia/DEBUG] Performing: jump_if_true codeBlock#4 
[Elysia/DEBUG] Performing: jump codeBlock#5 
[Elysia/DEBUG] Performing: load_local localVar#0 
[Elysia/DEBUG] Performing: load_member index(0) 
[Elysia/DEBUG] Entering function array_char[]_gc_refcount_increase
[Elysia/DEBUG] Performing: load_local localVar#1 
[Elysia/DEBUG] Increasing refcount of int object
[Elysia/DEBUG] Address: 0x1598044c0
[Elysia/DEBUG] Performing: basic_cast_unsigned 
[Elysia/DEBUG] Decreasing refcount of int object
[Elysia/DEBUG] Address: 0x1598044c0
[Elysia/DEBUG] Performing: load_element 
[Elysia/DEBUG] Entering function array_char[]_gc_refcount_decrease
[Elysia/DEBUG] Performing: ret 
[Elysia/DEBUG] Decreasing refcount of int object
[Elysia/DEBUG] Address: 0x1598044c0
[Elysia/DEBUG] Performing: load_local localVar#1 
[Elysia/DEBUG] Performing: load_local localVar#6 
[Elysia/DEBUG] Performing: invoke index(3782547968) index(37) index(2) 
[Elysia/DEBUG] Entering function 1_Str::operator[]#struct#1#0#int
[Elysia/DEBUG] Performing: load_local localVar#1 
[Elysia/DEBUG] Increasing refcount of int object
[Elysia/DEBUG] Address: 0x1598044e0
[Elysia/DEBUG] Performing: push_integer int(0) 
[Elysia/DEBUG] Performing: less_than 
[Elysia/DEBUG] Decreasing refcount of int object
[Elysia/DEBUG] Address: 0x1598044e0
[Elysia/DEBUG] Performing: jump_if_true codeBlock#1 
[Elysia/DEBUG] Performing: load_local localVar#1 
[Elysia/DEBUG] Increasing refcount of int object
[Elysia/DEBUG] Address: 0x1598044e0
[Elysia/DEBUG] Performing: load_local localVar#0 
[Elysia/DEBUG] Performing: load_member index(1) 
[Elysia/DEBUG] Increasing refcount of unsigned object
[Elysia/DEBUG] Address: 0x159804180
[Elysia/DEBUG] Performing: basic_cast_int 
[Elysia/DEBUG] Decreasing refcount of unsigned object
[Elysia/DEBUG] Address: 0x159804180
[Elysia/DEBUG] Performing: greater_equal 
[Elysia/DEBUG] Decreasing refcount of int object
[Elysia/DEBUG] Address: 0x1598044e0
[Elysia/DEBUG] Performing: jump_if_true codeBlock#1 
[Elysia/DEBUG] Performing: jump codeBlock#2 
[Elysia/DEBUG] Performing: push_boolean bool(false) 
[Elysia/DEBUG] Performing: jump codeBlock#3 
[Elysia/DEBUG] Performing: jump_if_true codeBlock#4 
[Elysia/DEBUG] Performing: jump codeBlock#5 
[Elysia/DEBUG] Performing: load_local localVar#0 
[Elysia/DEBUG] Performing: load_member index(0) 
[Elysia/DEBUG] Entering function array_char[]_gc_refcount_increase
[Elysia/DEBUG] Performing: load_local localVar#1 
[Elysia/DEBUG] Increasing refcount of int object
[Elysia/DEBUG] Address: 0x1598044e0
[Elysia/DEBUG] Performing: basic_cast_unsigned 
[Elysia/DEBUG] Decreasing refcount of int object
[Elysia/DEBUG] Address: 0x1598044e0
[Elysia/DEBUG] Performing: load_element 
[Elysia/DEBUG] Entering function array_char[]_gc_refcount_decrease
[Elysia/DEBUG] Performing: ret 
[Elysia/DEBUG] Decreasing refcount of int object
[Elysia/DEBUG] Address: 0x1598044e0
[Elysia/DEBUG] Performing: equal 
[Elysia/DEBUG] Decreasing refcount of char object
[Elysia/DEBUG] Address: 0x159804460
[Elysia/DEBUG] Decreasing refcount of char object
[Elysia/DEBUG] Address: 0x1598044e0
[Elysia/DEBUG] Performing: jump_if_true codeBlock#15 
[Elysia/DEBUG] Performing: load_local localVar#6 
[Elysia/DEBUG] Performing: push_integer int(0) 
[Elysia/DEBUG] Performing: greater_than 
[Elysia/DEBUG] Performing: jump_if_true codeBlock#17 
[Elysia/DEBUG] Performing: jump codeBlock#18 
[Elysia/DEBUG] Performing: load_local localVar#5 
[Elysia/DEBUG] Increasing refcount of int object
[Elysia/DEBUG] Address: 0x1598044c0
[Elysia/DEBUG] Performing: push_integer int(1) 
[Elysia/DEBUG] Performing: add 
[Elysia/DEBUG] Decreasing refcount of int object
[Elysia/DEBUG] Address: 0x1598044c0
[Elysia/DEBUG] Performing: store_local localVar#5 
[Elysia/DEBUG] Decreasing refcount of int object
[Elysia/DEBUG] Address: 0x1598044c0
[Elysia/DEBUG] Performing: jump codeBlock#16 
[Elysia/DEBUG] Performing: load_local localVar#6 
[Elysia/DEBUG] Performing: load_local localVar#1 
[Elysia/DEBUG] Performing: load_member index(1) 
[Elysia/DEBUG] Increasing refcount of unsigned object
[Elysia/DEBUG] Address: 0x159804180
[Elysia/DEBUG] Performing: basic_cast_int 
[Elysia/DEBUG] Decreasing refcount of unsigned object
[Elysia/DEBUG] Address: 0x159804180
[Elysia/DEBUG] Performing: equal 
[Elysia/DEBUG] Performing: jump_if_true codeBlock#19 
[Elysia/DEBUG] Performing: jump codeBlock#20 
[Elysia/DEBUG] Performing: jump codeBlock#12 
[Elysia/DEBUG] Performing: load_local localVar#5 
[Elysia/DEBUG] Increasing refcount of int object
[Elysia/DEBUG] Address: 0x1598044c0
[Elysia/DEBUG] Performing: load_local localVar#0 
[Elysia/DEBUG] Performing: load_member index(1) 
[Elysia/DEBUG] Increasing refcount of unsigned object
[Elysia/DEBUG] Address: 0x159804290
[Elysia/DEBUG] Performing: basic_cast_int 
[Elysia/DEBUG] Decreasing refcount of unsigned object
[Elysia/DEBUG] Address: 0x159804290
[Elysia/DEBUG] Performing: less_than 
[Elysia/DEBUG] Decreasing refcount of int object
[Elysia/DEBUG] Address: 0x1598044c0
[Elysia/DEBUG] Performing: jump_if_true codeBlock#13 
[Elysia/DEBUG] Performing: load_local localVar#0 
[Elysia/DEBUG] Performing: load_local localVar#5 
[Elysia/DEBUG] Increasing refcount of int object
[Elysia/DEBUG] Address: 0x1598044c0
[Elysia/DEBUG] Performing: invoke index(3782547968) index(37) index(2) 
[Elysia/DEBUG] Entering function 1_Str::operator[]#struct#1#0#int
[Elysia/DEBUG] Performing: load_local localVar#1 
[Elysia/DEBUG] Increasing refcount of int object
[Elysia/DEBUG] Address: 0x1598044c0
[Elysia/DEBUG] Performing: push_integer int(0) 
[Elysia/DEBUG] Performing: less_than 
[Elysia/DEBUG] Decreasing refcount of int object
[Elysia/DEBUG] Address: 0x1598044c0
[Elysia/DEBUG] Performing: jump_if_true codeBlock#1 
[Elysia/DEBUG] Performing: load_local localVar#1 
[Elysia/DEBUG] Increasing refcount of int object
[Elysia/DEBUG] Address: 0x1598044c0
[Elysia/DEBUG] Performing: load_local localVar#0 
[Elysia/DEBUG] Performing: load_member index(1) 
[Elysia/DEBUG] Increasing refcount of unsigned object
[Elysia/DEBUG] Address: 0x159804290
[Elysia/DEBUG] Performing: basic_cast_int 
[Elysia/DEBUG] Decreasing refcount of unsigned object
[Elysia/DEBUG] Address: 0x159804290
[Elysia/DEBUG] Performing: greater_equal 
[Elysia/DEBUG] Decreasing refcount of int object
[Elysia/DEBUG] Address: 0x1598044c0
[Elysia/DEBUG] Performing: jump_if_true codeBlock#1 
[Elysia/DEBUG] Performing: jump codeBlock#2 
[Elysia/DEBUG] Performing: push_boolean bool(false) 
[Elysia/DEBUG] Performing: jump codeBlock#3 
[Elysia/DEBUG] Performing: jump_if_true codeBlock#4 
[Elysia/DEBUG] Performing: jump codeBlock#5 
[Elysia/DEBUG] Performing: load_local localVar#0 
[Elysia/DEBUG] Performing: load_member index(0) 
[Elysia/DEBUG] Entering function array_char[]_gc_refcount_increase
[Elysia/DEBUG] Performing: load_local localVar#1 
[Elysia/DEBUG] Increasing refcount of int object
[Elysia/DEBUG] Address: 0x1598044c0
[Elysia/DEBUG] Performing: basic_cast_unsigned 
[Elysia/DEBUG] Decreasing refcount of int object
[Elysia/DEBUG] Address: 0x1598044c0
[Elysia/DEBUG] Performing: load_element 
[Elysia/DEBUG] Entering function array_char[]_gc_refcount_decrease
[Elysia/DEBUG] Performing: ret 
[Elysia/DEBUG] Decreasing refcount of int object
[Elysia/DEBUG] Address: 0x1598044c0
[Elysia/DEBUG] Performing: load_local localVar#1 
[Elysia/DEBUG] Performing: load_local localVar#6 
[Elysia/DEBUG] Performing: invoke index(3782547968) index(37) index(2) 
[Elysia/DEBUG] Entering function 1_Str::operator[]#struct#1#0#int
[Elysia/DEBUG] Performing: load_local localVar#1 
[Elysia/DEBUG] Increasing refcount of int object
[Elysia/DEBUG] Address: 0x159804460
[Elysia/DEBUG] Performing: push_integer int(0) 
[Elysia/DEBUG] Performing: less_than 
[Elysia/DEBUG] Decreasing refcount of int object
[Elysia/DEBUG] Address: 0x159804460
[Elysia/DEBUG] Performing: jump_if_true codeBlock#1 
[Elysia/DEBUG] Performing: load_local localVar#1 
[Elysia/DEBUG] Increasing refcount of int object
[Elysia/DEBUG] Address: 0x159804460
[Elysia/DEBUG] Performing: load_local localVar#0 
[Elysia/DEBUG] Performing: load_member index(1) 
[Elysia/DEBUG] Increasing refcount of unsigned object
[Elysia/DEBUG] Address: 0x159804180
[Elysia/DEBUG] Performing: basic_cast_int 
[Elysia/DEBUG] Decreasing refcount of unsigned object
[Elysia/DEBUG] Address: 0x159804180
[Elysia/DEBUG] Performing: greater_equal 
[Elysia/DEBUG] Decreasing refcount of int object
[Elysia/DEBUG] Address: 0x159804460
[Elysia/DEBUG] Performing: jump_if_true codeBlock#1 
[Elysia/DEBUG] Performing: jump codeBlock#2 
[Elysia/DEBUG] Performing: push_boolean bool(false) 
[Elysia/DEBUG] Performing: jump codeBlock#3 
[Elysia/DEBUG] Performing: jump_if_true codeBlock#4 
[Elysia/DEBUG] Performing: jump codeBlock#5 
[Elysia/DEBUG] Performing: load_local localVar#0 
[Elysia/DEBUG] Performing: load_member index(0) 
[Elysia/DEBUG] Entering function array_char[]_gc_refcount_increase
[Elysia/DEBUG] Performing: load_local localVar#1 
[Elysia/DEBUG] Increasing refcount of int object
[Elysia/DEBUG] Address: 0x159804460
[Elysia/DEBUG] Performing: basic_cast_unsigned 
[Elysia/DEBUG] Decreasing refcount of int object
[Elysia/DEBUG] Address: 0x159804460
[Elysia/DEBUG] Performing: load_element 
[Elysia/DEBUG] Entering function array_char[]_gc_refcount_decrease
[Elysia/DEBUG] Performing: ret 
[Elysia/DEBUG] Decreasing refcount of int object
[Elysia/DEBUG] Address: 0x159804460
[Elysia/DEBUG] Performing: equal 
[Elysia/DEBUG] Decreasing refcount of char object
[Elysia/DEBUG] Address: 0x1598044e0
[Elysia/DEBUG] Decreasing refcount of char object
[Elysia/DEBUG] Address: 0x159804460
[Elysia/DEBUG] Performing: jump_if_true codeBlock#15 
[Elysia/DEBUG] Performing: load_local localVar#6 
[Elysia/DEBUG] Performing: push_integer int(0) 
[Elysia/DEBUG] Performing: greater_than 
[Elysia/DEBUG] Performing: jump_if_true codeBlock#17 
[Elysia/DEBUG] Performing: jump codeBlock#18 
[Elysia/DEBUG] Performing: load_local localVar#5 
[Elysia/DEBUG] Increasing refcount of int object
[Elysia/DEBUG] Address: 0x1598044c0
[Elysia/DEBUG] Performing: push_integer int(1) 
[Elysia/DEBUG] Performing: add 
[Elysia/DEBUG] Decreasing refcount of int object
[Elysia/DEBUG] Address: 0x1598044c0
[Elysia/DEBUG] Performing: store_local localVar#5 
[Elysia/DEBUG] Decreasing refcount of int object
[Elysia/DEBUG] Address: 0x1598044c0
[Elysia/DEBUG] Performing: jump codeBlock#16 
[Elysia/DEBUG] Performing: load_local localVar#6 
[Elysia/DEBUG] Performing: load_local localVar#1 
[Elysia/DEBUG] Performing: load_member index(1) 
[Elysia/DEBUG] Increasing refcount of unsigned object
[Elysia/DEBUG] Address: 0x159804180
[Elysia/DEBUG] Performing: basic_cast_int 
[Elysia/DEBUG] Decreasing refcount of unsigned object
[Elysia/DEBUG] Address: 0x159804180
[Elysia/DEBUG] Performing: equal 
[Elysia/DEBUG] Performing: jump_if_true codeBlock#19 
[Elysia/DEBUG] Performing: jump codeBlock#20 
[Elysia/DEBUG] Performing: jump codeBlock#12 
[Elysia/DEBUG] Performing: load_local localVar#5 
[Elysia/DEBUG] Increasing refcount of int object
[Elysia/DEBUG] Address: 0x1598044c0
[Elysia/DEBUG] Performing: load_local localVar#0 
[Elysia/DEBUG] Performing: load_member index(1) 
[Elysia/DEBUG] Increasing refcount of unsigned object
[Elysia/DEBUG] Address: 0x159804290
[Elysia/DEBUG] Performing: basic_cast_int 
[Elysia/DEBUG] Decreasing refcount of unsigned object
[Elysia/DEBUG] Address: 0x159804290
[Elysia/DEBUG] Performing: less_than 
[Elysia/DEBUG] Decreasing refcount of int object
[Elysia/DEBUG] Address: 0x1598044c0
[Elysia/DEBUG] Performing: jump_if_true codeBlock#13 
[Elysia/DEBUG] Performing: load_local localVar#0 
[Elysia/DEBUG] Performing: load_local localVar#5 
[Elysia/DEBUG] Increasing refcount of int object
[Elysia/DEBUG] Address: 0x1598044c0
[Elysia/DEBUG] Performing: invoke index(3782547968) index(37) index(2) 
[Elysia/DEBUG] Entering function 1_Str::operator[]#struct#1#0#int
[Elysia/DEBUG] Performing: load_local localVar#1 
[Elysia/DEBUG] Increasing refcount of int object
[Elysia/DEBUG] Address: 0x1598044c0
[Elysia/DEBUG] Performing: push_integer int(0) 
[Elysia/DEBUG] Performing: less_than 
[Elysia/DEBUG] Decreasing refcount of int object
[Elysia/DEBUG] Address: 0x1598044c0
[Elysia/DEBUG] Performing: jump_if_true codeBlock#1 
[Elysia/DEBUG] Performing: load_local localVar#1 
[Elysia/DEBUG] Increasing refcount of int object
[Elysia/DEBUG] Address: 0x1598044c0
[Elysia/DEBUG] Performing: load_local localVar#0 
[Elysia/DEBUG] Performing: load_member index(1) 
[Elysia/DEBUG] Increasing refcount of unsigned object
[Elysia/DEBUG] Address: 0x159804290
[Elysia/DEBUG] Performing: basic_cast_int 
[Elysia/DEBUG] Decreasing refcount of unsigned object
[Elysia/DEBUG] Address: 0x159804290
[Elysia/DEBUG] Performing: greater_equal 
[Elysia/DEBUG] Decreasing refcount of int object
[Elysia/DEBUG] Address: 0x1598044c0
[Elysia/DEBUG] Performing: jump_if_true codeBlock#1 
[Elysia/DEBUG] Performing: jump codeBlock#2 
[Elysia/DEBUG] Performing: push_boolean bool(false) 
[Elysia/DEBUG] Performing: jump codeBlock#3 
[Elysia/DEBUG] Performing: jump_if_true codeBlock#4 
[Elysia/DEBUG] Performing: jump codeBlock#5 
[Elysia/DEBUG] Performing: load_local localVar#0 
[Elysia/DEBUG] Performing: load_member index(0) 
[Elysia/DEBUG] Entering function array_char[]_gc_refcount_increase
[Elysia/DEBUG] Performing: load_local localVar#1 
[Elysia/DEBUG] Increasing refcount of int object
[Elysia/DEBUG] Address: 0x1598044c0
[Elysia/DEBUG] Performing: basic_cast_unsigned 
[Elysia/DEBUG] Decreasing refcount of int object
[Elysia/DEBUG] Address: 0x1598044c0
[Elysia/DEBUG] Performing: load_element 
[Elysia/DEBUG] Entering function array_char[]_gc_refcount_decrease
[Elysia/DEBUG] Performing: ret 
[Elysia/DEBUG] Decreasing refcount of int object
[Elysia/DEBUG] Address: 0x1598044c0
[Elysia/DEBUG] Performing: load_local localVar#1 
[Elysia/DEBUG] Performing: load_local localVar#6 
[Elysia/DEBUG] Performing: invoke index(3782547968) index(37) index(2) 
[Elysia/DEBUG] Entering function 1_Str::operator[]#struct#1#0#int
[Elysia/DEBUG] Performing: load_local localVar#1 
[Elysia/DEBUG] Increasing refcount of int object
[Elysia/DEBUG] Address: 0x1598044e0
[Elysia/DEBUG] Performing: push_integer int(0) 
[Elysia/DEBUG] Performing: less_than 
[Elysia/DEBUG] Decreasing refcount of int object
[Elysia/DEBUG] Address: 0x1598044e0
[Elysia/DEBUG] Performing: jump_if_true codeBlock#1 
[Elysia/DEBUG] Performing: load_local localVar#1 
[Elysia/DEBUG] Increasing refcount of int object
[Elysia/DEBUG] Address: 0x1598044e0
[Elysia/DEBUG] Performing: load_local localVar#0 
[Elysia/DEBUG] Performing: load_member index(1) 
[Elysia/DEBUG] Increasing refcount of unsigned object
[Elysia/DEBUG] Address: 0x159804180
[Elysia/DEBUG] Performing: basic_cast_int 
[Elysia/DEBUG] Decreasing refcount of unsigned object
[Elysia/DEBUG] Address: 0x159804180
[Elysia/DEBUG] Performing: greater_equal 
[Elysia/DEBUG] Decreasing refcount of int object
[Elysia/DEBUG] Address: 0x1598044e0
[Elysia/DEBUG] Performing: jump_if_true codeBlock#1 
[Elysia/DEBUG] Performing: jump codeBlock#2 
[Elysia/DEBUG] Performing: push_boolean bool(false) 
[Elysia/DEBUG] Performing: jump codeBlock#3 
[Elysia/DEBUG] Performing: jump_if_true codeBlock#4 
[Elysia/DEBUG] Performing: jump codeBlock#5 
[Elysia/DEBUG] Performing: load_local localVar#0 
[Elysia/DEBUG] Performing: load_member index(0) 
[Elysia/DEBUG] Entering function array_char[]_gc_refcount_increase
[Elysia/DEBUG] Performing: load_local localVar#1 
[Elysia/DEBUG] Increasing refcount of int object
[Elysia/DEBUG] Address: 0x1598044e0
[Elysia/DEBUG] Performing: basic_cast_unsigned 
[Elysia/DEBUG] Decreasing refcount of int object
[Elysia/DEBUG] Address: 0x1598044e0
[Elysia/DEBUG] Performing: load_element 
[Elysia/DEBUG] Entering function array_char[]_gc_refcount_decrease
[Elysia/DEBUG] Performing: ret 
[Elysia/DEBUG] Decreasing refcount of int object
[Elysia/DEBUG] Address: 0x1598044e0
[Elysia/DEBUG] Performing: equal 
[Elysia/DEBUG] Decreasing refcount of char object
[Elysia/DEBUG] Address: 0x159804460
[Elysia/DEBUG] Decreasing refcount of char object
[Elysia/DEBUG] Address: 0x1598044e0
[Elysia/DEBUG] Performing: jump_if_true codeBlock#15 
[Elysia/DEBUG] Performing: load_local localVar#6 
[Elysia/DEBUG] Performing: push_integer int(0) 
[Elysia/DEBUG] Performing: greater_than 
[Elysia/DEBUG] Performing: jump_if_true codeBlock#17 
[Elysia/DEBUG] Performing: jump codeBlock#18 
[Elysia/DEBUG] Performing: load_local localVar#5 
[Elysia/DEBUG] Increasing refcount of int object
[Elysia/DEBUG] Address: 0x1598044c0
[Elysia/DEBUG] Performing: push_integer int(1) 
[Elysia/DEBUG] Performing: add 
[Elysia/DEBUG] Decreasing refcount of int object
[Elysia/DEBUG] Address: 0x1598044c0
[Elysia/DEBUG] Performing: store_local localVar#5 
[Elysia/DEBUG] Decreasing refcount of int object
[Elysia/DEBUG] Address: 0x1598044c0
[Elysia/DEBUG] Performing: jump codeBlock#16 
[Elysia/DEBUG] Performing: load_local localVar#6 
[Elysia/DEBUG] Performing: load_local localVar#1 
[Elysia/DEBUG] Performing: load_member index(1) 
[Elysia/DEBUG] Increasing refcount of unsigned object
[Elysia/DEBUG] Address: 0x159804180
[Elysia/DEBUG] Performing: basic_cast_int 
[Elysia/DEBUG] Decreasing refcount of unsigned object
[Elysia/DEBUG] Address: 0x159804180
[Elysia/DEBUG] Performing: equal 
[Elysia/DEBUG] Performing: jump_if_true codeBlock#19 
[Elysia/DEBUG] Performing: jump codeBlock#20 
[Elysia/DEBUG] Performing: jump codeBlock#12 
[Elysia/DEBUG] Performing: load_local localVar#5 
[Elysia/DEBUG] Increasing refcount of int object
[Elysia/DEBUG] Address: 0x1598044c0
[Elysia/DEBUG] Performing: load_local localVar#0 
[Elysia/DEBUG] Performing: load_member index(1) 
[Elysia/DEBUG] Increasing refcount of unsigned object
[Elysia/DEBUG] Address: 0x159804290
[Elysia/DEBUG] Performing: basic_cast_int 
[Elysia/DEBUG] Decreasing refcount of unsigned object
[Elysia/DEBUG] Address: 0x159804290
[Elysia/DEBUG] Performing: less_than 
[Elysia/DEBUG] Decreasing refcount of int object
[Elysia/DEBUG] Address: 0x1598044c0
[Elysia/DEBUG] Performing: jump_if_true codeBlock#13 
[Elysia/DEBUG] Performing: load_local localVar#0 
[Elysia/DEBUG] Performing: load_local localVar#5 
[Elysia/DEBUG] Increasing refcount of int object
[Elysia/DEBUG] Address: 0x1598044c0
[Elysia/DEBUG] Performing: invoke index(3782547968) index(37) index(2) 
[Elysia/DEBUG] Entering function 1_Str::operator[]#struct#1#0#int
[Elysia/DEBUG] Performing: load_local localVar#1 
[Elysia/DEBUG] Increasing refcount of int object
[Elysia/DEBUG] Address: 0x1598044c0
[Elysia/DEBUG] Performing: push_integer int(0) 
[Elysia/DEBUG] Performing: less_than 
[Elysia/DEBUG] Decreasing refcount of int object
[Elysia/DEBUG] Address: 0x1598044c0
[Elysia/DEBUG] Performing: jump_if_true codeBlock#1 
[Elysia/DEBUG] Performing: load_local localVar#1 
[Elysia/DEBUG] Increasing refcount of int object
[Elysia/DEBUG] Address: 0x1598044c0
[Elysia/DEBUG] Performing: load_local localVar#0 
[Elysia/DEBUG] Performing: load_member index(1) 
[Elysia/DEBUG] Increasing refcount of unsigned object
[Elysia/DEBUG] Address: 0x159804290
[Elysia/DEBUG] Performing: basic_cast_int 
[Elysia/DEBUG] Decreasing refcount of unsigned object
[Elysia/DEBUG] Address: 0x159804290
[Elysia/DEBUG] Performing: greater_equal 
[Elysia/DEBUG] Decreasing refcount of int object
[Elysia/DEBUG] Address: 0x1598044c0
[Elysia/DEBUG] Performing: jump_if_true codeBlock#1 
[Elysia/DEBUG] Performing: jump codeBlock#2 
[Elysia/DEBUG] Performing: push_boolean bool(false) 
[Elysia/DEBUG] Performing: jump codeBlock#3 
[Elysia/DEBUG] Performing: jump_if_true codeBlock#4 
[Elysia/DEBUG] Performing: jump codeBlock#5 
[Elysia/DEBUG] Performing: load_local localVar#0 
[Elysia/DEBUG] Performing: load_member index(0) 
[Elysia/DEBUG] Entering function array_char[]_gc_refcount_increase
[Elysia/DEBUG] Performing: load_local localVar#1 
[Elysia/DEBUG] Increasing refcount of int object
[Elysia/DEBUG] Address: 0x1598044c0
[Elysia/DEBUG] Performing: basic_cast_unsigned 
[Elysia/DEBUG] Decreasing refcount of int object
[Elysia/DEBUG] Address: 0x1598044c0
[Elysia/DEBUG] Performing: load_element 
[Elysia/DEBUG] Entering function array_char[]_gc_refcount_decrease
[Elysia/DEBUG] Performing: ret 
[Elysia/DEBUG] Decreasing refcount of int object
[Elysia/DEBUG] Address: 0x1598044c0
[Elysia/DEBUG] Performing: load_local localVar#1 
[Elysia/DEBUG] Performing: load_local localVar#6 
[Elysia/DEBUG] Performing: invoke index(3782547968) index(37) index(2) 
[Elysia/DEBUG] Entering function 1_Str::operator[]#struct#1#0#int
[Elysia/DEBUG] Performing: load_local localVar#1 
[Elysia/DEBUG] Increasing refcount of int object
[Elysia/DEBUG] Address: 0x159804460
[Elysia/DEBUG] Performing: push_integer int(0) 
[Elysia/DEBUG] Performing: less_than 
[Elysia/DEBUG] Decreasing refcount of int object
[Elysia/DEBUG] Address: 0x159804460
[Elysia/DEBUG] Performing: jump_if_true codeBlock#1 
[Elysia/DEBUG] Performing: load_local localVar#1 
[Elysia/DEBUG] Increasing refcount of int object
[Elysia/DEBUG] Address: 0x159804460
[Elysia/DEBUG] Performing: load_local localVar#0 
[Elysia/DEBUG] Performing: load_member index(1) 
[Elysia/DEBUG] Increasing refcount of unsigned object
[Elysia/DEBUG] Address: 0x159804180
[Elysia/DEBUG] Performing: basic_cast_int 
[Elysia/DEBUG] Decreasing refcount of unsigned object
[Elysia/DEBUG] Address: 0x159804180
[Elysia/DEBUG] Performing: greater_equal 
[Elysia/DEBUG] Decreasing refcount of int object
[Elysia/DEBUG] Address: 0x159804460
[Elysia/DEBUG] Performing: jump_if_true codeBlock#1 
[Elysia/DEBUG] Performing: jump codeBlock#2 
[Elysia/DEBUG] Performing: push_boolean bool(false) 
[Elysia/DEBUG] Performing: jump codeBlock#3 
[Elysia/DEBUG] Performing: jump_if_true codeBlock#4 
[Elysia/DEBUG] Performing: jump codeBlock#5 
[Elysia/DEBUG] Performing: load_local localVar#0 
[Elysia/DEBUG] Performing: load_member index(0) 
[Elysia/DEBUG] Entering function array_char[]_gc_refcount_increase
[Elysia/DEBUG] Performing: load_local localVar#1 
[Elysia/DEBUG] Increasing refcount of int object
[Elysia/DEBUG] Address: 0x159804460
[Elysia/DEBUG] Performing: basic_cast_unsigned 
[Elysia/DEBUG] Decreasing refcount of int object
[Elysia/DEBUG] Address: 0x159804460
[Elysia/DEBUG] Performing: load_element 
[Elysia/DEBUG] Entering function array_char[]_gc_refcount_decrease
[Elysia/DEBUG] Performing: ret 
[Elysia/DEBUG] Decreasing refcount of int object
[Elysia/DEBUG] Address: 0x159804460
[Elysia/DEBUG] Performing: equal 
[Elysia/DEBUG] Decreasing refcount of char object
[Elysia/DEBUG] Address: 0x1598044e0
[Elysia/DEBUG] Decreasing refcount of char object
[Elysia/DEBUG] Address: 0x159804460
[Elysia/DEBUG] Performing: jump_if_true codeBlock#15 
[Elysia/DEBUG] Performing: load_local localVar#6 
[Elysia/DEBUG] Performing: push_integer int(0) 
[Elysia/DEBUG] Performing: greater_than 
[Elysia/DEBUG] Performing: jump_if_true codeBlock#17 
[Elysia/DEBUG] Performing: jump codeBlock#18 
[Elysia/DEBUG] Performing: load_local localVar#5 
[Elysia/DEBUG] Increasing refcount of int object
[Elysia/DEBUG] Address: 0x1598044c0
[Elysia/DEBUG] Performing: push_integer int(1) 
[Elysia/DEBUG] Performing: add 
[Elysia/DEBUG] Decreasing refcount of int object
[Elysia/DEBUG] Address: 0x1598044c0
[Elysia/DEBUG] Performing: store_local localVar#5 
[Elysia/DEBUG] Decreasing refcount of int object
[Elysia/DEBUG] Address: 0x1598044c0
[Elysia/DEBUG] Performing: jump codeBlock#16 
[Elysia/DEBUG] Performing: load_local localVar#6 
[Elysia/DEBUG] Performing: load_local localVar#1 
[Elysia/DEBUG] Performing: load_member index(1) 
[Elysia/DEBUG] Increasing refcount of unsigned object
[Elysia/DEBUG] Address: 0x159804180
[Elysia/DEBUG] Performing: basic_cast_int 
[Elysia/DEBUG] Decreasing refcount of unsigned object
[Elysia/DEBUG] Address: 0x159804180
[Elysia/DEBUG] Performing: equal 
[Elysia/DEBUG] Performing: jump_if_true codeBlock#19 
[Elysia/DEBUG] Performing: jump codeBlock#20 
[Elysia/DEBUG] Performing: jump codeBlock#12 
[Elysia/DEBUG] Performing: load_local localVar#5 
[Elysia/DEBUG] Increasing refcount of int object
[Elysia/DEBUG] Address: 0x1598044c0
[Elysia/DEBUG] Performing: load_local localVar#0 
[Elysia/DEBUG] Performing: load_member index(1) 
[Elysia/DEBUG] Increasing refcount of unsigned object
[Elysia/DEBUG] Address: 0x159804290
[Elysia/DEBUG] Performing: basic_cast_int 
[Elysia/DEBUG] Decreasing refcount of unsigned object
[Elysia/DEBUG] Address: 0x159804290
[Elysia/DEBUG] Performing: less_than 
[Elysia/DEBUG] Decreasing refcount of int object
[Elysia/DEBUG] Address: 0x1598044c0
[Elysia/DEBUG] Performing: jump_if_true codeBlock#13 
[Elysia/DEBUG] Performing: load_local localVar#0 
[Elysia/DEBUG] Performing: load_local localVar#5 
[Elysia/DEBUG] Increasing refcount of int object
[Elysia/DEBUG] Address: 0x1598044c0
[Elysia/DEBUG] Performing: invoke index(3782547968) index(37) index(2) 
[Elysia/DEBUG] Entering function 1_Str::operator[]#struct#1#0#int
[Elysia/DEBUG] Performing: load_local localVar#1 
[Elysia/DEBUG] Increasing refcount of int object
[Elysia/DEBUG] Address: 0x1598044c0
[Elysia/DEBUG] Performing: push_integer int(0) 
[Elysia/DEBUG] Performing: less_than 
[Elysia/DEBUG] Decreasing refcount of int object
[Elysia/DEBUG] Address: 0x1598044c0
[Elysia/DEBUG] Performing: jump_if_true codeBlock#1 
[Elysia/DEBUG] Performing: load_local localVar#1 
[Elysia/DEBUG] Increasing refcount of int object
[Elysia/DEBUG] Address: 0x1598044c0
[Elysia/DEBUG] Performing: load_local localVar#0 
[Elysia/DEBUG] Performing: load_member index(1) 
[Elysia/DEBUG] Increasing refcount of unsigned object
[Elysia/DEBUG] Address: 0x159804290
[Elysia/DEBUG] Performing: basic_cast_int 
[Elysia/DEBUG] Decreasing refcount of unsigned object
[Elysia/DEBUG] Address: 0x159804290
[Elysia/DEBUG] Performing: greater_equal 
[Elysia/DEBUG] Decreasing refcount of int object
[Elysia/DEBUG] Address: 0x1598044c0
[Elysia/DEBUG] Performing: jump_if_true codeBlock#1 
[Elysia/DEBUG] Performing: jump codeBlock#2 
[Elysia/DEBUG] Performing: push_boolean bool(false) 
[Elysia/DEBUG] Performing: jump codeBlock#3 
[Elysia/DEBUG] Performing: jump_if_true codeBlock#4 
[Elysia/DEBUG] Performing: jump codeBlock#5 
[Elysia/DEBUG] Performing: load_local localVar#0 
[Elysia/DEBUG] Performing: load_member index(0) 
[Elysia/DEBUG] Entering function array_char[]_gc_refcount_increase
[Elysia/DEBUG] Performing: load_local localVar#1 
[Elysia/DEBUG] Increasing refcount of int object
[Elysia/DEBUG] Address: 0x1598044c0
[Elysia/DEBUG] Performing: basic_cast_unsigned 
[Elysia/DEBUG] Decreasing refcount of int object
[Elysia/DEBUG] Address: 0x1598044c0
[Elysia/DEBUG] Performing: load_element 
[Elysia/DEBUG] Entering function array_char[]_gc_refcount_decrease
[Elysia/DEBUG] Performing: ret 
[Elysia/DEBUG] Decreasing refcount of int object
[Elysia/DEBUG] Address: 0x1598044c0
[Elysia/DEBUG] Performing: load_local localVar#1 
[Elysia/DEBUG] Performing: load_local localVar#6 
[Elysia/DEBUG] Performing: invoke index(3782547968) index(37) index(2) 
[Elysia/DEBUG] Entering function 1_Str::operator[]#struct#1#0#int
[Elysia/DEBUG] Performing: load_local localVar#1 
[Elysia/DEBUG] Increasing refcount of int object
[Elysia/DEBUG] Address: 0x1598044e0
[Elysia/DEBUG] Performing: push_integer int(0) 
[Elysia/DEBUG] Performing: less_than 
[Elysia/DEBUG] Decreasing refcount of int object
[Elysia/DEBUG] Address: 0x1598044e0
[Elysia/DEBUG] Performing: jump_if_true codeBlock#1 
[Elysia/DEBUG] Performing: load_local localVar#1 
[Elysia/DEBUG] Increasing refcount of int object
[Elysia/DEBUG] Address: 0x1598044e0
[Elysia/DEBUG] Performing: load_local localVar#0 
[Elysia/DEBUG] Performing: load_member index(1) 
[Elysia/DEBUG] Increasing refcount of unsigned object
[Elysia/DEBUG] Address: 0x159804180
[Elysia/DEBUG] Performing: basic_cast_int 
[Elysia/DEBUG] Decreasing refcount of unsigned object
[Elysia/DEBUG] Address: 0x159804180
[Elysia/DEBUG] Performing: greater_equal 
[Elysia/DEBUG] Decreasing refcount of int object
[Elysia/DEBUG] Address: 0x1598044e0
[Elysia/DEBUG] Performing: jump_if_true codeBlock#1 
[Elysia/DEBUG] Performing: jump codeBlock#2 
[Elysia/DEBUG] Performing: push_boolean bool(false) 
[Elysia/DEBUG] Performing: jump codeBlock#3 
[Elysia/DEBUG] Performing: jump_if_true codeBlock#4 
[Elysia/DEBUG] Performing: jump codeBlock#5 
[Elysia/DEBUG] Performing: load_local localVar#0 
[Elysia/DEBUG] Performing: load_member index(0) 
[Elysia/DEBUG] Entering function array_char[]_gc_refcount_increase
[Elysia/DEBUG] Performing: load_local localVar#1 
[Elysia/DEBUG] Increasing refcount of int object
[Elysia/DEBUG] Address: 0x1598044e0
[Elysia/DEBUG] Performing: basic_cast_unsigned 
[Elysia/DEBUG] Decreasing refcount of int object
[Elysia/DEBUG] Address: 0x1598044e0
[Elysia/DEBUG] Performing: load_element 
[Elysia/DEBUG] Entering function array_char[]_gc_refcount_decrease
[Elysia/DEBUG] Performing: ret 
[Elysia/DEBUG] Decreasing refcount of int object
[Elysia/DEBUG] Address: 0x1598044e0
[Elysia/DEBUG] Performing: equal 
[Elysia/DEBUG] Decreasing refcount of char object
[Elysia/DEBUG] Address: 0x159804460
[Elysia/DEBUG] Decreasing refcount of char object
[Elysia/DEBUG] Address: 0x1598044e0
[Elysia/DEBUG] Performing: jump_if_true codeBlock#15 
[Elysia/DEBUG] Performing: load_local localVar#6 
[Elysia/DEBUG] Performing: push_integer int(0) 
[Elysia/DEBUG] Performing: greater_than 
[Elysia/DEBUG] Performing: jump_if_true codeBlock#17 
[Elysia/DEBUG] Performing: jump codeBlock#18 
[Elysia/DEBUG] Performing: load_local localVar#5 
[Elysia/DEBUG] Increasing refcount of int object
[Elysia/DEBUG] Address: 0x1598044c0
[Elysia/DEBUG] Performing: push_integer int(1) 
[Elysia/DEBUG] Performing: add 
[Elysia/DEBUG] Decreasing refcount of int object
[Elysia/DEBUG] Address: 0x1598044c0
[Elysia/DEBUG] Performing: store_local localVar#5 
[Elysia/DEBUG] Decreasing refcount of int object
[Elysia/DEBUG] Address: 0x1598044c0
[Elysia/DEBUG] Performing: jump codeBlock#16 
[Elysia/DEBUG] Performing: load_local localVar#6 
[Elysia/DEBUG] Performing: load_local localVar#1 
[Elysia/DEBUG] Performing: load_member index(1) 
[Elysia/DEBUG] Increasing refcount of unsigned object
[Elysia/DEBUG] Address: 0x159804180
[Elysia/DEBUG] Performing: basic_cast_int 
[Elysia/DEBUG] Decreasing refcount of unsigned object
[Elysia/DEBUG] Address: 0x159804180
[Elysia/DEBUG] Performing: equal 
[Elysia/DEBUG] Performing: jump_if_true codeBlock#19 
[Elysia/DEBUG] Performing: jump codeBlock#20 
[Elysia/DEBUG] Performing: jump codeBlock#12 
[Elysia/DEBUG] Performing: load_local localVar#5 
[Elysia/DEBUG] Increasing refcount of int object
[Elysia/DEBUG] Address: 0x1598044c0
[Elysia/DEBUG] Performing: load_local localVar#0 
[Elysia/DEBUG] Performing: load_member index(1) 
[Elysia/DEBUG] Increasing refcount of unsigned object
[Elysia/DEBUG] Address: 0x159804290
[Elysia/DEBUG] Performing: basic_cast_int 
[Elysia/DEBUG] Decreasing refcount of unsigned object
[Elysia/DEBUG] Address: 0x159804290
[Elysia/DEBUG] Performing: less_than 
[Elysia/DEBUG] Decreasing refcount of int object
[Elysia/DEBUG] Address: 0x1598044c0
[Elysia/DEBUG] Performing: jump_if_true codeBlock#13 
[Elysia/DEBUG] Performing: load_local localVar#0 
[Elysia/DEBUG] Performing: load_local localVar#5 
[Elysia/DEBUG] Increasing refcount of int object
[Elysia/DEBUG] Address: 0x1598044c0
[Elysia/DEBUG] Performing: invoke index(3782547968) index(37) index(2) 
[Elysia/DEBUG] Entering function 1_Str::operator[]#struct#1#0#int
[Elysia/DEBUG] Performing: load_local localVar#1 
[Elysia/DEBUG] Increasing refcount of int object
[Elysia/DEBUG] Address: 0x1598044c0
[Elysia/DEBUG] Performing: push_integer int(0) 
[Elysia/DEBUG] Performing: less_than 
[Elysia/DEBUG] Decreasing refcount of int object
[Elysia/DEBUG] Address: 0x1598044c0
[Elysia/DEBUG] Performing: jump_if_true codeBlock#1 
[Elysia/DEBUG] Performing: load_local localVar#1 
[Elysia/DEBUG] Increasing refcount of int object
[Elysia/DEBUG] Address: 0x1598044c0
[Elysia/DEBUG] Performing: load_local localVar#0 
[Elysia/DEBUG] Performing: load_member index(1) 
[Elysia/DEBUG] Increasing refcount of unsigned object
[Elysia/DEBUG] Address: 0x159804290
[Elysia/DEBUG] Performing: basic_cast_int 
[Elysia/DEBUG] Decreasing refcount of unsigned object
[Elysia/DEBUG] Address: 0x159804290
[Elysia/DEBUG] Performing: greater_equal 
[Elysia/DEBUG] Decreasing refcount of int object
[Elysia/DEBUG] Address: 0x1598044c0
[Elysia/DEBUG] Performing: jump_if_true codeBlock#1 
[Elysia/DEBUG] Performing: jump codeBlock#2 
[Elysia/DEBUG] Performing: push_boolean bool(false) 
[Elysia/DEBUG] Performing: jump codeBlock#3 
[Elysia/DEBUG] Performing: jump_if_true codeBlock#4 
[Elysia/DEBUG] Performing: jump codeBlock#5 
[Elysia/DEBUG] Performing: load_local localVar#0 
[Elysia/DEBUG] Performing: load_member index(0) 
[Elysia/DEBUG] Entering function array_char[]_gc_refcount_increase
[Elysia/DEBUG] Performing: load_local localVar#1 
[Elysia/DEBUG] Increasing refcount of int object
[Elysia/DEBUG] Address: 0x1598044c0
[Elysia/DEBUG] Performing: basic_cast_unsigned 
[Elysia/DEBUG] Decreasing refcount of int object
[Elysia/DEBUG] Address: 0x1598044c0
[Elysia/DEBUG] Performing: load_element 
[Elysia/DEBUG] Entering function array_char[]_gc_refcount_decrease
[Elysia/DEBUG] Performing: ret 
[Elysia/DEBUG] Decreasing refcount of int object
[Elysia/DEBUG] Address: 0x1598044c0
[Elysia/DEBUG] Performing: load_local localVar#1 
[Elysia/DEBUG] Performing: load_local localVar#6 
[Elysia/DEBUG] Performing: invoke index(3782547968) index(37) index(2) 
[Elysia/DEBUG] Entering function 1_Str::operator[]#struct#1#0#int
[Elysia/DEBUG] Performing: load_local localVar#1 
[Elysia/DEBUG] Increasing refcount of int object
[Elysia/DEBUG] Address: 0x159804460
[Elysia/DEBUG] Performing: push_integer int(0) 
[Elysia/DEBUG] Performing: less_than 
[Elysia/DEBUG] Decreasing refcount of int object
[Elysia/DEBUG] Address: 0x159804460
[Elysia/DEBUG] Performing: jump_if_true codeBlock#1 
[Elysia/DEBUG] Performing: load_local localVar#1 
[Elysia/DEBUG] Increasing refcount of int object
[Elysia/DEBUG] Address: 0x159804460
[Elysia/DEBUG] Performing: load_local localVar#0 
[Elysia/DEBUG] Performing: load_member index(1) 
[Elysia/DEBUG] Increasing refcount of unsigned object
[Elysia/DEBUG] Address: 0x159804180
[Elysia/DEBUG] Performing: basic_cast_int 
[Elysia/DEBUG] Decreasing refcount of unsigned object
[Elysia/DEBUG] Address: 0x159804180
[Elysia/DEBUG] Performing: greater_equal 
[Elysia/DEBUG] Decreasing refcount of int object
[Elysia/DEBUG] Address: 0x159804460
[Elysia/DEBUG] Performing: jump_if_true codeBlock#1 
[Elysia/DEBUG] Performing: jump codeBlock#2 
[Elysia/DEBUG] Performing: push_boolean bool(false) 
[Elysia/DEBUG] Performing: jump codeBlock#3 
[Elysia/DEBUG] Performing: jump_if_true codeBlock#4 
[Elysia/DEBUG] Performing: jump codeBlock#5 
[Elysia/DEBUG] Performing: load_local localVar#0 
[Elysia/DEBUG] Performing: load_member index(0) 
[Elysia/DEBUG] Entering function array_char[]_gc_refcount_increase
[Elysia/DEBUG] Performing: load_local localVar#1 
[Elysia/DEBUG] Increasing refcount of int object
[Elysia/DEBUG] Address: 0x159804460
[Elysia/DEBUG] Performing: basic_cast_unsigned 
[Elysia/DEBUG] Decreasing refcount of int object
[Elysia/DEBUG] Address: 0x159804460
[Elysia/DEBUG] Performing: load_element 
[Elysia/DEBUG] Entering function array_char[]_gc_refcount_decrease
[Elysia/DEBUG] Performing: ret 
[Elysia/DEBUG] Decreasing refcount of int object
[Elysia/DEBUG] Address: 0x159804460
[Elysia/DEBUG] Performing: equal 
[Elysia/DEBUG] Decreasing refcount of char object
[Elysia/DEBUG] Address: 0x1598044e0
[Elysia/DEBUG] Decreasing refcount of char object
[Elysia/DEBUG] Address: 0x159804460
[Elysia/DEBUG] Performing: jump_if_true codeBlock#15 
[Elysia/DEBUG] Performing: load_local localVar#6 
[Elysia/DEBUG] Performing: push_integer int(0) 
[Elysia/DEBUG] Performing: greater_than 
[Elysia/DEBUG] Performing: jump_if_true codeBlock#17 
[Elysia/DEBUG] Performing: jump codeBlock#18 
[Elysia/DEBUG] Performing: load_local localVar#5 
[Elysia/DEBUG] Increasing refcount of int object
[Elysia/DEBUG] Address: 0x1598044c0
[Elysia/DEBUG] Performing: push_integer int(1) 
[Elysia/DEBUG] Performing: add 
[Elysia/DEBUG] Decreasing refcount of int object
[Elysia/DEBUG] Address: 0x1598044c0
[Elysia/DEBUG] Performing: store_local localVar#5 
[Elysia/DEBUG] Decreasing refcount of int object
[Elysia/DEBUG] Address: 0x1598044c0
[Elysia/DEBUG] Performing: jump codeBlock#16 
[Elysia/DEBUG] Performing: load_local localVar#6 
[Elysia/DEBUG] Performing: load_local localVar#1 
[Elysia/DEBUG] Performing: load_member index(1) 
[Elysia/DEBUG] Increasing refcount of unsigned object
[Elysia/DEBUG] Address: 0x159804180
[Elysia/DEBUG] Performing: basic_cast_int 
[Elysia/DEBUG] Decreasing refcount of unsigned object
[Elysia/DEBUG] Address: 0x159804180
[Elysia/DEBUG] Performing: equal 
[Elysia/DEBUG] Performing: jump_if_true codeBlock#19 
[Elysia/DEBUG] Performing: jump codeBlock#20 
[Elysia/DEBUG] Performing: jump codeBlock#12 
[Elysia/DEBUG] Performing: load_local localVar#5 
[Elysia/DEBUG] Increasing refcount of int object
[Elysia/DEBUG] Address: 0x1598044c0
[Elysia/DEBUG] Performing: load_local localVar#0 
[Elysia/DEBUG] Performing: load_member index(1) 
[Elysia/DEBUG] Increasing refcount of unsigned object
[Elysia/DEBUG] Address: 0x159804290
[Elysia/DEBUG] Performing: basic_cast_int 
[Elysia/DEBUG] Decreasing refcount of unsigned object
[Elysia/DEBUG] Address: 0x159804290
[Elysia/DEBUG] Performing: less_than 
[Elysia/DEBUG] Decreasing refcount of int object
[Elysia/DEBUG] Address: 0x1598044c0
[Elysia/DEBUG] Performing: jump_if_true codeBlock#13 
[Elysia/DEBUG] Performing: load_local localVar#0 
[Elysia/DEBUG] Performing: load_local localVar#5 
[Elysia/DEBUG] Increasing refcount of int object
[Elysia/DEBUG] Address: 0x1598044c0
[Elysia/DEBUG] Performing: invoke index(3782547968) index(37) index(2) 
[Elysia/DEBUG] Entering function 1_Str::operator[]#struct#1#0#int
[Elysia/DEBUG] Performing: load_local localVar#1 
[Elysia/DEBUG] Increasing refcount of int object
[Elysia/DEBUG] Address: 0x1598044c0
[Elysia/DEBUG] Performing: push_integer int(0) 
[Elysia/DEBUG] Performing: less_than 
[Elysia/DEBUG] Decreasing refcount of int object
[Elysia/DEBUG] Address: 0x1598044c0
[Elysia/DEBUG] Performing: jump_if_true codeBlock#1 
[Elysia/DEBUG] Performing: load_local localVar#1 
[Elysia/DEBUG] Increasing refcount of int object
[Elysia/DEBUG] Address: 0x1598044c0
[Elysia/DEBUG] Performing: load_local localVar#0 
[Elysia/DEBUG] Performing: load_member index(1) 
[Elysia/DEBUG] Increasing refcount of unsigned object
[Elysia/DEBUG] Address: 0x159804290
[Elysia/DEBUG] Performing: basic_cast_int 
[Elysia/DEBUG] Decreasing refcount of unsigned object
[Elysia/DEBUG] Address: 0x159804290
[Elysia/DEBUG] Performing: greater_equal 
[Elysia/DEBUG] Decreasing refcount of int object
[Elysia/DEBUG] Address: 0x1598044c0
[Elysia/DEBUG] Performing: jump_if_true codeBlock#1 
[Elysia/DEBUG] Performing: jump codeBlock#2 
[Elysia/DEBUG] Performing: push_boolean bool(false) 
[Elysia/DEBUG] Performing: jump codeBlock#3 
[Elysia/DEBUG] Performing: jump_if_true codeBlock#4 
[Elysia/DEBUG] Performing: jump codeBlock#5 
[Elysia/DEBUG] Performing: load_local localVar#0 
[Elysia/DEBUG] Performing: load_member index(0) 
[Elysia/DEBUG] Entering function array_char[]_gc_refcount_increase
[Elysia/DEBUG] Performing: load_local localVar#1 
[Elysia/DEBUG] Increasing refcount of int object
[Elysia/DEBUG] Address: 0x1598044c0
[Elysia/DEBUG] Performing: basic_cast_unsigned 
[Elysia/DEBUG] Decreasing refcount of int object
[Elysia/DEBUG] Address: 0x1598044c0
[Elysia/DEBUG] Performing: load_element 
[Elysia/DEBUG] Entering function array_char[]_gc_refcount_decrease
[Elysia/DEBUG] Performing: ret 
[Elysia/DEBUG] Decreasing refcount of int object
[Elysia/DEBUG] Address: 0x1598044c0
[Elysia/DEBUG] Performing: load_local localVar#1 
[Elysia/DEBUG] Performing: load_local localVar#6 
[Elysia/DEBUG] Performing: invoke index(3782547968) index(37) index(2) 
[Elysia/DEBUG] Entering function 1_Str::operator[]#struct#1#0#int
[Elysia/DEBUG] Performing: load_local localVar#1 
[Elysia/DEBUG] Increasing refcount of int object
[Elysia/DEBUG] Address: 0x1598044e0
[Elysia/DEBUG] Performing: push_integer int(0) 
[Elysia/DEBUG] Performing: less_than 
[Elysia/DEBUG] Decreasing refcount of int object
[Elysia/DEBUG] Address: 0x1598044e0
[Elysia/DEBUG] Performing: jump_if_true codeBlock#1 
[Elysia/DEBUG] Performing: load_local localVar#1 
[Elysia/DEBUG] Increasing refcount of int object
[Elysia/DEBUG] Address: 0x1598044e0
[Elysia/DEBUG] Performing: load_local localVar#0 
[Elysia/DEBUG] Performing: load_member index(1) 
[Elysia/DEBUG] Increasing refcount of unsigned object
[Elysia/DEBUG] Address: 0x159804180
[Elysia/DEBUG] Performing: basic_cast_int 
[Elysia/DEBUG] Decreasing refcount of unsigned object
[Elysia/DEBUG] Address: 0x159804180
[Elysia/DEBUG] Performing: greater_equal 
[Elysia/DEBUG] Decreasing refcount of int object
[Elysia/DEBUG] Address: 0x1598044e0
[Elysia/DEBUG] Performing: jump_if_true codeBlock#1 
[Elysia/DEBUG] Performing: jump codeBlock#2 
[Elysia/DEBUG] Performing: push_boolean bool(false) 
[Elysia/DEBUG] Performing: jump codeBlock#3 
[Elysia/DEBUG] Performing: jump_if_true codeBlock#4 
[Elysia/DEBUG] Performing: jump codeBlock#5 
[Elysia/DEBUG] Performing: load_local localVar#0 
[Elysia/DEBUG] Performing: load_member index(0) 
[Elysia/DEBUG] Entering function array_char[]_gc_refcount_increase
[Elysia/DEBUG] Performing: load_local localVar#1 
[Elysia/DEBUG] Increasing refcount of int object
[Elysia/DEBUG] Address: 0x1598044e0
[Elysia/DEBUG] Performing: basic_cast_unsigned 
[Elysia/DEBUG] Decreasing refcount of int object
[Elysia/DEBUG] Address: 0x1598044e0
[Elysia/DEBUG] Performing: load_element 
[Elysia/DEBUG] Entering function array_char[]_gc_refcount_decrease
[Elysia/DEBUG] Performing: ret 
[Elysia/DEBUG] Decreasing refcount of int object
[Elysia/DEBUG] Address: 0x1598044e0
[Elysia/DEBUG] Performing: equal 
[Elysia/DEBUG] Decreasing refcount of char object
[Elysia/DEBUG] Address: 0x159804460
[Elysia/DEBUG] Decreasing refcount of char object
[Elysia/DEBUG] Address: 0x1598044e0
[Elysia/DEBUG] Performing: jump_if_true codeBlock#15 
[Elysia/DEBUG] Performing: load_local localVar#6 
[Elysia/DEBUG] Performing: push_integer int(0) 
[Elysia/DEBUG] Performing: greater_than 
[Elysia/DEBUG] Performing: jump_if_true codeBlock#17 
[Elysia/DEBUG] Performing: jump codeBlock#18 
[Elysia/DEBUG] Performing: load_local localVar#5 
[Elysia/DEBUG] Increasing refcount of int object
[Elysia/DEBUG] Address: 0x1598044c0
[Elysia/DEBUG] Performing: push_integer int(1) 
[Elysia/DEBUG] Performing: add 
[Elysia/DEBUG] Decreasing refcount of int object
[Elysia/DEBUG] Address: 0x1598044c0
[Elysia/DEBUG] Performing: store_local localVar#5 
[Elysia/DEBUG] Decreasing refcount of int object
[Elysia/DEBUG] Address: 0x1598044c0
[Elysia/DEBUG] Performing: jump codeBlock#16 
[Elysia/DEBUG] Performing: load_local localVar#6 
[Elysia/DEBUG] Performing: load_local localVar#1 
[Elysia/DEBUG] Performing: load_member index(1) 
[Elysia/DEBUG] Increasing refcount of unsigned object
[Elysia/DEBUG] Address: 0x159804180
[Elysia/DEBUG] Performing: basic_cast_int 
[Elysia/DEBUG] Decreasing refcount of unsigned object
[Elysia/DEBUG] Address: 0x159804180
[Elysia/DEBUG] Performing: equal 
[Elysia/DEBUG] Performing: jump_if_true codeBlock#19 
[Elysia/DEBUG] Performing: jump codeBlock#20 
[Elysia/DEBUG] Performing: jump codeBlock#12 
[Elysia/DEBUG] Performing: load_local localVar#5 
[Elysia/DEBUG] Increasing refcount of int object
[Elysia/DEBUG] Address: 0x1598044c0
[Elysia/DEBUG] Performing: load_local localVar#0 
[Elysia/DEBUG] Performing: load_member index(1) 
[Elysia/DEBUG] Increasing refcount of unsigned object
[Elysia/DEBUG] Address: 0x159804290
[Elysia/DEBUG] Performing: basic_cast_int 
[Elysia/DEBUG] Decreasing refcount of unsigned object
[Elysia/DEBUG] Address: 0x159804290
[Elysia/DEBUG] Performing: less_than 
[Elysia/DEBUG] Decreasing refcount of int object
[Elysia/DEBUG] Address: 0x1598044c0
[Elysia/DEBUG] Performing: jump_if_true codeBlock#13 
[Elysia/DEBUG] Performing: load_local localVar#0 
[Elysia/DEBUG] Performing: load_local localVar#5 
[Elysia/DEBUG] Increasing refcount of int object
[Elysia/DEBUG] Address: 0x1598044c0
[Elysia/DEBUG] Performing: invoke index(3782547968) index(37) index(2) 
[Elysia/DEBUG] Entering function 1_Str::operator[]#struct#1#0#int
[Elysia/DEBUG] Performing: load_local localVar#1 
[Elysia/DEBUG] Increasing refcount of int object
[Elysia/DEBUG] Address: 0x1598044c0
[Elysia/DEBUG] Performing: push_integer int(0) 
[Elysia/DEBUG] Performing: less_than 
[Elysia/DEBUG] Decreasing refcount of int object
[Elysia/DEBUG] Address: 0x1598044c0
[Elysia/DEBUG] Performing: jump_if_true codeBlock#1 
[Elysia/DEBUG] Performing: load_local localVar#1 
[Elysia/DEBUG] Increasing refcount of int object
[Elysia/DEBUG] Address: 0x1598044c0
[Elysia/DEBUG] Performing: load_local localVar#0 
[Elysia/DEBUG] Performing: load_member index(1) 
[Elysia/DEBUG] Increasing refcount of unsigned object
[Elysia/DEBUG] Address: 0x159804290
[Elysia/DEBUG] Performing: basic_cast_int 
[Elysia/DEBUG] Decreasing refcount of unsigned object
[Elysia/DEBUG] Address: 0x159804290
[Elysia/DEBUG] Performing: greater_equal 
[Elysia/DEBUG] Decreasing refcount of int object
[Elysia/DEBUG] Address: 0x1598044c0
[Elysia/DEBUG] Performing: jump_if_true codeBlock#1 
[Elysia/DEBUG] Performing: jump codeBlock#2 
[Elysia/DEBUG] Performing: push_boolean bool(false) 
[Elysia/DEBUG] Performing: jump codeBlock#3 
[Elysia/DEBUG] Performing: jump_if_true codeBlock#4 
[Elysia/DEBUG] Performing: jump codeBlock#5 
[Elysia/DEBUG] Performing: load_local localVar#0 
[Elysia/DEBUG] Performing: load_member index(0) 
[Elysia/DEBUG] Entering function array_char[]_gc_refcount_increase
[Elysia/DEBUG] Performing: load_local localVar#1 
[Elysia/DEBUG] Increasing refcount of int object
[Elysia/DEBUG] Address: 0x1598044c0
[Elysia/DEBUG] Performing: basic_cast_unsigned 
[Elysia/DEBUG] Decreasing refcount of int object
[Elysia/DEBUG] Address: 0x1598044c0
[Elysia/DEBUG] Performing: load_element 
[Elysia/DEBUG] Entering function array_char[]_gc_refcount_decrease
[Elysia/DEBUG] Performing: ret 
[Elysia/DEBUG] Decreasing refcount of int object
[Elysia/DEBUG] Address: 0x1598044c0
[Elysia/DEBUG] Performing: load_local localVar#1 
[Elysia/DEBUG] Performing: load_local localVar#6 
[Elysia/DEBUG] Performing: invoke index(3782547968) index(37) index(2) 
[Elysia/DEBUG] Entering function 1_Str::operator[]#struct#1#0#int
[Elysia/DEBUG] Performing: load_local localVar#1 
[Elysia/DEBUG] Increasing refcount of int object
[Elysia/DEBUG] Address: 0x159804460
[Elysia/DEBUG] Performing: push_integer int(0) 
[Elysia/DEBUG] Performing: less_than 
[Elysia/DEBUG] Decreasing refcount of int object
[Elysia/DEBUG] Address: 0x159804460
[Elysia/DEBUG] Performing: jump_if_true codeBlock#1 
[Elysia/DEBUG] Performing: load_local localVar#1 
[Elysia/DEBUG] Increasing refcount of int object
[Elysia/DEBUG] Address: 0x159804460
[Elysia/DEBUG] Performing: load_local localVar#0 
[Elysia/DEBUG] Performing: load_member index(1) 
[Elysia/DEBUG] Increasing refcount of unsigned object
[Elysia/DEBUG] Address: 0x159804180
[Elysia/DEBUG] Performing: basic_cast_int 
[Elysia/DEBUG] Decreasing refcount of unsigned object
[Elysia/DEBUG] Address: 0x159804180
[Elysia/DEBUG] Performing: greater_equal 
[Elysia/DEBUG] Decreasing refcount of int object
[Elysia/DEBUG] Address: 0x159804460
[Elysia/DEBUG] Performing: jump_if_true codeBlock#1 
[Elysia/DEBUG] Performing: jump codeBlock#2 
[Elysia/DEBUG] Performing: push_boolean bool(false) 
[Elysia/DEBUG] Performing: jump codeBlock#3 
[Elysia/DEBUG] Performing: jump_if_true codeBlock#4 
[Elysia/DEBUG] Performing: jump codeBlock#5 
[Elysia/DEBUG] Performing: load_local localVar#0 
[Elysia/DEBUG] Performing: load_member index(0) 
[Elysia/DEBUG] Entering function array_char[]_gc_refcount_increase
[Elysia/DEBUG] Performing: load_local localVar#1 
[Elysia/DEBUG] Increasing refcount of int object
[Elysia/DEBUG] Address: 0x159804460
[Elysia/DEBUG] Performing: basic_cast_unsigned 
[Elysia/DEBUG] Decreasing refcount of int object
[Elysia/DEBUG] Address: 0x159804460
[Elysia/DEBUG] Performing: load_element 
[Elysia/DEBUG] Entering function array_char[]_gc_refcount_decrease
[Elysia/DEBUG] Performing: ret 
[Elysia/DEBUG] Decreasing refcount of int object
[Elysia/DEBUG] Address: 0x159804460
[Elysia/DEBUG] Performing: equal 
[Elysia/DEBUG] Decreasing refcount of char object
[Elysia/DEBUG] Address: 0x1598044e0
[Elysia/DEBUG] Decreasing refcount of char object
[Elysia/DEBUG] Address: 0x159804460
[Elysia/DEBUG] Performing: jump_if_true codeBlock#15 
[Elysia/DEBUG] Performing: load_local localVar#6 
[Elysia/DEBUG] Performing: push_integer int(0) 
[Elysia/DEBUG] Performing: greater_than 
[Elysia/DEBUG] Performing: jump_if_true codeBlock#17 
[Elysia/DEBUG] Performing: jump codeBlock#18 
[Elysia/DEBUG] Performing: load_local localVar#5 
[Elysia/DEBUG] Increasing refcount of int object
[Elysia/DEBUG] Address: 0x1598044c0
[Elysia/DEBUG] Performing: push_integer int(1) 
[Elysia/DEBUG] Performing: add 
[Elysia/DEBUG] Decreasing refcount of int object
[Elysia/DEBUG] Address: 0x1598044c0
[Elysia/DEBUG] Performing: store_local localVar#5 
[Elysia/DEBUG] Decreasing refcount of int object
[Elysia/DEBUG] Address: 0x1598044c0
[Elysia/DEBUG] Performing: jump codeBlock#16 
[Elysia/DEBUG] Performing: load_local localVar#6 
[Elysia/DEBUG] Performing: load_local localVar#1 
[Elysia/DEBUG] Performing: load_member index(1) 
[Elysia/DEBUG] Increasing refcount of unsigned object
[Elysia/DEBUG] Address: 0x159804180
[Elysia/DEBUG] Performing: basic_cast_int 
[Elysia/DEBUG] Decreasing refcount of unsigned object
[Elysia/DEBUG] Address: 0x159804180
[Elysia/DEBUG] Performing: equal 
[Elysia/DEBUG] Performing: jump_if_true codeBlock#19 
[Elysia/DEBUG] Performing: jump codeBlock#20 
[Elysia/DEBUG] Performing: jump codeBlock#12 
[Elysia/DEBUG] Performing: load_local localVar#5 
[Elysia/DEBUG] Increasing refcount of int object
[Elysia/DEBUG] Address: 0x1598044c0
[Elysia/DEBUG] Performing: load_local localVar#0 
[Elysia/DEBUG] Performing: load_member index(1) 
[Elysia/DEBUG] Increasing refcount of unsigned object
[Elysia/DEBUG] Address: 0x159804290
[Elysia/DEBUG] Performing: basic_cast_int 
[Elysia/DEBUG] Decreasing refcount of unsigned object
[Elysia/DEBUG] Address: 0x159804290
[Elysia/DEBUG] Performing: less_than 
[Elysia/DEBUG] Decreasing refcount of int object
[Elysia/DEBUG] Address: 0x1598044c0
[Elysia/DEBUG] Performing: jump_if_true codeBlock#13 
[Elysia/DEBUG] Performing: load_local localVar#0 
[Elysia/DEBUG] Performing: load_local localVar#5 
[Elysia/DEBUG] Increasing refcount of int object
[Elysia/DEBUG] Address: 0x1598044c0
[Elysia/DEBUG] Performing: invoke index(3782547968) index(37) index(2) 
[Elysia/DEBUG] Entering function 1_Str::operator[]#struct#1#0#int
[Elysia/DEBUG] Performing: load_local localVar#1 
[Elysia/DEBUG] Increasing refcount of int object
[Elysia/DEBUG] Address: 0x1598044c0
[Elysia/DEBUG] Performing: push_integer int(0) 
[Elysia/DEBUG] Performing: less_than 
[Elysia/DEBUG] Decreasing refcount of int object
[Elysia/DEBUG] Address: 0x1598044c0
[Elysia/DEBUG] Performing: jump_if_true codeBlock#1 
[Elysia/DEBUG] Performing: load_local localVar#1 
[Elysia/DEBUG] Increasing refcount of int object
[Elysia/DEBUG] Address: 0x1598044c0
[Elysia/DEBUG] Performing: load_local localVar#0 
[Elysia/DEBUG] Performing: load_member index(1) 
[Elysia/DEBUG] Increasing refcount of unsigned object
[Elysia/DEBUG] Address: 0x159804290
[Elysia/DEBUG] Performing: basic_cast_int 
[Elysia/DEBUG] Decreasing refcount of unsigned object
[Elysia/DEBUG] Address: 0x159804290
[Elysia/DEBUG] Performing: greater_equal 
[Elysia/DEBUG] Decreasing refcount of int object
[Elysia/DEBUG] Address: 0x1598044c0
[Elysia/DEBUG] Performing: jump_if_true codeBlock#1 
[Elysia/DEBUG] Performing: jump codeBlock#2 
[Elysia/DEBUG] Performing: push_boolean bool(false) 
[Elysia/DEBUG] Performing: jump codeBlock#3 
[Elysia/DEBUG] Performing: jump_if_true codeBlock#4 
[Elysia/DEBUG] Performing: jump codeBlock#5 
[Elysia/DEBUG] Performing: load_local localVar#0 
[Elysia/DEBUG] Performing: load_member index(0) 
[Elysia/DEBUG] Entering function array_char[]_gc_refcount_increase
[Elysia/DEBUG] Performing: load_local localVar#1 
[Elysia/DEBUG] Increasing refcount of int object
[Elysia/DEBUG] Address: 0x1598044c0
[Elysia/DEBUG] Performing: basic_cast_unsigned 
[Elysia/DEBUG] Decreasing refcount of int object
[Elysia/DEBUG] Address: 0x1598044c0
[Elysia/DEBUG] Performing: load_element 
[Elysia/DEBUG] Entering function array_char[]_gc_refcount_decrease
[Elysia/DEBUG] Performing: ret 
[Elysia/DEBUG] Decreasing refcount of int object
[Elysia/DEBUG] Address: 0x1598044c0
[Elysia/DEBUG] Performing: load_local localVar#1 
[Elysia/DEBUG] Performing: load_local localVar#6 
[Elysia/DEBUG] Performing: invoke index(3782547968) index(37) index(2) 
[Elysia/DEBUG] Entering function 1_Str::operator[]#struct#1#0#int
[Elysia/DEBUG] Performing: load_local localVar#1 
[Elysia/DEBUG] Increasing refcount of int object
[Elysia/DEBUG] Address: 0x1598044e0
[Elysia/DEBUG] Performing: push_integer int(0) 
[Elysia/DEBUG] Performing: less_than 
[Elysia/DEBUG] Decreasing refcount of int object
[Elysia/DEBUG] Address: 0x1598044e0
[Elysia/DEBUG] Performing: jump_if_true codeBlock#1 
[Elysia/DEBUG] Performing: load_local localVar#1 
[Elysia/DEBUG] Increasing refcount of int object
[Elysia/DEBUG] Address: 0x1598044e0
[Elysia/DEBUG] Performing: load_local localVar#0 
[Elysia/DEBUG] Performing: load_member index(1) 
[Elysia/DEBUG] Increasing refcount of unsigned object
[Elysia/DEBUG] Address: 0x159804180
[Elysia/DEBUG] Performing: basic_cast_int 
[Elysia/DEBUG] Decreasing refcount of unsigned object
[Elysia/DEBUG] Address: 0x159804180
[Elysia/DEBUG] Performing: greater_equal 
[Elysia/DEBUG] Decreasing refcount of int object
[Elysia/DEBUG] Address: 0x1598044e0
[Elysia/DEBUG] Performing: jump_if_true codeBlock#1 
[Elysia/DEBUG] Performing: jump codeBlock#2 
[Elysia/DEBUG] Performing: push_boolean bool(false) 
[Elysia/DEBUG] Performing: jump codeBlock#3 
[Elysia/DEBUG] Performing: jump_if_true codeBlock#4 
[Elysia/DEBUG] Performing: jump codeBlock#5 
[Elysia/DEBUG] Performing: load_local localVar#0 
[Elysia/DEBUG] Performing: load_member index(0) 
[Elysia/DEBUG] Entering function array_char[]_gc_refcount_increase
[Elysia/DEBUG] Performing: load_local localVar#1 
[Elysia/DEBUG] Increasing refcount of int object
[Elysia/DEBUG] Address: 0x1598044e0
[Elysia/DEBUG] Performing: basic_cast_unsigned 
[Elysia/DEBUG] Decreasing refcount of int object
[Elysia/DEBUG] Address: 0x1598044e0
[Elysia/DEBUG] Performing: load_element 
[Elysia/DEBUG] Entering function array_char[]_gc_refcount_decrease
[Elysia/DEBUG] Performing: ret 
[Elysia/DEBUG] Decreasing refcount of int object
[Elysia/DEBUG] Address: 0x1598044e0
[Elysia/DEBUG] Performing: equal 
[Elysia/DEBUG] Decreasing refcount of char object
[Elysia/DEBUG] Address: 0x159804460
[Elysia/DEBUG] Decreasing refcount of char object
[Elysia/DEBUG] Address: 0x1598044e0
[Elysia/DEBUG] Performing: jump_if_true codeBlock#15 
[Elysia/DEBUG] Performing: load_local localVar#6 
[Elysia/DEBUG] Performing: push_integer int(0) 
[Elysia/DEBUG] Performing: greater_than 
[Elysia/DEBUG] Performing: jump_if_true codeBlock#17 
[Elysia/DEBUG] Performing: jump codeBlock#18 
[Elysia/DEBUG] Performing: load_local localVar#5 
[Elysia/DEBUG] Increasing refcount of int object
[Elysia/DEBUG] Address: 0x1598044c0
[Elysia/DEBUG] Performing: push_integer int(1) 
[Elysia/DEBUG] Performing: add 
[Elysia/DEBUG] Decreasing refcount of int object
[Elysia/DEBUG] Address: 0x1598044c0
[Elysia/DEBUG] Performing: store_local localVar#5 
[Elysia/DEBUG] Decreasing refcount of int object
[Elysia/DEBUG] Address: 0x1598044c0
[Elysia/DEBUG] Performing: jump codeBlock#16 
[Elysia/DEBUG] Performing: load_local localVar#6 
[Elysia/DEBUG] Performing: load_local localVar#1 
[Elysia/DEBUG] Performing: load_member index(1) 
[Elysia/DEBUG] Increasing refcount of unsigned object
[Elysia/DEBUG] Address: 0x159804180
[Elysia/DEBUG] Performing: basic_cast_int 
[Elysia/DEBUG] Decreasing refcount of unsigned object
[Elysia/DEBUG] Address: 0x159804180
[Elysia/DEBUG] Performing: equal 
[Elysia/DEBUG] Performing: jump_if_true codeBlock#19 
[Elysia/DEBUG] Performing: jump codeBlock#20 
[Elysia/DEBUG] Performing: jump codeBlock#12 
[Elysia/DEBUG] Performing: load_local localVar#5 
[Elysia/DEBUG] Increasing refcount of int object
[Elysia/DEBUG] Address: 0x1598044c0
[Elysia/DEBUG] Performing: load_local localVar#0 
[Elysia/DEBUG] Performing: load_member index(1) 
[Elysia/DEBUG] Increasing refcount of unsigned object
[Elysia/DEBUG] Address: 0x159804290
[Elysia/DEBUG] Performing: basic_cast_int 
[Elysia/DEBUG] Decreasing refcount of unsigned object
[Elysia/DEBUG] Address: 0x159804290
[Elysia/DEBUG] Performing: less_than 
[Elysia/DEBUG] Decreasing refcount of int object
[Elysia/DEBUG] Address: 0x1598044c0
[Elysia/DEBUG] Performing: jump_if_true codeBlock#13 
[Elysia/DEBUG] Performing: load_local localVar#0 
[Elysia/DEBUG] Performing: load_local localVar#5 
[Elysia/DEBUG] Increasing refcount of int object
[Elysia/DEBUG] Address: 0x1598044c0
[Elysia/DEBUG] Performing: invoke index(3782547968) index(37) index(2) 
[Elysia/DEBUG] Entering function 1_Str::operator[]#struct#1#0#int
[Elysia/DEBUG] Performing: load_local localVar#1 
[Elysia/DEBUG] Increasing refcount of int object
[Elysia/DEBUG] Address: 0x1598044c0
[Elysia/DEBUG] Performing: push_integer int(0) 
[Elysia/DEBUG] Performing: less_than 
[Elysia/DEBUG] Decreasing refcount of int object
[Elysia/DEBUG] Address: 0x1598044c0
[Elysia/DEBUG] Performing: jump_if_true codeBlock#1 
[Elysia/DEBUG] Performing: load_local localVar#1 
[Elysia/DEBUG] Increasing refcount of int object
[Elysia/DEBUG] Address: 0x1598044c0
[Elysia/DEBUG] Performing: load_local localVar#0 
[Elysia/DEBUG] Performing: load_member index(1) 
[Elysia/DEBUG] Increasing refcount of unsigned object
[Elysia/DEBUG] Address: 0x159804290
[Elysia/DEBUG] Performing: basic_cast_int 
[Elysia/DEBUG] Decreasing refcount of unsigned object
[Elysia/DEBUG] Address: 0x159804290
[Elysia/DEBUG] Performing: greater_equal 
[Elysia/DEBUG] Decreasing refcount of int object
[Elysia/DEBUG] Address: 0x1598044c0
[Elysia/DEBUG] Performing: jump_if_true codeBlock#1 
[Elysia/DEBUG] Performing: jump codeBlock#2 
[Elysia/DEBUG] Performing: push_boolean bool(false) 
[Elysia/DEBUG] Performing: jump codeBlock#3 
[Elysia/DEBUG] Performing: jump_if_true codeBlock#4 
[Elysia/DEBUG] Performing: jump codeBlock#5 
[Elysia/DEBUG] Performing: load_local localVar#0 
[Elysia/DEBUG] Performing: load_member index(0) 
[Elysia/DEBUG] Entering function array_char[]_gc_refcount_increase
[Elysia/DEBUG] Performing: load_local localVar#1 
[Elysia/DEBUG] Increasing refcount of int object
[Elysia/DEBUG] Address: 0x1598044c0
[Elysia/DEBUG] Performing: basic_cast_unsigned 
[Elysia/DEBUG] Decreasing refcount of int object
[Elysia/DEBUG] Address: 0x1598044c0
[Elysia/DEBUG] Performing: load_element 
[Elysia/DEBUG] Entering function array_char[]_gc_refcount_decrease
[Elysia/DEBUG] Performing: ret 
[Elysia/DEBUG] Decreasing refcount of int object
[Elysia/DEBUG] Address: 0x1598044c0
[Elysia/DEBUG] Performing: load_local localVar#1 
[Elysia/DEBUG] Performing: load_local localVar#6 
[Elysia/DEBUG] Performing: invoke index(3782547968) index(37) index(2) 
[Elysia/DEBUG] Entering function 1_Str::operator[]#struct#1#0#int
[Elysia/DEBUG] Performing: load_local localVar#1 
[Elysia/DEBUG] Increasing refcount of int object
[Elysia/DEBUG] Address: 0x159804460
[Elysia/DEBUG] Performing: push_integer int(0) 
[Elysia/DEBUG] Performing: less_than 
[Elysia/DEBUG] Decreasing refcount of int object
[Elysia/DEBUG] Address: 0x159804460
[Elysia/DEBUG] Performing: jump_if_true codeBlock#1 
[Elysia/DEBUG] Performing: load_local localVar#1 
[Elysia/DEBUG] Increasing refcount of int object
[Elysia/DEBUG] Address: 0x159804460
[Elysia/DEBUG] Performing: load_local localVar#0 
[Elysia/DEBUG] Performing: load_member index(1) 
[Elysia/DEBUG] Increasing refcount of unsigned object
[Elysia/DEBUG] Address: 0x159804180
[Elysia/DEBUG] Performing: basic_cast_int 
[Elysia/DEBUG] Decreasing refcount of unsigned object
[Elysia/DEBUG] Address: 0x159804180
[Elysia/DEBUG] Performing: greater_equal 
[Elysia/DEBUG] Decreasing refcount of int object
[Elysia/DEBUG] Address: 0x159804460
[Elysia/DEBUG] Performing: jump_if_true codeBlock#1 
[Elysia/DEBUG] Performing: jump codeBlock#2 
[Elysia/DEBUG] Performing: push_boolean bool(false) 
[Elysia/DEBUG] Performing: jump codeBlock#3 
[Elysia/DEBUG] Performing: jump_if_true codeBlock#4 
[Elysia/DEBUG] Performing: jump codeBlock#5 
[Elysia/DEBUG] Performing: load_local localVar#0 
[Elysia/DEBUG] Performing: load_member index(0) 
[Elysia/DEBUG] Entering function array_char[]_gc_refcount_increase
[Elysia/DEBUG] Performing: load_local localVar#1 
[Elysia/DEBUG] Increasing refcount of int object
[Elysia/DEBUG] Address: 0x159804460
[Elysia/DEBUG] Performing: basic_cast_unsigned 
[Elysia/DEBUG] Decreasing refcount of int object
[Elysia/DEBUG] Address: 0x159804460
[Elysia/DEBUG] Performing: load_element 
[Elysia/DEBUG] Entering function array_char[]_gc_refcount_decrease
[Elysia/DEBUG] Performing: ret 
[Elysia/DEBUG] Decreasing refcount of int object
[Elysia/DEBUG] Address: 0x159804460
[Elysia/DEBUG] Performing: equal 
[Elysia/DEBUG] Decreasing refcount of char object
[Elysia/DEBUG] Address: 0x1598044e0
[Elysia/DEBUG] Decreasing refcount of char object
[Elysia/DEBUG] Address: 0x159804460
[Elysia/DEBUG] Performing: jump_if_true codeBlock#15 
[Elysia/DEBUG] Performing: load_local localVar#6 
[Elysia/DEBUG] Performing: push_integer int(0) 
[Elysia/DEBUG] Performing: greater_than 
[Elysia/DEBUG] Performing: jump_if_true codeBlock#17 
[Elysia/DEBUG] Performing: jump codeBlock#18 
[Elysia/DEBUG] Performing: load_local localVar#5 
[Elysia/DEBUG] Increasing refcount of int object
[Elysia/DEBUG] Address: 0x1598044c0
[Elysia/DEBUG] Performing: push_integer int(1) 
[Elysia/DEBUG] Performing: add 
[Elysia/DEBUG] Decreasing refcount of int object
[Elysia/DEBUG] Address: 0x1598044c0
[Elysia/DEBUG] Performing: store_local localVar#5 
[Elysia/DEBUG] Decreasing refcount of int object
[Elysia/DEBUG] Address: 0x1598044c0
[Elysia/DEBUG] Performing: jump codeBlock#16 
[Elysia/DEBUG] Performing: load_local localVar#6 
[Elysia/DEBUG] Performing: load_local localVar#1 
[Elysia/DEBUG] Performing: load_member index(1) 
[Elysia/DEBUG] Increasing refcount of unsigned object
[Elysia/DEBUG] Address: 0x159804180
[Elysia/DEBUG] Performing: basic_cast_int 
[Elysia/DEBUG] Decreasing refcount of unsigned object
[Elysia/DEBUG] Address: 0x159804180
[Elysia/DEBUG] Performing: equal 
[Elysia/DEBUG] Performing: jump_if_true codeBlock#19 
[Elysia/DEBUG] Performing: jump codeBlock#20 
[Elysia/DEBUG] Performing: jump codeBlock#12 
[Elysia/DEBUG] Performing: load_local localVar#5 
[Elysia/DEBUG] Increasing refcount of int object
[Elysia/DEBUG] Address: 0x1598044c0
[Elysia/DEBUG] Performing: load_local localVar#0 
[Elysia/DEBUG] Performing: load_member index(1) 
[Elysia/DEBUG] Increasing refcount of unsigned object
[Elysia/DEBUG] Address: 0x159804290
[Elysia/DEBUG] Performing: basic_cast_int 
[Elysia/DEBUG] Decreasing refcount of unsigned object
[Elysia/DEBUG] Address: 0x159804290
[Elysia/DEBUG] Performing: less_than 
[Elysia/DEBUG] Decreasing refcount of int object
[Elysia/DEBUG] Address: 0x1598044c0
[Elysia/DEBUG] Performing: jump_if_true codeBlock#13 
[Elysia/DEBUG] Performing: jump codeBlock#14 
[Elysia/DEBUG] Performing: push_integer int(-1) 
[Elysia/DEBUG] Performing: ret 
[Elysia/DEBUG] Decreasing refcount of int object
[Elysia/DEBUG] Address: 0x159804440
[Elysia/DEBUG] Entering function array_int[]_gc_refcount_decrease
[Elysia/DEBUG] Decreasing refcount of int object
[Elysia/DEBUG] Address: 0x1598044c0
[Elysia/DEBUG] Performing: store_local localVar#3 
[Elysia/DEBUG] Decreasing refcount of int object
[Elysia/DEBUG] Address: 0x1598041a0
[Elysia/DEBUG] Performing: load_local localVar#3 
[Elysia/DEBUG] Increasing refcount of int object
[Elysia/DEBUG] Address: 0x1598044c0
[Elysia/DEBUG] Performing: push_integer int(-1) 
[Elysia/DEBUG] Performing: not_equal 
[Elysia/DEBUG] Decreasing refcount of int object
[Elysia/DEBUG] Address: 0x1598044c0
[Elysia/DEBUG] Performing: jump_if_true codeBlock#4 
[Elysia/DEBUG] Performing: jump codeBlock#5 
[Elysia/DEBUG] Performing: jump codeBlock#1 
[Elysia/DEBUG] Performing: load_local localVar#3 
[Elysia/DEBUG] Increasing refcount of int object
[Elysia/DEBUG] Address: 0x1598044c0
[Elysia/DEBUG] Performing: push_integer int(-1) 
[Elysia/DEBUG] Performing: not_equal 
[Elysia/DEBUG] Decreasing refcount of int object
[Elysia/DEBUG] Address: 0x1598044c0
[Elysia/DEBUG] Performing: jump_if_true codeBlock#2 
[Elysia/DEBUG] Performing: jump codeBlock#3 
[Elysia/DEBUG] Performing: load_local localVar#2 
[Elysia/DEBUG] Performing: ret 
[Elysia/DEBUG] Entering function array_char[]_gc_refcount_decrease
[Elysia/DEBUG] Decreasing refcount of unsigned object
[Elysia/DEBUG] Address: 0x159804180
[Elysia/DEBUG] Decreasing refcount of unsigned object
[Elysia/DEBUG] Address: 0x1598043f0
[Elysia/DEBUG] Decreasing refcount of int object
[Elysia/DEBUG] Address: 0x1598044c0
[Elysia/DEBUG] Decreasing refcount of int object
[Elysia/DEBUG] Address: 0x159804440
[Elysia/DEBUG] Performing: store_local localVar#2 
[Elysia/DEBUG] Performing: load_local localVar#2 
[Elysia/DEBUG] Increasing refcount of int object
[Elysia/DEBUG] Address: 0x159804440
[Elysia/DEBUG] Performing: push_integer int(0) 
[Elysia/DEBUG] Performing: equal 
[Elysia/DEBUG] Decreasing refcount of int object
[Elysia/DEBUG] Address: 0x159804440
[Elysia/DEBUG] Performing: jump_if_true codeBlock#1 
[Elysia/DEBUG] Performing: load_local localVar#0 
[Elysia/DEBUG] Performing: ret 
[Elysia/DEBUG] Entering function array_interface#3782547968#0[]_gc_refcount_decrease
[Elysia/DEBUG] Decreasing refcount of string object
[Elysia/DEBUG] Address: 0x1598042e0
[Elysia/DEBUG] Decreasing refcount of string object
[Elysia/DEBUG] Address: 0x159804100
[Elysia/DEBUG] Decreasing refcount of int object
[Elysia/DEBUG] Address: 0x159804440
[Elysia/DEBUG] Entering function array_struct#3782547968#0[]_gc_refcount_decrease
[Elysia/DEBUG] Performing: store_local localVar#4 
[Elysia/DEBUG] Performing: load_local localVar#4 
[Elysia/DEBUG] Performing: push_string index(31) string_const#31 
[Elysia/DEBUG] Performing: invoke index(3782547968) index(35) index(2) 
[Elysia/DEBUG] Entering function 1_Str::operator!=#struct#1#0#str
[Elysia/DEBUG] Performing: load_local localVar#0 
[Elysia/DEBUG] Performing: load_member index(1) 
[Elysia/DEBUG] Increasing refcount of unsigned object
[Elysia/DEBUG] Address: 0x159804290
[Elysia/DEBUG] Performing: load_local localVar#1 
[Elysia/DEBUG] Increasing refcount of string object
[Elysia/DEBUG] Address: 0x159804440
[Elysia/DEBUG] Performing: invoke_imported index(0) index(3) index(1) 
[Elysia/DEBUG] Entering function strlen
[Elysia/DEBUG] Decreasing refcount of string object
[Elysia/DEBUG] Address: 0x159804440
[Elysia/DEBUG] Performing: not_equal 
[Elysia/DEBUG] Decreasing refcount of unsigned object
[Elysia/DEBUG] Address: 0x159804290
[Elysia/DEBUG] Decreasing refcount of unsigned object
[Elysia/DEBUG] Address: 0x1598042d0
[Elysia/DEBUG] Performing: jump_if_true codeBlock#1 
[Elysia/DEBUG] Performing: push_boolean bool(true) 
[Elysia/DEBUG] Performing: ret 
[Elysia/DEBUG] Decreasing refcount of string object
[Elysia/DEBUG] Address: 0x159804440
[Elysia/DEBUG] Performing: jump_if_true codeBlock#20 
[Elysia/DEBUG] Decreasing refcount of bool object
[Elysia/DEBUG] Address: 0x159804440
[Elysia/DEBUG] Performing: load_local localVar#4 
[Elysia/DEBUG] Performing: invoke index(3782547968) index(11) index(1) 
[Elysia/DEBUG] Entering function 1_Str::c_str#
[Elysia/DEBUG] Performing: load_local localVar#0 
[Elysia/DEBUG] Performing: load_member index(0) 
[Elysia/DEBUG] Entering function array_char[]_gc_refcount_increase
[Elysia/DEBUG] Performing: invoke_imported index(0) index(2) index(1) 
[Elysia/DEBUG] Performing: ret 
[Elysia/DEBUG] Performing: invoke_imported index(0) index(6) index(1) 
[Elysia/DEBUG] Entering function puts
{}: RESPOND ME! {}!
[Elysia/DEBUG] Decreasing refcount of int object
[Elysia/DEBUG] Address: 0x159804440
[Elysia/DEBUG] Performing: pop 
[Elysia/DEBUG] Popped value: calltmp427
[Elysia/DEBUG] Decreasing refcount of int object
[Elysia/DEBUG] Address: 0x1598042d0
[Elysia/DEBUG] Performing: push_string index(32) string_const#32 
[Elysia/DEBUG] Performing: invoke_imported index(0) index(6) index(1) 
[Elysia/DEBUG] Entering function puts
string valiation failed: format()
[Elysia/DEBUG] Decreasing refcount of string object
[Elysia/DEBUG] Address: 0x1598042d0
[Elysia/DEBUG] Performing: pop 
[Elysia/DEBUG] Popped value: calltmp432
[Elysia/DEBUG] Decreasing refcount of int object
[Elysia/DEBUG] Address: 0x1598043e0
[Elysia/DEBUG] Performing: push_integer int(1) 
[Elysia/DEBUG] Performing: ret 
[Elysia/DEBUG] Entering function array_char[]_gc_refcount_decrease
[Elysia/DEBUG] Decreasing refcount of unsigned object
[Elysia/DEBUG] Address: 0x1587042c0
[Elysia/DEBUG] Decreasing refcount of unsigned object
[Elysia/DEBUG] Address: 0x1587042e0
[Elysia/DEBUG] Entering function array_char[]_gc_refcount_decrease
[Elysia/DEBUG] Decreasing refcount of unsigned object
[Elysia/DEBUG] Address: 0x1599041d0
[Elysia/DEBUG] Decreasing refcount of unsigned object
[Elysia/DEBUG] Address: 0x159904180
[Elysia/DEBUG] Entering function array_char[]_gc_refcount_decrease
[Elysia/DEBUG] Decreasing refcount of unsigned object
[Elysia/DEBUG] Address: 0x159804220
[Elysia/DEBUG] Decreasing refcount of unsigned object
[Elysia/DEBUG] Address: 0x159804080
[Elysia/DEBUG] Entering function array_char[]_gc_refcount_decrease
[Elysia/DEBUG] Decreasing refcount of unsigned object
[Elysia/DEBUG] Address: 0x159804350
[Elysia/DEBUG] Decreasing refcount of unsigned object
[Elysia/DEBUG] Address: 0x159804330
[Elysia/DEBUG] Entering function array_char[]_gc_refcount_decrease
[Elysia/DEBUG] Decreasing refcount of unsigned object
[Elysia/DEBUG] Address: 0x159804290
[Elysia/DEBUG] Decreasing refcount of unsigned object
[Elysia/DEBUG] Address: 0x1598042b0
[Elysia/DEBUG] Performing: ret 
[Elysia/DEBUG] Yoi-lang runtime finished, result: 1.
